<?xml version="1.0" ?>
<!DOCTYPE PubmedArticleSet PUBLIC "-//NLM//DTD PubMedArticle, 1st January 2019//EN" "https://dtd.nlm.nih.gov/ncbi/pubmed/out/pubmed_190101.dtd">
<PubmedArticleSet>
<PubmedArticle>
    <MedlineCitation Status="Publisher" Owner="NLM">
        <PMID Version="1">30889494</PMID>
        <DateRevised>
            <Year>2019</Year>
            <Month>03</Month>
            <Day>19</Day>
        </DateRevised>
        <Article PubModel="Print-Electronic">
            <Journal>
                <ISSN IssnType="Electronic">1878-0407</ISSN>
                <JournalIssue CitedMedium="Internet">
                    <Volume>30</Volume>
                    <PubDate>
                        <Year>2019</Year>
                        <Month>Mar</Month>
                        <Day>05</Day>
                    </PubDate>
                </JournalIssue>
                <Title>Comparative biochemistry and physiology. Part D, Genomics &amp; proteomics</Title>
                <ISOAbbreviation>Comp. Biochem. Physiol. Part D Genomics Proteomics</ISOAbbreviation>
            </Journal>
            <ArticleTitle>Transcriptomic analysis of differentially expressed genes in the oriental armyworm Mythimna separata Walker at different temperatures.</ArticleTitle>
            <Pagination>
                <MedlinePgn>186-195</MedlinePgn>
            </Pagination>
            <ELocationID EIdType="pii" ValidYN="Y">S1744-117X(18)30121-7</ELocationID>
            <ELocationID EIdType="doi" ValidYN="Y">10.1016/j.cbd.2019.01.011</ELocationID>
            <Abstract>
                <AbstractText>The oriental armyworm Mythimna separata Walker is a serious migratory and polyphagous pest that damages major crops and some pastures from the family Gramineae. Temperature is a crucial abiotic factor that affects its survival, development and reproduction, but the thermal responses of this moth at the molecular level are largely unknown. In this research, we sequenced the transcriptomes of oriental armyworms that were reared at three temperatures (20<U+202F>°C, 25<U+202F>°C and 30<U+202F>°C) using an Illumina high-throughput RNA-sequencing (RNA-seq) method. We obtained 54.0 Gb of clean reads and 113,396 transcripts. From a total of 46,681 unigenes identified, 22,911 were annotated to the non-redundant (NR) database. We identified 333 downregulated and 1588 upregulated genes in 20<U+202F>°C versus 25<U+202F>°C, and 1096 downregulated and 875 upregulated genes at 30<U+202F>°C versus 25<U+202F>°C by differential expression of genes (DEGs). GO (Gene Ontology) and KEGG (Kyoto Encyclopedia of Genes and Genomes) enrichment analyses revealed several functional terms related to carbohydrate metabolism, energy metabolism, and xenobiotics metabolism. DEGs involved in glycolysis, the citrate cycle, oxidative phosphorylation, and the composition of myofilaments were significantly downregulated, while most heat shock protein genes (HSPs) and genes in the ubiquitin-mediated proteasome pathway were upregulated at 30<U+202F>°C. Many cytochrome P450 monooxygenase genes (CYPs) in clan 3 were upregulated at 20<U+202F>°C, while two genes involved in ecdysteroid biosynthesis, CYP302A1 and CYP315A1, were upregulated at 30<U+202F>°C. These data may improve the understanding of the complex molecular mechanisms involved in the thermal responses of M. separata.</AbstractText>
                <CopyrightInformation>Copyright © 2019 Elsevier Inc. All rights reserved.</CopyrightInformation>
            </Abstract>
            <AuthorList CompleteYN="Y">
                <Author ValidYN="Y">
                    <LastName>Li</LastName>
                    <ForeName>Boliao</ForeName>
                    <Initials>B</Initials>
                    <AffiliationInfo>
                        <Affiliation>State Key Laboratory of Crop Stress Biology in Arid Areas, College of Plant Protection, Northwest A&amp;F University, No. 3 Taicheng Road, 712100 Yangling, Shaanxi, China.</Affiliation>
                    </AffiliationInfo>
                </Author>
                <Author ValidYN="Y">
                    <LastName>Li</LastName>
                    <ForeName>Meimei</ForeName>
                    <Initials>M</Initials>
                    <AffiliationInfo>
                        <Affiliation>State Key Laboratory of Crop Stress Biology in Arid Areas, College of Plant Protection, Northwest A&amp;F University, No. 3 Taicheng Road, 712100 Yangling, Shaanxi, China.</Affiliation>
                    </AffiliationInfo>
                </Author>
                <Author ValidYN="Y">
                    <LastName>Wu</LastName>
                    <ForeName>Junxiang</ForeName>
                    <Initials>J</Initials>
                    <AffiliationInfo>
                        <Affiliation>State Key Laboratory of Crop Stress Biology in Arid Areas, College of Plant Protection, Northwest A&amp;F University, No. 3 Taicheng Road, 712100 Yangling, Shaanxi, China. Electronic address: junxw@nwsuaf.edu.cn.</Affiliation>
                    </AffiliationInfo>
                </Author>
                <Author ValidYN="Y">
                    <LastName>Xu</LastName>
                    <ForeName>Xiangli</ForeName>
                    <Initials>X</Initials>
                    <AffiliationInfo>
                        <Affiliation>State Key Laboratory of Crop Stress Biology in Arid Areas, College of Plant Protection, Northwest A&amp;F University, No. 3 Taicheng Road, 712100 Yangling, Shaanxi, China. Electronic address: xuxiangli@nwsuaf.edu.cn.</Affiliation>
                    </AffiliationInfo>
                </Author>
            </AuthorList>
            <Language>eng</Language>
            <PublicationTypeList>
                <PublicationType UI="D016428">Journal Article</PublicationType>
            </PublicationTypeList>
            <ArticleDate DateType="Electronic">
                <Year>2019</Year>
                <Month>03</Month>
                <Day>05</Day>
            </ArticleDate>
        </Article>
        <MedlineJournalInfo>
            <Country>Netherlands</Country>
            <MedlineTA>Comp Biochem Physiol Part D Genomics Proteomics</MedlineTA>
            <NlmUniqueID>101270611</NlmUniqueID>
            <ISSNLinking>1744-117X</ISSNLinking>
        </MedlineJournalInfo>
        <KeywordList Owner="NOTNLM">
            <Keyword MajorTopicYN="N">Differentially expressed genes</Keyword>
            <Keyword MajorTopicYN="N">Mythimna separata</Keyword>
            <Keyword MajorTopicYN="N">Temperature</Keyword>
            <Keyword MajorTopicYN="N">Transcriptome</Keyword>
        </KeywordList>
    </MedlineCitation>
    <PubmedData>
        <History>
            <PubMedPubDate PubStatus="received">
                <Year>2018</Year>
                <Month>10</Month>
                <Day>25</Day>
            </PubMedPubDate>
            <PubMedPubDate PubStatus="revised">
                <Year>2019</Year>
                <Month>01</Month>
                <Day>14</Day>
            </PubMedPubDate>
            <PubMedPubDate PubStatus="accepted">
                <Year>2019</Year>
                <Month>01</Month>
                <Day>14</Day>
            </PubMedPubDate>
            <PubMedPubDate PubStatus="entrez">
                <Year>2019</Year>
                <Month>3</Month>
                <Day>20</Day>
                <Hour>6</Hour>
                <Minute>0</Minute>
            </PubMedPubDate>
            <PubMedPubDate PubStatus="pubmed">
                <Year>2019</Year>
                <Month>3</Month>
                <Day>20</Day>
                <Hour>6</Hour>
                <Minute>0</Minute>
            </PubMedPubDate>
            <PubMedPubDate PubStatus="medline">
                <Year>2019</Year>
                <Month>3</Month>
                <Day>20</Day>
                <Hour>6</Hour>
                <Minute>0</Minute>
            </PubMedPubDate>
        </History>
        <PublicationStatus>aheadofprint</PublicationStatus>
        <ArticleIdList>
            <ArticleId IdType="pubmed">30889494</ArticleId>
            <ArticleId IdType="pii">S1744-117X(18)30121-7</ArticleId>
            <ArticleId IdType="doi">10.1016/j.cbd.2019.01.011</ArticleId>
        </ArticleIdList>
    </PubmedData>
</PubmedArticle>


<PubmedArticle>
    <MedlineCitation Status="Publisher" Owner="NLM">
        <PMID Version="1">30889403</PMID>
        <DateRevised>
            <Year>2019</Year>
            <Month>03</Month>
            <Day>19</Day>
        </DateRevised>
        <Article PubModel="Print-Electronic">
            <Journal>
                <ISSN IssnType="Electronic">1090-2414</ISSN>
                <JournalIssue CitedMedium="Internet">
                    <Volume>175</Volume>
                    <PubDate>
                        <Year>2019</Year>
                        <Month>Mar</Month>
                        <Day>16</Day>
                    </PubDate>
                </JournalIssue>
                <Title>Ecotoxicology and environmental safety</Title>
                <ISOAbbreviation>Ecotoxicol. Environ. Saf.</ISOAbbreviation>
            </Journal>
            <ArticleTitle>Identification of differentially expressed MiRNAs profile in a thiram-induced tibial dyschondroplasia.</ArticleTitle>
            <Pagination>
                <MedlinePgn>83-89</MedlinePgn>
            </Pagination>
            <ELocationID EIdType="pii" ValidYN="Y">S0147-6513(19)30304-5</ELocationID>
            <ELocationID EIdType="doi" ValidYN="Y">10.1016/j.ecoenv.2019.03.043</ELocationID>
            <Abstract>
                <AbstractText>Tetramethyl thiuram disulfide (thiram) is a dithiocarbamate, which is widely used on seeds and storing food grains. The incorporation of thiram into the food chain could be a risk for both human beings and animals. Thiram-contaminated feed has been considered a common cause of tibial dyschondrolplasia (TD) in many avian species. The molecular mechanism of action of thiram on TD involving microRNA (miRNA) is not fully understood. For this purpose, the morbidity and pathologic changes were evaluated to understand the TD, and high-throughput RNA sequencing (RNA-Seq) was performed to explore the differentially expressed miRNAs (DEGs). RT-qPCR was used to confirm the validity as compared with sequencing data. The results showed that the marked alterations in the growth plate of the TD chickens were noticeable, with shrinking cells and irregular chondrocyte columns as compared with control group. In this study, we identified total 375 (p<U+202F>&lt;<U+202F>0.1), 340 (p<U+202F>&lt;<U+202F>0.05) and 266 (p<U+202F>&lt;<U+202F>0.01) significant DEGs between the TD and control groups. Gene ontology (GO) and Kyoto Encyclopedia of Genes and Genomes (KEGG) enrichment analysis of DEGs showed that the target miRNAs were significantly enriched in different treatment groups, such as apoptosis, mRNA surveillance pathway, mitophagy-animal, etc. This study provides theoretical basis for in-depth understanding the pathogenesis of thiram-induced TD and explore the new insights towards the proposed molecular mechanism of specific miRNA as biomarkers for effective gene diagnosis and treatment of TD in broilers.</AbstractText>
                <CopyrightInformation>Copyright © 2019. Published by Elsevier Inc.</CopyrightInformation>
            </Abstract>
            <AuthorList CompleteYN="Y">
                <Author ValidYN="Y">
                    <LastName>Zhang</LastName>
                    <ForeName>Hui</ForeName>
                    <Initials>H</Initials>
                    <AffiliationInfo>
                        <Affiliation>College of Veterinary Medicine, Huazhong Agricultural University, Wuhan, 430070, PR China; College of Animals Husbandry and Veterinary Medicine, Tibet Agricultural and Animal Husbandry University, Linzhi, Tibet, 860000, PR China; College of Veterinary Medicine, Cornell University, Ithaca, NY, USA.</Affiliation>
                    </AffiliationInfo>
                </Author>
                <Author ValidYN="Y">
                    <LastName>Mehmood</LastName>
                    <ForeName>Khalid</ForeName>
                    <Initials>K</Initials>
                    <AffiliationInfo>
                        <Affiliation>College of Veterinary Medicine, Huazhong Agricultural University, Wuhan, 430070, PR China; University College of Veterinary &amp; Animal Sciences, The Islamia University of Bahawalpur, Bahawalpur, 63100, Pakistan.</Affiliation>
                    </AffiliationInfo>
                </Author>
                <Author ValidYN="Y">
                    <LastName>Jiang</LastName>
                    <ForeName>Xiong</ForeName>
                    <Initials>X</Initials>
                    <AffiliationInfo>
                        <Affiliation>College of Veterinary Medicine, Huazhong Agricultural University, Wuhan, 430070, PR China.</Affiliation>
                    </AffiliationInfo>
                </Author>
                <Author ValidYN="Y">
                    <LastName>Li</LastName>
                    <ForeName>Zhixing</ForeName>
                    <Initials>Z</Initials>
                    <AffiliationInfo>
                        <Affiliation>College of Veterinary Medicine, Huazhong Agricultural University, Wuhan, 430070, PR China.</Affiliation>
                    </AffiliationInfo>
                </Author>
                <Author ValidYN="Y">
                    <LastName>Yao</LastName>
                    <ForeName>Wangyuan</ForeName>
                    <Initials>W</Initials>
                    <AffiliationInfo>
                        <Affiliation>College of Veterinary Medicine, Huazhong Agricultural University, Wuhan, 430070, PR China.</Affiliation>
                    </AffiliationInfo>
                </Author>
                <Author ValidYN="Y">
                    <LastName>Zhang</LastName>
                    <ForeName>Jialu</ForeName>
                    <Initials>J</Initials>
                    <AffiliationInfo>
                        <Affiliation>College of Veterinary Medicine, Huazhong Agricultural University, Wuhan, 430070, PR China.</Affiliation>
                    </AffiliationInfo>
                </Author>
                <Author ValidYN="Y">
                    <LastName>Tong</LastName>
                    <ForeName>Xiaole</ForeName>
                    <Initials>X</Initials>
                    <AffiliationInfo>
                        <Affiliation>College of Veterinary Medicine, Huazhong Agricultural University, Wuhan, 430070, PR China.</Affiliation>
                    </AffiliationInfo>
                </Author>
                <Author ValidYN="Y">
                    <LastName>Wang</LastName>
                    <ForeName>Yaping</ForeName>
                    <Initials>Y</Initials>
                    <AffiliationInfo>
                        <Affiliation>College of Veterinary Medicine, Huazhong Agricultural University, Wuhan, 430070, PR China.</Affiliation>
                    </AffiliationInfo>
                </Author>
                <Author ValidYN="Y">
                    <LastName>Li</LastName>
                    <ForeName>Aoyun</ForeName>
                    <Initials>A</Initials>
                    <AffiliationInfo>
                        <Affiliation>College of Veterinary Medicine, Huazhong Agricultural University, Wuhan, 430070, PR China.</Affiliation>
                    </AffiliationInfo>
                </Author>
                <Author ValidYN="Y">
                    <LastName>Waqas</LastName>
                    <ForeName>Muhammad</ForeName>
                    <Initials>M</Initials>
                    <AffiliationInfo>
                        <Affiliation>College of Veterinary Medicine, Huazhong Agricultural University, Wuhan, 430070, PR China.</Affiliation>
                    </AffiliationInfo>
                </Author>
                <Author ValidYN="Y">
                    <LastName>Iqbal</LastName>
                    <ForeName>Mujahid</ForeName>
                    <Initials>M</Initials>
                    <AffiliationInfo>
                        <Affiliation>College of Veterinary Medicine, Huazhong Agricultural University, Wuhan, 430070, PR China; Department of Pathology, Cholistan University of Veterinary &amp; Animal Sciences (CUVAS), Bahawalpur, 63100, Pakistan.</Affiliation>
                    </AffiliationInfo>
                </Author>
                <Author ValidYN="Y">
                    <LastName>Li</LastName>
                    <ForeName>Jiakui</ForeName>
                    <Initials>J</Initials>
                    <AffiliationInfo>
                        <Affiliation>College of Veterinary Medicine, Huazhong Agricultural University, Wuhan, 430070, PR China; College of Animals Husbandry and Veterinary Medicine, Tibet Agricultural and Animal Husbandry University, Linzhi, Tibet, 860000, PR China. Electronic address: lijk210@sina.com.</Affiliation>
                    </AffiliationInfo>
                </Author>
            </AuthorList>
            <Language>eng</Language>
            <PublicationTypeList>
                <PublicationType UI="D016428">Journal Article</PublicationType>
            </PublicationTypeList>
            <ArticleDate DateType="Electronic">
                <Year>2019</Year>
                <Month>03</Month>
                <Day>16</Day>
            </ArticleDate>
        </Article>
        <MedlineJournalInfo>
            <Country>Netherlands</Country>
            <MedlineTA>Ecotoxicol Environ Saf</MedlineTA>
            <NlmUniqueID>7805381</NlmUniqueID>
            <ISSNLinking>0147-6513</ISSNLinking>
        </MedlineJournalInfo>
        <KeywordList Owner="NOTNLM">
            <Keyword MajorTopicYN="N">Chickens</Keyword>
            <Keyword MajorTopicYN="N">Differentially expressed miRNAs</Keyword>
            <Keyword MajorTopicYN="N">Thiram</Keyword>
            <Keyword MajorTopicYN="N">Tibial dyschondroplasia</Keyword>
            <Keyword MajorTopicYN="N">Toxicological functions</Keyword>
        </KeywordList>
    </MedlineCitation>
    <PubmedData>
        <History>
            <PubMedPubDate PubStatus="received">
                <Year>2019</Year>
                <Month>01</Month>
                <Day>19</Day>
            </PubMedPubDate>
            <PubMedPubDate PubStatus="revised">
                <Year>2019</Year>
                <Month>03</Month>
                <Day>09</Day>
            </PubMedPubDate>
            <PubMedPubDate PubStatus="accepted">
                <Year>2019</Year>
                <Month>03</Month>
                <Day>11</Day>
            </PubMedPubDate>
            <PubMedPubDate PubStatus="entrez">
                <Year>2019</Year>
                <Month>3</Month>
                <Day>20</Day>
                <Hour>6</Hour>
                <Minute>0</Minute>
            </PubMedPubDate>
            <PubMedPubDate PubStatus="pubmed">
                <Year>2019</Year>
                <Month>3</Month>
                <Day>20</Day>
                <Hour>6</Hour>
                <Minute>0</Minute>
            </PubMedPubDate>
            <PubMedPubDate PubStatus="medline">
                <Year>2019</Year>
                <Month>3</Month>
                <Day>20</Day>
                <Hour>6</Hour>
                <Minute>0</Minute>
            </PubMedPubDate>
        </History>
        <PublicationStatus>aheadofprint</PublicationStatus>
        <ArticleIdList>
            <ArticleId IdType="pubmed">30889403</ArticleId>
            <ArticleId IdType="pii">S0147-6513(19)30304-5</ArticleId>
            <ArticleId IdType="doi">10.1016/j.ecoenv.2019.03.043</ArticleId>
        </ArticleIdList>
    </PubmedData>
</PubmedArticle>


<PubmedArticle>
    <MedlineCitation Status="Publisher" Owner="NLM">
        <PMID Version="1">30888720</PMID>
        <DateRevised>
            <Year>2019</Year>
            <Month>03</Month>
            <Day>19</Day>
        </DateRevised>
        <Article PubModel="Print-Electronic">
            <Journal>
                <ISSN IssnType="Electronic">1523-4681</ISSN>
                <JournalIssue CitedMedium="Internet">
                    <PubDate>
                        <Year>2019</Year>
                        <Month>Mar</Month>
                        <Day>19</Day>
                    </PubDate>
                </JournalIssue>
                <Title>Journal of bone and mineral research : the official journal of the American Society for Bone and Mineral Research</Title>
                <ISOAbbreviation>J. Bone Miner. Res.</ISOAbbreviation>
            </Journal>
            <ArticleTitle>Growth plate borderline chondrocytes behave as transient mesenchymal precursor cells.</ArticleTitle>
            <ELocationID EIdType="doi" ValidYN="Y">10.1002/jbmr.3719</ELocationID>
            <Abstract>
                <AbstractText>The growth plate provides a substantial source of mesenchymal cells in the endosteal marrow space during endochondral ossification. The current model postulates that a group of chondrocytes in the hypertrophic zone can escape from apoptosis and transform into cells that eventually become osteoblasts in an area beneath the growth plate. The growth plate is composed of cells with various morphologies; particularly, at the periphery of the growth plate immediately adjacent to the perichondrium are 'borderline' chondrocytes, which align perpendicularly to other chondrocytes. However, in vivo cell fates of these special chondrocytes have not been revealed. Here we show that borderline chondrocytes in growth plates behave as transient mesenchymal precursor cells for osteoblasts and marrow stromal cells. A single cell RNA-seq analysis revealed subpopulations of Col2a1-creER-marked neonatal chondrocytes and their cell-type specific markers. A tamoxifen pulse to Pthrp-creER mice in the neonatal stage (before the resting zone was formed) preferentially marked borderline chondrocytes. Following the chase, these cells marched into the nascent marrow space, expanded in the metaphyseal marrow and became Col(2.3kb)-GFP<sup>+</sup> osteoblasts and Cxcl12-GFP<sup>high</sup> reticular stromal 'CAR' cells. Interestingly, these borderline chondrocyte-derived marrow cells were short-lived, as they were significantly reduced during adulthood. These findings demonstrate based on in vivo lineage-tracing experiments that borderline chondrocytes in the peripheral growth plate are a particularly important route for producing osteoblasts and marrow stromal cells in growing murine endochondral bones. A special microenvironment neighboring the osteogenic perichondrium might endow these chondrocytes with an enhanced potential to differentiate into marrow mesenchymal cells. This article is protected by copyright. All rights reserved.</AbstractText>
                <CopyrightInformation>This article is protected by copyright. All rights reserved.</CopyrightInformation>
            </Abstract>
            <AuthorList CompleteYN="Y">
                <Author ValidYN="Y">
                    <LastName>Mizuhashi</LastName>
                    <ForeName>Koji</ForeName>
                    <Initials>K</Initials>
                    <AffiliationInfo>
                        <Affiliation>University of Michigan School of Dentistry.</Affiliation>
                    </AffiliationInfo>
                </Author>
                <Author ValidYN="Y">
                    <LastName>Nagata</LastName>
                    <ForeName>Mizuki</ForeName>
                    <Initials>M</Initials>
                    <AffiliationInfo>
                        <Affiliation>University of Michigan School of Dentistry.</Affiliation>
                    </AffiliationInfo>
                </Author>
                <Author ValidYN="Y">
                    <LastName>Matsushita</LastName>
                    <ForeName>Yuki</ForeName>
                    <Initials>Y</Initials>
                    <AffiliationInfo>
                        <Affiliation>University of Michigan School of Dentistry.</Affiliation>
                    </AffiliationInfo>
                </Author>
                <Author ValidYN="Y">
                    <LastName>Ono</LastName>
                    <ForeName>Wanida</ForeName>
                    <Initials>W</Initials>
                    <AffiliationInfo>
                        <Affiliation>University of Michigan School of Dentistry.</Affiliation>
                    </AffiliationInfo>
                </Author>
                <Author ValidYN="Y">
                    <LastName>Ono</LastName>
                    <ForeName>Noriaki</ForeName>
                    <Initials>N</Initials>
                    <Identifier Source="ORCID">http://orcid.org/0000-0002-3771-8230</Identifier>
                    <AffiliationInfo>
                        <Affiliation>University of Michigan School of Dentistry.</Affiliation>
                    </AffiliationInfo>
                </Author>
            </AuthorList>
            <Language>eng</Language>
            <PublicationTypeList>
                <PublicationType UI="D016428">Journal Article</PublicationType>
            </PublicationTypeList>
            <ArticleDate DateType="Electronic">
                <Year>2019</Year>
                <Month>03</Month>
                <Day>19</Day>
            </ArticleDate>
        </Article>
        <MedlineJournalInfo>
            <Country>United States</Country>
            <MedlineTA>J Bone Miner Res</MedlineTA>
            <NlmUniqueID>8610640</NlmUniqueID>
            <ISSNLinking>0884-0431</ISSNLinking>
        </MedlineJournalInfo>
        <KeywordList Owner="NOTNLM">
            <Keyword MajorTopicYN="N">Developmental modeling</Keyword>
            <Keyword MajorTopicYN="N">Genetic animal models</Keyword>
            <Keyword MajorTopicYN="N">growth plate</Keyword>
            <Keyword MajorTopicYN="N">osteoblasts</Keyword>
            <Keyword MajorTopicYN="N">stromal/stem cells</Keyword>
        </KeywordList>
    </MedlineCitation>
    <PubmedData>
        <History>
            <PubMedPubDate PubStatus="entrez">
                <Year>2019</Year>
                <Month>3</Month>
                <Day>20</Day>
                <Hour>6</Hour>
                <Minute>0</Minute>
            </PubMedPubDate>
            <PubMedPubDate PubStatus="pubmed">
                <Year>2019</Year>
                <Month>3</Month>
                <Day>20</Day>
                <Hour>6</Hour>
                <Minute>0</Minute>
            </PubMedPubDate>
            <PubMedPubDate PubStatus="medline">
                <Year>2019</Year>
                <Month>3</Month>
                <Day>20</Day>
                <Hour>6</Hour>
                <Minute>0</Minute>
            </PubMedPubDate>
        </History>
        <PublicationStatus>aheadofprint</PublicationStatus>
        <ArticleIdList>
            <ArticleId IdType="pubmed">30888720</ArticleId>
            <ArticleId IdType="doi">10.1002/jbmr.3719</ArticleId>
        </ArticleIdList>
    </PubmedData>
</PubmedArticle>


<PubmedArticle>
    <MedlineCitation Status="Publisher" Owner="NLM">
        <PMID Version="1">30887305</PMID>
        <DateRevised>
            <Year>2019</Year>
            <Month>03</Month>
            <Day>19</Day>
        </DateRevised>
        <Article PubModel="Print-Electronic">
            <Journal>
                <ISSN IssnType="Electronic">2092-9293</ISSN>
                <JournalIssue CitedMedium="Internet">
                    <PubDate>
                        <Year>2019</Year>
                        <Month>Mar</Month>
                        <Day>19</Day>
                    </PubDate>
                </JournalIssue>
                <Title>Genes &amp; genomics</Title>
                <ISOAbbreviation>Genes Genomics</ISOAbbreviation>
            </Journal>
            <ArticleTitle>Comparative transcriptome analysis of salt-sensitive and salt-tolerant maize reveals potential mechanisms to enhance salt resistance.</ArticleTitle>
            <ELocationID EIdType="doi" ValidYN="Y">10.1007/s13258-019-00793-y</ELocationID>
            <Abstract>
                <AbstractText Label="BACKGROUND" NlmCategory="BACKGROUND">Salt stress is a devastating environmental stress that causes plant growth inhibition and yield reduction.</AbstractText>
                <AbstractText Label="OBJECTIVE" NlmCategory="OBJECTIVE">The identification of salt-tolerant genes brings hope for the generation of salinity-tolerant crop plants through molecular breeding.</AbstractText>
                <AbstractText Label="METHODS" NlmCategory="METHODS">In this study, one salt-sensitive and one salt-tolerant maize inbred line were screened from 242 maize inbred lines. Reactive oxygen species (ROS)-related enzyme activities were detected and salt-responsive comparative transcriptome analysis was performed for control and 220 mM NaCl treated maize leaves.</AbstractText>
                <AbstractText Label="RESULTS" NlmCategory="RESULTS">Salt-tolerant maize inbred line (L87) showed higher ROS-related enzyme (SOD, POD, APX and CAT) activities and accumulated relatively lower levels of ROS under salt stress. Of the total DEGs, 1856 upregulated DEGs were specific to L87, including stress tolerance-related members of the 70kDa family of heat shock proteins (Hsp70s) and aquaporins. The DEGs involved in the abscisic acid (ABA), ethylene, jasmonic acid (JA) and salicylic acid (SA) signal transduction pathways may determine the difference in salt tolerance between the two varieties, especially one central component SnRK2, that positively regulates ABA signaling and was only upregulated in L87. Analysis of DEGs related to ROS scavenging showed that some peroxidase (POD), glutathione S-transferase (GST), catalase (CAT) and superoxide dismutase (SOD) genes specific to L87 probably enhanced its salt tolerance. The analysis of differentially expressed transcription factors (TFs) suggested that WRKY TFs could contribute to the difference in salt tolerance between the two maize lines.</AbstractText>
                <AbstractText Label="CONCLUSION" NlmCategory="CONCLUSIONS">Compared with Salt-sensitive maize inbred line (L29), L87 exhibits specific regulatory mechanisms related to salt tolerance, including plant hormone interactions, ROS scavenging and the regulation of TFs. Our study identifies new candidate genes that may regulate maize tolerance to salt stress and provides useful information for breeding maize with high salt resistance.</AbstractText>
            </Abstract>
            <AuthorList CompleteYN="Y">
                <Author ValidYN="Y">
                    <LastName>Wang</LastName>
                    <ForeName>Mingquan</ForeName>
                    <Initials>M</Initials>
                    <AffiliationInfo>
                        <Affiliation>College of Agronomy, Heilongjiang Bayi Agricultural University/Key Laboratory of Crop Germplasm Improvement and Cultivation in Cold Regions of Education Department, Daqing, 163319, China.</Affiliation>
                    </AffiliationInfo>
                    <AffiliationInfo>
                        <Affiliation>Maize Research Institute of Heilongjiang Academy of Agricultural Sciences, Harbin, 150086, China.</Affiliation>
                    </AffiliationInfo>
                </Author>
                <Author ValidYN="Y">
                    <LastName>Wang</LastName>
                    <ForeName>Yufeng</ForeName>
                    <Initials>Y</Initials>
                    <AffiliationInfo>
                        <Affiliation>College of Agronomy, Heilongjiang Bayi Agricultural University/Key Laboratory of Crop Germplasm Improvement and Cultivation in Cold Regions of Education Department, Daqing, 163319, China.</Affiliation>
                    </AffiliationInfo>
                </Author>
                <Author ValidYN="Y">
                    <LastName>Zhang</LastName>
                    <ForeName>Yifei</ForeName>
                    <Initials>Y</Initials>
                    <AffiliationInfo>
                        <Affiliation>College of Agronomy, Heilongjiang Bayi Agricultural University/Key Laboratory of Crop Germplasm Improvement and Cultivation in Cold Regions of Education Department, Daqing, 163319, China.</Affiliation>
                    </AffiliationInfo>
                </Author>
                <Author ValidYN="Y">
                    <LastName>Li</LastName>
                    <ForeName>Chunxia</ForeName>
                    <Initials>C</Initials>
                    <AffiliationInfo>
                        <Affiliation>Maize Research Institute of Heilongjiang Academy of Agricultural Sciences, Harbin, 150086, China.</Affiliation>
                    </AffiliationInfo>
                </Author>
                <Author ValidYN="Y">
                    <LastName>Gong</LastName>
                    <ForeName>Shichen</ForeName>
                    <Initials>S</Initials>
                    <AffiliationInfo>
                        <Affiliation>Maize Research Institute of Heilongjiang Academy of Agricultural Sciences, Harbin, 150086, China.</Affiliation>
                    </AffiliationInfo>
                </Author>
                <Author ValidYN="Y">
                    <LastName>Yan</LastName>
                    <ForeName>Shuqin</ForeName>
                    <Initials>S</Initials>
                    <AffiliationInfo>
                        <Affiliation>Maize Research Institute of Heilongjiang Academy of Agricultural Sciences, Harbin, 150086, China.</Affiliation>
                    </AffiliationInfo>
                </Author>
                <Author ValidYN="Y">
                    <LastName>Li</LastName>
                    <ForeName>Guoliang</ForeName>
                    <Initials>G</Initials>
                    <AffiliationInfo>
                        <Affiliation>Maize Research Institute of Heilongjiang Academy of Agricultural Sciences, Harbin, 150086, China.</Affiliation>
                    </AffiliationInfo>
                </Author>
                <Author ValidYN="Y">
                    <LastName>Hu</LastName>
                    <ForeName>Guanghui</ForeName>
                    <Initials>G</Initials>
                    <AffiliationInfo>
                        <Affiliation>Maize Research Institute of Heilongjiang Academy of Agricultural Sciences, Harbin, 150086, China.</Affiliation>
                    </AffiliationInfo>
                </Author>
                <Author ValidYN="Y">
                    <LastName>Ren</LastName>
                    <ForeName>Honglei</ForeName>
                    <Initials>H</Initials>
                    <AffiliationInfo>
                        <Affiliation>Maize Research Institute of Heilongjiang Academy of Agricultural Sciences, Harbin, 150086, China.</Affiliation>
                    </AffiliationInfo>
                </Author>
                <Author ValidYN="Y">
                    <LastName>Yang</LastName>
                    <ForeName>Jianfei</ForeName>
                    <Initials>J</Initials>
                    <AffiliationInfo>
                        <Affiliation>Maize Research Institute of Heilongjiang Academy of Agricultural Sciences, Harbin, 150086, China.</Affiliation>
                    </AffiliationInfo>
                </Author>
                <Author ValidYN="Y">
                    <LastName>Yu</LastName>
                    <ForeName>Tao</ForeName>
                    <Initials>T</Initials>
                    <AffiliationInfo>
                        <Affiliation>Maize Research Institute of Heilongjiang Academy of Agricultural Sciences, Harbin, 150086, China.</Affiliation>
                    </AffiliationInfo>
                </Author>
                <Author ValidYN="Y">
                    <LastName>Yang</LastName>
                    <ForeName>Kejun</ForeName>
                    <Initials>K</Initials>
                    <AffiliationInfo>
                        <Affiliation>College of Agronomy, Heilongjiang Bayi Agricultural University/Key Laboratory of Crop Germplasm Improvement and Cultivation in Cold Regions of Education Department, Daqing, 163319, China. byyangkejun@163.com.</Affiliation>
                    </AffiliationInfo>
                </Author>
            </AuthorList>
            <Language>eng</Language>
            <GrantList CompleteYN="Y">
                <Grant>
                    <GrantID>2013BAD07B01</GrantID>
                    <Agency>National Science and Technology Support Plan of China</Agency>
                    <Country/>
                </Grant>
                <Grant>
                    <GrantID>2014ZD003</GrantID>
                    <Agency>Innovation Project of Heilongjiang Academy of Agricultural Science</Agency>
                    <Country/>
                </Grant>
                <Grant>
                    <GrantID>SQ2016ZD080034</GrantID>
                    <Agency>Ministry of Agriculture Genetically Modified Major Project of China</Agency>
                    <Country/>
                </Grant>
                <Grant>
                    <GrantID>2016YFD0100103</GrantID>
                    <Agency>National Key Research and Development Plan of China</Agency>
                    <Country/>
                </Grant>
                <Grant>
                    <GrantID>2017YFD0300502</GrantID>
                    <Agency>National Key Research and Development Plan of China</Agency>
                    <Country/>
                </Grant>
                <Grant>
                    <GrantID>2017YFD0300506</GrantID>
                    <Agency>National Key Research and Development Plan of China</Agency>
                    <Country/>
                </Grant>
            </GrantList>
            <PublicationTypeList>
                <PublicationType UI="D016428">Journal Article</PublicationType>
            </PublicationTypeList>
            <ArticleDate DateType="Electronic">
                <Year>2019</Year>
                <Month>03</Month>
                <Day>19</Day>
            </ArticleDate>
        </Article>
        <MedlineJournalInfo>
            <Country>Korea (South)</Country>
            <MedlineTA>Genes Genomics</MedlineTA>
            <NlmUniqueID>101481027</NlmUniqueID>
            <ISSNLinking>1976-9571</ISSNLinking>
        </MedlineJournalInfo>
        <KeywordList Owner="NOTNLM">
            <Keyword MajorTopicYN="N">Differentially expressed genes</Keyword>
            <Keyword MajorTopicYN="N">Hormone signaling pathways</Keyword>
            <Keyword MajorTopicYN="N">Maize</Keyword>
            <Keyword MajorTopicYN="N">RNA-Seq</Keyword>
            <Keyword MajorTopicYN="N">Salt stress</Keyword>
            <Keyword MajorTopicYN="N">Transcription factors</Keyword>
        </KeywordList>
    </MedlineCitation>
    <PubmedData>
        <History>
            <PubMedPubDate PubStatus="received">
                <Year>2018</Year>
                <Month>10</Month>
                <Day>15</Day>
            </PubMedPubDate>
            <PubMedPubDate PubStatus="accepted">
                <Year>2019</Year>
                <Month>02</Month>
                <Day>08</Day>
            </PubMedPubDate>
            <PubMedPubDate PubStatus="entrez">
                <Year>2019</Year>
                <Month>3</Month>
                <Day>20</Day>
                <Hour>6</Hour>
                <Minute>0</Minute>
            </PubMedPubDate>
            <PubMedPubDate PubStatus="pubmed">
                <Year>2019</Year>
                <Month>3</Month>
                <Day>20</Day>
                <Hour>6</Hour>
                <Minute>0</Minute>
            </PubMedPubDate>
            <PubMedPubDate PubStatus="medline">
                <Year>2019</Year>
                <Month>3</Month>
                <Day>20</Day>
                <Hour>6</Hour>
                <Minute>0</Minute>
            </PubMedPubDate>
        </History>
        <PublicationStatus>aheadofprint</PublicationStatus>
        <ArticleIdList>
            <ArticleId IdType="pubmed">30887305</ArticleId>
            <ArticleId IdType="doi">10.1007/s13258-019-00793-y</ArticleId>
            <ArticleId IdType="pii">10.1007/s13258-019-00793-y</ArticleId>
        </ArticleIdList>
    </PubmedData>
</PubmedArticle>


<PubmedArticle>
    <MedlineCitation Status="Publisher" Owner="NLM">
        <PMID Version="1">30887025</PMID>
        <DateRevised>
            <Year>2019</Year>
            <Month>03</Month>
            <Day>19</Day>
        </DateRevised>
        <Article PubModel="Print-Electronic">
            <Journal>
                <ISSN IssnType="Electronic">1367-4811</ISSN>
                <JournalIssue CitedMedium="Internet">
                    <PubDate>
                        <Year>2019</Year>
                        <Month>Mar</Month>
                        <Day>18</Day>
                    </PubDate>
                </JournalIssue>
                <Title>Bioinformatics (Oxford, England)</Title>
                <ISOAbbreviation>Bioinformatics</ISOAbbreviation>
            </Journal>
            <ArticleTitle>ScanNeo: identifying indel derived neoantigens using RNA-Seq data.</ArticleTitle>
            <ELocationID EIdType="pii" ValidYN="Y">btz193</ELocationID>
            <ELocationID EIdType="doi" ValidYN="Y">10.1093/bioinformatics/btz193</ELocationID>
            <Abstract>
                <AbstractText Label="SUMMARY" NlmCategory="CONCLUSIONS">Insertion and deletion (indels) have been recognized as an important source generating tumor-specific mutant peptides (neoantigens). The focus of indel derived neoantigen identification has been on leveraging DNA sequencing such as whole exome sequencing, with the effort of using RNA-seq less well explored. Here we present ScanNeo, a fast-streamlined computational pipeline for analyzing RNA-seq to predict neoepitopes derived from small to large-sized indels. We applied ScanNeo in a prostate cancer cell line and validated our predictions with matched mass spectrometry data. Finally, we demonstrated that indel neoantigens predicted from RNA-seq were associated with checkpoint inhibitor response in a cohort of melanoma patients.</AbstractText>
                <AbstractText Label="AVAILABILITY AND IMPLEMENTATION" NlmCategory="METHODS">ScanNeo is implemented in Python. It is freely accessible at the GitHub repository (https://github.com/ylab-hi/ScanNeo).</AbstractText>
                <CopyrightInformation>© The Author(s) (2019). Published by Oxford University Press. All rights reserved. For Permissions, please email: journals.permissions@oup.com.</CopyrightInformation>
            </Abstract>
            <AuthorList CompleteYN="Y">
                <Author ValidYN="Y">
                    <LastName>Wang</LastName>
                    <ForeName>Ting-You</ForeName>
                    <Initials>TY</Initials>
                    <AffiliationInfo>
                        <Affiliation>The Hormel Institute, University of Minnesota, 801 16th AVE NE, Austin, MN, USA.</Affiliation>
                    </AffiliationInfo>
                </Author>
                <Author ValidYN="Y">
                    <LastName>Wang</LastName>
                    <ForeName>Li</ForeName>
                    <Initials>L</Initials>
                    <AffiliationInfo>
                        <Affiliation>The Hormel Institute, University of Minnesota, 801 16th AVE NE, Austin, MN, USA.</Affiliation>
                    </AffiliationInfo>
                </Author>
                <Author ValidYN="Y">
                    <LastName>Alam</LastName>
                    <ForeName>Sk Kayum</ForeName>
                    <Initials>SK</Initials>
                    <AffiliationInfo>
                        <Affiliation>The Hormel Institute, University of Minnesota, 801 16th AVE NE, Austin, MN, USA.</Affiliation>
                    </AffiliationInfo>
                </Author>
                <Author ValidYN="Y">
                    <LastName>Hoeppner</LastName>
                    <ForeName>Luke H</ForeName>
                    <Initials>LH</Initials>
                    <AffiliationInfo>
                        <Affiliation>The Hormel Institute, University of Minnesota, 801 16th AVE NE, Austin, MN, USA.</Affiliation>
                    </AffiliationInfo>
                </Author>
                <Author ValidYN="Y">
                    <LastName>Yang</LastName>
                    <ForeName>Rendong</ForeName>
                    <Initials>R</Initials>
                    <AffiliationInfo>
                        <Affiliation>The Hormel Institute, University of Minnesota, 801 16th AVE NE, Austin, MN, USA.</Affiliation>
                    </AffiliationInfo>
                    <AffiliationInfo>
                        <Affiliation>Masonic Cancer Center, University of Minnesota, 420 Delaware St SE, Minneapolis, MN, USA.</Affiliation>
                    </AffiliationInfo>
                </Author>
            </AuthorList>
            <Language>eng</Language>
            <PublicationTypeList>
                <PublicationType UI="D016428">Journal Article</PublicationType>
            </PublicationTypeList>
            <ArticleDate DateType="Electronic">
                <Year>2019</Year>
                <Month>03</Month>
                <Day>18</Day>
            </ArticleDate>
        </Article>
        <MedlineJournalInfo>
            <Country>England</Country>
            <MedlineTA>Bioinformatics</MedlineTA>
            <NlmUniqueID>9808944</NlmUniqueID>
            <ISSNLinking>1367-4803</ISSNLinking>
        </MedlineJournalInfo>
    </MedlineCitation>
    <PubmedData>
        <History>
            <PubMedPubDate PubStatus="received">
                <Year>2018</Year>
                <Month>11</Month>
                <Day>21</Day>
            </PubMedPubDate>
            <PubMedPubDate PubStatus="revised">
                <Year>2019</Year>
                <Month>02</Month>
                <Day>28</Day>
            </PubMedPubDate>
            <PubMedPubDate PubStatus="accepted">
                <Year>2019</Year>
                <Month>03</Month>
                <Day>12</Day>
            </PubMedPubDate>
            <PubMedPubDate PubStatus="entrez">
                <Year>2019</Year>
                <Month>3</Month>
                <Day>20</Day>
                <Hour>6</Hour>
                <Minute>0</Minute>
            </PubMedPubDate>
            <PubMedPubDate PubStatus="pubmed">
                <Year>2019</Year>
                <Month>3</Month>
                <Day>20</Day>
                <Hour>6</Hour>
                <Minute>0</Minute>
            </PubMedPubDate>
            <PubMedPubDate PubStatus="medline">
                <Year>2019</Year>
                <Month>3</Month>
                <Day>20</Day>
                <Hour>6</Hour>
                <Minute>0</Minute>
            </PubMedPubDate>
        </History>
        <PublicationStatus>aheadofprint</PublicationStatus>
        <ArticleIdList>
            <ArticleId IdType="pubmed">30887025</ArticleId>
            <ArticleId IdType="pii">5384488</ArticleId>
            <ArticleId IdType="doi">10.1093/bioinformatics/btz193</ArticleId>
        </ArticleIdList>
    </PubmedData>
</PubmedArticle>


<PubmedArticle>
    <MedlineCitation Status="PubMed-not-MEDLINE" Owner="NLM">
        <PMID Version="1">30886783</PMID>
        <DateRevised>
            <Year>2019</Year>
            <Month>03</Month>
            <Day>19</Day>
        </DateRevised>
        <Article PubModel="Electronic-eCollection">
            <Journal>
                <ISSN IssnType="Print">2167-8359</ISSN>
                <JournalIssue CitedMedium="Print">
                    <Volume>7</Volume>
                    <PubDate>
                        <Year>2019</Year>
                    </PubDate>
                </JournalIssue>
                <Title>PeerJ</Title>
                <ISOAbbreviation>PeerJ</ISOAbbreviation>
            </Journal>
            <ArticleTitle><i>HOXC6</i> promotes migration, invasion and proliferation of esophageal squamous cell carcinoma cells via modulating expression of genes involved in malignant phenotypes.</ArticleTitle>
            <Pagination>
                <MedlinePgn>e6607</MedlinePgn>
            </Pagination>
            <ELocationID EIdType="doi" ValidYN="Y">10.7717/peerj.6607</ELocationID>
            <Abstract>
                <AbstractText Label="Background" NlmCategory="UNASSIGNED"><i>HOXC6</i> is a member of the <i>HOX</i> gene family. The elevated expression of this gene occurs in prostate and breast cancers. However, the role of <i>HOXC6</i> in esophageal squamous cell carcinoma (ESCC) remains largely uninvestigated.</AbstractText>
                <AbstractText Label="Methods" NlmCategory="UNASSIGNED">The expression of <i>HOXC6</i> was examined by immunohistochemistry, quantitative real-time PCR and immunoblotting assays. The lentivirus-mediated expression of <i>HOXC6</i> was verified at mRNA and protein levels. Wound healing and Matrigel assays were performed to assess the effect of <i>HOXC6</i> on the migration and invasion of cancer cells. The growth curving, CCK8, and colony formation assays were utilized to access the proliferation capacities. RNA-seq was performed to evaluate the downstream targets of <i>HOXC6</i>. Bioinformatic tool was used to analyze the gene expression.</AbstractText>
                <AbstractText Label="Results" NlmCategory="UNASSIGNED"><i>HOXC6</i> was highly expressed in ESCC tissues. <i>HOXC6</i> overexpression promoted the migration, invasion, and proliferation of both Eca109 and TE10 cells. There were 2,155 up-regulated and 759 down-regulated genes in Eca109-HOXC6 cells and 95 up-regulated and 47 down-regulated genes in TE10-HOXC6 cells compared with the results of control. Interestingly, there were only 20 common genes, including 17 up-regulated and three down-regulated genes with similar changes upon <i>HOXC6</i> transfection in both cell lines. <i>HOXC6</i> activated several crucial genes implicated in the malignant phenotype of cancer cells.</AbstractText>
                <AbstractText Label="Discussion" NlmCategory="UNASSIGNED"><i>HOXC6</i> is highly expressed in ESCC and promotes malignant phenotype of ESCC cells. <i>HOXC6</i> can be used as a new therapeutic target of ESCC.</AbstractText>
            </Abstract>
            <AuthorList CompleteYN="Y">
                <Author ValidYN="Y">
                    <LastName>Tang</LastName>
                    <ForeName>Li</ForeName>
                    <Initials>L</Initials>
                    <AffiliationInfo>
                        <Affiliation>Experimental Medicine Center, The Affiliated Hospital of Southwest Medical University, Luzhou, China.</Affiliation>
                    </AffiliationInfo>
                </Author>
                <Author ValidYN="Y">
                    <LastName>Cao</LastName>
                    <ForeName>Yong</ForeName>
                    <Initials>Y</Initials>
                    <AffiliationInfo>
                        <Affiliation>Experimental Medicine Center, The Affiliated Hospital of Southwest Medical University, Luzhou, China.</Affiliation>
                    </AffiliationInfo>
                </Author>
                <Author ValidYN="Y">
                    <LastName>Song</LastName>
                    <ForeName>Xueqin</ForeName>
                    <Initials>X</Initials>
                    <AffiliationInfo>
                        <Affiliation>Experimental Medicine Center, The Affiliated Hospital of Southwest Medical University, Luzhou, China.</Affiliation>
                    </AffiliationInfo>
                </Author>
                <Author ValidYN="Y">
                    <LastName>Wang</LastName>
                    <ForeName>Xiaoyan</ForeName>
                    <Initials>X</Initials>
                    <AffiliationInfo>
                        <Affiliation>Experimental Medicine Center, The Affiliated Hospital of Southwest Medical University, Luzhou, China.</Affiliation>
                    </AffiliationInfo>
                </Author>
                <Author ValidYN="Y">
                    <LastName>Li</LastName>
                    <ForeName>Yan</ForeName>
                    <Initials>Y</Initials>
                    <AffiliationInfo>
                        <Affiliation>Experimental Medicine Center, The Affiliated Hospital of Southwest Medical University, Luzhou, China.</Affiliation>
                    </AffiliationInfo>
                </Author>
                <Author ValidYN="Y">
                    <LastName>Yu</LastName>
                    <ForeName>Minglan</ForeName>
                    <Initials>M</Initials>
                    <AffiliationInfo>
                        <Affiliation>Experimental Medicine Center, The Affiliated Hospital of Southwest Medical University, Luzhou, China.</Affiliation>
                    </AffiliationInfo>
                </Author>
                <Author ValidYN="Y">
                    <LastName>Li</LastName>
                    <ForeName>Mingying</ForeName>
                    <Initials>M</Initials>
                    <AffiliationInfo>
                        <Affiliation>Experimental Medicine Center, The Affiliated Hospital of Southwest Medical University, Luzhou, China.</Affiliation>
                    </AffiliationInfo>
                </Author>
                <Author ValidYN="Y">
                    <LastName>Liu</LastName>
                    <ForeName>Xu</ForeName>
                    <Initials>X</Initials>
                    <AffiliationInfo>
                        <Affiliation>Experimental Medicine Center, The Affiliated Hospital of Southwest Medical University, Luzhou, China.</Affiliation>
                    </AffiliationInfo>
                </Author>
                <Author ValidYN="Y">
                    <LastName>Huang</LastName>
                    <ForeName>Fang</ForeName>
                    <Initials>F</Initials>
                    <AffiliationInfo>
                        <Affiliation>Experimental Medicine Center, The Affiliated Hospital of Southwest Medical University, Luzhou, China.</Affiliation>
                    </AffiliationInfo>
                </Author>
                <Author ValidYN="Y">
                    <LastName>Chen</LastName>
                    <ForeName>Feng</ForeName>
                    <Initials>F</Initials>
                    <AffiliationInfo>
                        <Affiliation>Experimental Medicine Center, The Affiliated Hospital of Southwest Medical University, Luzhou, China.</Affiliation>
                    </AffiliationInfo>
                </Author>
                <Author ValidYN="Y">
                    <LastName>Wan</LastName>
                    <ForeName>Haisu</ForeName>
                    <Initials>H</Initials>
                    <AffiliationInfo>
                        <Affiliation>Experimental Medicine Center, The Affiliated Hospital of Southwest Medical University, Luzhou, China.</Affiliation>
                    </AffiliationInfo>
                </Author>
            </AuthorList>
            <Language>eng</Language>
            <PublicationTypeList>
                <PublicationType UI="D016428">Journal Article</PublicationType>
            </PublicationTypeList>
            <ArticleDate DateType="Electronic">
                <Year>2019</Year>
                <Month>03</Month>
                <Day>14</Day>
            </ArticleDate>
        </Article>
        <MedlineJournalInfo>
            <Country>United States</Country>
            <MedlineTA>PeerJ</MedlineTA>
            <NlmUniqueID>101603425</NlmUniqueID>
            <ISSNLinking>2167-8359</ISSNLinking>
        </MedlineJournalInfo>
        <KeywordList Owner="NOTNLM">
            <Keyword MajorTopicYN="N">ESCC</Keyword>
            <Keyword MajorTopicYN="N">HOXC6</Keyword>
            <Keyword MajorTopicYN="N">Homeobox</Keyword>
            <Keyword MajorTopicYN="N">Invasion</Keyword>
            <Keyword MajorTopicYN="N">Migration</Keyword>
            <Keyword MajorTopicYN="N">Proliferation</Keyword>
        </KeywordList>
        <CoiStatement>The authors declare that they have no competing interests.</CoiStatement>
    </MedlineCitation>
    <PubmedData>
        <History>
            <PubMedPubDate PubStatus="received">
                <Year>2018</Year>
                <Month>11</Month>
                <Day>02</Day>
            </PubMedPubDate>
            <PubMedPubDate PubStatus="accepted">
                <Year>2019</Year>
                <Month>02</Month>
                <Day>10</Day>
            </PubMedPubDate>
            <PubMedPubDate PubStatus="entrez">
                <Year>2019</Year>
                <Month>3</Month>
                <Day>20</Day>
                <Hour>6</Hour>
                <Minute>0</Minute>
            </PubMedPubDate>
            <PubMedPubDate PubStatus="pubmed">
                <Year>2019</Year>
                <Month>3</Month>
                <Day>20</Day>
                <Hour>6</Hour>
                <Minute>0</Minute>
            </PubMedPubDate>
            <PubMedPubDate PubStatus="medline">
                <Year>2019</Year>
                <Month>3</Month>
                <Day>20</Day>
                <Hour>6</Hour>
                <Minute>1</Minute>
            </PubMedPubDate>
        </History>
        <PublicationStatus>epublish</PublicationStatus>
        <ArticleIdList>
            <ArticleId IdType="pubmed">30886783</ArticleId>
            <ArticleId IdType="doi">10.7717/peerj.6607</ArticleId>
            <ArticleId IdType="pii">6607</ArticleId>
            <ArticleId IdType="pmc">PMC6421064</ArticleId>
        </ArticleIdList>
    </PubmedData>
</PubmedArticle>


<PubmedArticle>
    <MedlineCitation Status="PubMed-not-MEDLINE" Owner="NLM">
        <PMID Version="1">30886630</PMID>
        <DateRevised>
            <Year>2019</Year>
            <Month>03</Month>
            <Day>19</Day>
        </DateRevised>
        <Article PubModel="Electronic-eCollection">
            <Journal>
                <ISSN IssnType="Print">1664-8021</ISSN>
                <JournalIssue CitedMedium="Print">
                    <Volume>10</Volume>
                    <PubDate>
                        <Year>2019</Year>
                    </PubDate>
                </JournalIssue>
                <Title>Frontiers in genetics</Title>
                <ISOAbbreviation>Front Genet</ISOAbbreviation>
            </Journal>
            <ArticleTitle>Identification and Functional Prediction of Long Intergenic Non-coding RNAs Related to Subcutaneous Adipose Development in Pigs.</ArticleTitle>
            <Pagination>
                <MedlinePgn>160</MedlinePgn>
            </Pagination>
            <ELocationID EIdType="doi" ValidYN="Y">10.3389/fgene.2019.00160</ELocationID>
            <Abstract>
                <AbstractText>An increasing number of studies have shown that long intergenic non-coding RNAs (lincRNAs) are a very important class of non-coding RNAs that plays a vital role in many biological processes. Adipose tissue is an important place for storing energy, but few studies on lincRNAs were related to pig subcutaneous fat development. Here, we used published RNA-seq data from subcutaneous adipose tissue of Italian Large White pigs and identified 252 putative lincRNAs, wherein 34 were unannotated. These lincRNAs had relatively shorter length, lower number of exons, and lower expression level compared with protein-coding transcripts. Gene ontology and pathway analysis indicated that the adjacent genes of lincRNAs were involved in lipid metabolism. In addition, differentially expressed lincRNAs (DELs) between low and high backfat thickness pigs were identified. Through the detection of quantitative trait locus (QTL), DELs were mainly located in QTLs related to adipose development. Based on the expression correlation of DEL genes and their differentially expressed potential target genes, we constructed a co-expression network and a potential pathway of DEL's effect on lipid metabolism. Our study identified and analyzed lincRNAs in subcutaneous adipose tissue, and results suggested that lincRNAs may be involved in the regulation of subcutaneous fat development. Our findings provided new insights into the biological function of porcine lincRNAs.</AbstractText>
            </Abstract>
            <AuthorList CompleteYN="Y">
                <Author ValidYN="Y">
                    <LastName>Shi</LastName>
                    <ForeName>Gaoli</ForeName>
                    <Initials>G</Initials>
                    <AffiliationInfo>
                        <Affiliation>Key Laboratory of Agricultural Animal Genetics, Breeding and Reproduction of the Ministry of Education and Key Laboratory of Swine Genetics and Breeding of the Ministry of Agriculture, Huazhong Agricultural University, Wuhan, China.</Affiliation>
                    </AffiliationInfo>
                </Author>
                <Author ValidYN="Y">
                    <LastName>Chen</LastName>
                    <ForeName>Lin</ForeName>
                    <Initials>L</Initials>
                    <AffiliationInfo>
                        <Affiliation>Key Laboratory of Agricultural Animal Genetics, Breeding and Reproduction of the Ministry of Education and Key Laboratory of Swine Genetics and Breeding of the Ministry of Agriculture, Huazhong Agricultural University, Wuhan, China.</Affiliation>
                    </AffiliationInfo>
                </Author>
                <Author ValidYN="Y">
                    <LastName>Chen</LastName>
                    <ForeName>Guoting</ForeName>
                    <Initials>G</Initials>
                    <AffiliationInfo>
                        <Affiliation>Key Laboratory of Agricultural Animal Genetics, Breeding and Reproduction of the Ministry of Education and Key Laboratory of Swine Genetics and Breeding of the Ministry of Agriculture, Huazhong Agricultural University, Wuhan, China.</Affiliation>
                    </AffiliationInfo>
                </Author>
                <Author ValidYN="Y">
                    <LastName>Zou</LastName>
                    <ForeName>Cheng</ForeName>
                    <Initials>C</Initials>
                    <AffiliationInfo>
                        <Affiliation>Key Laboratory of Agricultural Animal Genetics, Breeding and Reproduction of the Ministry of Education and Key Laboratory of Swine Genetics and Breeding of the Ministry of Agriculture, Huazhong Agricultural University, Wuhan, China.</Affiliation>
                    </AffiliationInfo>
                </Author>
                <Author ValidYN="Y">
                    <LastName>Li</LastName>
                    <ForeName>Jingxuan</ForeName>
                    <Initials>J</Initials>
                    <AffiliationInfo>
                        <Affiliation>Key Laboratory of Agricultural Animal Genetics, Breeding and Reproduction of the Ministry of Education and Key Laboratory of Swine Genetics and Breeding of the Ministry of Agriculture, Huazhong Agricultural University, Wuhan, China.</Affiliation>
                    </AffiliationInfo>
                </Author>
                <Author ValidYN="Y">
                    <LastName>Li</LastName>
                    <ForeName>Mengxun</ForeName>
                    <Initials>M</Initials>
                    <AffiliationInfo>
                        <Affiliation>Key Laboratory of Agricultural Animal Genetics, Breeding and Reproduction of the Ministry of Education and Key Laboratory of Swine Genetics and Breeding of the Ministry of Agriculture, Huazhong Agricultural University, Wuhan, China.</Affiliation>
                    </AffiliationInfo>
                </Author>
                <Author ValidYN="Y">
                    <LastName>Fang</LastName>
                    <ForeName>Chengchi</ForeName>
                    <Initials>C</Initials>
                    <AffiliationInfo>
                        <Affiliation>Key Laboratory of Agricultural Animal Genetics, Breeding and Reproduction of the Ministry of Education and Key Laboratory of Swine Genetics and Breeding of the Ministry of Agriculture, Huazhong Agricultural University, Wuhan, China.</Affiliation>
                    </AffiliationInfo>
                </Author>
                <Author ValidYN="Y">
                    <LastName>Li</LastName>
                    <ForeName>Changchun</ForeName>
                    <Initials>C</Initials>
                    <AffiliationInfo>
                        <Affiliation>Key Laboratory of Agricultural Animal Genetics, Breeding and Reproduction of the Ministry of Education and Key Laboratory of Swine Genetics and Breeding of the Ministry of Agriculture, Huazhong Agricultural University, Wuhan, China.</Affiliation>
                    </AffiliationInfo>
                    <AffiliationInfo>
                        <Affiliation>The Cooperative Innovation Center for Sustainable Pig Production, Wuhan, China.</Affiliation>
                    </AffiliationInfo>
                </Author>
            </AuthorList>
            <Language>eng</Language>
            <PublicationTypeList>
                <PublicationType UI="D016428">Journal Article</PublicationType>
            </PublicationTypeList>
            <ArticleDate DateType="Electronic">
                <Year>2019</Year>
                <Month>03</Month>
                <Day>04</Day>
            </ArticleDate>
        </Article>
        <MedlineJournalInfo>
            <Country>Switzerland</Country>
            <MedlineTA>Front Genet</MedlineTA>
            <NlmUniqueID>101560621</NlmUniqueID>
            <ISSNLinking>1664-8021</ISSNLinking>
        </MedlineJournalInfo>
        <KeywordList Owner="NOTNLM">
            <Keyword MajorTopicYN="N">RNA-seq</Keyword>
            <Keyword MajorTopicYN="N">backfat thickness</Keyword>
            <Keyword MajorTopicYN="N">lincRNA</Keyword>
            <Keyword MajorTopicYN="N">pig</Keyword>
            <Keyword MajorTopicYN="N">subcutaneous fat development</Keyword>
        </KeywordList>
    </MedlineCitation>
    <PubmedData>
        <History>
            <PubMedPubDate PubStatus="received">
                <Year>2018</Year>
                <Month>11</Month>
                <Day>20</Day>
            </PubMedPubDate>
            <PubMedPubDate PubStatus="accepted">
                <Year>2019</Year>
                <Month>02</Month>
                <Day>14</Day>
            </PubMedPubDate>
            <PubMedPubDate PubStatus="entrez">
                <Year>2019</Year>
                <Month>3</Month>
                <Day>20</Day>
                <Hour>6</Hour>
                <Minute>0</Minute>
            </PubMedPubDate>
            <PubMedPubDate PubStatus="pubmed">
                <Year>2019</Year>
                <Month>3</Month>
                <Day>20</Day>
                <Hour>6</Hour>
                <Minute>0</Minute>
            </PubMedPubDate>
            <PubMedPubDate PubStatus="medline">
                <Year>2019</Year>
                <Month>3</Month>
                <Day>20</Day>
                <Hour>6</Hour>
                <Minute>1</Minute>
            </PubMedPubDate>
        </History>
        <PublicationStatus>epublish</PublicationStatus>
        <ArticleIdList>
            <ArticleId IdType="pubmed">30886630</ArticleId>
            <ArticleId IdType="doi">10.3389/fgene.2019.00160</ArticleId>
            <ArticleId IdType="pmc">PMC6409335</ArticleId>
        </ArticleIdList>
    </PubmedData>
</PubmedArticle>


<PubmedArticle>
    <MedlineCitation Status="Publisher" Owner="NLM">
        <PMID Version="1">30886411</PMID>
        <DateRevised>
            <Year>2019</Year>
            <Month>03</Month>
            <Day>19</Day>
        </DateRevised>
        <Article PubModel="Print-Electronic">
            <Journal>
                <ISSN IssnType="Electronic">1548-7105</ISSN>
                <JournalIssue CitedMedium="Internet">
                    <PubDate>
                        <Year>2019</Year>
                        <Month>Mar</Month>
                        <Day>18</Day>
                    </PubDate>
                </JournalIssue>
                <Title>Nature methods</Title>
                <ISOAbbreviation>Nat. Methods</ISOAbbreviation>
            </Journal>
            <ArticleTitle>Scalable analysis of cell-type composition from single-cell transcriptomics using deep recurrent learning.</ArticleTitle>
            <ELocationID EIdType="doi" ValidYN="Y">10.1038/s41592-019-0353-7</ELocationID>
            <Abstract>
                <AbstractText>Recent advances in large-scale single-cell RNA-seq enable fine-grained characterization of phenotypically distinct cellular states in heterogeneous tissues. We present scScope, a scalable deep-learning-based approach that can accurately and rapidly identify cell-type composition from millions of noisy single-cell gene-expression profiles.</AbstractText>
            </Abstract>
            <AuthorList CompleteYN="Y">
                <Author ValidYN="Y">
                    <LastName>Deng</LastName>
                    <ForeName>Yue</ForeName>
                    <Initials>Y</Initials>
                    <AffiliationInfo>
                        <Affiliation>Department of Pharmaceutical Chemistry, University of California, San Francisco, San Francisco, CA, USA.</Affiliation>
                    </AffiliationInfo>
                </Author>
                <Author ValidYN="Y">
                    <LastName>Bao</LastName>
                    <ForeName>Feng</ForeName>
                    <Initials>F</Initials>
                    <AffiliationInfo>
                        <Affiliation>Department of Automation, Tsinghua National Laboratory for Information Science and Technology, Tsinghua University, Beijing, China.</Affiliation>
                    </AffiliationInfo>
                </Author>
                <Author ValidYN="Y">
                    <LastName>Dai</LastName>
                    <ForeName>Qionghai</ForeName>
                    <Initials>Q</Initials>
                    <AffiliationInfo>
                        <Affiliation>Department of Automation, Tsinghua National Laboratory for Information Science and Technology, Tsinghua University, Beijing, China.</Affiliation>
                    </AffiliationInfo>
                </Author>
                <Author ValidYN="Y">
                    <LastName>Wu</LastName>
                    <ForeName>Lani F</ForeName>
                    <Initials>LF</Initials>
                    <Identifier Source="ORCID">http://orcid.org/0000-0002-0052-7537</Identifier>
                    <AffiliationInfo>
                        <Affiliation>Department of Pharmaceutical Chemistry, University of California, San Francisco, San Francisco, CA, USA. lani.wu@ucsf.edu.</Affiliation>
                    </AffiliationInfo>
                </Author>
                <Author ValidYN="Y">
                    <LastName>Altschuler</LastName>
                    <ForeName>Steven J</ForeName>
                    <Initials>SJ</Initials>
                    <Identifier Source="ORCID">http://orcid.org/0000-0001-9142-0796</Identifier>
                    <AffiliationInfo>
                        <Affiliation>Department of Pharmaceutical Chemistry, University of California, San Francisco, San Francisco, CA, USA. steven.altschuler@ucsf.edu.</Affiliation>
                    </AffiliationInfo>
                </Author>
            </AuthorList>
            <Language>eng</Language>
            <PublicationTypeList>
                <PublicationType UI="D016428">Journal Article</PublicationType>
            </PublicationTypeList>
            <ArticleDate DateType="Electronic">
                <Year>2019</Year>
                <Month>03</Month>
                <Day>18</Day>
            </ArticleDate>
        </Article>
        <MedlineJournalInfo>
            <Country>United States</Country>
            <MedlineTA>Nat Methods</MedlineTA>
            <NlmUniqueID>101215604</NlmUniqueID>
            <ISSNLinking>1548-7091</ISSNLinking>
        </MedlineJournalInfo>
    </MedlineCitation>
    <PubmedData>
        <History>
            <PubMedPubDate PubStatus="received">
                <Year>2018</Year>
                <Month>10</Month>
                <Day>11</Day>
            </PubMedPubDate>
            <PubMedPubDate PubStatus="accepted">
                <Year>2019</Year>
                <Month>02</Month>
                <Day>12</Day>
            </PubMedPubDate>
            <PubMedPubDate PubStatus="entrez">
                <Year>2019</Year>
                <Month>3</Month>
                <Day>20</Day>
                <Hour>6</Hour>
                <Minute>0</Minute>
            </PubMedPubDate>
            <PubMedPubDate PubStatus="pubmed">
                <Year>2019</Year>
                <Month>3</Month>
                <Day>20</Day>
                <Hour>6</Hour>
                <Minute>0</Minute>
            </PubMedPubDate>
            <PubMedPubDate PubStatus="medline">
                <Year>2019</Year>
                <Month>3</Month>
                <Day>20</Day>
                <Hour>6</Hour>
                <Minute>0</Minute>
            </PubMedPubDate>
        </History>
        <PublicationStatus>aheadofprint</PublicationStatus>
        <ArticleIdList>
            <ArticleId IdType="pubmed">30886411</ArticleId>
            <ArticleId IdType="doi">10.1038/s41592-019-0353-7</ArticleId>
            <ArticleId IdType="pii">10.1038/s41592-019-0353-7</ArticleId>
        </ArticleIdList>
    </PubmedData>
</PubmedArticle>


<PubmedArticle>
    <MedlineCitation Status="In-Data-Review" Owner="NLM">
        <PMID Version="1">30886354</PMID>
        <DateRevised>
            <Year>2019</Year>
            <Month>03</Month>
            <Day>19</Day>
        </DateRevised>
        <Article PubModel="Electronic">
            <Journal>
                <ISSN IssnType="Electronic">2045-2322</ISSN>
                <JournalIssue CitedMedium="Internet">
                    <Volume>9</Volume>
                    <Issue>1</Issue>
                    <PubDate>
                        <Year>2019</Year>
                        <Month>Mar</Month>
                        <Day>18</Day>
                    </PubDate>
                </JournalIssue>
                <Title>Scientific reports</Title>
                <ISOAbbreviation>Sci Rep</ISOAbbreviation>
            </Journal>
            <ArticleTitle>Complex regulatory network allows Myriophyllum aquaticum to thrive under high-concentration ammonia toxicity.</ArticleTitle>
            <Pagination>
                <MedlinePgn>4801</MedlinePgn>
            </Pagination>
            <ELocationID EIdType="doi" ValidYN="Y">10.1038/s41598-019-41236-8</ELocationID>
            <Abstract>
                <AbstractText>Plants easily experience ammonia (NH<sub>4</sub><sup>+</sup>) toxicity, especially aquatic plants. However, a unique wetland plant species, Myriophyllum aquaticum, can survive in livestock wastewater with more than 26<U+2009>mM NH<sub>4</sub><sup>+</sup>. In this study, the mechanisms of the M. aquaticum response to NH<sub>4</sub><sup>+</sup> toxicity were analysed with RNA-seq. Preliminary analysis of enzyme activities indicated that key enzymes involved in nitrogen metabolism were activated to assimilate toxic NH<sub>4</sub><sup>+</sup> into amino acids and proteins. In response to photosystem damage, M. aquaticum seemed to remobilize starch and cellulose for greater carbon and energy supplies to resist NH<sub>4</sub><sup>+</sup> toxicity. Antioxidative enzyme activity and the secondary metabolite content were significantly elevated for reactive oxygen species removal. Transcriptomic analyses also revealed that genes involved in diverse functions (e.g., nitrogen, carbon and secondary metabolisms) were highly responsive to NH<sub>4</sub><sup>+</sup> stress. These results suggested that a complex physiological and genetic regulatory network in M. aquaticum contributes to its NH<sub>4</sub><sup>+</sup> tolerance.</AbstractText>
            </Abstract>
            <AuthorList CompleteYN="Y">
                <Author ValidYN="Y">
                    <LastName>Wang</LastName>
                    <ForeName>Rui</ForeName>
                    <Initials>R</Initials>
                    <AffiliationInfo>
                        <Affiliation>Key Laboratory of Environmental Biotechnology, Research Center for Eco-Environmental Sciences, Chinese Academy of Sciences, Beijing, 100085, China.</Affiliation>
                    </AffiliationInfo>
                    <AffiliationInfo>
                        <Affiliation>College of Resources and Environment, University of Chinese Academy of Sciences, Beijing, 100049, China.</Affiliation>
                    </AffiliationInfo>
                </Author>
                <Author ValidYN="Y">
                    <LastName>Xu</LastName>
                    <ForeName>Shengjun</ForeName>
                    <Initials>S</Initials>
                    <AffiliationInfo>
                        <Affiliation>Key Laboratory of Environmental Biotechnology, Research Center for Eco-Environmental Sciences, Chinese Academy of Sciences, Beijing, 100085, China.</Affiliation>
                    </AffiliationInfo>
                    <AffiliationInfo>
                        <Affiliation>College of Resources and Environment, University of Chinese Academy of Sciences, Beijing, 100049, China.</Affiliation>
                    </AffiliationInfo>
                </Author>
                <Author ValidYN="Y">
                    <LastName>Sun</LastName>
                    <ForeName>Haishu</ForeName>
                    <Initials>H</Initials>
                    <AffiliationInfo>
                        <Affiliation>Key Laboratory of Environmental Biotechnology, Research Center for Eco-Environmental Sciences, Chinese Academy of Sciences, Beijing, 100085, China.</Affiliation>
                    </AffiliationInfo>
                    <AffiliationInfo>
                        <Affiliation>College of Resources and Environment, University of Chinese Academy of Sciences, Beijing, 100049, China.</Affiliation>
                    </AffiliationInfo>
                </Author>
                <Author ValidYN="Y">
                    <LastName>Feng</LastName>
                    <ForeName>Shugeng</ForeName>
                    <Initials>S</Initials>
                    <AffiliationInfo>
                        <Affiliation>Key Laboratory of Environmental Biotechnology, Research Center for Eco-Environmental Sciences, Chinese Academy of Sciences, Beijing, 100085, China.</Affiliation>
                    </AffiliationInfo>
                    <AffiliationInfo>
                        <Affiliation>College of Resources and Environment, University of Chinese Academy of Sciences, Beijing, 100049, China.</Affiliation>
                    </AffiliationInfo>
                </Author>
                <Author ValidYN="Y">
                    <LastName>Jiang</LastName>
                    <ForeName>Cancan</ForeName>
                    <Initials>C</Initials>
                    <AffiliationInfo>
                        <Affiliation>Key Laboratory of Environmental Biotechnology, Research Center for Eco-Environmental Sciences, Chinese Academy of Sciences, Beijing, 100085, China.</Affiliation>
                    </AffiliationInfo>
                    <AffiliationInfo>
                        <Affiliation>College of Resources and Environment, University of Chinese Academy of Sciences, Beijing, 100049, China.</Affiliation>
                    </AffiliationInfo>
                </Author>
                <Author ValidYN="Y">
                    <LastName>Zhou</LastName>
                    <ForeName>Sining</ForeName>
                    <Initials>S</Initials>
                    <Identifier Source="ORCID">http://orcid.org/0000-0002-9846-8925</Identifier>
                    <AffiliationInfo>
                        <Affiliation>Key Laboratory of Environmental Biotechnology, Research Center for Eco-Environmental Sciences, Chinese Academy of Sciences, Beijing, 100085, China.</Affiliation>
                    </AffiliationInfo>
                    <AffiliationInfo>
                        <Affiliation>College of Resources and Environment, University of Chinese Academy of Sciences, Beijing, 100049, China.</Affiliation>
                    </AffiliationInfo>
                </Author>
                <Author ValidYN="Y">
                    <LastName>Wu</LastName>
                    <ForeName>Shimin</ForeName>
                    <Initials>S</Initials>
                    <AffiliationInfo>
                        <Affiliation>Key Laboratory of Environmental Biotechnology, Research Center for Eco-Environmental Sciences, Chinese Academy of Sciences, Beijing, 100085, China.</Affiliation>
                    </AffiliationInfo>
                    <AffiliationInfo>
                        <Affiliation>College of Resources and Environment, University of Chinese Academy of Sciences, Beijing, 100049, China.</Affiliation>
                    </AffiliationInfo>
                </Author>
                <Author ValidYN="Y">
                    <LastName>Zhuang</LastName>
                    <ForeName>Guoqiang</ForeName>
                    <Initials>G</Initials>
                    <AffiliationInfo>
                        <Affiliation>Key Laboratory of Environmental Biotechnology, Research Center for Eco-Environmental Sciences, Chinese Academy of Sciences, Beijing, 100085, China.</Affiliation>
                    </AffiliationInfo>
                    <AffiliationInfo>
                        <Affiliation>College of Resources and Environment, University of Chinese Academy of Sciences, Beijing, 100049, China.</Affiliation>
                    </AffiliationInfo>
                </Author>
                <Author ValidYN="Y">
                    <LastName>Chen</LastName>
                    <ForeName>Baodong</ForeName>
                    <Initials>B</Initials>
                    <Identifier Source="ORCID">http://orcid.org/0000-0002-1790-7800</Identifier>
                    <AffiliationInfo>
                        <Affiliation>College of Resources and Environment, University of Chinese Academy of Sciences, Beijing, 100049, China.</Affiliation>
                    </AffiliationInfo>
                    <AffiliationInfo>
                        <Affiliation>State Key Laboratory of Urban and Regional Ecology, Research Center for Eco-Environmental Sciences, Chinese Academy of Sciences, Beijing, 100085, China.</Affiliation>
                    </AffiliationInfo>
                </Author>
                <Author ValidYN="Y">
                    <LastName>Bai</LastName>
                    <ForeName>Zhihui</ForeName>
                    <Initials>Z</Initials>
                    <AffiliationInfo>
                        <Affiliation>Key Laboratory of Environmental Biotechnology, Research Center for Eco-Environmental Sciences, Chinese Academy of Sciences, Beijing, 100085, China.</Affiliation>
                    </AffiliationInfo>
                    <AffiliationInfo>
                        <Affiliation>College of Resources and Environment, University of Chinese Academy of Sciences, Beijing, 100049, China.</Affiliation>
                    </AffiliationInfo>
                </Author>
                <Author ValidYN="Y">
                    <LastName>Zhuang</LastName>
                    <ForeName>Xuliang</ForeName>
                    <Initials>X</Initials>
                    <Identifier Source="ORCID">http://orcid.org/0000-0002-3818-527X</Identifier>
                    <AffiliationInfo>
                        <Affiliation>Key Laboratory of Environmental Biotechnology, Research Center for Eco-Environmental Sciences, Chinese Academy of Sciences, Beijing, 100085, China. xlzhuang@rcees.ac.cn.</Affiliation>
                    </AffiliationInfo>
                    <AffiliationInfo>
                        <Affiliation>College of Resources and Environment, University of Chinese Academy of Sciences, Beijing, 100049, China. xlzhuang@rcees.ac.cn.</Affiliation>
                    </AffiliationInfo>
                </Author>
            </AuthorList>
            <Language>eng</Language>
            <GrantList CompleteYN="Y">
                <Grant>
                    <GrantID>Nos. 31670507</GrantID>
                    <Agency>National Natural Science Foundation of China (National Science Foundation of China)</Agency>
                    <Country/>
                </Grant>
                <Grant>
                    <GrantID>Nos. 31700429</GrantID>
                    <Agency>National Natural Science Foundation of China (National Science Foundation of China)</Agency>
                    <Country/>
                </Grant>
                <Grant>
                    <GrantID>Nos. 2015ZX07206-006</GrantID>
                    <Agency>MOHURD | Major Science and Technology Program for Water Pollution Control and Treatment</Agency>
                    <Country/>
                </Grant>
                <Grant>
                    <GrantID>Nos. 2018ZX07105001</GrantID>
                    <Agency>MOHURD | Major Science and Technology Program for Water Pollution Control and Treatment</Agency>
                    <Country/>
                </Grant>
            </GrantList>
            <PublicationTypeList>
                <PublicationType UI="D016428">Journal Article</PublicationType>
            </PublicationTypeList>
            <ArticleDate DateType="Electronic">
                <Year>2019</Year>
                <Month>03</Month>
                <Day>18</Day>
            </ArticleDate>
        </Article>
        <MedlineJournalInfo>
            <Country>England</Country>
            <MedlineTA>Sci Rep</MedlineTA>
            <NlmUniqueID>101563288</NlmUniqueID>
            <ISSNLinking>2045-2322</ISSNLinking>
        </MedlineJournalInfo>
    </MedlineCitation>
    <PubmedData>
        <History>
            <PubMedPubDate PubStatus="received">
                <Year>2018</Year>
                <Month>11</Month>
                <Day>26</Day>
            </PubMedPubDate>
            <PubMedPubDate PubStatus="accepted">
                <Year>2019</Year>
                <Month>02</Month>
                <Day>05</Day>
            </PubMedPubDate>
            <PubMedPubDate PubStatus="entrez">
                <Year>2019</Year>
                <Month>3</Month>
                <Day>20</Day>
                <Hour>6</Hour>
                <Minute>0</Minute>
            </PubMedPubDate>
            <PubMedPubDate PubStatus="pubmed">
                <Year>2019</Year>
                <Month>3</Month>
                <Day>20</Day>
                <Hour>6</Hour>
                <Minute>0</Minute>
            </PubMedPubDate>
            <PubMedPubDate PubStatus="medline">
                <Year>2019</Year>
                <Month>3</Month>
                <Day>20</Day>
                <Hour>6</Hour>
                <Minute>0</Minute>
            </PubMedPubDate>
        </History>
        <PublicationStatus>epublish</PublicationStatus>
        <ArticleIdList>
            <ArticleId IdType="pubmed">30886354</ArticleId>
            <ArticleId IdType="doi">10.1038/s41598-019-41236-8</ArticleId>
            <ArticleId IdType="pii">10.1038/s41598-019-41236-8</ArticleId>
        </ArticleIdList>
    </PubmedData>
</PubmedArticle>


<PubmedArticle>
    <MedlineCitation Status="In-Data-Review" Owner="NLM">
        <PMID Version="1">30886278</PMID>
        <DateRevised>
            <Year>2019</Year>
            <Month>03</Month>
            <Day>19</Day>
        </DateRevised>
        <Article PubModel="Electronic">
            <Journal>
                <ISSN IssnType="Electronic">2045-2322</ISSN>
                <JournalIssue CitedMedium="Internet">
                    <Volume>9</Volume>
                    <Issue>1</Issue>
                    <PubDate>
                        <Year>2019</Year>
                        <Month>Mar</Month>
                        <Day>18</Day>
                    </PubDate>
                </JournalIssue>
                <Title>Scientific reports</Title>
                <ISOAbbreviation>Sci Rep</ISOAbbreviation>
            </Journal>
            <ArticleTitle>Novel Data Transformations for RNA-seq Differential Expression Analysis.</ArticleTitle>
            <Pagination>
                <MedlinePgn>4820</MedlinePgn>
            </Pagination>
            <ELocationID EIdType="doi" ValidYN="Y">10.1038/s41598-019-41315-w</ELocationID>
            <Abstract>
                <AbstractText>We propose eight data transformations (r, r2, rv, rv2, l, l2, lv, and lv2) for RNA-seq data analysis aiming to make the transformed sample mean to be representative of the distribution center since it is not always possible to transform count data to satisfy the normality assumption. Simulation studies showed that for data sets with small (e.g., nCases<U+2009>=<U+2009>nControls<U+2009>=<U+2009>3) or large sample size (e.g., nCases<U+2009>=<U+2009>nControls<U+2009>=<U+2009>100) limma based on data from the l, l2, and r2 transformations performed better than limma based on data from the voom transformation in term of accuracy, FDR, and FNR. For datasets with moderate sample size (e.g., nCases<U+2009>=<U+2009>nControls<U+2009>=<U+2009>30 or 50), limma with the rv and rv2 transformations performed similarly to limma with the voom transformation. Real data analysis results are consistent with simulation analysis results: limma with the r, l, r2, and l2 transformation performed better than limma with the voom transformation when sample sizes are small or large; limma with the rv and rv2 transformations performed similarly to limma with the voom transformation when sample sizes are moderate. We also observed from our data analyses that for datasets with large sample size, the gene-selection via the Wilcoxon rank sum test (a non-parametric two sample test method) based on the raw data outperformed limma based on the transformed data.</AbstractText>
            </Abstract>
            <AuthorList CompleteYN="Y">
                <Author ValidYN="Y">
                    <LastName>Zhang</LastName>
                    <ForeName>Zeyu</ForeName>
                    <Initials>Z</Initials>
                    <AffiliationInfo>
                        <Affiliation>Department of Bioinformatics, School of Life Sciences and Technology, Tongji University, Shanghai, China.</Affiliation>
                    </AffiliationInfo>
                </Author>
                <Author ValidYN="Y">
                    <LastName>Yu</LastName>
                    <ForeName>Danyang</ForeName>
                    <Initials>D</Initials>
                    <AffiliationInfo>
                        <Affiliation>Department of Information and Computing Science, College of Mathematics and Econometrics, Hunan University, Hunan, China.</Affiliation>
                    </AffiliationInfo>
                </Author>
                <Author ValidYN="Y">
                    <LastName>Seo</LastName>
                    <ForeName>Minseok</ForeName>
                    <Initials>M</Initials>
                    <AffiliationInfo>
                        <Affiliation>Channing Division of Network Medicine, Brigham and Women's Hospital/Harvard Medical School, Boston, USA.</Affiliation>
                    </AffiliationInfo>
                </Author>
                <Author ValidYN="Y">
                    <LastName>Hersh</LastName>
                    <ForeName>Craig P</ForeName>
                    <Initials>CP</Initials>
                    <AffiliationInfo>
                        <Affiliation>Channing Division of Network Medicine, Brigham and Women's Hospital/Harvard Medical School, Boston, USA.</Affiliation>
                    </AffiliationInfo>
                </Author>
                <Author ValidYN="Y">
                    <LastName>Weiss</LastName>
                    <ForeName>Scott T</ForeName>
                    <Initials>ST</Initials>
                    <AffiliationInfo>
                        <Affiliation>Channing Division of Network Medicine, Brigham and Women's Hospital/Harvard Medical School, Boston, USA.</Affiliation>
                    </AffiliationInfo>
                </Author>
                <Author ValidYN="Y">
                    <LastName>Qiu</LastName>
                    <ForeName>Weiliang</ForeName>
                    <Initials>W</Initials>
                    <Identifier Source="ORCID">http://orcid.org/0000-0002-9155-6957</Identifier>
                    <AffiliationInfo>
                        <Affiliation>Channing Division of Network Medicine, Brigham and Women's Hospital/Harvard Medical School, Boston, USA. stwxq@channing.harvard.edu.</Affiliation>
                    </AffiliationInfo>
                </Author>
            </AuthorList>
            <Language>eng</Language>
            <PublicationTypeList>
                <PublicationType UI="D016428">Journal Article</PublicationType>
            </PublicationTypeList>
            <ArticleDate DateType="Electronic">
                <Year>2019</Year>
                <Month>03</Month>
                <Day>18</Day>
            </ArticleDate>
        </Article>
        <MedlineJournalInfo>
            <Country>England</Country>
            <MedlineTA>Sci Rep</MedlineTA>
            <NlmUniqueID>101563288</NlmUniqueID>
            <ISSNLinking>2045-2322</ISSNLinking>
        </MedlineJournalInfo>
    </MedlineCitation>
    <PubmedData>
        <History>
            <PubMedPubDate PubStatus="received">
                <Year>2018</Year>
                <Month>10</Month>
                <Day>10</Day>
            </PubMedPubDate>
            <PubMedPubDate PubStatus="accepted">
                <Year>2019</Year>
                <Month>03</Month>
                <Day>06</Day>
            </PubMedPubDate>
            <PubMedPubDate PubStatus="entrez">
                <Year>2019</Year>
                <Month>3</Month>
                <Day>20</Day>
                <Hour>6</Hour>
                <Minute>0</Minute>
            </PubMedPubDate>
            <PubMedPubDate PubStatus="pubmed">
                <Year>2019</Year>
                <Month>3</Month>
                <Day>20</Day>
                <Hour>6</Hour>
                <Minute>0</Minute>
            </PubMedPubDate>
            <PubMedPubDate PubStatus="medline">
                <Year>2019</Year>
                <Month>3</Month>
                <Day>20</Day>
                <Hour>6</Hour>
                <Minute>0</Minute>
            </PubMedPubDate>
        </History>
        <PublicationStatus>epublish</PublicationStatus>
        <ArticleIdList>
            <ArticleId IdType="pubmed">30886278</ArticleId>
            <ArticleId IdType="doi">10.1038/s41598-019-41315-w</ArticleId>
            <ArticleId IdType="pii">10.1038/s41598-019-41315-w</ArticleId>
        </ArticleIdList>
    </PubmedData>
</PubmedArticle>


<PubmedArticle>
    <MedlineCitation Status="Publisher" Owner="NLM">
        <PMID Version="1">30885934</PMID>
        <DateRevised>
            <Year>2019</Year>
            <Month>03</Month>
            <Day>19</Day>
        </DateRevised>
        <Article PubModel="Print-Electronic">
            <Journal>
                <ISSN IssnType="Electronic">1098-5530</ISSN>
                <JournalIssue CitedMedium="Internet">
                    <PubDate>
                        <Year>2019</Year>
                        <Month>Mar</Month>
                        <Day>18</Day>
                    </PubDate>
                </JournalIssue>
                <Title>Journal of bacteriology</Title>
                <ISOAbbreviation>J. Bacteriol.</ISOAbbreviation>
            </Journal>
            <ArticleTitle>Refining the pneumococcal competence regulon by RNA-sequencing.</ArticleTitle>
            <ELocationID EIdType="pii" ValidYN="Y">JB.00780-18</ELocationID>
            <ELocationID EIdType="doi" ValidYN="Y">10.1128/JB.00780-18</ELocationID>
            <Abstract>
                <AbstractText>Competence for genetic transformation allows the opportunistic human pathogen <i>Streptococcus pneumoniae</i> to take up exogenous DNA for incorporation into its own genome. This ability may account for the extraordinary genomic plasticity of this bacterium, leading to antigenic variation, vaccine escape, and the spread of antibiotic resistance. The competence system has been thoroughly studied and its regulation is well-understood. Additionally, over the last decade, several stress factors have been shown to trigger the competent state, leading to the activation of several stress response regulons. The arrival of next-generation sequencing techniques allowed us to update the competence regulon, the latest report of which still depended on DNA microarray technology. Enabled by the availability of an up-to-date genome annotation, including transcript boundaries, we assayed time-dependent expression of all annotated features in response to competence induction, were able to identify the affected promoters and produced a more complete overview of the various regulons activated during competence. We show that 4% of all annotated genes are under direct control of competence regulators ComE and ComX, while the expression of a total of up to 17% of all genes is, either directly or indirectly, affected. Among the affected genes are various small RNAs with an as-yet-unknown function. Besides the ComE and ComX regulons, we were also able to refine the CiaR, VraR (LiaR) and BlpR regulons, underlining the strength of combining RNA-seq with a well-annotated genome.<b>Importance</b><i>Streptococcus pneumoniae</i> is an opportunistic human pathogen responsible for over a million deaths every year. Although both vaccination programs and antibiotic therapy have been effective in prevention and treatment of pneumococcal infections, respectively, the sustainability of these solutions is uncertain. The pneumococcal genome is highly flexible, leading to vaccine escape and antibiotic resistance. This flexibility is predominantly facilitated by competence, a state allowing the cell to take up and integrate exogenous DNA. Thus, it is essential to obtain a detailed overview of gene expression during competence. This is stressed by the fact that several classes of antibiotics can lead to competence. Previous studies on the competence regulon were performed with microarray technology and limited to an incomplete set of known genes. Using RNA-sequencing, combined with an up-to-date genome annotation, we provide an updated overview of competence-regulated genes.</AbstractText>
                <CopyrightInformation>Copyright © 2019 Slager et al.</CopyrightInformation>
            </Abstract>
            <AuthorList CompleteYN="Y">
                <Author ValidYN="Y">
                    <LastName>Slager</LastName>
                    <ForeName>Jelle</ForeName>
                    <Initials>J</Initials>
                    <AffiliationInfo>
                        <Affiliation>Molecular Genetics Group, Groningen Biomolecular Sciences and Biotechnology Institute, Centre for Synthetic Biology, University of Groningen, Nijenborgh 7, 9747 AG Groningen, the Netherlands.</Affiliation>
                    </AffiliationInfo>
                </Author>
                <Author ValidYN="Y">
                    <LastName>Aprianto</LastName>
                    <ForeName>Rieza</ForeName>
                    <Initials>R</Initials>
                    <AffiliationInfo>
                        <Affiliation>Molecular Genetics Group, Groningen Biomolecular Sciences and Biotechnology Institute, Centre for Synthetic Biology, University of Groningen, Nijenborgh 7, 9747 AG Groningen, the Netherlands.</Affiliation>
                    </AffiliationInfo>
                </Author>
                <Author ValidYN="Y">
                    <LastName>Veening</LastName>
                    <ForeName>Jan-Willem</ForeName>
                    <Initials>JW</Initials>
                    <Identifier Source="ORCID">http://orcid.org/0000-0002-3162-6634</Identifier>
                    <AffiliationInfo>
                        <Affiliation>Molecular Genetics Group, Groningen Biomolecular Sciences and Biotechnology Institute, Centre for Synthetic Biology, University of Groningen, Nijenborgh 7, 9747 AG Groningen, the Netherlands.</Affiliation>
                    </AffiliationInfo>
                    <AffiliationInfo>
                        <Affiliation>Department of Fundamental Microbiology, Faculty of Biology and Medicine, University of Lausanne, Biophore Building, CH-1015 Lausanne, Switzerland.</Affiliation>
                    </AffiliationInfo>
                </Author>
            </AuthorList>
            <Language>eng</Language>
            <PublicationTypeList>
                <PublicationType UI="D016428">Journal Article</PublicationType>
            </PublicationTypeList>
            <ArticleDate DateType="Electronic">
                <Year>2019</Year>
                <Month>03</Month>
                <Day>18</Day>
            </ArticleDate>
        </Article>
        <MedlineJournalInfo>
            <Country>United States</Country>
            <MedlineTA>J Bacteriol</MedlineTA>
            <NlmUniqueID>2985120R</NlmUniqueID>
            <ISSNLinking>0021-9193</ISSNLinking>
        </MedlineJournalInfo>
    </MedlineCitation>
    <PubmedData>
        <History>
            <PubMedPubDate PubStatus="entrez">
                <Year>2019</Year>
                <Month>3</Month>
                <Day>20</Day>
                <Hour>6</Hour>
                <Minute>0</Minute>
            </PubMedPubDate>
            <PubMedPubDate PubStatus="pubmed">
                <Year>2019</Year>
                <Month>3</Month>
                <Day>20</Day>
                <Hour>6</Hour>
                <Minute>0</Minute>
            </PubMedPubDate>
            <PubMedPubDate PubStatus="medline">
                <Year>2019</Year>
                <Month>3</Month>
                <Day>20</Day>
                <Hour>6</Hour>
                <Minute>0</Minute>
            </PubMedPubDate>
        </History>
        <PublicationStatus>aheadofprint</PublicationStatus>
        <ArticleIdList>
            <ArticleId IdType="pubmed">30885934</ArticleId>
            <ArticleId IdType="pii">JB.00780-18</ArticleId>
            <ArticleId IdType="doi">10.1128/JB.00780-18</ArticleId>
        </ArticleIdList>
    </PubmedData>
</PubmedArticle>


<PubmedArticle>
    <MedlineCitation Status="Publisher" Owner="NLM">
        <PMID Version="1">30885929</PMID>
        <DateRevised>
            <Year>2019</Year>
            <Month>03</Month>
            <Day>19</Day>
        </DateRevised>
        <Article PubModel="Print-Electronic">
            <Journal>
                <ISSN IssnType="Electronic">1098-5522</ISSN>
                <JournalIssue CitedMedium="Internet">
                    <PubDate>
                        <Year>2019</Year>
                        <Month>Mar</Month>
                        <Day>18</Day>
                    </PubDate>
                </JournalIssue>
                <Title>Infection and immunity</Title>
                <ISOAbbreviation>Infect. Immun.</ISOAbbreviation>
            </Journal>
            <ArticleTitle>Epigenetic changes induced by <i>Bacteroides fragilis</i> toxin (BFT).</ArticleTitle>
            <ELocationID EIdType="pii" ValidYN="Y">IAI.00447-18</ELocationID>
            <ELocationID EIdType="doi" ValidYN="Y">10.1128/IAI.00447-18</ELocationID>
            <Abstract>
                <AbstractText>Enterotoxigenic <i>Bacteroides fragilis</i> (ETBF) is a gram negative, obligate anaerobe member of the gut microbial community in up to 40% of healthy individuals. This bacterium is found more frequently in people with colorectal cancer (CRC) and causes tumor formation in the distal colon of <i>Apc</i><sup>min/+</sup> mice; tumor formation is dependent on ETBF-secreted <i>Bacteroides fragilis</i> toxin (BFT). Because of the extensive data connecting alterations in the epigenome with tumor formation, initial experiments attempting to connect BFT-induced tumor formation with methylation in colon epithelial cells (CECs) have been performed, but the effect of BFT on other epigenetic processes, such as chromatin structure, remains unexplored. Here, the changes in gene expression (RNA-seq) and chromatin accessibility (ATAC-seq) induced by treatment of HT29/C1 cells with BFT for 24 and 48 hours is examined. Our data show that several genes are differentially expressed after BFT treatment and these changes relate to the interaction between bacteria and CECs. Further, sites of increased chromatin accessibility are associated with the location of enhancers in CECs and binding sites of transcription factors in the AP-1/ATF family; they are also enriched for common differentially methylated regions (DMRs) in CRC. These data provide insight into the mechanisms by which BFT induces tumor formation and lay the groundwork for future <i>in vivo</i> studies to explore the impact of BFT on nuclear structure and function.</AbstractText>
                <CopyrightInformation>Copyright © 2019 American Society for Microbiology.</CopyrightInformation>
            </Abstract>
            <AuthorList CompleteYN="Y">
                <Author ValidYN="Y">
                    <LastName>Allen</LastName>
                    <ForeName>Jawara</ForeName>
                    <Initials>J</Initials>
                    <AffiliationInfo>
                        <Affiliation>Department of Medicine, Johns Hopkins University School of Medicine, Baltimore, MD, USA.</Affiliation>
                    </AffiliationInfo>
                </Author>
                <Author ValidYN="Y">
                    <LastName>Hao</LastName>
                    <ForeName>Stephanie</ForeName>
                    <Initials>S</Initials>
                    <AffiliationInfo>
                        <Affiliation>Department of Biomedical Engineering, Johns Hopkins University School of Medicine, Baltimore, MD USA.</Affiliation>
                    </AffiliationInfo>
                </Author>
                <Author ValidYN="Y">
                    <LastName>Sears</LastName>
                    <ForeName>Cynthia L</ForeName>
                    <Initials>CL</Initials>
                    <AffiliationInfo>
                        <Affiliation>Department of Medicine, Johns Hopkins University School of Medicine, Baltimore, MD, USA csears@jhmi.edu wtimp@jhu.edu.</Affiliation>
                    </AffiliationInfo>
                    <AffiliationInfo>
                        <Affiliation>Bloomberg-Kimmel Institute for Immunotherapy and Department of Oncology, Sidney Kimmel Comprehensive Cancer Center, Johns Hopkins Medicine Institutions, Baltimore, MD, USA.</Affiliation>
                    </AffiliationInfo>
                </Author>
                <Author ValidYN="Y">
                    <LastName>Timp</LastName>
                    <ForeName>Winston</ForeName>
                    <Initials>W</Initials>
                    <Identifier Source="ORCID">http://orcid.org/0000-0003-2083-6027</Identifier>
                    <AffiliationInfo>
                        <Affiliation>Department of Biomedical Engineering, Johns Hopkins University School of Medicine, Baltimore, MD USA csears@jhmi.edu wtimp@jhu.edu.</Affiliation>
                    </AffiliationInfo>
                </Author>
            </AuthorList>
            <Language>eng</Language>
            <PublicationTypeList>
                <PublicationType UI="D016428">Journal Article</PublicationType>
            </PublicationTypeList>
            <ArticleDate DateType="Electronic">
                <Year>2019</Year>
                <Month>03</Month>
                <Day>18</Day>
            </ArticleDate>
        </Article>
        <MedlineJournalInfo>
            <Country>United States</Country>
            <MedlineTA>Infect Immun</MedlineTA>
            <NlmUniqueID>0246127</NlmUniqueID>
            <ISSNLinking>0019-9567</ISSNLinking>
        </MedlineJournalInfo>
    </MedlineCitation>
    <PubmedData>
        <History>
            <PubMedPubDate PubStatus="entrez">
                <Year>2019</Year>
                <Month>3</Month>
                <Day>20</Day>
                <Hour>6</Hour>
                <Minute>0</Minute>
            </PubMedPubDate>
            <PubMedPubDate PubStatus="pubmed">
                <Year>2019</Year>
                <Month>3</Month>
                <Day>20</Day>
                <Hour>6</Hour>
                <Minute>0</Minute>
            </PubMedPubDate>
            <PubMedPubDate PubStatus="medline">
                <Year>2019</Year>
                <Month>3</Month>
                <Day>20</Day>
                <Hour>6</Hour>
                <Minute>0</Minute>
            </PubMedPubDate>
        </History>
        <PublicationStatus>aheadofprint</PublicationStatus>
        <ArticleIdList>
            <ArticleId IdType="pubmed">30885929</ArticleId>
            <ArticleId IdType="pii">IAI.00447-18</ArticleId>
            <ArticleId IdType="doi">10.1128/IAI.00447-18</ArticleId>
        </ArticleIdList>
    </PubmedData>
</PubmedArticle>


<PubmedArticle>
    <MedlineCitation Status="Publisher" Owner="NLM">
        <PMID Version="1">30885419</PMID>
        <DateRevised>
            <Year>2019</Year>
            <Month>03</Month>
            <Day>19</Day>
        </DateRevised>
        <Article PubModel="Print-Electronic">
            <Journal>
                <ISSN IssnType="Electronic">1095-9157</ISSN>
                <JournalIssue CitedMedium="Internet">
                    <PubDate>
                        <Year>2019</Year>
                        <Month>Mar</Month>
                        <Day>15</Day>
                    </PubDate>
                </JournalIssue>
                <Title>Journal of autoimmunity</Title>
                <ISOAbbreviation>J. Autoimmun.</ISOAbbreviation>
            </Journal>
            <ArticleTitle>Transcriptomic and proteomic analysis of iris tissue and aqueous humor in juvenile idiopathic arthritis-associated uveitis.</ArticleTitle>
            <ELocationID EIdType="pii" ValidYN="Y">S0896-8411(19)30038-1</ELocationID>
            <ELocationID EIdType="doi" ValidYN="Y">10.1016/j.jaut.2019.03.004</ELocationID>
            <Abstract>
                <AbstractText>Gene and protein expression profiles of iris biopsies, aqueous humor (AqH), and sera in patients with juvenile idiopathic arthritis-associated uveitis (JIAU) in comparison to control patients with primary open-angle glaucoma (POAG) and HLA-B27-positive acute anterior uveitis (AAU) were investigated. Via RNA Sequencing (RNA-Seq) and mass spectrometry-based protein expression analyses 136 genes and 56 proteins could be identified as being significantly differentially expressed (DE) between the JIAU and POAG group. Gene expression of different immunoglobulin (Ig) components as well as of the B cell-associated factors ID3, ID1, and EBF1 was significantly upregulated in the JIAU group as compared to POAG patients. qRT-PCR analysis showed a significantly higher gene expression of the B cell-related genes CD19, CD20, CD27, CD138, and MZB1 in the JIAU group. At the protein level, a significantly higher expression of Ig components in JIAU than in POAG was confirmed. The B cell-associated protein MZB1 showed a higher expression in JIAU patients than in POAG which was confirmed by western blot analysis. Using bead-based immunoassay analysis we were able to detect a significantly higher concentration of the B cell-activating and survival factors BAFF, APRIL, and IL-6 in the AqH of JIAU and AAU patients than in POAG patients. The intraocularly upregulated B cell-specific genes and proteins in iris tissue suggest that B cells participate in the immunopathology of JIAU. The intracameral environment in JIAU may facilitate local effector and survival functions of B cells, leading to disease course typical for anterior uveitis.</AbstractText>
                <CopyrightInformation>Copyright © 2019 Elsevier Ltd. All rights reserved.</CopyrightInformation>
            </Abstract>
            <AuthorList CompleteYN="Y">
                <Author ValidYN="Y">
                    <LastName>Wildsch<U+00FC>tz</LastName>
                    <ForeName>Lena</ForeName>
                    <Initials>L</Initials>
                    <AffiliationInfo>
                        <Affiliation>Department of Ophthalmology and Ophtha-Lab at St. Franziskus-Hospital, M<U+00FC>nster, Germany. Electronic address: lena.wildschuetz@uveitis-zentrum.de.</Affiliation>
                    </AffiliationInfo>
                </Author>
                <Author ValidYN="Y">
                    <LastName>Ackermann</LastName>
                    <ForeName>Doreen</ForeName>
                    <Initials>D</Initials>
                    <AffiliationInfo>
                        <Affiliation>Interdisciplinary Center for Clinical Research, Core Unit Proteomics, University of M<U+00FC>nster, Germany.</Affiliation>
                    </AffiliationInfo>
                </Author>
                <Author ValidYN="Y">
                    <LastName>Witten</LastName>
                    <ForeName>Anika</ForeName>
                    <Initials>A</Initials>
                    <AffiliationInfo>
                        <Affiliation>Core Facility Genomics, University of M<U+00FC>nster, Germany.</Affiliation>
                    </AffiliationInfo>
                </Author>
                <Author ValidYN="Y">
                    <LastName>Kasper</LastName>
                    <ForeName>Maren</ForeName>
                    <Initials>M</Initials>
                    <AffiliationInfo>
                        <Affiliation>Department of Ophthalmology and Ophtha-Lab at St. Franziskus-Hospital, M<U+00FC>nster, Germany.</Affiliation>
                    </AffiliationInfo>
                </Author>
                <Author ValidYN="Y">
                    <LastName>Busch</LastName>
                    <ForeName>Martin</ForeName>
                    <Initials>M</Initials>
                    <AffiliationInfo>
                        <Affiliation>Department of Ophthalmology and Ophtha-Lab at St. Franziskus-Hospital, M<U+00FC>nster, Germany.</Affiliation>
                    </AffiliationInfo>
                </Author>
                <Author ValidYN="Y">
                    <LastName>Glander</LastName>
                    <ForeName>Shirin</ForeName>
                    <Initials>S</Initials>
                    <AffiliationInfo>
                        <Affiliation>Core Facility Genomics, University of M<U+00FC>nster, Germany.</Affiliation>
                    </AffiliationInfo>
                </Author>
                <Author ValidYN="Y">
                    <LastName>Melkonyan</LastName>
                    <ForeName>Harutyun</ForeName>
                    <Initials>H</Initials>
                    <AffiliationInfo>
                        <Affiliation>Institute of Experimental Ophthalmology at University of M<U+00FC>nster, Germany.</Affiliation>
                    </AffiliationInfo>
                </Author>
                <Author ValidYN="Y">
                    <LastName>Walscheid</LastName>
                    <ForeName>Karoline</ForeName>
                    <Initials>K</Initials>
                    <AffiliationInfo>
                        <Affiliation>Department of Ophthalmology and Ophtha-Lab at St. Franziskus-Hospital, M<U+00FC>nster, Germany.</Affiliation>
                    </AffiliationInfo>
                </Author>
                <Author ValidYN="Y">
                    <LastName>Tappeiner</LastName>
                    <ForeName>Christoph</ForeName>
                    <Initials>C</Initials>
                    <AffiliationInfo>
                        <Affiliation>Department of Ophthalmology, Inselspital, University of Bern, Bern, Switzerland.</Affiliation>
                    </AffiliationInfo>
                </Author>
                <Author ValidYN="Y">
                    <LastName>Thanos</LastName>
                    <ForeName>Solon</ForeName>
                    <Initials>S</Initials>
                    <AffiliationInfo>
                        <Affiliation>Institute of Experimental Ophthalmology at University of M<U+00FC>nster, Germany.</Affiliation>
                    </AffiliationInfo>
                </Author>
                <Author ValidYN="Y">
                    <LastName>Barysenka</LastName>
                    <ForeName>Andrei</ForeName>
                    <Initials>A</Initials>
                    <AffiliationInfo>
                        <Affiliation>Core Facility Genomics, University of M<U+00FC>nster, Germany.</Affiliation>
                    </AffiliationInfo>
                </Author>
                <Author ValidYN="Y">
                    <LastName>Koch</LastName>
                    <ForeName>J<U+00F6>rg</ForeName>
                    <Initials>J</Initials>
                    <AffiliationInfo>
                        <Affiliation>Department of Ophthalmology and Ophtha-Lab at St. Franziskus-Hospital, M<U+00FC>nster, Germany.</Affiliation>
                    </AffiliationInfo>
                </Author>
                <Author ValidYN="Y">
                    <LastName>Heinz</LastName>
                    <ForeName>Carsten</ForeName>
                    <Initials>C</Initials>
                    <AffiliationInfo>
                        <Affiliation>Department of Ophthalmology and Ophtha-Lab at St. Franziskus-Hospital, M<U+00FC>nster, Germany; Department of Ophthalmology, University of Duisburg-Essen, Essen, Germany.</Affiliation>
                    </AffiliationInfo>
                </Author>
                <Author ValidYN="Y">
                    <LastName>Laffer</LastName>
                    <ForeName>Bj<U+00F6>rn</ForeName>
                    <Initials>B</Initials>
                    <AffiliationInfo>
                        <Affiliation>Department of Ophthalmology and Ophtha-Lab at St. Franziskus-Hospital, M<U+00FC>nster, Germany; Department of Ophthalmology, University of Duisburg-Essen, Essen, Germany.</Affiliation>
                    </AffiliationInfo>
                </Author>
                <Author ValidYN="Y">
                    <LastName>Bauer</LastName>
                    <ForeName>Dirk</ForeName>
                    <Initials>D</Initials>
                    <AffiliationInfo>
                        <Affiliation>Department of Ophthalmology and Ophtha-Lab at St. Franziskus-Hospital, M<U+00FC>nster, Germany.</Affiliation>
                    </AffiliationInfo>
                </Author>
                <Author ValidYN="Y">
                    <LastName>Stoll</LastName>
                    <ForeName>Monika</ForeName>
                    <Initials>M</Initials>
                    <AffiliationInfo>
                        <Affiliation>Core Facility Genomics, University of M<U+00FC>nster, Germany.</Affiliation>
                    </AffiliationInfo>
                </Author>
                <Author ValidYN="Y">
                    <LastName>K<U+00F6>nig</LastName>
                    <ForeName>Simone</ForeName>
                    <Initials>S</Initials>
                    <AffiliationInfo>
                        <Affiliation>Interdisciplinary Center for Clinical Research, Core Unit Proteomics, University of M<U+00FC>nster, Germany.</Affiliation>
                    </AffiliationInfo>
                </Author>
                <Author ValidYN="Y">
                    <LastName>Heiligenhaus</LastName>
                    <ForeName>Arnd</ForeName>
                    <Initials>A</Initials>
                    <AffiliationInfo>
                        <Affiliation>Department of Ophthalmology and Ophtha-Lab at St. Franziskus-Hospital, M<U+00FC>nster, Germany; Department of Ophthalmology, University of Duisburg-Essen, Essen, Germany.</Affiliation>
                    </AffiliationInfo>
                </Author>
            </AuthorList>
            <Language>eng</Language>
            <PublicationTypeList>
                <PublicationType UI="D016428">Journal Article</PublicationType>
            </PublicationTypeList>
            <ArticleDate DateType="Electronic">
                <Year>2019</Year>
                <Month>03</Month>
                <Day>15</Day>
            </ArticleDate>
        </Article>
        <MedlineJournalInfo>
            <Country>England</Country>
            <MedlineTA>J Autoimmun</MedlineTA>
            <NlmUniqueID>8812164</NlmUniqueID>
            <ISSNLinking>0896-8411</ISSNLinking>
        </MedlineJournalInfo>
        <KeywordList Owner="NOTNLM">
            <Keyword MajorTopicYN="N">B cells</Keyword>
            <Keyword MajorTopicYN="N">Cytokines</Keyword>
            <Keyword MajorTopicYN="N">HLA-B27</Keyword>
            <Keyword MajorTopicYN="N">Juvenile idiopathic arthritis</Keyword>
            <Keyword MajorTopicYN="N">Plasma cell niche</Keyword>
            <Keyword MajorTopicYN="N">Uveitis</Keyword>
        </KeywordList>
    </MedlineCitation>
    <PubmedData>
        <History>
            <PubMedPubDate PubStatus="received">
                <Year>2019</Year>
                <Month>01</Month>
                <Day>23</Day>
            </PubMedPubDate>
            <PubMedPubDate PubStatus="revised">
                <Year>2019</Year>
                <Month>03</Month>
                <Day>04</Day>
            </PubMedPubDate>
            <PubMedPubDate PubStatus="accepted">
                <Year>2019</Year>
                <Month>03</Month>
                <Day>04</Day>
            </PubMedPubDate>
            <PubMedPubDate PubStatus="entrez">
                <Year>2019</Year>
                <Month>3</Month>
                <Day>20</Day>
                <Hour>6</Hour>
                <Minute>0</Minute>
            </PubMedPubDate>
            <PubMedPubDate PubStatus="pubmed">
                <Year>2019</Year>
                <Month>3</Month>
                <Day>20</Day>
                <Hour>6</Hour>
                <Minute>0</Minute>
            </PubMedPubDate>
            <PubMedPubDate PubStatus="medline">
                <Year>2019</Year>
                <Month>3</Month>
                <Day>20</Day>
                <Hour>6</Hour>
                <Minute>0</Minute>
            </PubMedPubDate>
        </History>
        <PublicationStatus>aheadofprint</PublicationStatus>
        <ArticleIdList>
            <ArticleId IdType="pubmed">30885419</ArticleId>
            <ArticleId IdType="pii">S0896-8411(19)30038-1</ArticleId>
            <ArticleId IdType="doi">10.1016/j.jaut.2019.03.004</ArticleId>
        </ArticleIdList>
    </PubmedData>
</PubmedArticle>


<PubmedArticle>
    <MedlineCitation Status="In-Data-Review" Owner="NLM">
        <PMID Version="1">30885266</PMID>
        <DateRevised>
            <Year>2019</Year>
            <Month>03</Month>
            <Day>19</Day>
        </DateRevised>
        <Article PubModel="Electronic">
            <Journal>
                <ISSN IssnType="Electronic">2049-2618</ISSN>
                <JournalIssue CitedMedium="Internet">
                    <Volume>7</Volume>
                    <Issue>1</Issue>
                    <PubDate>
                        <Year>2019</Year>
                        <Month>Mar</Month>
                        <Day>18</Day>
                    </PubDate>
                </JournalIssue>
                <Title>Microbiome</Title>
                <ISOAbbreviation>Microbiome</ISOAbbreviation>
            </Journal>
            <ArticleTitle>Fecal metatranscriptomics of macaques with idiopathic chronic diarrhea reveals altered mucin degradation and fucose utilization.</ArticleTitle>
            <Pagination>
                <MedlinePgn>41</MedlinePgn>
            </Pagination>
            <ELocationID EIdType="doi" ValidYN="Y">10.1186/s40168-019-0664-z</ELocationID>
            <Abstract>
                <AbstractText Label="BACKGROUND" NlmCategory="BACKGROUND">Idiopathic chronic diarrhea (ICD) is a common cause of morbidity and mortality among juvenile rhesus macaques. Characterized by chronic inflammation of the colon and repeated bouts of diarrhea, ICD is largely unresponsive to medical interventions, including corticosteroid, antiparasitic, and antibiotic treatments. Although ICD is accompanied by large disruptions in the composition of the commensal gut microbiome, no single pathogen has been concretely identified as responsible for the onset and continuation of the disease.</AbstractText>
                <AbstractText Label="RESULTS" NlmCategory="RESULTS">Fecal samples were collected from 12 ICD-diagnosed macaques and 12 age- and sex-matched controls. RNA was extracted for metatranscriptomic analysis of organisms and functional annotations associated with the gut microbiome. Bacterial, fungal, archaeal, protozoan, and macaque (host) transcripts were simultaneously assessed. ICD-afflicted animals were characterized by increased expression of host-derived genes involved in inflammation and increased transcripts from bacterial pathogens such as Campylobacter and Helicobacter and the protozoan Trichomonas. Transcripts associated with known mucin-degrading organisms and mucin-degrading enzymes were elevated in the fecal microbiomes of ICD-afflicted animals. Assessment of colon sections using immunohistochemistry and of the host transcriptome suggests differential fucosylation of mucins between control and ICD-afflicted animals. Interrogation of the metatranscriptome for fucose utilization genes reveals possible mechanisms by which opportunists persist in ICD. Bacteroides sp. potentially cross-fed fucose to Haemophilus whereas Campylobacter expressed a mucosa-associated transcriptome with increased expression of adherence genes.</AbstractText>
                <AbstractText Label="CONCLUSIONS" NlmCategory="CONCLUSIONS">The simultaneous profiling of bacterial, fungal, archaeal, protozoan, and macaque transcripts from stool samples reveals that ICD of rhesus macaques is associated with increased gene expression by pathogens, increased mucin degradation, and altered fucose utilization. The data suggest that the ICD-afflicted host produces fucosylated mucins that are leveraged by potentially pathogenic microbes as a carbon source or as adhesion sites.</AbstractText>
            </Abstract>
            <AuthorList CompleteYN="Y">
                <Author ValidYN="Y">
                    <LastName>Westreich</LastName>
                    <ForeName>Samuel T</ForeName>
                    <Initials>ST</Initials>
                    <AffiliationInfo>
                        <Affiliation>Genome Center, University of California, Davis, California, USA.</Affiliation>
                    </AffiliationInfo>
                </Author>
                <Author ValidYN="Y">
                    <LastName>Ardeshir</LastName>
                    <ForeName>Amir</ForeName>
                    <Initials>A</Initials>
                    <AffiliationInfo>
                        <Affiliation>California National Primate Research Center, University of California, Davis, California, USA.</Affiliation>
                    </AffiliationInfo>
                </Author>
                <Author ValidYN="Y">
                    <LastName>Alkan</LastName>
                    <ForeName>Zeynep</ForeName>
                    <Initials>Z</Initials>
                    <AffiliationInfo>
                        <Affiliation>USDA ARS Western Human Nutrition Research Center, Davis, California, USA.</Affiliation>
                    </AffiliationInfo>
                </Author>
                <Author ValidYN="Y">
                    <LastName>Kable</LastName>
                    <ForeName>Mary E</ForeName>
                    <Initials>ME</Initials>
                    <AffiliationInfo>
                        <Affiliation>USDA ARS Western Human Nutrition Research Center, Davis, California, USA.</Affiliation>
                    </AffiliationInfo>
                    <AffiliationInfo>
                        <Affiliation>Department of Nutrition, University of California, Davis, California, USA.</Affiliation>
                    </AffiliationInfo>
                </Author>
                <Author ValidYN="Y">
                    <LastName>Korf</LastName>
                    <ForeName>Ian</ForeName>
                    <Initials>I</Initials>
                    <AffiliationInfo>
                        <Affiliation>Genome Center, University of California, Davis, California, USA.</Affiliation>
                    </AffiliationInfo>
                </Author>
                <Author ValidYN="Y">
                    <LastName>Lemay</LastName>
                    <ForeName>Danielle G</ForeName>
                    <Initials>DG</Initials>
                    <Identifier Source="ORCID">http://orcid.org/0000-0003-3318-0485</Identifier>
                    <AffiliationInfo>
                        <Affiliation>Genome Center, University of California, Davis, California, USA. danielle.lemay@ars.usda.gov.</Affiliation>
                    </AffiliationInfo>
                    <AffiliationInfo>
                        <Affiliation>USDA ARS Western Human Nutrition Research Center, Davis, California, USA. danielle.lemay@ars.usda.gov.</Affiliation>
                    </AffiliationInfo>
                    <AffiliationInfo>
                        <Affiliation>Department of Nutrition, University of California, Davis, California, USA. danielle.lemay@ars.usda.gov.</Affiliation>
                    </AffiliationInfo>
                </Author>
            </AuthorList>
            <Language>eng</Language>
            <GrantList CompleteYN="Y">
                <Grant>
                    <GrantID>UC Davis Signature Research in Genomics Award</GrantID>
                    <Agency>University of California, Davis</Agency>
                    <Country/>
                </Grant>
                <Grant>
                    <GrantID>UC Davis Signature Research in Genomics Award</GrantID>
                    <Agency>University of California, Davis</Agency>
                    <Country/>
                </Grant>
                <Grant>
                    <GrantID>P51OD011107-56</GrantID>
                    <Agency>National Institutes of Health (US)</Agency>
                    <Country/>
                </Grant>
                <Grant>
                    <GrantID>2032-53000-001-00-D</GrantID>
                    <Agency>U.S. Department of Agriculture</Agency>
                    <Country/>
                </Grant>
                <Grant>
                    <GrantID>2032-53000-001-00-D</GrantID>
                    <Agency>U.S. Department of Agriculture</Agency>
                    <Country/>
                </Grant>
                <Grant>
                    <GrantID>UC Davis Signature Research in Genomics Award</GrantID>
                    <Agency>University of California Davis</Agency>
                    <Country/>
                </Grant>
            </GrantList>
            <PublicationTypeList>
                <PublicationType UI="D016428">Journal Article</PublicationType>
            </PublicationTypeList>
            <ArticleDate DateType="Electronic">
                <Year>2019</Year>
                <Month>03</Month>
                <Day>18</Day>
            </ArticleDate>
        </Article>
        <MedlineJournalInfo>
            <Country>England</Country>
            <MedlineTA>Microbiome</MedlineTA>
            <NlmUniqueID>101615147</NlmUniqueID>
            <ISSNLinking>2049-2618</ISSNLinking>
        </MedlineJournalInfo>
        <KeywordList Owner="NOTNLM">
            <Keyword MajorTopicYN="N">Colitis</Keyword>
            <Keyword MajorTopicYN="N">Diarrhea</Keyword>
            <Keyword MajorTopicYN="N">Dysbiosis</Keyword>
            <Keyword MajorTopicYN="N">Fecal microbiome</Keyword>
            <Keyword MajorTopicYN="N">Gastrointestinal</Keyword>
            <Keyword MajorTopicYN="N">Gut microbiome</Keyword>
            <Keyword MajorTopicYN="N">ICD</Keyword>
            <Keyword MajorTopicYN="N">Inflammation</Keyword>
            <Keyword MajorTopicYN="N">Macaque</Keyword>
            <Keyword MajorTopicYN="N">Metatranscriptome</Keyword>
            <Keyword MajorTopicYN="N">Metatranscriptomics</Keyword>
            <Keyword MajorTopicYN="N">Microbiome</Keyword>
            <Keyword MajorTopicYN="N">Mucin</Keyword>
            <Keyword MajorTopicYN="N">Mucosal immunity</Keyword>
            <Keyword MajorTopicYN="N">Pathology</Keyword>
            <Keyword MajorTopicYN="N">RNA-seq</Keyword>
        </KeywordList>
    </MedlineCitation>
    <PubmedData>
        <History>
            <PubMedPubDate PubStatus="received">
                <Year>2018</Year>
                <Month>12</Month>
                <Day>21</Day>
            </PubMedPubDate>
            <PubMedPubDate PubStatus="accepted">
                <Year>2019</Year>
                <Month>03</Month>
                <Day>11</Day>
            </PubMedPubDate>
            <PubMedPubDate PubStatus="entrez">
                <Year>2019</Year>
                <Month>3</Month>
                <Day>20</Day>
                <Hour>6</Hour>
                <Minute>0</Minute>
            </PubMedPubDate>
            <PubMedPubDate PubStatus="pubmed">
                <Year>2019</Year>
                <Month>3</Month>
                <Day>20</Day>
                <Hour>6</Hour>
                <Minute>0</Minute>
            </PubMedPubDate>
            <PubMedPubDate PubStatus="medline">
                <Year>2019</Year>
                <Month>3</Month>
                <Day>20</Day>
                <Hour>6</Hour>
                <Minute>0</Minute>
            </PubMedPubDate>
        </History>
        <PublicationStatus>epublish</PublicationStatus>
        <ArticleIdList>
            <ArticleId IdType="pubmed">30885266</ArticleId>
            <ArticleId IdType="doi">10.1186/s40168-019-0664-z</ArticleId>
            <ArticleId IdType="pii">10.1186/s40168-019-0664-z</ArticleId>
        </ArticleIdList>
    </PubmedData>
</PubmedArticle>


<PubmedArticle>
    <MedlineCitation Status="In-Process" Owner="NLM">
        <PMID Version="1">30885116</PMID>
        <DateRevised>
            <Year>2019</Year>
            <Month>03</Month>
            <Day>19</Day>
        </DateRevised>
        <Article PubModel="Electronic">
            <Journal>
                <ISSN IssnType="Electronic">1471-2164</ISSN>
                <JournalIssue CitedMedium="Internet">
                    <Volume>20</Volume>
                    <Issue>1</Issue>
                    <PubDate>
                        <Year>2019</Year>
                        <Month>Mar</Month>
                        <Day>18</Day>
                    </PubDate>
                </JournalIssue>
                <Title>BMC genomics</Title>
                <ISOAbbreviation>BMC Genomics</ISOAbbreviation>
            </Journal>
            <ArticleTitle>Identification and characterization of aquaporin genes in Arachis duranensis and Arachis ipaensis genomes, the diploid progenitors of peanut.</ArticleTitle>
            <Pagination>
                <MedlinePgn>222</MedlinePgn>
            </Pagination>
            <ELocationID EIdType="doi" ValidYN="Y">10.1186/s12864-019-5606-4</ELocationID>
            <Abstract>
                <AbstractText Label="BACKGROUND" NlmCategory="BACKGROUND">Aquaporins (AQPs) facilitate transport of water and small solutes across cell membranes and play an important role in different physiological processes in plants. Despite their importance, limited data is available about AQP distribution and function in the economically important oilseed crop peanut, Arachis hypogea (AABB). The present study reports the identification and structural and expression analysis of the AQPs found in the diploid progenitor genomes of A. hypogea i.e. Arachis duranensis (AA) and Arachis ipaensis (BB).</AbstractText>
                <AbstractText Label="RESULTS" NlmCategory="RESULTS">Genome-wide analysis revealed the presence of 32 and 36 AQPs in A. duranensis and A. ipaensis, respectively. Phylogenetic analysis showed similar numbers of AQPs clustered in five distinct subfamilies including the plasma membrane intrinsic proteins (PIPs), the tonoplast intrinsic proteins (TIPs), the nodulin 26-like intrinsic proteins (NIPs), the small basic intrinsic proteins (SIPs), and the uncharacterized intrinsic proteins (XIPs). A notable exception was the XIP subfamily where XIP1 group was observed only in A. ipaensis genome. Protein structure evaluation showed a hydrophilic aromatic/arginine (ar/R) selectivity filter (SF) in PIPs whereas other subfamilies mostly contained a hydrophobic ar/R SF. Both genomes contained one NIP2 with a GSGR SF indicating a conserved ability within the genus to uptake silicon. Analysis of RNA-seq data from A. hypogea revealed a similar expression pattern for the different AQP paralogs of AA and BB genomes. The TIP3s showed seed-specific expression while the NIP1s' expression was confined to roots and root nodules.</AbstractText>
                <AbstractText Label="CONCLUSIONS" NlmCategory="CONCLUSIONS">The identification and the phylogenetic analysis of AQPs in both Arachis species revealed the presence of all five sub-families of AQPs. Within the NIP subfamily, the presence of a NIP2 in both genomes supports a conserved ability to absorb Si within plants of the genus. The global expression profile of AQPs in A. hypogea revealed a similar pattern of AQP expression regardless of the subfamilies or the genomes. The tissue-specific expression of AQPs suggests an important role in the development and function of the respective organs. The AQPs identified in the present study will serve as a resource for further characterization and possible exploitation of AQPs to understand their physiological role in A. hypogea.</AbstractText>
            </Abstract>
            <AuthorList CompleteYN="Y">
                <Author ValidYN="Y">
                    <LastName>Shivaraj</LastName>
                    <ForeName>S M</ForeName>
                    <Initials>SM</Initials>
                    <AffiliationInfo>
                        <Affiliation>D<U+00E9>partement de phytologie-Facult<U+00E9> des Sciences de l'agriculture et de l'alimentation, Universit<U+00E9> Laval, 2425 rue de l'Agriculture, Qu<U+00E9>bec City, QC, G1V 0A6, Canada.</Affiliation>
                    </AffiliationInfo>
                </Author>
                <Author ValidYN="Y">
                    <LastName>Deshmukh</LastName>
                    <ForeName>Rupesh</ForeName>
                    <Initials>R</Initials>
                    <AffiliationInfo>
                        <Affiliation>National Agri-Food Biotechnology Institute (NABI), Mohali, India.</Affiliation>
                    </AffiliationInfo>
                </Author>
                <Author ValidYN="Y">
                    <LastName>Sonah</LastName>
                    <ForeName>Humira</ForeName>
                    <Initials>H</Initials>
                    <AffiliationInfo>
                        <Affiliation>National Agri-Food Biotechnology Institute (NABI), Mohali, India.</Affiliation>
                    </AffiliationInfo>
                </Author>
                <Author ValidYN="Y">
                    <LastName>B<U+00E9>langer</LastName>
                    <ForeName>Richard R</ForeName>
                    <Initials>RR</Initials>
                    <AffiliationInfo>
                        <Affiliation>D<U+00E9>partement de phytologie-Facult<U+00E9> des Sciences de l'agriculture et de l'alimentation, Universit<U+00E9> Laval, 2425 rue de l'Agriculture, Qu<U+00E9>bec City, QC, G1V 0A6, Canada. richard.belanger@fsaa.ulaval.ca.</Affiliation>
                    </AffiliationInfo>
                </Author>
            </AuthorList>
            <Language>eng</Language>
            <PublicationTypeList>
                <PublicationType UI="D016428">Journal Article</PublicationType>
            </PublicationTypeList>
            <ArticleDate DateType="Electronic">
                <Year>2019</Year>
                <Month>03</Month>
                <Day>18</Day>
            </ArticleDate>
        </Article>
        <MedlineJournalInfo>
            <Country>England</Country>
            <MedlineTA>BMC Genomics</MedlineTA>
            <NlmUniqueID>100965258</NlmUniqueID>
            <ISSNLinking>1471-2164</ISSNLinking>
        </MedlineJournalInfo>
        <KeywordList Owner="NOTNLM">
            <Keyword MajorTopicYN="N">Aquaporin</Keyword>
            <Keyword MajorTopicYN="N">Arachis hypogea</Keyword>
            <Keyword MajorTopicYN="N">Comparative genomics</Keyword>
            <Keyword MajorTopicYN="N">Solute transport</Keyword>
        </KeywordList>
    </MedlineCitation>
    <PubmedData>
        <History>
            <PubMedPubDate PubStatus="received">
                <Year>2018</Year>
                <Month>11</Month>
                <Day>30</Day>
            </PubMedPubDate>
            <PubMedPubDate PubStatus="accepted">
                <Year>2019</Year>
                <Month>03</Month>
                <Day>13</Day>
            </PubMedPubDate>
            <PubMedPubDate PubStatus="entrez">
                <Year>2019</Year>
                <Month>3</Month>
                <Day>20</Day>
                <Hour>6</Hour>
                <Minute>0</Minute>
            </PubMedPubDate>
            <PubMedPubDate PubStatus="pubmed">
                <Year>2019</Year>
                <Month>3</Month>
                <Day>20</Day>
                <Hour>6</Hour>
                <Minute>0</Minute>
            </PubMedPubDate>
            <PubMedPubDate PubStatus="medline">
                <Year>2019</Year>
                <Month>3</Month>
                <Day>20</Day>
                <Hour>6</Hour>
                <Minute>0</Minute>
            </PubMedPubDate>
        </History>
        <PublicationStatus>epublish</PublicationStatus>
        <ArticleIdList>
            <ArticleId IdType="pubmed">30885116</ArticleId>
            <ArticleId IdType="doi">10.1186/s12864-019-5606-4</ArticleId>
            <ArticleId IdType="pii">10.1186/s12864-019-5606-4</ArticleId>
        </ArticleIdList>
    </PubmedData>
</PubmedArticle>


<PubmedArticle>
    <MedlineCitation Status="Publisher" Owner="NLM">
        <PMID Version="1">30884970</PMID>
        <DateRevised>
            <Year>2019</Year>
            <Month>03</Month>
            <Day>19</Day>
        </DateRevised>
        <Article PubModel="Print-Electronic">
            <Journal>
                <ISSN IssnType="Electronic">1029-2454</ISSN>
                <JournalIssue CitedMedium="Internet">
                    <PubDate>
                        <Year>2019</Year>
                        <Month>Mar</Month>
                        <Day>18</Day>
                    </PubDate>
                </JournalIssue>
                <Title>Biofouling</Title>
                <ISOAbbreviation>Biofouling</ISOAbbreviation>
            </Journal>
            <ArticleTitle>Molecular regulation of adhesion and biofilm formation in high and low biofilm producers of Bacillus licheniformis using RNA-Seq.</ArticleTitle>
            <Pagination>
                <MedlinePgn>1-16</MedlinePgn>
            </Pagination>
            <ELocationID EIdType="doi" ValidYN="Y">10.1080/08927014.2019.1575960</ELocationID>
            <Abstract>
                <AbstractText>RNA sequencing was used to reveal transcriptional changes during the motile-to-sessile switch in high and low biofilm-forming dairy strains of B. licheniformis isolated from Chinese milk powders. A significant part of the whole gene content was affected during this transition in both strains. In terms of the Kyoto Encyclopedia of Genes and Genomes (KEGG) database, seven metabolic pathways were significantly downregulated in the planktonic state compared to the biofilm state in both strains. Lipid and sugar metabolism seemed to play an important role in matrix production. Several genes involved in adhesion, matrix production and the matrix coating were either absent or less expressed in the biofilm state of the low biofilm producer compared to the high biofilm producer. Genes related to sporulation and the production of extracellular polymeric substances were concomitantly expressed in the biofilm state of both strains. These comprehensive insights will be helpful for future research into mechanisms and targets.</AbstractText>
            </Abstract>
            <AuthorList CompleteYN="Y">
                <Author ValidYN="Y">
                    <LastName>Sadiq</LastName>
                    <ForeName>Faizan Ahmed</ForeName>
                    <Initials>FA</Initials>
                    <AffiliationInfo>
                        <Affiliation>a School of Food Science and Technology , Jiangnan University , Wuxi , PR China.</Affiliation>
                    </AffiliationInfo>
                    <AffiliationInfo>
                        <Affiliation>b College of Biosystems Engineering and Food Science , Zhejiang University , Hangzhou , PR China.</Affiliation>
                    </AffiliationInfo>
                </Author>
                <Author ValidYN="Y">
                    <LastName>Flint</LastName>
                    <ForeName>Steve</ForeName>
                    <Initials>S</Initials>
                    <AffiliationInfo>
                        <Affiliation>c School of Food and Nutrition , Massey University , Private Bag 11 222 , Palmerston North , New Zealand.</Affiliation>
                    </AffiliationInfo>
                </Author>
                <Author ValidYN="Y">
                    <LastName>Sakandar</LastName>
                    <ForeName>Hafiz Arbab</ForeName>
                    <Initials>HA</Initials>
                    <AffiliationInfo>
                        <Affiliation>a School of Food Science and Technology , Jiangnan University , Wuxi , PR China.</Affiliation>
                    </AffiliationInfo>
                    <AffiliationInfo>
                        <Affiliation>d Faculty of Biological Sciences , Quaid-i-Azam University , Islamabad , Pakistan.</Affiliation>
                    </AffiliationInfo>
                </Author>
                <Author ValidYN="Y">
                    <LastName>He</LastName>
                    <ForeName>GuoQing</ForeName>
                    <Initials>G</Initials>
                    <AffiliationInfo>
                        <Affiliation>b College of Biosystems Engineering and Food Science , Zhejiang University , Hangzhou , PR China.</Affiliation>
                    </AffiliationInfo>
                </Author>
            </AuthorList>
            <Language>eng</Language>
            <PublicationTypeList>
                <PublicationType UI="D016428">Journal Article</PublicationType>
            </PublicationTypeList>
            <ArticleDate DateType="Electronic">
                <Year>2019</Year>
                <Month>03</Month>
                <Day>18</Day>
            </ArticleDate>
        </Article>
        <MedlineJournalInfo>
            <Country>England</Country>
            <MedlineTA>Biofouling</MedlineTA>
            <NlmUniqueID>9200331</NlmUniqueID>
            <ISSNLinking>0892-7014</ISSNLinking>
        </MedlineJournalInfo>
        <KeywordList Owner="NOTNLM">
            <Keyword MajorTopicYN="N"/>
            <Keyword MajorTopicYN="N">Transcriptome</Keyword>
            <Keyword MajorTopicYN="N">adhesion</Keyword>
            <Keyword MajorTopicYN="N">biofilms</Keyword>
            <Keyword MajorTopicYN="N">motile-to-sessile switch</Keyword>
        </KeywordList>
    </MedlineCitation>
    <PubmedData>
        <History>
            <PubMedPubDate PubStatus="entrez">
                <Year>2019</Year>
                <Month>3</Month>
                <Day>20</Day>
                <Hour>6</Hour>
                <Minute>0</Minute>
            </PubMedPubDate>
            <PubMedPubDate PubStatus="pubmed">
                <Year>2019</Year>
                <Month>3</Month>
                <Day>20</Day>
                <Hour>6</Hour>
                <Minute>0</Minute>
            </PubMedPubDate>
            <PubMedPubDate PubStatus="medline">
                <Year>2019</Year>
                <Month>3</Month>
                <Day>20</Day>
                <Hour>6</Hour>
                <Minute>0</Minute>
            </PubMedPubDate>
        </History>
        <PublicationStatus>aheadofprint</PublicationStatus>
        <ArticleIdList>
            <ArticleId IdType="pubmed">30884970</ArticleId>
            <ArticleId IdType="doi">10.1080/08927014.2019.1575960</ArticleId>
        </ArticleIdList>
    </PubmedData>
</PubmedArticle>


<PubmedArticle>
    <MedlineCitation Status="In-Process" Owner="NLM">
        <PMID Version="1">30884842</PMID>
        <DateRevised>
            <Year>2019</Year>
            <Month>03</Month>
            <Day>19</Day>
        </DateRevised>
        <Article PubModel="Electronic">
            <Journal>
                <ISSN IssnType="Electronic">1422-0067</ISSN>
                <JournalIssue CitedMedium="Internet">
                    <Volume>20</Volume>
                    <Issue>6</Issue>
                    <PubDate>
                        <Year>2019</Year>
                        <Month>Mar</Month>
                        <Day>16</Day>
                    </PubDate>
                </JournalIssue>
                <Title>International journal of molecular sciences</Title>
                <ISOAbbreviation>Int J Mol Sci</ISOAbbreviation>
            </Journal>
            <ArticleTitle>Transcriptome Profile of the Variegated <i>Ficus microcarpa</i> c.v. Milky Stripe Fig Leaf.</ArticleTitle>
            <ELocationID EIdType="pii" ValidYN="Y">E1338</ELocationID>
            <ELocationID EIdType="doi" ValidYN="Y">10.3390/ijms20061338</ELocationID>
            <Abstract>
                <AbstractText>Photosynthetic properties and transcriptomic profiles of green and white sectors of <i>Ficus microcarpa</i> (c.v. milky stripe fig) leaves were examined in naturally variegated plants. An anatomic analysis indicated that chloroplasts of the white sectors contained a higher abundance of starch granules and lacked stacked thylakoids. Moreover, no photosynthetic rate was detected in the white sectors. Transcriptome profile and differential expressed gene (DEG) analysis showed that genes encoding PSII core proteins were down-regulated in the white sectors. In genes related to chlorophyll metabolism, no DEGs were identified in the biosynthesis pathway of chlorophyll. However, genes encoding the first step of chlorophyll breakdown were up-regulated. The repression of genes involved in N-assimilation suggests that the white sectors were deprived of N. The mutation in the transcription factor mitochondrial transcription termination factor (mTERF) suggests that it induces colorlessness in leaves of the milky stripe fig.</AbstractText>
            </Abstract>
            <AuthorList CompleteYN="Y">
                <Author ValidYN="Y">
                    <LastName>Shih</LastName>
                    <ForeName>Tin-Han</ForeName>
                    <Initials>TH</Initials>
                    <AffiliationInfo>
                        <Affiliation>Biodiversity Research Center, Academia Sinica, Nangang, Taipei 11529, Taiwan. damnos@gate.sinica.edu.tw.</Affiliation>
                    </AffiliationInfo>
                </Author>
                <Author ValidYN="Y">
                    <LastName>Lin</LastName>
                    <ForeName>Szu-Hsien</ForeName>
                    <Initials>SH</Initials>
                    <AffiliationInfo>
                        <Affiliation>Biodiversity Research Center, Academia Sinica, Nangang, Taipei 11529, Taiwan. su043@gate.sinica.edu.tw.</Affiliation>
                    </AffiliationInfo>
                </Author>
                <Author ValidYN="Y">
                    <LastName>Huang</LastName>
                    <ForeName>Meng-Yuan</ForeName>
                    <Initials>MY</Initials>
                    <AffiliationInfo>
                        <Affiliation>Department of Horticulture and Biotechnology, Chinese Culture University, Shilin, Taipei 111, Taiwan. HMY6@ulive.pccu.edu.tw.</Affiliation>
                    </AffiliationInfo>
                </Author>
                <Author ValidYN="Y">
                    <LastName>Huang</LastName>
                    <ForeName>Wen-Dar</ForeName>
                    <Initials>WD</Initials>
                    <AffiliationInfo>
                        <Affiliation>Department of Agronomy, National Taiwan University, Daan, Taipei 101, Taiwan. wendar@ntu.edu.tw.</Affiliation>
                    </AffiliationInfo>
                </Author>
                <Author ValidYN="Y">
                    <LastName>Yang</LastName>
                    <ForeName>Chi-Ming</ForeName>
                    <Initials>CM</Initials>
                    <AffiliationInfo>
                        <Affiliation>Biodiversity Research Center, Academia Sinica, Nangang, Taipei 11529, Taiwan. cmyang@gate.sinica.edu.tw.</Affiliation>
                    </AffiliationInfo>
                </Author>
            </AuthorList>
            <Language>eng</Language>
            <PublicationTypeList>
                <PublicationType UI="D016428">Journal Article</PublicationType>
            </PublicationTypeList>
            <ArticleDate DateType="Electronic">
                <Year>2019</Year>
                <Month>03</Month>
                <Day>16</Day>
            </ArticleDate>
        </Article>
        <MedlineJournalInfo>
            <Country>Switzerland</Country>
            <MedlineTA>Int J Mol Sci</MedlineTA>
            <NlmUniqueID>101092791</NlmUniqueID>
            <ISSNLinking>1422-0067</ISSNLinking>
        </MedlineJournalInfo>
        <KeywordList Owner="NOTNLM">
            <Keyword MajorTopicYN="N">Ficus microcarpa</Keyword>
            <Keyword MajorTopicYN="N">RNA-seq</Keyword>
            <Keyword MajorTopicYN="N">chlorophyllase</Keyword>
            <Keyword MajorTopicYN="N">de novo assembly</Keyword>
            <Keyword MajorTopicYN="N">photosynthesis</Keyword>
            <Keyword MajorTopicYN="N">transcriptome</Keyword>
            <Keyword MajorTopicYN="N">variegated</Keyword>
        </KeywordList>
    </MedlineCitation>
    <PubmedData>
        <History>
            <PubMedPubDate PubStatus="received">
                <Year>2018</Year>
                <Month>12</Month>
                <Day>03</Day>
            </PubMedPubDate>
            <PubMedPubDate PubStatus="revised">
                <Year>2019</Year>
                <Month>03</Month>
                <Day>08</Day>
            </PubMedPubDate>
            <PubMedPubDate PubStatus="accepted">
                <Year>2019</Year>
                <Month>03</Month>
                <Day>08</Day>
            </PubMedPubDate>
            <PubMedPubDate PubStatus="entrez">
                <Year>2019</Year>
                <Month>3</Month>
                <Day>20</Day>
                <Hour>6</Hour>
                <Minute>0</Minute>
            </PubMedPubDate>
            <PubMedPubDate PubStatus="pubmed">
                <Year>2019</Year>
                <Month>3</Month>
                <Day>20</Day>
                <Hour>6</Hour>
                <Minute>0</Minute>
            </PubMedPubDate>
            <PubMedPubDate PubStatus="medline">
                <Year>2019</Year>
                <Month>3</Month>
                <Day>20</Day>
                <Hour>6</Hour>
                <Minute>0</Minute>
            </PubMedPubDate>
        </History>
        <PublicationStatus>epublish</PublicationStatus>
        <ArticleIdList>
            <ArticleId IdType="pubmed">30884842</ArticleId>
            <ArticleId IdType="pii">ijms20061338</ArticleId>
            <ArticleId IdType="doi">10.3390/ijms20061338</ArticleId>
        </ArticleIdList>
    </PubmedData>
</PubmedArticle>


<PubmedArticle>
    <MedlineCitation Status="In-Data-Review" Owner="NLM">
        <PMID Version="1">30884829</PMID>
        <DateRevised>
            <Year>2019</Year>
            <Month>03</Month>
            <Day>19</Day>
        </DateRevised>
        <Article PubModel="Electronic">
            <Journal>
                <ISSN IssnType="Electronic">1999-4915</ISSN>
                <JournalIssue CitedMedium="Internet">
                    <Volume>11</Volume>
                    <Issue>3</Issue>
                    <PubDate>
                        <Year>2019</Year>
                        <Month>Mar</Month>
                        <Day>16</Day>
                    </PubDate>
                </JournalIssue>
                <Title>Viruses</Title>
                <ISOAbbreviation>Viruses</ISOAbbreviation>
            </Journal>
            <ArticleTitle>The Transcriptional Landscape of Marek's Disease Virus in Primary Chicken B Cells Reveals Novel Splice Variants and Genes.</ArticleTitle>
            <ELocationID EIdType="pii" ValidYN="Y">E264</ELocationID>
            <ELocationID EIdType="doi" ValidYN="Y">10.3390/v11030264</ELocationID>
            <Abstract>
                <AbstractText>Marek's disease virus (MDV) is an oncogenic alphaherpesvirus that infects chickens and poses a serious threat to poultry health. In infected animals, MDV efficiently replicates in B cells in various lymphoid organs. Despite many years of research, the viral transcriptome in primary target cells of MDV remained unknown. In this study, we uncovered the transcriptional landscape of the very virulent RB1B strain and the attenuated CVI988/Rispens vaccine strain in primary chicken B cells using high-throughput RNA-sequencing. Our data confirmed the expression of known genes, but also identified a novel spliced MDV gene in the unique short region of the genome. Furthermore, <i>de novo</i> transcriptome assembly revealed extensive splicing of viral genes resulting in coding and non-coding RNA transcripts. A novel splicing isoform of MDV UL15 could also be confirmed by mass spectrometry and RT-PCR. In addition, we could demonstrate that the associated transcriptional motifs are highly conserved and closely resembled those of the host transcriptional machinery. Taken together, our data allow a comprehensive re-annotation of the MDV genome with novel genes and splice variants that could be targeted in further research on MDV replication and tumorigenesis.</AbstractText>
            </Abstract>
            <AuthorList CompleteYN="Y">
                <Author ValidYN="Y">
                    <LastName>Bertzbach</LastName>
                    <ForeName>Luca D</ForeName>
                    <Initials>LD</Initials>
                    <Identifier Source="ORCID">0000-0002-0698-5395</Identifier>
                    <AffiliationInfo>
                        <Affiliation>Institute of Virology, Freie Universit<U+00E4>t Berlin, Robert von Ostertag-Stra<U+00DF>e 7-13, 14163 Berlin, Germany. luca.bertzbach@fu-berlin.de.</Affiliation>
                    </AffiliationInfo>
                </Author>
                <Author ValidYN="Y">
                    <LastName>Pfaff</LastName>
                    <ForeName>Florian</ForeName>
                    <Initials>F</Initials>
                    <Identifier Source="ORCID">0000-0003-0178-6183</Identifier>
                    <AffiliationInfo>
                        <Affiliation>Institute of Diagnostic Virology, Friedrich-Loeffler-Institut, Federal Research Institute for Animal Health, S<U+00FC>dufer 10, 17493 Greifswald-Insel Riems, Germany. florian.pfaff@fli.de.</Affiliation>
                    </AffiliationInfo>
                </Author>
                <Author ValidYN="Y">
                    <LastName>Pauker</LastName>
                    <ForeName>Viktoria I</ForeName>
                    <Initials>VI</Initials>
                    <AffiliationInfo>
                        <Affiliation>Institute of Molecular Virology and Cell Biology, Friedrich-Loeffler-Institut, Federal Research Institute for Animal Health, S<U+00FC>dufer 10, 17493 Greifswald-Insel Riems, Germany. viktoria.pauker@uni-greifswald.de.</Affiliation>
                    </AffiliationInfo>
                </Author>
                <Author ValidYN="Y">
                    <LastName>Kheimar</LastName>
                    <ForeName>Ahmed M</ForeName>
                    <Initials>AM</Initials>
                    <AffiliationInfo>
                        <Affiliation>Institute of Virology, Freie Universit<U+00E4>t Berlin, Robert von Ostertag-Stra<U+00DF>e 7-13, 14163 Berlin, Germany. ahmed.kheimar@fu-berlin.de.</Affiliation>
                    </AffiliationInfo>
                    <AffiliationInfo>
                        <Affiliation>Department of Poultry Diseases, Faculty of Veterinary Medicine, Sohag University, Sohag 82424, Egypt. ahmed.kheimar@fu-berlin.de.</Affiliation>
                    </AffiliationInfo>
                </Author>
                <Author ValidYN="Y">
                    <LastName>H<U+00F6>per</LastName>
                    <ForeName>Dirk</ForeName>
                    <Initials>D</Initials>
                    <Identifier Source="ORCID">0000-0001-8408-2274</Identifier>
                    <AffiliationInfo>
                        <Affiliation>Institute of Diagnostic Virology, Friedrich-Loeffler-Institut, Federal Research Institute for Animal Health, S<U+00FC>dufer 10, 17493 Greifswald-Insel Riems, Germany. dirk.hoeper@fli.de.</Affiliation>
                    </AffiliationInfo>
                </Author>
                <Author ValidYN="Y">
                    <LastName>H<U+00E4>rtle</LastName>
                    <ForeName>Sonja</ForeName>
                    <Initials>S</Initials>
                    <Identifier Source="ORCID">0000-0002-7957-7827</Identifier>
                    <AffiliationInfo>
                        <Affiliation>Department of Veterinary Sciences, Institute for Animal Physiology, Ludwig-Maximilians-Universit<U+00E4>t M<U+00FC>nchen, 80539 Munich, Germany. sonja.haertle@tiph.vetmed.uni-muenchen.de.</Affiliation>
                    </AffiliationInfo>
                </Author>
                <Author ValidYN="Y">
                    <LastName>Karger</LastName>
                    <ForeName>Axel</ForeName>
                    <Initials>A</Initials>
                    <Identifier Source="ORCID">0000-0002-0054-7394</Identifier>
                    <AffiliationInfo>
                        <Affiliation>Institute of Molecular Virology and Cell Biology, Friedrich-Loeffler-Institut, Federal Research Institute for Animal Health, S<U+00FC>dufer 10, 17493 Greifswald-Insel Riems, Germany. axel.karger@fli.de.</Affiliation>
                    </AffiliationInfo>
                </Author>
                <Author ValidYN="Y">
                    <LastName>Kaufer</LastName>
                    <ForeName>Benedikt B</ForeName>
                    <Initials>BB</Initials>
                    <Identifier Source="ORCID">0000-0003-1328-2695</Identifier>
                    <AffiliationInfo>
                        <Affiliation>Institute of Virology, Freie Universit<U+00E4>t Berlin, Robert von Ostertag-Stra<U+00DF>e 7-13, 14163 Berlin, Germany. benedikt.kaufer@fu-berlin.de.</Affiliation>
                    </AffiliationInfo>
                </Author>
            </AuthorList>
            <Language>eng</Language>
            <GrantList CompleteYN="Y">
                <Grant>
                    <GrantID>KA 3492/3-1</GrantID>
                    <Agency>Deutsche Forschungsgemeinschaft</Agency>
                    <Country/>
                </Grant>
                <Grant>
                    <GrantID>KA 2900/3-1</GrantID>
                    <Agency>Deutsche Forschungsgemeinschaft</Agency>
                    <Country/>
                </Grant>
            </GrantList>
            <PublicationTypeList>
                <PublicationType UI="D016428">Journal Article</PublicationType>
            </PublicationTypeList>
            <ArticleDate DateType="Electronic">
                <Year>2019</Year>
                <Month>03</Month>
                <Day>16</Day>
            </ArticleDate>
        </Article>
        <MedlineJournalInfo>
            <Country>Switzerland</Country>
            <MedlineTA>Viruses</MedlineTA>
            <NlmUniqueID>101509722</NlmUniqueID>
            <ISSNLinking>1999-4915</ISSNLinking>
        </MedlineJournalInfo>
        <KeywordList Owner="NOTNLM">
            <Keyword MajorTopicYN="N">CVI988/Rispens</Keyword>
            <Keyword MajorTopicYN="N">ICP0</Keyword>
            <Keyword MajorTopicYN="N">Marek’s disease virus (MDV)</Keyword>
            <Keyword MajorTopicYN="N">RB1B</Keyword>
            <Keyword MajorTopicYN="N">RNA-seq</Keyword>
            <Keyword MajorTopicYN="N">polycistronic viral transcripts</Keyword>
            <Keyword MajorTopicYN="N">primary B cells</Keyword>
            <Keyword MajorTopicYN="N">splicing</Keyword>
            <Keyword MajorTopicYN="N">transcriptome</Keyword>
        </KeywordList>
    </MedlineCitation>
    <PubmedData>
        <History>
            <PubMedPubDate PubStatus="received">
                <Year>2019</Year>
                <Month>02</Month>
                <Day>18</Day>
            </PubMedPubDate>
            <PubMedPubDate PubStatus="revised">
                <Year>2019</Year>
                <Month>03</Month>
                <Day>12</Day>
            </PubMedPubDate>
            <PubMedPubDate PubStatus="accepted">
                <Year>2019</Year>
                <Month>03</Month>
                <Day>13</Day>
            </PubMedPubDate>
            <PubMedPubDate PubStatus="entrez">
                <Year>2019</Year>
                <Month>3</Month>
                <Day>20</Day>
                <Hour>6</Hour>
                <Minute>0</Minute>
            </PubMedPubDate>
            <PubMedPubDate PubStatus="pubmed">
                <Year>2019</Year>
                <Month>3</Month>
                <Day>20</Day>
                <Hour>6</Hour>
                <Minute>0</Minute>
            </PubMedPubDate>
            <PubMedPubDate PubStatus="medline">
                <Year>2019</Year>
                <Month>3</Month>
                <Day>20</Day>
                <Hour>6</Hour>
                <Minute>0</Minute>
            </PubMedPubDate>
        </History>
        <PublicationStatus>epublish</PublicationStatus>
        <ArticleIdList>
            <ArticleId IdType="pubmed">30884829</ArticleId>
            <ArticleId IdType="pii">v11030264</ArticleId>
            <ArticleId IdType="doi">10.3390/v11030264</ArticleId>
        </ArticleIdList>
    </PubmedData>
</PubmedArticle>


<PubmedArticle>
    <MedlineCitation Status="In-Data-Review" Owner="NLM">
        <PMID Version="1">30884702</PMID>
        <DateRevised>
            <Year>2019</Year>
            <Month>03</Month>
            <Day>19</Day>
        </DateRevised>
        <Article PubModel="Print-Electronic">
            <Journal>
                <ISSN IssnType="Electronic">1873-7145</ISSN>
                <JournalIssue CitedMedium="Internet">
                    <Volume>119</Volume>
                    <PubDate>
                        <Year>2019</Year>
                        <Month>May</Month>
                    </PubDate>
                </JournalIssue>
                <Title>Food research international (Ottawa, Ont.)</Title>
                <ISOAbbreviation>Food Res. Int.</ISOAbbreviation>
            </Journal>
            <ArticleTitle>Transcriptomic and proteomic effects of (-)-epigallocatechin 3-O-(3-O-methyl) gallate (EGCG3&quot;Me) treatment on ethanol-stressed Saccharomyces cerevisiae cells.</ArticleTitle>
            <Pagination>
                <MedlinePgn>67-75</MedlinePgn>
            </Pagination>
            <ELocationID EIdType="pii" ValidYN="Y">S0963-9969(19)30070-5</ELocationID>
            <ELocationID EIdType="doi" ValidYN="Y">10.1016/j.foodres.2019.01.061</ELocationID>
            <Abstract>
                <AbstractText>Saccharomyces cerevisiae (S. cerevisiae) is the main fermentation strain in brewing industry. However, the accumulation of ethanol during the fermentation inhibits the growth of S. cerevisiae. Polyphenols are important bioactive ingredients in oolong tea, and epigallocatechin-3-O-(3&quot;-O-methyl)-gallate (EGCG3&quot;Me) has exhibited ameliorate effect on alcohol intoxication. Therefore, in the current work, we used RNA-seq transcriptomics and iTRAQ proteomic analysis to study the effect of EGCG3&quot;Me on ethanol-stressed S. cerevisiae. After EGCG3&quot;Me intervention (0.8%, w/v), 178 up-regulated and 172 down-regulated genes were identified, meanwhile, 190 differentially expressed proteins (DEPs) were identified. In addition, KEGG pathways for metabolic pathways, biosynthesis of secondary metabolites and microbial metabolism were among the most DEPs after EGCG3&quot;Me intervention. The integrated transcriptomic and proteomic analysis indicated EGCG3&quot;Me may alleviate ethanol-induced damage on the cell wall and cell membrane of S. cerevisiae, and facilitate the redox balance and glycolysis. This study provides new insights into the mechanisms underlying the molecular response to ethanol in S. cerevisiae by the treatment of EGCG3&quot;Me.</AbstractText>
                <CopyrightInformation>Copyright © 2019 Elsevier Ltd. All rights reserved.</CopyrightInformation>
            </Abstract>
            <AuthorList CompleteYN="Y">
                <Author ValidYN="Y">
                    <LastName>Chen</LastName>
                    <ForeName>Yuhui</ForeName>
                    <Initials>Y</Initials>
                    <AffiliationInfo>
                        <Affiliation>Department of Food Science and Engineering, Ningbo University, Ningbo 315211, PR China.</Affiliation>
                    </AffiliationInfo>
                </Author>
                <Author ValidYN="Y">
                    <LastName>Cheng</LastName>
                    <ForeName>Lu</ForeName>
                    <Initials>L</Initials>
                    <AffiliationInfo>
                        <Affiliation>Department of Food Science, Rutgers University, New Brunswick, NJ 08901, United States.</Affiliation>
                    </AffiliationInfo>
                </Author>
                <Author ValidYN="Y">
                    <LastName>Zhang</LastName>
                    <ForeName>Xin</ForeName>
                    <Initials>X</Initials>
                    <AffiliationInfo>
                        <Affiliation>Department of Food Science and Engineering, Ningbo University, Ningbo 315211, PR China. Electronic address: zhangxin@nbu.edu.cn.</Affiliation>
                    </AffiliationInfo>
                </Author>
                <Author ValidYN="Y">
                    <LastName>Cao</LastName>
                    <ForeName>Jinxuan</ForeName>
                    <Initials>J</Initials>
                    <AffiliationInfo>
                        <Affiliation>Department of Food Science and Engineering, Ningbo University, Ningbo 315211, PR China.</Affiliation>
                    </AffiliationInfo>
                </Author>
                <Author ValidYN="Y">
                    <LastName>Wu</LastName>
                    <ForeName>Zufang</ForeName>
                    <Initials>Z</Initials>
                    <AffiliationInfo>
                        <Affiliation>Department of Food Science and Engineering, Ningbo University, Ningbo 315211, PR China.</Affiliation>
                    </AffiliationInfo>
                </Author>
                <Author ValidYN="Y">
                    <LastName>Zheng</LastName>
                    <ForeName>Xiaojie</ForeName>
                    <Initials>X</Initials>
                    <AffiliationInfo>
                        <Affiliation>Department of Agriculture and Biotechnology, Wenzhou Vocational College of Science and Technology, Wenzhou 325006, PR China.</Affiliation>
                    </AffiliationInfo>
                </Author>
            </AuthorList>
            <Language>eng</Language>
            <PublicationTypeList>
                <PublicationType UI="D016428">Journal Article</PublicationType>
            </PublicationTypeList>
            <ArticleDate DateType="Electronic">
                <Year>2019</Year>
                <Month>01</Month>
                <Day>24</Day>
            </ArticleDate>
        </Article>
        <MedlineJournalInfo>
            <Country>Canada</Country>
            <MedlineTA>Food Res Int</MedlineTA>
            <NlmUniqueID>9210143</NlmUniqueID>
            <ISSNLinking>0963-9969</ISSNLinking>
        </MedlineJournalInfo>
        <KeywordList Owner="NOTNLM">
            <Keyword MajorTopicYN="N">EGCG3”Me</Keyword>
            <Keyword MajorTopicYN="N">Ethanol stress</Keyword>
            <Keyword MajorTopicYN="N">RNA-seq transcriptomic</Keyword>
            <Keyword MajorTopicYN="N">Saccharomyces cerevisiae</Keyword>
            <Keyword MajorTopicYN="N">iTRAQ proteomic</Keyword>
        </KeywordList>
    </MedlineCitation>
    <PubmedData>
        <History>
            <PubMedPubDate PubStatus="received">
                <Year>2018</Year>
                <Month>10</Month>
                <Day>13</Day>
            </PubMedPubDate>
            <PubMedPubDate PubStatus="revised">
                <Year>2019</Year>
                <Month>01</Month>
                <Day>22</Day>
            </PubMedPubDate>
            <PubMedPubDate PubStatus="accepted">
                <Year>2019</Year>
                <Month>01</Month>
                <Day>23</Day>
            </PubMedPubDate>
            <PubMedPubDate PubStatus="entrez">
                <Year>2019</Year>
                <Month>3</Month>
                <Day>20</Day>
                <Hour>6</Hour>
                <Minute>0</Minute>
            </PubMedPubDate>
            <PubMedPubDate PubStatus="pubmed">
                <Year>2019</Year>
                <Month>3</Month>
                <Day>20</Day>
                <Hour>6</Hour>
                <Minute>0</Minute>
            </PubMedPubDate>
            <PubMedPubDate PubStatus="medline">
                <Year>2019</Year>
                <Month>3</Month>
                <Day>20</Day>
                <Hour>6</Hour>
                <Minute>0</Minute>
            </PubMedPubDate>
        </History>
        <PublicationStatus>ppublish</PublicationStatus>
        <ArticleIdList>
            <ArticleId IdType="pubmed">30884702</ArticleId>
            <ArticleId IdType="pii">S0963-9969(19)30070-5</ArticleId>
            <ArticleId IdType="doi">10.1016/j.foodres.2019.01.061</ArticleId>
        </ArticleIdList>
    </PubmedData>
</PubmedArticle>


<PubmedArticle>
    <MedlineCitation Status="Publisher" Owner="NLM">
        <PMID Version="1">30883790</PMID>
        <DateRevised>
            <Year>2019</Year>
            <Month>03</Month>
            <Day>18</Day>
        </DateRevised>
        <Article PubModel="Print-Electronic">
            <Journal>
                <ISSN IssnType="Electronic">1469-8137</ISSN>
                <JournalIssue CitedMedium="Internet">
                    <PubDate>
                        <Year>2019</Year>
                        <Month>Mar</Month>
                        <Day>18</Day>
                    </PubDate>
                </JournalIssue>
                <Title>The New phytologist</Title>
                <ISOAbbreviation>New Phytol.</ISOAbbreviation>
            </Journal>
            <ArticleTitle>Molecular dialogue between arbuscular mycorrhizal fungi and the non-host plant Arabidopsis thaliana switches from initial detection to antagonism.</ArticleTitle>
            <ELocationID EIdType="doi" ValidYN="Y">10.1111/nph.15798</ELocationID>
            <Abstract>
                <AbstractText>Approximately 29% of all vascular plant species are unable to establish an arbuscular mycorrhizal (AM) symbiosis. Despite this, AM fungi (Rhizophagus spp.) are enriched in the root microbiome of the non-host Arabidopsis thaliana and Arabidopsis roots become colonized when AM networks nurtured by host plants are available. Here, we investigated the non-host-AM fungus interaction by analyzing transcriptional changes in Rhizophagus, Arabidopsis, and the host plant Medicago truncatula while growing in the same mycorrhizal network. In early interaction stages, Rhizophagus activated the Arabidopsis strigolactone biosynthesis genes CCD7 and CCD8, suggesting that detection of AM fungi is not completely impaired. However, in colonized Arabidopsis roots, fungal nutrient transporter genes GintPT, GintAMT2, GintMST2 and GintMST4, essential for AM symbiosis, were not activated. RNA-seq transcriptome analysis pointed to activation of costly defenses in colonized Arabidopsis roots. Moreover, Rhizophagus colonization caused a 50% reduction in shoot biomass, but also led to enhanced systemic immunity against Botrytis cinerea. This suggests that early signaling between AM fungi and Arabidopsis is not completely impaired and that incompatibility appears at later interaction stages. Moreover, Rhizophagus-mediated defenses coincide with reduced Arabidopsis growth, but also with systemic disease resistance, highlighting the multifunctional role of AM fungi in host and non-host interactions. This article is protected by copyright. All rights reserved.</AbstractText>
                <CopyrightInformation>This article is protected by copyright. All rights reserved.</CopyrightInformation>
            </Abstract>
            <AuthorList CompleteYN="Y">
                <Author ValidYN="Y">
                    <LastName>Fern<U+00E1>ndez</LastName>
                    <ForeName>Ivan</ForeName>
                    <Initials>I</Initials>
                    <AffiliationInfo>
                        <Affiliation>Plant-Microbe Interactions, Department of Biology, Science4Life, Utrecht University, 3508, TB, Utrechtthe, Netherlands.</Affiliation>
                    </AffiliationInfo>
                </Author>
                <Author ValidYN="Y">
                    <LastName>Cosme</LastName>
                    <ForeName>Marco</ForeName>
                    <Initials>M</Initials>
                    <AffiliationInfo>
                        <Affiliation>Plant-Microbe Interactions, Department of Biology, Science4Life, Utrecht University, 3508, TB, Utrechtthe, Netherlands.</Affiliation>
                    </AffiliationInfo>
                </Author>
                <Author ValidYN="Y">
                    <LastName>Stringlis</LastName>
                    <ForeName>Ioannis A</ForeName>
                    <Initials>IA</Initials>
                    <AffiliationInfo>
                        <Affiliation>Plant-Microbe Interactions, Department of Biology, Science4Life, Utrecht University, 3508, TB, Utrechtthe, Netherlands.</Affiliation>
                    </AffiliationInfo>
                </Author>
                <Author ValidYN="Y">
                    <LastName>Yu</LastName>
                    <ForeName>Ke</ForeName>
                    <Initials>K</Initials>
                    <AffiliationInfo>
                        <Affiliation>Plant-Microbe Interactions, Department of Biology, Science4Life, Utrecht University, 3508, TB, Utrechtthe, Netherlands.</Affiliation>
                    </AffiliationInfo>
                </Author>
                <Author ValidYN="Y">
                    <LastName>de Jonge</LastName>
                    <ForeName>Ronnie</ForeName>
                    <Initials>R</Initials>
                    <AffiliationInfo>
                        <Affiliation>Plant-Microbe Interactions, Department of Biology, Science4Life, Utrecht University, 3508, TB, Utrechtthe, Netherlands.</Affiliation>
                    </AffiliationInfo>
                    <AffiliationInfo>
                        <Affiliation>Department of Plant Biotechnology and Bioinformatics, Ghent University, Ghent, B-9052, Belgium.</Affiliation>
                    </AffiliationInfo>
                    <AffiliationInfo>
                        <Affiliation>VIB Center for Plant Systems Biology, Ghent, B-9052, Belgium.</Affiliation>
                    </AffiliationInfo>
                </Author>
                <Author ValidYN="Y">
                    <LastName>Van Wees</LastName>
                    <ForeName>Saskia C M</ForeName>
                    <Initials>SCM</Initials>
                    <AffiliationInfo>
                        <Affiliation>Plant-Microbe Interactions, Department of Biology, Science4Life, Utrecht University, 3508, TB, Utrechtthe, Netherlands.</Affiliation>
                    </AffiliationInfo>
                </Author>
                <Author ValidYN="Y">
                    <LastName>Pozo</LastName>
                    <ForeName>Maria J</ForeName>
                    <Initials>MJ</Initials>
                    <AffiliationInfo>
                        <Affiliation>Department of Soil Microbiology and Symbiotic Systems, Estaci<U+00F3>n Experimental del Zaid<U+00ED>n (CSIC), Granada, 18008, Spain.</Affiliation>
                    </AffiliationInfo>
                </Author>
                <Author ValidYN="Y">
                    <LastName>Pieterse</LastName>
                    <ForeName>Corn<U+00E9> M J</ForeName>
                    <Initials>CMJ</Initials>
                    <AffiliationInfo>
                        <Affiliation>Plant-Microbe Interactions, Department of Biology, Science4Life, Utrecht University, 3508, TB, Utrechtthe, Netherlands.</Affiliation>
                    </AffiliationInfo>
                </Author>
                <Author ValidYN="Y">
                    <LastName>Van der Heijden</LastName>
                    <ForeName>Marcel G A</ForeName>
                    <Initials>MGA</Initials>
                    <AffiliationInfo>
                        <Affiliation>Plant-Microbe Interactions, Department of Biology, Science4Life, Utrecht University, 3508, TB, Utrechtthe, Netherlands.</Affiliation>
                    </AffiliationInfo>
                    <AffiliationInfo>
                        <Affiliation>Plant-Soil-Interactions, Agroscope, Z<U+00FC>rich, 8046, Switzerland.</Affiliation>
                    </AffiliationInfo>
                </Author>
            </AuthorList>
            <Language>eng</Language>
            <PublicationTypeList>
                <PublicationType UI="D016428">Journal Article</PublicationType>
            </PublicationTypeList>
            <ArticleDate DateType="Electronic">
                <Year>2019</Year>
                <Month>03</Month>
                <Day>18</Day>
            </ArticleDate>
        </Article>
        <MedlineJournalInfo>
            <Country>England</Country>
            <MedlineTA>New Phytol</MedlineTA>
            <NlmUniqueID>9882884</NlmUniqueID>
            <ISSNLinking>0028-646X</ISSNLinking>
        </MedlineJournalInfo>
        <KeywordList Owner="NOTNLM">
            <Keyword MajorTopicYN="N">RNA sequencing</Keyword>
            <Keyword MajorTopicYN="N">arbuscular mycorrhiza (AM)</Keyword>
            <Keyword MajorTopicYN="N">early signaling</Keyword>
            <Keyword MajorTopicYN="N">non-host plant</Keyword>
            <Keyword MajorTopicYN="N">plant defense</Keyword>
            <Keyword MajorTopicYN="N">strigolactones</Keyword>
            <Keyword MajorTopicYN="N">symbiosis</Keyword>
        </KeywordList>
    </MedlineCitation>
    <PubmedData>
        <History>
            <PubMedPubDate PubStatus="entrez">
                <Year>2019</Year>
                <Month>3</Month>
                <Day>19</Day>
                <Hour>6</Hour>
                <Minute>0</Minute>
            </PubMedPubDate>
            <PubMedPubDate PubStatus="pubmed">
                <Year>2019</Year>
                <Month>3</Month>
                <Day>19</Day>
                <Hour>6</Hour>
                <Minute>0</Minute>
            </PubMedPubDate>
            <PubMedPubDate PubStatus="medline">
                <Year>2019</Year>
                <Month>3</Month>
                <Day>19</Day>
                <Hour>6</Hour>
                <Minute>0</Minute>
            </PubMedPubDate>
        </History>
        <PublicationStatus>aheadofprint</PublicationStatus>
        <ArticleIdList>
            <ArticleId IdType="pubmed">30883790</ArticleId>
            <ArticleId IdType="doi">10.1111/nph.15798</ArticleId>
        </ArticleIdList>
    </PubmedData>
</PubmedArticle>


<PubmedArticle>
    <MedlineCitation Status="Publisher" Owner="NLM">
        <PMID Version="1">30883751</PMID>
        <DateRevised>
            <Year>2019</Year>
            <Month>03</Month>
            <Day>18</Day>
        </DateRevised>
        <Article PubModel="Print-Electronic">
            <Journal>
                <ISSN IssnType="Electronic">1096-9896</ISSN>
                <JournalIssue CitedMedium="Internet">
                    <PubDate>
                        <Year>2019</Year>
                        <Month>Mar</Month>
                        <Day>18</Day>
                    </PubDate>
                </JournalIssue>
                <Title>The Journal of pathology</Title>
                <ISOAbbreviation>J. Pathol.</ISOAbbreviation>
            </Journal>
            <ArticleTitle>Increased expression of neurotensin in high grade serous ovarian carcinoma with evidence of serous tubal intraepithelial carcinoma.</ArticleTitle>
            <ELocationID EIdType="doi" ValidYN="Y">10.1002/path.5264</ELocationID>
            <Abstract>
                <AbstractText>High grade serous ovarian cancer (HGSC) without identifiable serous tubal intraepithelial carcinoma (STIC) within the Fallopian tube (FT) occurs in approximately 50% of patients. The objective of this study was to use a multi-site tumor sampling approach to study HGSC with and without STIC. RNAseq analysis of HGSC samples collected from multiple sites e.g. ovary, FT and peritoneum, revealed moderate levels of intra-patient heterogeneity in gene expression that could influence molecular profiles. Mixed-model ANOVA analysis of gene expression in tumor samples from patients with multiple tumor sites (N=13) and patients with a single site tumor sample (N=11) to compare HGSC-STIC to HGSC-NOSTIC identified neurotensin (NTS) as significantly higher (&gt;2-fold change, FDR&lt;0.10) in HGSC-STIC. This data was validated using publicly available RNA-Seq datasets. Concordance between higher NTS gene expression and NTS peptide levels in HGSC-STIC samples was demonstrated by immunohistochemistry. To determine the role of NTS in HGSC, five ovarian cancer (OvCa) cell lines were screened for expression of NTS and its receptors, NTSR1 and NTSR3. Increased expression of NTS and NSTR1 was observed in several of the OvCa cells, whereas the NTSR3 receptor was lower in all OvCa cells, compared to immortalized FT epithelial cells. Treatment with NTSR1 inhibitor (SR48692) decreased cell proliferation, but increased cell migration in OvCa cells. The effects of SR4862 were receptor mediated, since transient RNAi knockdown of NTSR1 mimicked the migratory effects and knockdown of NTSR3 mimicked the anti-proliferative effects. Further, knockdown of NTSR1 or NTSR3 was associated with acquisition of distinct morphological phenotypes, epithelial or mesenchymal, respectively. Taken together, our results reveal a difference in a biologically active pathway between HGSC with and without STIC. Furthermore, we identify neurotensin signaling as an important pathway involved in cell proliferation and epithelial-mesenchymal transition in HGSC-STIC which warrants further study as a potential therapeutic target.</AbstractText>
                <CopyrightInformation>This article is protected by copyright. All rights reserved.</CopyrightInformation>
            </Abstract>
            <AuthorList CompleteYN="Y">
                <Author ValidYN="Y">
                    <LastName>Norris</LastName>
                    <ForeName>Eric J</ForeName>
                    <Initials>EJ</Initials>
                    <Identifier Source="ORCID">https://orcid.org/0000-0002-9204-5235</Identifier>
                    <AffiliationInfo>
                        <Affiliation>Levine Cancer Institute, Atrium Health, 1021 Morehead Medical Drive, Charlotte, North Carolina, 28204, USA.</Affiliation>
                    </AffiliationInfo>
                </Author>
                <Author ValidYN="Y">
                    <LastName>Zhang</LastName>
                    <ForeName>Qing</ForeName>
                    <Initials>Q</Initials>
                    <AffiliationInfo>
                        <Affiliation>Levine Cancer Institute, Atrium Health, 1021 Morehead Medical Drive, Charlotte, North Carolina, 28204, USA.</Affiliation>
                    </AffiliationInfo>
                </Author>
                <Author ValidYN="Y">
                    <LastName>Jones</LastName>
                    <ForeName>Wendell D</ForeName>
                    <Initials>WD</Initials>
                    <Identifier Source="ORCID">https://orcid.org/0000-0002-9676-5387</Identifier>
                    <AffiliationInfo>
                        <Affiliation>Q2 Solutions-EA Genomics, 5827 South Miami Boulevard, Morrisville, North Carolina, 27560, USA.</Affiliation>
                    </AffiliationInfo>
                </Author>
                <Author ValidYN="Y">
                    <LastName>Destephanis</LastName>
                    <ForeName>Darla</ForeName>
                    <Initials>D</Initials>
                    <AffiliationInfo>
                        <Affiliation>Levine Cancer Institute, Atrium Health, 1021 Morehead Medical Drive, Charlotte, North Carolina, 28204, USA.</Affiliation>
                    </AffiliationInfo>
                </Author>
                <Author ValidYN="Y">
                    <LastName>Sutker</LastName>
                    <ForeName>Ashley P</ForeName>
                    <Initials>AP</Initials>
                    <AffiliationInfo>
                        <Affiliation>Levine Cancer Institute, Atrium Health, 1021 Morehead Medical Drive, Charlotte, North Carolina, 28204, USA.</Affiliation>
                    </AffiliationInfo>
                </Author>
                <Author ValidYN="Y">
                    <LastName>Livasy</LastName>
                    <ForeName>Chad A</ForeName>
                    <Initials>CA</Initials>
                    <AffiliationInfo>
                        <Affiliation>Carolinas Pathology Group, 2001 Vail Avenue, Charlotte, North Carolina, 28207, USA.</Affiliation>
                    </AffiliationInfo>
                </Author>
                <Author ValidYN="Y">
                    <LastName>Ganapathi</LastName>
                    <ForeName>Ram N</ForeName>
                    <Initials>RN</Initials>
                    <AffiliationInfo>
                        <Affiliation>Levine Cancer Institute, Atrium Health, 1021 Morehead Medical Drive, Charlotte, North Carolina, 28204, USA.</Affiliation>
                    </AffiliationInfo>
                </Author>
                <Author ValidYN="Y">
                    <LastName>Tait</LastName>
                    <ForeName>David L</ForeName>
                    <Initials>DL</Initials>
                    <AffiliationInfo>
                        <Affiliation>Levine Cancer Institute, Atrium Health, 1021 Morehead Medical Drive, Charlotte, North Carolina, 28204, USA.</Affiliation>
                    </AffiliationInfo>
                </Author>
                <Author ValidYN="Y">
                    <LastName>Ganapathi</LastName>
                    <ForeName>Mahrukh K</ForeName>
                    <Initials>MK</Initials>
                    <AffiliationInfo>
                        <Affiliation>Levine Cancer Institute, Atrium Health, 1021 Morehead Medical Drive, Charlotte, North Carolina, 28204, USA.</Affiliation>
                    </AffiliationInfo>
                </Author>
            </AuthorList>
            <Language>eng</Language>
            <PublicationTypeList>
                <PublicationType UI="D016428">Journal Article</PublicationType>
            </PublicationTypeList>
            <ArticleDate DateType="Electronic">
                <Year>2019</Year>
                <Month>03</Month>
                <Day>18</Day>
            </ArticleDate>
        </Article>
        <MedlineJournalInfo>
            <Country>England</Country>
            <MedlineTA>J Pathol</MedlineTA>
            <NlmUniqueID>0204634</NlmUniqueID>
            <ISSNLinking>0022-3417</ISSNLinking>
        </MedlineJournalInfo>
        <KeywordList Owner="NOTNLM">
            <Keyword MajorTopicYN="N">Fallopian tube</Keyword>
            <Keyword MajorTopicYN="N">Neurotensin</Keyword>
            <Keyword MajorTopicYN="N">Ovarian cancer</Keyword>
            <Keyword MajorTopicYN="N">Serous tubal intraepithelial cancer</Keyword>
        </KeywordList>
    </MedlineCitation>
    <PubmedData>
        <History>
            <PubMedPubDate PubStatus="received">
                <Year>2018</Year>
                <Month>09</Month>
                <Day>26</Day>
            </PubMedPubDate>
            <PubMedPubDate PubStatus="revised">
                <Year>2019</Year>
                <Month>02</Month>
                <Day>04</Day>
            </PubMedPubDate>
            <PubMedPubDate PubStatus="accepted">
                <Year>2019</Year>
                <Month>03</Month>
                <Day>13</Day>
            </PubMedPubDate>
            <PubMedPubDate PubStatus="entrez">
                <Year>2019</Year>
                <Month>3</Month>
                <Day>19</Day>
                <Hour>6</Hour>
                <Minute>0</Minute>
            </PubMedPubDate>
            <PubMedPubDate PubStatus="pubmed">
                <Year>2019</Year>
                <Month>3</Month>
                <Day>19</Day>
                <Hour>6</Hour>
                <Minute>0</Minute>
            </PubMedPubDate>
            <PubMedPubDate PubStatus="medline">
                <Year>2019</Year>
                <Month>3</Month>
                <Day>19</Day>
                <Hour>6</Hour>
                <Minute>0</Minute>
            </PubMedPubDate>
        </History>
        <PublicationStatus>aheadofprint</PublicationStatus>
        <ArticleIdList>
            <ArticleId IdType="pubmed">30883751</ArticleId>
            <ArticleId IdType="doi">10.1002/path.5264</ArticleId>
        </ArticleIdList>
    </PubmedData>
</PubmedArticle>


<PubmedArticle>
    <MedlineCitation Status="Publisher" Owner="NLM">
        <PMID Version="1">30882247</PMID>
        <DateRevised>
            <Year>2019</Year>
            <Month>03</Month>
            <Day>18</Day>
        </DateRevised>
        <Article PubModel="Print-Electronic">
            <Journal>
                <ISSN IssnType="Electronic">1750-192X</ISSN>
                <JournalIssue CitedMedium="Internet">
                    <PubDate>
                        <Year>2019</Year>
                        <Month>Mar</Month>
                        <Day>18</Day>
                    </PubDate>
                </JournalIssue>
                <Title>Epigenomics</Title>
                <ISOAbbreviation>Epigenomics</ISOAbbreviation>
            </Journal>
            <ArticleTitle>Genome-wide screening of altered m6A-tagged transcript profiles in the hippocampus after traumatic brain injury in mice.</ArticleTitle>
            <ELocationID EIdType="doi" ValidYN="Y">10.2217/epi-2019-0002</ELocationID>
            <Abstract>
                <AbstractText Label="AIM" NlmCategory="OBJECTIVE">To systematically profile RNA m6A modification landscape after traumatic brain injury (TBI) in mice.</AbstractText>
                <AbstractText Label="MATERIALS &amp; METHODS" NlmCategory="METHODS">Expression of m6A-related genes was detected by quantitative real-time PCR (qPCR). Expression and location of METTL3, a key component of m6A methyltransferase complex, were determined by immunostaining. Genome-wide profiling of m6A-tagged transcripts was conducted by m6A-modified RNA immunoprecipitation sequencing (m6A-RIP-seq) and RNA sequencing (RNA-seq).</AbstractText>
                <AbstractText Label="RESULTS" NlmCategory="RESULTS">METTL3 was downregulated after TBI. In total, 922 m6A peaks were differentially expressed as determined by m6A-RIP-seq, with 370 upregulated and 552 downregulated. In addition, we identified differentially expressed hypomethylated and hypermethylated mRNA transcripts.</AbstractText>
                <AbstractText Label="CONCLUSION" NlmCategory="CONCLUSIONS">Our data provided novel information regarding m6A modification changes in the early period of TBI, which might be promising therapy targets.</AbstractText>
            </Abstract>
            <AuthorList CompleteYN="Y">
                <Author ValidYN="Y">
                    <LastName>Wang</LastName>
                    <ForeName>Yiqin</ForeName>
                    <Initials>Y</Initials>
                    <AffiliationInfo>
                        <Affiliation>CNRS-LIA Hematology and Cancer, Sino-French Research Center for Life Sciences &amp; Genomics, State Key Laboratory of Medical Genomics, Rui-Jin Hospital, Shanghai Jiao Tong University School of Medicine, Shanghai 200127, PR China.</Affiliation>
                    </AffiliationInfo>
                </Author>
                <Author ValidYN="Y">
                    <LastName>Mao</LastName>
                    <ForeName>Jian</ForeName>
                    <Initials>J</Initials>
                    <AffiliationInfo>
                        <Affiliation>Department of Neurosurgery, Ren Ji Hospital, School of Medicine, Shanghai Jiao Tong University, Shanghai 200127, PR China.</Affiliation>
                    </AffiliationInfo>
                </Author>
                <Author ValidYN="Y">
                    <LastName>Wang</LastName>
                    <ForeName>Xin</ForeName>
                    <Initials>X</Initials>
                    <AffiliationInfo>
                        <Affiliation>Department of Anesthesiology, Ren Ji Hospital, School of Medicine, Shanghai Jiao Tong University, 160 Pujian Road, Pudong New District, Shanghai 200127, PR China.</Affiliation>
                    </AffiliationInfo>
                </Author>
                <Author ValidYN="Y">
                    <LastName>Lin</LastName>
                    <ForeName>Yong</ForeName>
                    <Initials>Y</Initials>
                    <AffiliationInfo>
                        <Affiliation>Department of Neurosurgery, Ren Ji Hospital, School of Medicine, Shanghai Jiao Tong University, Shanghai 200127, PR China.</Affiliation>
                    </AffiliationInfo>
                </Author>
                <Author ValidYN="Y">
                    <LastName>Hou</LastName>
                    <ForeName>Guoqiang</ForeName>
                    <Initials>G</Initials>
                    <AffiliationInfo>
                        <Affiliation>Department of Neurosurgery, Ren Ji Hospital, School of Medicine, Shanghai Jiao Tong University, Shanghai 200127, PR China.</Affiliation>
                    </AffiliationInfo>
                </Author>
                <Author ValidYN="Y">
                    <LastName>Zhu</LastName>
                    <ForeName>Jun</ForeName>
                    <Initials>J</Initials>
                    <AffiliationInfo>
                        <Affiliation>CNRS-LIA Hematology and Cancer, Sino-French Research Center for Life Sciences &amp; Genomics, State Key Laboratory of Medical Genomics, Rui-Jin Hospital, Shanghai Jiao Tong University School of Medicine, Shanghai 200127, PR China.</Affiliation>
                    </AffiliationInfo>
                </Author>
                <Author ValidYN="Y">
                    <LastName>Xie</LastName>
                    <ForeName>Baoshu</ForeName>
                    <Initials>B</Initials>
                    <AffiliationInfo>
                        <Affiliation>Department of Neurosurgery, Ren Ji Hospital, School of Medicine, Shanghai Jiao Tong University, Shanghai 200127, PR China.</Affiliation>
                    </AffiliationInfo>
                    <AffiliationInfo>
                        <Affiliation>Department of Neurosurgery, First Affiliated Hospital of Sun Yat-sen University, Guangzhou, 510080, Guangdong Province, PR China.</Affiliation>
                    </AffiliationInfo>
                </Author>
            </AuthorList>
            <Language>eng</Language>
            <PublicationTypeList>
                <PublicationType UI="D016428">Journal Article</PublicationType>
            </PublicationTypeList>
            <ArticleDate DateType="Electronic">
                <Year>2019</Year>
                <Month>03</Month>
                <Day>18</Day>
            </ArticleDate>
        </Article>
        <MedlineJournalInfo>
            <Country>England</Country>
            <MedlineTA>Epigenomics</MedlineTA>
            <NlmUniqueID>101519720</NlmUniqueID>
            <ISSNLinking>1750-192X</ISSNLinking>
        </MedlineJournalInfo>
        <KeywordList Owner="NOTNLM">
            <Keyword MajorTopicYN="N">N6-methyladenosine (m6A)</Keyword>
            <Keyword MajorTopicYN="N">hippocampus</Keyword>
            <Keyword MajorTopicYN="N">traumatic brain injury (TBI)</Keyword>
        </KeywordList>
    </MedlineCitation>
    <PubmedData>
        <History>
            <PubMedPubDate PubStatus="entrez">
                <Year>2019</Year>
                <Month>3</Month>
                <Day>19</Day>
                <Hour>6</Hour>
                <Minute>0</Minute>
            </PubMedPubDate>
            <PubMedPubDate PubStatus="pubmed">
                <Year>2019</Year>
                <Month>3</Month>
                <Day>19</Day>
                <Hour>6</Hour>
                <Minute>0</Minute>
            </PubMedPubDate>
            <PubMedPubDate PubStatus="medline">
                <Year>2019</Year>
                <Month>3</Month>
                <Day>19</Day>
                <Hour>6</Hour>
                <Minute>0</Minute>
            </PubMedPubDate>
        </History>
        <PublicationStatus>aheadofprint</PublicationStatus>
        <ArticleIdList>
            <ArticleId IdType="pubmed">30882247</ArticleId>
            <ArticleId IdType="doi">10.2217/epi-2019-0002</ArticleId>
        </ArticleIdList>
    </PubmedData>
</PubmedArticle>


<PubmedArticle>
    <MedlineCitation Status="PubMed-not-MEDLINE" Owner="NLM">
        <PMID Version="1">30881377</PMID>
        <DateRevised>
            <Year>2019</Year>
            <Month>03</Month>
            <Day>18</Day>
        </DateRevised>
        <Article PubModel="Electronic-eCollection">
            <Journal>
                <ISSN IssnType="Print">1664-8021</ISSN>
                <JournalIssue CitedMedium="Print">
                    <Volume>10</Volume>
                    <PubDate>
                        <Year>2019</Year>
                    </PubDate>
                </JournalIssue>
                <Title>Frontiers in genetics</Title>
                <ISOAbbreviation>Front Genet</ISOAbbreviation>
            </Journal>
            <ArticleTitle>Pan-Cancer Analysis of TCGA Data Revealed Promising Reference Genes for qPCR Normalization.</ArticleTitle>
            <Pagination>
                <MedlinePgn>97</MedlinePgn>
            </Pagination>
            <ELocationID EIdType="doi" ValidYN="Y">10.3389/fgene.2019.00097</ELocationID>
            <Abstract>
                <AbstractText>Quantitative PCR (qPCR) remains the most widely used technique for gene expression evaluation. Obtaining reliable data using this method requires reference genes (RGs) with stable mRNA level under experimental conditions. This issue is especially crucial in cancer studies because each tumor has a unique molecular portrait. The Cancer Genome Atlas (TCGA) project provides RNA-Seq data for thousands of samples corresponding to dozens of cancers and presents the basis for assessment of the suitability of genes as reference ones for qPCR data normalization. Using TCGA RNA-Seq data and previously developed CrossHub tool, we evaluated mRNA level of 32 traditionally used RGs in 12 cancer types, including those of lung, breast, prostate, kidney, and colon. We developed an 11-component scoring system for the assessment of gene expression stability. Among the 32 genes, <i>PUM1</i> was one of the most stably expressed in the majority of examined cancers, whereas <i>GAPDH</i>, which is widely used as a RG, showed significant mRNA level alterations in more than a half of cases. For each of 12 cancer types, we suggested a pair of genes that are the most suitable for use as reference ones. These genes are characterized by high expression stability and absence of correlation between their mRNA levels. Next, the scoring system was expanded with several features of a gene: mutation rate, number of transcript isoforms and pseudogenes, participation in cancer-related processes on the basis of Gene Ontology, and mentions in PubMed-indexed articles. All the genes covered by RNA-Seq data in TCGA were analyzed using the expanded scoring system that allowed us to reveal novel promising RGs for each examined cancer type and identify several &quot;universal&quot; pan-cancer RG candidates, including <i>SF3A1, CIAO1</i>, and <i>SFRS4</i>. The choice of RGs is the basis for precise gene expression evaluation by qPCR. Here, we suggested optimal pairs of traditionally used RGs for 12 cancer types and identified novel promising RGs that demonstrate high expression stability and other features of reliable and convenient RGs (high expression level, low mutation rate, non-involvement in cancer-related processes, single transcript isoform, and absence of pseudogenes).</AbstractText>
            </Abstract>
            <AuthorList CompleteYN="Y">
                <Author ValidYN="Y">
                    <LastName>Krasnov</LastName>
                    <ForeName>George S</ForeName>
                    <Initials>GS</Initials>
                    <AffiliationInfo>
                        <Affiliation>Engelhardt Institute of Molecular Biology, Russian Academy of Sciences, Moscow, Russia.</Affiliation>
                    </AffiliationInfo>
                </Author>
                <Author ValidYN="Y">
                    <LastName>Kudryavtseva</LastName>
                    <ForeName>Anna V</ForeName>
                    <Initials>AV</Initials>
                    <AffiliationInfo>
                        <Affiliation>Engelhardt Institute of Molecular Biology, Russian Academy of Sciences, Moscow, Russia.</Affiliation>
                    </AffiliationInfo>
                </Author>
                <Author ValidYN="Y">
                    <LastName>Snezhkina</LastName>
                    <ForeName>Anastasiya V</ForeName>
                    <Initials>AV</Initials>
                    <AffiliationInfo>
                        <Affiliation>Engelhardt Institute of Molecular Biology, Russian Academy of Sciences, Moscow, Russia.</Affiliation>
                    </AffiliationInfo>
                </Author>
                <Author ValidYN="Y">
                    <LastName>Lakunina</LastName>
                    <ForeName>Valentina A</ForeName>
                    <Initials>VA</Initials>
                    <AffiliationInfo>
                        <Affiliation>Engelhardt Institute of Molecular Biology, Russian Academy of Sciences, Moscow, Russia.</Affiliation>
                    </AffiliationInfo>
                </Author>
                <Author ValidYN="Y">
                    <LastName>Beniaminov</LastName>
                    <ForeName>Artemy D</ForeName>
                    <Initials>AD</Initials>
                    <AffiliationInfo>
                        <Affiliation>Engelhardt Institute of Molecular Biology, Russian Academy of Sciences, Moscow, Russia.</Affiliation>
                    </AffiliationInfo>
                </Author>
                <Author ValidYN="Y">
                    <LastName>Melnikova</LastName>
                    <ForeName>Nataliya V</ForeName>
                    <Initials>NV</Initials>
                    <AffiliationInfo>
                        <Affiliation>Engelhardt Institute of Molecular Biology, Russian Academy of Sciences, Moscow, Russia.</Affiliation>
                    </AffiliationInfo>
                </Author>
                <Author ValidYN="Y">
                    <LastName>Dmitriev</LastName>
                    <ForeName>Alexey A</ForeName>
                    <Initials>AA</Initials>
                    <AffiliationInfo>
                        <Affiliation>Engelhardt Institute of Molecular Biology, Russian Academy of Sciences, Moscow, Russia.</Affiliation>
                    </AffiliationInfo>
                </Author>
            </AuthorList>
            <Language>eng</Language>
            <PublicationTypeList>
                <PublicationType UI="D016428">Journal Article</PublicationType>
            </PublicationTypeList>
            <ArticleDate DateType="Electronic">
                <Year>2019</Year>
                <Month>03</Month>
                <Day>01</Day>
            </ArticleDate>
        </Article>
        <MedlineJournalInfo>
            <Country>Switzerland</Country>
            <MedlineTA>Front Genet</MedlineTA>
            <NlmUniqueID>101560621</NlmUniqueID>
            <ISSNLinking>1664-8021</ISSNLinking>
        </MedlineJournalInfo>
        <KeywordList Owner="NOTNLM">
            <Keyword MajorTopicYN="N">CrossHub</Keyword>
            <Keyword MajorTopicYN="N">RNA-Seq</Keyword>
            <Keyword MajorTopicYN="N">TCGA</Keyword>
            <Keyword MajorTopicYN="N">cancer</Keyword>
            <Keyword MajorTopicYN="N">data normalization</Keyword>
            <Keyword MajorTopicYN="N">gene expression</Keyword>
            <Keyword MajorTopicYN="N">quantitative PCR</Keyword>
            <Keyword MajorTopicYN="N">reference genes</Keyword>
        </KeywordList>
    </MedlineCitation>
    <PubmedData>
        <History>
            <PubMedPubDate PubStatus="received">
                <Year>2018</Year>
                <Month>10</Month>
                <Day>31</Day>
            </PubMedPubDate>
            <PubMedPubDate PubStatus="accepted">
                <Year>2019</Year>
                <Month>01</Month>
                <Day>29</Day>
            </PubMedPubDate>
            <PubMedPubDate PubStatus="entrez">
                <Year>2019</Year>
                <Month>3</Month>
                <Day>19</Day>
                <Hour>6</Hour>
                <Minute>0</Minute>
            </PubMedPubDate>
            <PubMedPubDate PubStatus="pubmed">
                <Year>2019</Year>
                <Month>3</Month>
                <Day>19</Day>
                <Hour>6</Hour>
                <Minute>0</Minute>
            </PubMedPubDate>
            <PubMedPubDate PubStatus="medline">
                <Year>2019</Year>
                <Month>3</Month>
                <Day>19</Day>
                <Hour>6</Hour>
                <Minute>1</Minute>
            </PubMedPubDate>
        </History>
        <PublicationStatus>epublish</PublicationStatus>
        <ArticleIdList>
            <ArticleId IdType="pubmed">30881377</ArticleId>
            <ArticleId IdType="doi">10.3389/fgene.2019.00097</ArticleId>
            <ArticleId IdType="pmc">PMC6406071</ArticleId>
        </ArticleIdList>
    </PubmedData>
</PubmedArticle>


<PubmedArticle>
    <MedlineCitation Status="PubMed-not-MEDLINE" Owner="NLM">
        <PMID Version="1">30881033</PMID>
        <DateRevised>
            <Year>2019</Year>
            <Month>03</Month>
            <Day>18</Day>
        </DateRevised>
        <Article PubModel="Electronic-eCollection">
            <Journal>
                <ISSN IssnType="Print">1178-6930</ISSN>
                <JournalIssue CitedMedium="Print">
                    <Volume>12</Volume>
                    <PubDate>
                        <Year>2019</Year>
                    </PubDate>
                </JournalIssue>
                <Title>OncoTargets and therapy</Title>
                <ISOAbbreviation>Onco Targets Ther</ISOAbbreviation>
            </Journal>
            <ArticleTitle>Elevated <i>HOXA13</i> expression promotes the proliferation and metastasis of gastric cancer partly via activating Erk1/2.</ArticleTitle>
            <Pagination>
                <MedlinePgn>1803-1813</MedlinePgn>
            </Pagination>
            <ELocationID EIdType="doi" ValidYN="Y">10.2147/OTT.S196986</ELocationID>
            <Abstract>
                <AbstractText Label="Purpose" NlmCategory="UNASSIGNED"><i>HOXA13</i> is a transcription factor of the Homeobox (<i>HOX</i>) gene family, which is highly evolutionarily conserved. <i>HOXA13</i> is upregulated and associated with oncogenic properties in some cancers. Here, we studied the potential mechanism of <i>HOXA13</i>-mediated proliferation and metastasis in gastric cancer (GC).</AbstractText>
                <AbstractText Label="Methods" NlmCategory="UNASSIGNED">Quantitative real-time PCR, Western blot, and immunohistochemistry were used to detect HOXA13 expression levels in GC. In vitro and in vivo assays were performed to investigate the function of <i>HOXA13</i> in GC cell proliferation, migration, and invasion. RNA-Seq transcriptome analysis was performed to study the underlying mechanism of <i>HOXA13</i>-mediated aggressiveness in GC.</AbstractText>
                <AbstractText Label="Results" NlmCategory="UNASSIGNED">HOXA13 mRNA and protein expression levels were upregulated in GC tissues. According to Cell Counting Kit-8 and colony formation assays, we found that <i>HOXA13</i> over-expression promoted proliferation. Flow cytometry analysis showed that <i>HOXA13</i> overexpression or knockdown led to G1-S phase transition or G1 phase arrest, respectively. Western blot analysis results showed that HOXA13 overexpression increased cyclin D1 expression, while knockdown decreased its expression. Wound healing and transwell assay results demonstrated that <i>HOXA13</i> overexpression promoted the migration and invasion of GC cells. Western blot analysis results also showed that HOXA13 overexpression upregulated N-cadherin and vimentin and downregulated E-cadherin, while HOXA13 knockdown led to the opposite results, indicating that HOXA13 might participate in epithelial to mesenchymal transition. These results were verified in vivo by tumor xenograft and metastasis assays. Mechanistically, using RNA-Seq transcriptome analysis, we found that Erk1/2 activation played an important role in <i>HOXA13</i>-induced GC progression.</AbstractText>
                <AbstractText Label="Conclusion" NlmCategory="UNASSIGNED">Our results show that <i>HOXA13</i> plays an important role in GC development. <i>HOXA13</i> overexpression promotes proliferation and metastasis partly via activation of Erk1/2 in GC. Thus, HOXA13, together with Erk1/2, may be promising targets for novel anticancer strategies.</AbstractText>
            </Abstract>
            <AuthorList CompleteYN="Y">
                <Author ValidYN="Y">
                    <LastName>Qin</LastName>
                    <ForeName>Zhiwei</ForeName>
                    <Initials>Z</Initials>
                    <AffiliationInfo>
                        <Affiliation>Department of General Surgery, Shanghai General Hospital, Shanghai Jiao Tong University School of Medicine, Shanghai 200080, China, cz-zhou@163.com.</Affiliation>
                    </AffiliationInfo>
                </Author>
                <Author ValidYN="Y">
                    <LastName>Chen</LastName>
                    <ForeName>Zhengqian</ForeName>
                    <Initials>Z</Initials>
                    <AffiliationInfo>
                        <Affiliation>Department of General Surgery, Shanghai General Hospital, Shanghai Jiao Tong University School of Medicine, Shanghai 200080, China, cz-zhou@163.com.</Affiliation>
                    </AffiliationInfo>
                </Author>
                <Author ValidYN="Y">
                    <LastName>Weng</LastName>
                    <ForeName>Junyong</ForeName>
                    <Initials>J</Initials>
                    <AffiliationInfo>
                        <Affiliation>Department of Gastrointestinal Surgery, Changzheng Hospital, Second Military Medical University, Shanghai 200003, China.</Affiliation>
                    </AffiliationInfo>
                </Author>
                <Author ValidYN="Y">
                    <LastName>Li</LastName>
                    <ForeName>Shanbao</ForeName>
                    <Initials>S</Initials>
                    <AffiliationInfo>
                        <Affiliation>Department of General Surgery, Shanghai General Hospital, Shanghai Jiao Tong University School of Medicine, Shanghai 200080, China, cz-zhou@163.com.</Affiliation>
                    </AffiliationInfo>
                </Author>
                <Author ValidYN="Y">
                    <LastName>Rong</LastName>
                    <ForeName>Zeyin</ForeName>
                    <Initials>Z</Initials>
                    <AffiliationInfo>
                        <Affiliation>Department of General Surgery, Shanghai General Hospital, Shanghai Jiao Tong University School of Medicine, Shanghai 200080, China, cz-zhou@163.com.</Affiliation>
                    </AffiliationInfo>
                </Author>
                <Author ValidYN="Y">
                    <LastName>Zhou</LastName>
                    <ForeName>Chongzhi</ForeName>
                    <Initials>C</Initials>
                    <AffiliationInfo>
                        <Affiliation>Department of General Surgery, Shanghai General Hospital, Shanghai Jiao Tong University School of Medicine, Shanghai 200080, China, cz-zhou@163.com.</Affiliation>
                    </AffiliationInfo>
                </Author>
            </AuthorList>
            <Language>eng</Language>
            <PublicationTypeList>
                <PublicationType UI="D016428">Journal Article</PublicationType>
            </PublicationTypeList>
            <ArticleDate DateType="Electronic">
                <Year>2019</Year>
                <Month>03</Month>
                <Day>04</Day>
            </ArticleDate>
        </Article>
        <MedlineJournalInfo>
            <Country>New Zealand</Country>
            <MedlineTA>Onco Targets Ther</MedlineTA>
            <NlmUniqueID>101514322</NlmUniqueID>
            <ISSNLinking>1178-6930</ISSNLinking>
        </MedlineJournalInfo>
        <KeywordList Owner="NOTNLM">
            <Keyword MajorTopicYN="N">Erk1</Keyword>
            <Keyword MajorTopicYN="N">Erk2</Keyword>
            <Keyword MajorTopicYN="N">HOXA13</Keyword>
            <Keyword MajorTopicYN="N">gastric cancer</Keyword>
            <Keyword MajorTopicYN="N">metastasis</Keyword>
            <Keyword MajorTopicYN="N">proliferation</Keyword>
        </KeywordList>
        <CoiStatement>Disclosure The authors report no conflicts of interest in this work.</CoiStatement>
    </MedlineCitation>
    <PubmedData>
        <History>
            <PubMedPubDate PubStatus="entrez">
                <Year>2019</Year>
                <Month>3</Month>
                <Day>19</Day>
                <Hour>6</Hour>
                <Minute>0</Minute>
            </PubMedPubDate>
            <PubMedPubDate PubStatus="pubmed">
                <Year>2019</Year>
                <Month>3</Month>
                <Day>19</Day>
                <Hour>6</Hour>
                <Minute>0</Minute>
            </PubMedPubDate>
            <PubMedPubDate PubStatus="medline">
                <Year>2019</Year>
                <Month>3</Month>
                <Day>19</Day>
                <Hour>6</Hour>
                <Minute>1</Minute>
            </PubMedPubDate>
        </History>
        <PublicationStatus>epublish</PublicationStatus>
        <ArticleIdList>
            <ArticleId IdType="pubmed">30881033</ArticleId>
            <ArticleId IdType="doi">10.2147/OTT.S196986</ArticleId>
            <ArticleId IdType="pii">ott-12-1803</ArticleId>
            <ArticleId IdType="pmc">PMC6404682</ArticleId>
        </ArticleIdList>
    </PubmedData>
</PubmedArticle>


<PubmedArticle>
    <MedlineCitation Status="Publisher" Owner="NLM">
        <PMID Version="1">30880587</PMID>
        <DateRevised>
            <Year>2019</Year>
            <Month>03</Month>
            <Day>18</Day>
        </DateRevised>
        <Article PubModel="Print-Electronic">
            <Journal>
                <ISSN IssnType="Electronic">1557-8534</ISSN>
                <JournalIssue CitedMedium="Internet">
                    <PubDate>
                        <Year>2019</Year>
                        <Month>Mar</Month>
                        <Day>18</Day>
                    </PubDate>
                </JournalIssue>
                <Title>Stem cells and development</Title>
                <ISOAbbreviation>Stem Cells Dev.</ISOAbbreviation>
            </Journal>
            <ArticleTitle>Generation of anterior hindbrain-specific, glial-restricted progenitor-like cells from human pluripotent stem cells.</ArticleTitle>
            <ELocationID EIdType="doi" ValidYN="Y">10.1089/scd.2019.0033</ELocationID>
            <Abstract>
                <AbstractText>Engraftment of oligodendrocyte progenitor cells (OPCs), which form myelinating oligodendrocytes, has the potential to treat demyelinating diseases such as multiple sclerosis. However, conventional strategies for generating oligodendrocytes have mainly focused on direct differentiation into forebrain- or spinal cord-restricted oligodendrocytes without establishing or amplifying stem/progenitor cells. Taking advantage of a recently established culture system, we generated expandable EN1- and GBX2-positive glial-restricted progenitor-like cells (GPLCs) near the anterior hindbrain. These cells expressed PDGFR<U+03B1>, CD9, S100<U+03B2>, and SOX10, and mostly differentiated into GFAP-positive astrocytes and MBP-positive oligodendrocytes. RNA-seq analysis revealed that the transcriptome of GPLCs was similar to that of O4-positive OPCs, but distinct from that of rosette-type neural stem cells. Notably, engrafted GPLCs not only differentiated into GFAP-positive astrocytes, but also myelinated the brains of adult shiverer mice 8 weeks after transplantation. Our strategy for establishing anterior hindbrain-specific GPLCs with gliogenic potency will facilitate their use in the treatment of demyelinating diseases and studies of the molecular mechanisms underlying glial development in the hindbrain.</AbstractText>
            </Abstract>
            <AuthorList CompleteYN="Y">
                <Author ValidYN="Y">
                    <LastName>Yun</LastName>
                    <ForeName>Wonjin</ForeName>
                    <Initials>W</Initials>
                    <AffiliationInfo>
                        <Affiliation>Korea University, 34973, Laboratory of Cell Function Regulation, Department of Biotechnology, College of Life Sciences and Biotechnology, Seongbuk-gu, Korea (the Republic of) ; nexbolt@korea.ac.kr.</Affiliation>
                    </AffiliationInfo>
                </Author>
                <Author ValidYN="Y">
                    <LastName>Hong</LastName>
                    <ForeName>Wonjun</ForeName>
                    <Initials>W</Initials>
                    <AffiliationInfo>
                        <Affiliation>Korea University, 34973, Laboratory of Cell Function Regulation, Department of Biotechnology, College of Life Sciences and Biotechnology, Seongbuk-gu, Korea (the Republic of) ; hwj0430@naver.com.</Affiliation>
                    </AffiliationInfo>
                </Author>
                <Author ValidYN="Y">
                    <LastName>Son</LastName>
                    <ForeName>Daryeon</ForeName>
                    <Initials>D</Initials>
                    <AffiliationInfo>
                        <Affiliation>Korea University, 34973, Laboratory of Cell Function Regulation, Department of Biotechnology, College of Life Sciences and Biotechnology, Seongbuk-gu, Korea (the Republic of) ; Sdr0626@hanmail.net.</Affiliation>
                    </AffiliationInfo>
                </Author>
                <Author ValidYN="Y">
                    <LastName>Liu</LastName>
                    <ForeName>Hui-Wen</ForeName>
                    <Initials>HW</Initials>
                    <AffiliationInfo>
                        <Affiliation>Korea University, 34973, Laboratory of Reprogramming &amp; Differentiation, Department of Biotechnology, College of Life Science and Biotechnology, Seongbuk-gu, Korea (the Republic of) ; liuhuiwen9493@gmail.com.</Affiliation>
                    </AffiliationInfo>
                </Author>
                <Author ValidYN="Y">
                    <LastName>Kim</LastName>
                    <ForeName>Seung-Soo</ForeName>
                    <Initials>SS</Initials>
                    <AffiliationInfo>
                        <Affiliation>Korea University, 34973, Institute of Animal Molecular Biotechnology, Seongbuk-gu, Korea (the Republic of) ; kisudsoe@korea.ac.kr.</Affiliation>
                    </AffiliationInfo>
                </Author>
                <Author ValidYN="Y">
                    <LastName>Park</LastName>
                    <ForeName>Minji</ForeName>
                    <Initials>M</Initials>
                    <AffiliationInfo>
                        <Affiliation>Korea University, 34973, Laboratory of Cell Function Regulation, Department of Biotechnology, College of Life Sciences and Biotechnology, Seongbuk-gu, Korea (the Republic of) ; ichary@naver.com.</Affiliation>
                    </AffiliationInfo>
                </Author>
                <Author ValidYN="Y">
                    <LastName>Kim</LastName>
                    <ForeName>In Yong</ForeName>
                    <Initials>IY</Initials>
                    <AffiliationInfo>
                        <Affiliation>Korea University, 34973, Laboratory of Cell Function Regulation, Department of Biotechnology, College of Life Sciences and Biotechnology, Seongbuk-gu, Korea (the Republic of) ; dlsdyd98@gmail.com.</Affiliation>
                    </AffiliationInfo>
                </Author>
                <Author ValidYN="Y">
                    <LastName>Kim</LastName>
                    <ForeName>Dae-Sung</ForeName>
                    <Initials>DS</Initials>
                    <AffiliationInfo>
                        <Affiliation>Korea University, 34973, Laboratory of Reprogramming &amp; Differentiation, Department of Biotechnology, College of Life Science and Biotechnology, Seongbuk-gu, Korea (the Republic of) ; sonnet10@korea.ac.kr.</Affiliation>
                    </AffiliationInfo>
                </Author>
                <Author ValidYN="Y">
                    <LastName>Song</LastName>
                    <ForeName>Gwonhwa</ForeName>
                    <Initials>G</Initials>
                    <AffiliationInfo>
                        <Affiliation>Korea University, 34973, Department of Biotechnology, Institute of Animal Molecular Biotechnology, Seongbuk-gu, Korea (the Republic of) ; ghsong@korea.ac.kr.</Affiliation>
                    </AffiliationInfo>
                </Author>
                <Author ValidYN="Y">
                    <LastName>You</LastName>
                    <ForeName>Seungkwon</ForeName>
                    <Initials>S</Initials>
                    <AffiliationInfo>
                        <Affiliation>Korea University, The Laboratory of Cell Growth and Function Regulation, College of Life Sciences and Biotechnology , Korea University, 1, 5-ka, Anam-dong, Sungbuk-Gu, Seoul 136-701 , Seoul, Korea, Republic of , 136-701.</Affiliation>
                    </AffiliationInfo>
                    <AffiliationInfo>
                        <Affiliation>Korea, Republic of ; bioseung@korea.ac.kr.</Affiliation>
                    </AffiliationInfo>
                </Author>
            </AuthorList>
            <Language>eng</Language>
            <PublicationTypeList>
                <PublicationType UI="D016428">Journal Article</PublicationType>
            </PublicationTypeList>
            <ArticleDate DateType="Electronic">
                <Year>2019</Year>
                <Month>03</Month>
                <Day>18</Day>
            </ArticleDate>
        </Article>
        <MedlineJournalInfo>
            <Country>United States</Country>
            <MedlineTA>Stem Cells Dev</MedlineTA>
            <NlmUniqueID>101197107</NlmUniqueID>
            <ISSNLinking>1547-3287</ISSNLinking>
        </MedlineJournalInfo>
    </MedlineCitation>
    <PubmedData>
        <History>
            <PubMedPubDate PubStatus="entrez">
                <Year>2019</Year>
                <Month>3</Month>
                <Day>19</Day>
                <Hour>6</Hour>
                <Minute>0</Minute>
            </PubMedPubDate>
            <PubMedPubDate PubStatus="pubmed">
                <Year>2019</Year>
                <Month>3</Month>
                <Day>19</Day>
                <Hour>6</Hour>
                <Minute>0</Minute>
            </PubMedPubDate>
            <PubMedPubDate PubStatus="medline">
                <Year>2019</Year>
                <Month>3</Month>
                <Day>19</Day>
                <Hour>6</Hour>
                <Minute>0</Minute>
            </PubMedPubDate>
        </History>
        <PublicationStatus>aheadofprint</PublicationStatus>
        <ArticleIdList>
            <ArticleId IdType="pubmed">30880587</ArticleId>
            <ArticleId IdType="doi">10.1089/scd.2019.0033</ArticleId>
        </ArticleIdList>
    </PubmedData>
</PubmedArticle>


<PubmedArticle>
    <MedlineCitation Status="In-Process" Owner="NLM">
        <PMID Version="1">30880326</PMID>
        <DateRevised>
            <Year>2019</Year>
            <Month>03</Month>
            <Day>18</Day>
        </DateRevised>
        <Article PubModel="Electronic">
            <Journal>
                <ISSN IssnType="Electronic">1643-3750</ISSN>
                <JournalIssue CitedMedium="Internet">
                    <Volume>25</Volume>
                    <PubDate>
                        <Year>2019</Year>
                        <Month>Mar</Month>
                        <Day>18</Day>
                    </PubDate>
                </JournalIssue>
                <Title>Medical science monitor : international medical journal of experimental and clinical research</Title>
                <ISOAbbreviation>Med. Sci. Monit.</ISOAbbreviation>
            </Journal>
            <ArticleTitle>Analysis of Differentially Expressed lncRNAs and mRNAs for the Identification of Hypoxia-Regulated Angiogenic Genes in Colorectal Cancer by RNA-Seq.</ArticleTitle>
            <Pagination>
                <MedlinePgn>2009-2015</MedlinePgn>
            </Pagination>
            <ELocationID EIdType="doi" ValidYN="Y">10.12659/MSM.915179</ELocationID>
            <Abstract>
                <AbstractText>BACKGROUND Hypoxia is an important feature of solid tumors and related to a perturbed blood supply in pathophysiologies. The aim of our research was to analyze the hypoxia response and elaborate its potential functions in colorectal cancer. MATERIAL AND METHODS The lncRNAs and mRNAs expression profile were analyzed in colorectal cancer cell line SW480 by RNA sequencing, and the functions and pathways of differentially expressed genes were screened by Kyoto Encyclopedia of Genes and Genomes (KEGG) and Gene Ontology (GO) analysis. RESULTS In this study, 77 lncRNAs and 1327 mRNAs were identified as differentially expressed. We discovered several novel lncRNAs, such as RP11-126K1.2, RP3-438O4.4, LINC01119, CTB-22K21.2, RP11-798M19.6, and RP11-2B6.3, which had not been previously reported in regulation by hypoxia. KEGG and GO analyses identified that the differentially expressed changes in mRNAs were mainly related to regulation of basic metabolic processes and gene transcription processes and were involved in several classical pathways which were linked to cancer. CONCLUSIONS Taken together, the present findings elucidate a set of differentially expressed lncRNAs and mRNAs involved in the hypoxia response process of colorectal cancer, which may serve as a candidate diagnostic biomarker and help to explain the mechanism of initial event in colorectal carcinogenesis in colorectal cancer.</AbstractText>
            </Abstract>
            <AuthorList CompleteYN="Y">
                <Author ValidYN="Y">
                    <LastName>Han</LastName>
                    <ForeName>Yi</ForeName>
                    <Initials>Y</Initials>
                    <AffiliationInfo>
                        <Affiliation>Department of General Surgery, RuiJin Hospital Affiliated Shanghai Jiaotong University School of Medicine, Shanghai, China (mainland).</Affiliation>
                    </AffiliationInfo>
                </Author>
                <Author ValidYN="Y">
                    <LastName>Wang</LastName>
                    <ForeName>Xiaoyan</ForeName>
                    <Initials>X</Initials>
                    <AffiliationInfo>
                        <Affiliation>Department of General Surgery, RuiJin Hospital Affiliated Shanghai Jiaotong University School of Medicine, Shanghai, China (mainland).</Affiliation>
                    </AffiliationInfo>
                </Author>
                <Author ValidYN="Y">
                    <LastName>Mao</LastName>
                    <ForeName>Enqiang</ForeName>
                    <Initials>E</Initials>
                    <AffiliationInfo>
                        <Affiliation>Department of Emergency, RuiJin Hospital Affiliated Shanghai Jiaotong University School of Medicine, Shanghai, China (mainland).</Affiliation>
                    </AffiliationInfo>
                </Author>
                <Author ValidYN="Y">
                    <LastName>Shen</LastName>
                    <ForeName>Baiyong</ForeName>
                    <Initials>B</Initials>
                    <AffiliationInfo>
                        <Affiliation>Department of General Surgery, RuiJin Hospital Affiliated Shanghai Jiaotong University School of Medicine, Shanghai, China (mainland).</Affiliation>
                    </AffiliationInfo>
                </Author>
                <Author ValidYN="Y">
                    <LastName>Huang</LastName>
                    <ForeName>Liang</ForeName>
                    <Initials>L</Initials>
                    <AffiliationInfo>
                        <Affiliation>Department of General Surgery, RuiJin Hospital Affiliated Shanghai Jiaotong University School of Medicine, Shanghai, China (mainland).</Affiliation>
                    </AffiliationInfo>
                </Author>
            </AuthorList>
            <Language>eng</Language>
            <PublicationTypeList>
                <PublicationType UI="D016428">Journal Article</PublicationType>
            </PublicationTypeList>
            <ArticleDate DateType="Electronic">
                <Year>2019</Year>
                <Month>03</Month>
                <Day>18</Day>
            </ArticleDate>
        </Article>
        <MedlineJournalInfo>
            <Country>United States</Country>
            <MedlineTA>Med Sci Monit</MedlineTA>
            <NlmUniqueID>9609063</NlmUniqueID>
            <ISSNLinking>1234-1010</ISSNLinking>
        </MedlineJournalInfo>
    </MedlineCitation>
    <PubmedData>
        <History>
            <PubMedPubDate PubStatus="entrez">
                <Year>2019</Year>
                <Month>3</Month>
                <Day>19</Day>
                <Hour>6</Hour>
                <Minute>0</Minute>
            </PubMedPubDate>
            <PubMedPubDate PubStatus="pubmed">
                <Year>2019</Year>
                <Month>3</Month>
                <Day>19</Day>
                <Hour>6</Hour>
                <Minute>0</Minute>
            </PubMedPubDate>
            <PubMedPubDate PubStatus="medline">
                <Year>2019</Year>
                <Month>3</Month>
                <Day>19</Day>
                <Hour>6</Hour>
                <Minute>0</Minute>
            </PubMedPubDate>
        </History>
        <PublicationStatus>epublish</PublicationStatus>
        <ArticleIdList>
            <ArticleId IdType="pubmed">30880326</ArticleId>
            <ArticleId IdType="pii">915179</ArticleId>
            <ArticleId IdType="doi">10.12659/MSM.915179</ArticleId>
        </ArticleIdList>
    </PubmedData>
</PubmedArticle>


<PubmedArticle>
    <MedlineCitation Status="Publisher" Owner="NLM">
        <PMID Version="1">30880225</PMID>
        <DateRevised>
            <Year>2019</Year>
            <Month>03</Month>
            <Day>18</Day>
        </DateRevised>
        <Article PubModel="Print-Electronic">
            <Journal>
                <ISSN IssnType="Electronic">1600-0641</ISSN>
                <JournalIssue CitedMedium="Internet">
                    <PubDate>
                        <Year>2019</Year>
                        <Month>Mar</Month>
                        <Day>14</Day>
                    </PubDate>
                </JournalIssue>
                <Title>Journal of hepatology</Title>
                <ISOAbbreviation>J. Hepatol.</ISOAbbreviation>
            </Journal>
            <ArticleTitle>A comprehensive study of epigenetic alterations in hepatocellular carcinoma identifies potential therapeutic targets.</ArticleTitle>
            <ELocationID EIdType="pii" ValidYN="Y">S0168-8278(19)30148-5</ELocationID>
            <ELocationID EIdType="doi" ValidYN="Y">10.1016/j.jhep.2019.03.007</ELocationID>
            <Abstract>
                <AbstractText Label="BACKGROUND AND AIMS" NlmCategory="OBJECTIVE">A causal link has recently been established between epigenetic alterations and hepatocarcinogenesis, indicating that epigenetic inhibition may have therapeutic potential. We aimed to identify and target epigenetic modifiers that show molecular alterations in hepatocellular carcinoma (HCC).</AbstractText>
                <AbstractText Label="METHODS" NlmCategory="METHODS">We studied the molecular-clinical correlations of epigenetic modifiers including bromodomains, histone acetyltransferases, lysine methyltransferases and lysine demethylases in HCC using the Cancer Genome Atlas (TCGA) data of 365 HCC. The therapeutic potential of epigenetic inhibitors was evaluated in vitro and in vivo. RNA-Seq analysis and its correlation with expression and clinical data in the TCGA dataset were used to identify expression programs normalized by Jumonji lysine demethylases (JmjC) inhibitors.</AbstractText>
                <AbstractText Label="RESULTS" NlmCategory="RESULTS">Genetic alterations, aberrant expression, and correlation between tumor expression and poor patient prognosis of epigenetic enzymes are common events in HCC. Epigenetic inhibitors that target bromodomain (JQ-1), lysine methyltransferases (BIX-1294 and LLY-507) and JmjC KDMs (JIB-04, GSK-J4 and SD-70) reduce HCC aggressiveness. The pan-JmjC inhibitor JIB-04 had a potent antitumor effect in tumor bearing mice. HCC cells treated with JmjC inhibitors showed overlapping changes in expression programs related with inhibition of cell proliferation and induction of cell death. JmjC inhibition reverts an HCC aggressive gene expression program that is also altered in HCC patients. Several genes downregulated by JmjC inhibitors are highly expressed in tumor vs. non-tumor parenchyma, and their high expression correlates with a poor prognosis. We identified and validated a 4-gene expression prognostic signature consisting of CENPA, KIF20A, PLK1, and NCAPG.</AbstractText>
                <AbstractText Label="CONCLUSIONS" NlmCategory="CONCLUSIONS">The epigenetic alterations identified in HCC can be used for prognosis prediction and to define a sub-group of high-risk patients that potentially may benefit from JmjC inhibitor therapy.</AbstractText>
                <AbstractText Label="LAY SUMMARY" NlmCategory="UNASSIGNED">In this study, we found that mutations and changes in expression of epigenetic modifiers are common events in human HCC, leading to an aggressive gene expression program and poor clinical prognosis. The transcriptional program can be reversed by pharmacological inhibiton of Jumonji enzymes blocking HCC, providing a novel potential therapeutic strategy.</AbstractText>
                <CopyrightInformation>Copyright © 2019 European Association for the Study of the Liver. Published by Elsevier B.V. All rights reserved.</CopyrightInformation>
            </Abstract>
            <AuthorList CompleteYN="Y">
                <Author ValidYN="Y">
                    <LastName>Bayo</LastName>
                    <ForeName>Juan</ForeName>
                    <Initials>J</Initials>
                    <AffiliationInfo>
                        <Affiliation>Gene Therapy Laboratory, Instituto de Investigaciones en Medicina Traslacional, Facultad de Ciencias Biom<U+00E9>dicas, CONICET, Universidad Austral, Derqui-Pilar, Argentina.</Affiliation>
                    </AffiliationInfo>
                </Author>
                <Author ValidYN="Y">
                    <LastName>Fiore</LastName>
                    <ForeName>Esteban J</ForeName>
                    <Initials>EJ</Initials>
                    <AffiliationInfo>
                        <Affiliation>Gene Therapy Laboratory, Instituto de Investigaciones en Medicina Traslacional, Facultad de Ciencias Biom<U+00E9>dicas, CONICET, Universidad Austral, Derqui-Pilar, Argentina.</Affiliation>
                    </AffiliationInfo>
                </Author>
                <Author ValidYN="Y">
                    <LastName>Dominguez</LastName>
                    <ForeName>Luciana M</ForeName>
                    <Initials>LM</Initials>
                    <AffiliationInfo>
                        <Affiliation>Gene Therapy Laboratory, Instituto de Investigaciones en Medicina Traslacional, Facultad de Ciencias Biom<U+00E9>dicas, CONICET, Universidad Austral, Derqui-Pilar, Argentina.</Affiliation>
                    </AffiliationInfo>
                </Author>
                <Author ValidYN="Y">
                    <LastName>Real</LastName>
                    <ForeName>Alejandrina</ForeName>
                    <Initials>A</Initials>
                    <AffiliationInfo>
                        <Affiliation>Gene Therapy Laboratory, Instituto de Investigaciones en Medicina Traslacional, Facultad de Ciencias Biom<U+00E9>dicas, CONICET, Universidad Austral, Derqui-Pilar, Argentina.</Affiliation>
                    </AffiliationInfo>
                </Author>
                <Author ValidYN="Y">
                    <LastName>Malvicini</LastName>
                    <ForeName>Mariana</ForeName>
                    <Initials>M</Initials>
                    <AffiliationInfo>
                        <Affiliation>Gene Therapy Laboratory, Instituto de Investigaciones en Medicina Traslacional, Facultad de Ciencias Biom<U+00E9>dicas, CONICET, Universidad Austral, Derqui-Pilar, Argentina.</Affiliation>
                    </AffiliationInfo>
                </Author>
                <Author ValidYN="Y">
                    <LastName>Rizzo</LastName>
                    <ForeName>Manglio</ForeName>
                    <Initials>M</Initials>
                    <AffiliationInfo>
                        <Affiliation>Gene Therapy Laboratory, Instituto de Investigaciones en Medicina Traslacional, Facultad de Ciencias Biom<U+00E9>dicas, CONICET, Universidad Austral, Derqui-Pilar, Argentina.</Affiliation>
                    </AffiliationInfo>
                </Author>
                <Author ValidYN="Y">
                    <LastName>Atorrasagasti</LastName>
                    <ForeName>Catalina</ForeName>
                    <Initials>C</Initials>
                    <AffiliationInfo>
                        <Affiliation>Gene Therapy Laboratory, Instituto de Investigaciones en Medicina Traslacional, Facultad de Ciencias Biom<U+00E9>dicas, CONICET, Universidad Austral, Derqui-Pilar, Argentina.</Affiliation>
                    </AffiliationInfo>
                </Author>
                <Author ValidYN="Y">
                    <LastName>Garc<U+00ED>a</LastName>
                    <ForeName>Mariana G</ForeName>
                    <Initials>MG</Initials>
                    <AffiliationInfo>
                        <Affiliation>Gene Therapy Laboratory, Instituto de Investigaciones en Medicina Traslacional, Facultad de Ciencias Biom<U+00E9>dicas, CONICET, Universidad Austral, Derqui-Pilar, Argentina.</Affiliation>
                    </AffiliationInfo>
                </Author>
                <Author ValidYN="Y">
                    <LastName>Argemi</LastName>
                    <ForeName>Josepmaria</ForeName>
                    <Initials>J</Initials>
                    <AffiliationInfo>
                        <Affiliation>Center for Liver Diseases, Pittsburgh Research Center, University of Pittsburgh Medical Center, Pittsburgh, PA, USA.</Affiliation>
                    </AffiliationInfo>
                </Author>
                <Author ValidYN="Y">
                    <LastName>Martinez</LastName>
                    <ForeName>Elisabeth D</ForeName>
                    <Initials>ED</Initials>
                    <AffiliationInfo>
                        <Affiliation>Department of Pharmacology, UT Southwestern Medical Center, Dallas, TX, USA; Hamon Center for Therapeutic Oncology Research, UT Southwestern Medical Center, Dallas, TX, USA.</Affiliation>
                    </AffiliationInfo>
                </Author>
                <Author ValidYN="Y">
                    <LastName>Mazzolini</LastName>
                    <ForeName>Guillermo D</ForeName>
                    <Initials>GD</Initials>
                    <AffiliationInfo>
                        <Affiliation>Gene Therapy Laboratory, Instituto de Investigaciones en Medicina Traslacional, Facultad de Ciencias Biom<U+00E9>dicas, CONICET, Universidad Austral, Derqui-Pilar, Argentina; Liver Unit, Hospital Universitario Austral, Derqui-Pilar, Argentina. Electronic address: gmazzoli@austral.edu.ar.</Affiliation>
                    </AffiliationInfo>
                </Author>
            </AuthorList>
            <Language>eng</Language>
            <PublicationTypeList>
                <PublicationType UI="D016428">Journal Article</PublicationType>
            </PublicationTypeList>
            <ArticleDate DateType="Electronic">
                <Year>2019</Year>
                <Month>03</Month>
                <Day>14</Day>
            </ArticleDate>
        </Article>
        <MedlineJournalInfo>
            <Country>Netherlands</Country>
            <MedlineTA>J Hepatol</MedlineTA>
            <NlmUniqueID>8503886</NlmUniqueID>
            <ISSNLinking>0168-8278</ISSNLinking>
        </MedlineJournalInfo>
        <KeywordList Owner="NOTNLM">
            <Keyword MajorTopicYN="N">Bromodomains</Keyword>
            <Keyword MajorTopicYN="N">Epigenetic</Keyword>
            <Keyword MajorTopicYN="N">Epigenetic inhibitors</Keyword>
            <Keyword MajorTopicYN="N">Gene expression signature</Keyword>
            <Keyword MajorTopicYN="N">Histone acetyltransferases</Keyword>
            <Keyword MajorTopicYN="N">Histone demethylases</Keyword>
            <Keyword MajorTopicYN="N">Histone methyltransferases</Keyword>
            <Keyword MajorTopicYN="N">Human hepatocellular carcinoma</Keyword>
            <Keyword MajorTopicYN="N">Jumonji C demethylases</Keyword>
            <Keyword MajorTopicYN="N">Lysine demethylases</Keyword>
            <Keyword MajorTopicYN="N">Patient survival</Keyword>
        </KeywordList>
    </MedlineCitation>
    <PubmedData>
        <History>
            <PubMedPubDate PubStatus="received">
                <Year>2018</Year>
                <Month>07</Month>
                <Day>06</Day>
            </PubMedPubDate>
            <PubMedPubDate PubStatus="revised">
                <Year>2019</Year>
                <Month>02</Month>
                <Day>26</Day>
            </PubMedPubDate>
            <PubMedPubDate PubStatus="accepted">
                <Year>2019</Year>
                <Month>03</Month>
                <Day>06</Day>
            </PubMedPubDate>
            <PubMedPubDate PubStatus="entrez">
                <Year>2019</Year>
                <Month>3</Month>
                <Day>19</Day>
                <Hour>6</Hour>
                <Minute>0</Minute>
            </PubMedPubDate>
            <PubMedPubDate PubStatus="pubmed">
                <Year>2019</Year>
                <Month>3</Month>
                <Day>19</Day>
                <Hour>6</Hour>
                <Minute>0</Minute>
            </PubMedPubDate>
            <PubMedPubDate PubStatus="medline">
                <Year>2019</Year>
                <Month>3</Month>
                <Day>19</Day>
                <Hour>6</Hour>
                <Minute>0</Minute>
            </PubMedPubDate>
        </History>
        <PublicationStatus>aheadofprint</PublicationStatus>
        <ArticleIdList>
            <ArticleId IdType="pubmed">30880225</ArticleId>
            <ArticleId IdType="pii">S0168-8278(19)30148-5</ArticleId>
            <ArticleId IdType="doi">10.1016/j.jhep.2019.03.007</ArticleId>
        </ArticleIdList>
    </PubmedData>
</PubmedArticle>


<PubmedArticle>
    <MedlineCitation Status="Publisher" Owner="NLM">
        <PMID Version="1">30879920</PMID>
        <DateRevised>
            <Year>2019</Year>
            <Month>03</Month>
            <Day>18</Day>
        </DateRevised>
        <Article PubModel="Print-Electronic">
            <Journal>
                <ISSN IssnType="Electronic">2352-3964</ISSN>
                <JournalIssue CitedMedium="Internet">
                    <PubDate>
                        <Year>2019</Year>
                        <Month>Mar</Month>
                        <Day>14</Day>
                    </PubDate>
                </JournalIssue>
                <Title>EBioMedicine</Title>
                <ISOAbbreviation>EBioMedicine</ISOAbbreviation>
            </Journal>
            <ArticleTitle>Arid1a regulates insulin sensitivity and lipid metabolism.</ArticleTitle>
            <ELocationID EIdType="pii" ValidYN="Y">S2352-3964(19)30161-6</ELocationID>
            <ELocationID EIdType="doi" ValidYN="Y">10.1016/j.ebiom.2019.03.021</ELocationID>
            <Abstract>
                <AbstractText Label="BACKGROUND" NlmCategory="BACKGROUND">Although significant progress has been made in understanding the mechanisms of steatosis and insulin resistance, the physiological functions of the epigenetic regulators in these processes remain largely elusive.</AbstractText>
                <AbstractText Label="METHODS" NlmCategory="METHODS">Hepatocyte-specific Arid1a knockout mice were administrated with high-fat diet (HFD) for 12<U+202F>weeks, then insulin sensitivity was assessed by glucose tolerance test (GTT) and insulin tolerance test (ITT). The metabolism-related indicators were determined by employing a variety of biological methods, including histology, real-time PCR, enzyme-linked immunosorbent assay (ELISA), Western blotting assay, Chromatin immunoprecipitation (ChIP), RNA-seq and assay for Transposase-Accessible Chromatin with high-throughput sequencing (ATAC-seq).</AbstractText>
                <AbstractText Label="FINDINGS" NlmCategory="RESULTS">Hepatocyte-specific Arid1a deletion significantly increases susceptibility to develop hepatic steatosis, insulin resistance and inflammation in mice fed a HFD. In vitro, Arid1a deletion in isolated hepatocytes directly leads to free fatty acid-induced lipid accumulation and insulin resistance. Mechanically, Arid1a deficiency impairs fatty acid oxidation by downregulating PPAR<U+03B1> and altering the epigenetic landscape of some metabolism genes.</AbstractText>
                <AbstractText Label="INTERPRETATION" NlmCategory="CONCLUSIONS">These findings reveal that targeting Arid1a might be a promising therapeutic strategy for liver steatosis and insulin resistance. FUND: This work was supported by National Natural Science Foundation of China (81672772 and 81472621), China National Science and Technology Major Project for Prevention and Treatment of Infectious Diseases (No.2017ZX 10203207) and National Program on Key Research Project of China (grant no. 2016YFC0902701).</AbstractText>
                <CopyrightInformation>Copyright © 2019. Published by Elsevier B.V.</CopyrightInformation>
            </Abstract>
            <AuthorList CompleteYN="Y">
                <Author ValidYN="Y">
                    <LastName>Qu</LastName>
                    <ForeName>Yu-Lan</ForeName>
                    <Initials>YL</Initials>
                    <AffiliationInfo>
                        <Affiliation>Key Laboratory of Systems Biomedicine (Ministry of Education), Shanghai Center for Systems Biomedicine, Shanghai Jiao Tong University, Shanghai 200240, China.</Affiliation>
                    </AffiliationInfo>
                </Author>
                <Author ValidYN="Y">
                    <LastName>Deng</LastName>
                    <ForeName>Chuan-Huai</ForeName>
                    <Initials>CH</Initials>
                    <AffiliationInfo>
                        <Affiliation>Key Laboratory of Systems Biomedicine (Ministry of Education), Shanghai Center for Systems Biomedicine, Shanghai Jiao Tong University, Shanghai 200240, China.</Affiliation>
                    </AffiliationInfo>
                </Author>
                <Author ValidYN="Y">
                    <LastName>Luo</LastName>
                    <ForeName>Qing</ForeName>
                    <Initials>Q</Initials>
                    <AffiliationInfo>
                        <Affiliation>Key Laboratory of Systems Biomedicine (Ministry of Education), Shanghai Center for Systems Biomedicine, Shanghai Jiao Tong University, Shanghai 200240, China.</Affiliation>
                    </AffiliationInfo>
                </Author>
                <Author ValidYN="Y">
                    <LastName>Shang</LastName>
                    <ForeName>Xue-Ying</ForeName>
                    <Initials>XY</Initials>
                    <AffiliationInfo>
                        <Affiliation>Key Laboratory of Systems Biomedicine (Ministry of Education), Shanghai Center for Systems Biomedicine, Shanghai Jiao Tong University, Shanghai 200240, China.</Affiliation>
                    </AffiliationInfo>
                </Author>
                <Author ValidYN="Y">
                    <LastName>Wu</LastName>
                    <ForeName>Jiao-Xiang</ForeName>
                    <Initials>JX</Initials>
                    <AffiliationInfo>
                        <Affiliation>Key Laboratory of Systems Biomedicine (Ministry of Education), Shanghai Center for Systems Biomedicine, Shanghai Jiao Tong University, Shanghai 200240, China; Collaborative Innovation Center of Systems Biomedicine of Rui-Jin Hospital, Shanghai Jiao Tong University School of Medicine, Shanghai, China.</Affiliation>
                    </AffiliationInfo>
                </Author>
                <Author ValidYN="Y">
                    <LastName>Shi</LastName>
                    <ForeName>Yi</ForeName>
                    <Initials>Y</Initials>
                    <AffiliationInfo>
                        <Affiliation>Key Laboratory of Systems Biomedicine (Ministry of Education), Shanghai Center for Systems Biomedicine, Shanghai Jiao Tong University, Shanghai 200240, China.</Affiliation>
                    </AffiliationInfo>
                </Author>
                <Author ValidYN="Y">
                    <LastName>Wang</LastName>
                    <ForeName>Lan</ForeName>
                    <Initials>L</Initials>
                    <AffiliationInfo>
                        <Affiliation>Key Laboratory of Systems Biomedicine (Ministry of Education), Shanghai Center for Systems Biomedicine, Shanghai Jiao Tong University, Shanghai 200240, China.</Affiliation>
                    </AffiliationInfo>
                </Author>
                <Author ValidYN="Y">
                    <LastName>Han</LastName>
                    <ForeName>Ze-Guang</ForeName>
                    <Initials>ZG</Initials>
                    <AffiliationInfo>
                        <Affiliation>Key Laboratory of Systems Biomedicine (Ministry of Education), Shanghai Center for Systems Biomedicine, Shanghai Jiao Tong University, Shanghai 200240, China. Electronic address: hanzg@sjtu.edu.cn.</Affiliation>
                    </AffiliationInfo>
                </Author>
            </AuthorList>
            <Language>eng</Language>
            <PublicationTypeList>
                <PublicationType UI="D016428">Journal Article</PublicationType>
            </PublicationTypeList>
            <ArticleDate DateType="Electronic">
                <Year>2019</Year>
                <Month>03</Month>
                <Day>14</Day>
            </ArticleDate>
        </Article>
        <MedlineJournalInfo>
            <Country>Netherlands</Country>
            <MedlineTA>EBioMedicine</MedlineTA>
            <NlmUniqueID>101647039</NlmUniqueID>
            <ISSNLinking>2352-3964</ISSNLinking>
        </MedlineJournalInfo>
        <KeywordList Owner="NOTNLM">
            <Keyword MajorTopicYN="N">Arid1a</Keyword>
            <Keyword MajorTopicYN="N">Fatty acid oxidation</Keyword>
            <Keyword MajorTopicYN="N">Insulin resistance</Keyword>
            <Keyword MajorTopicYN="N">PPAR<U+03B1></Keyword>
            <Keyword MajorTopicYN="N">Steatosis</Keyword>
        </KeywordList>
    </MedlineCitation>
    <PubmedData>
        <History>
            <PubMedPubDate PubStatus="received">
                <Year>2019</Year>
                <Month>01</Month>
                <Day>16</Day>
            </PubMedPubDate>
            <PubMedPubDate PubStatus="revised">
                <Year>2019</Year>
                <Month>02</Month>
                <Day>27</Day>
            </PubMedPubDate>
            <PubMedPubDate PubStatus="accepted">
                <Year>2019</Year>
                <Month>03</Month>
                <Day>08</Day>
            </PubMedPubDate>
            <PubMedPubDate PubStatus="entrez">
                <Year>2019</Year>
                <Month>3</Month>
                <Day>19</Day>
                <Hour>6</Hour>
                <Minute>0</Minute>
            </PubMedPubDate>
            <PubMedPubDate PubStatus="pubmed">
                <Year>2019</Year>
                <Month>3</Month>
                <Day>19</Day>
                <Hour>6</Hour>
                <Minute>0</Minute>
            </PubMedPubDate>
            <PubMedPubDate PubStatus="medline">
                <Year>2019</Year>
                <Month>3</Month>
                <Day>19</Day>
                <Hour>6</Hour>
                <Minute>0</Minute>
            </PubMedPubDate>
        </History>
        <PublicationStatus>aheadofprint</PublicationStatus>
        <ArticleIdList>
            <ArticleId IdType="pubmed">30879920</ArticleId>
            <ArticleId IdType="pii">S2352-3964(19)30161-6</ArticleId>
            <ArticleId IdType="doi">10.1016/j.ebiom.2019.03.021</ArticleId>
        </ArticleIdList>
    </PubmedData>
</PubmedArticle>


<PubmedArticle>
    <MedlineCitation Status="Publisher" Owner="NLM">
        <PMID Version="1">30878879</PMID>
        <DateRevised>
            <Year>2019</Year>
            <Month>03</Month>
            <Day>19</Day>
        </DateRevised>
        <Article PubModel="Print-Electronic">
            <Journal>
                <ISSN IssnType="Electronic">2589-0042</ISSN>
                <JournalIssue CitedMedium="Internet">
                    <Volume>13</Volume>
                    <PubDate>
                        <Year>2019</Year>
                        <Month>Mar</Month>
                        <Day>02</Day>
                    </PubDate>
                </JournalIssue>
                <Title>iScience</Title>
                <ISOAbbreviation>iScience</ISOAbbreviation>
            </Journal>
            <ArticleTitle>Functional Heterogeneity of Mouse Prostate Stromal Cells Revealed by Single-Cell RNA-Seq.</ArticleTitle>
            <Pagination>
                <MedlinePgn>328-338</MedlinePgn>
            </Pagination>
            <ELocationID EIdType="pii" ValidYN="Y">S2589-0042(19)30066-5</ELocationID>
            <ELocationID EIdType="doi" ValidYN="Y">10.1016/j.isci.2019.02.032</ELocationID>
            <Abstract>
                <AbstractText>We perform a single-cell RNA sequencing analysis to investigate the phenotypic and functional heterogeneity of the adult mouse prostate stromal cells. Our analysis identifies three major cell populations representing the smooth muscle cells and two types of fibroblast cells enriched by Sca-1 and CD90. The Sca-1<sup>+</sup>CD90<sup>+</sup> fibroblast cells are in direct contact with the epithelial cells and express growth factors and genes associated with cell motility, developmental process, and androgen biosynthesis. This suggests that they may regulate epithelial cell survival and growth. The Sca-1<sup>+</sup>CD90<sup>-/low</sup> myofibroblast-like cells highly express genes associated with the extracellular matrix and cytokine-mediated signaling pathways, indicating a role in tissue repair and immune responses. The Sca-1<sup>+</sup>CD90<sup>-/low</sup> cells significantly suppress the capacity of the basal cells for bipotent differentiation in the prostate organoid assay. Collectively, we identify the surface markers enabling physical separation of stromal subpopulations and generate the gene expression profiles implying their cellular functions.</AbstractText>
                <CopyrightInformation>Copyright © 2019 The Author(s). Published by Elsevier Inc. All rights reserved.</CopyrightInformation>
            </Abstract>
            <AuthorList CompleteYN="Y">
                <Author ValidYN="Y">
                    <LastName>Kwon</LastName>
                    <ForeName>Oh-Joon</ForeName>
                    <Initials>OJ</Initials>
                    <AffiliationInfo>
                        <Affiliation>Department of Molecular and Cellular Biology, Baylor College of Medicine, Houston, TX, USA; Department of Urology, University of Washington, 850 Republican Street, Seattle, WA 98109, USA.</Affiliation>
                    </AffiliationInfo>
                </Author>
                <Author ValidYN="Y">
                    <LastName>Zhang</LastName>
                    <ForeName>Yiqun</ForeName>
                    <Initials>Y</Initials>
                    <AffiliationInfo>
                        <Affiliation>Dan L. Duncan Comprehensive Cancer Center, Baylor College of Medicine, Houston, TX, USA.</Affiliation>
                    </AffiliationInfo>
                </Author>
                <Author ValidYN="Y">
                    <LastName>Li</LastName>
                    <ForeName>Yumei</ForeName>
                    <Initials>Y</Initials>
                    <AffiliationInfo>
                        <Affiliation>Department of Molecular and Human Genetics, Baylor College of Medicine, Houston, TX, USA.</Affiliation>
                    </AffiliationInfo>
                </Author>
                <Author ValidYN="Y">
                    <LastName>Wei</LastName>
                    <ForeName>Xing</ForeName>
                    <Initials>X</Initials>
                    <AffiliationInfo>
                        <Affiliation>Department of Molecular and Cellular Biology, Baylor College of Medicine, Houston, TX, USA; Graduate Program in Integrative Molecular and Biomedical Sciences, Baylor College of Medicine, Houston, TX, USA; Department of Urology, University of Washington, 850 Republican Street, Seattle, WA 98109, USA.</Affiliation>
                    </AffiliationInfo>
                </Author>
                <Author ValidYN="Y">
                    <LastName>Zhang</LastName>
                    <ForeName>Li</ForeName>
                    <Initials>L</Initials>
                    <AffiliationInfo>
                        <Affiliation>Department of Urology, University of Washington, 850 Republican Street, Seattle, WA 98109, USA.</Affiliation>
                    </AffiliationInfo>
                </Author>
                <Author ValidYN="Y">
                    <LastName>Chen</LastName>
                    <ForeName>Rui</ForeName>
                    <Initials>R</Initials>
                    <AffiliationInfo>
                        <Affiliation>Department of Molecular and Human Genetics, Baylor College of Medicine, Houston, TX, USA.</Affiliation>
                    </AffiliationInfo>
                </Author>
                <Author ValidYN="Y">
                    <LastName>Creighton</LastName>
                    <ForeName>Chad J</ForeName>
                    <Initials>CJ</Initials>
                    <AffiliationInfo>
                        <Affiliation>Dan L. Duncan Comprehensive Cancer Center, Baylor College of Medicine, Houston, TX, USA; Department of Medicine, Baylor College of Medicine, Houston, TX, USA.</Affiliation>
                    </AffiliationInfo>
                </Author>
                <Author ValidYN="Y">
                    <LastName>Xin</LastName>
                    <ForeName>Li</ForeName>
                    <Initials>L</Initials>
                    <AffiliationInfo>
                        <Affiliation>Department of Molecular and Cellular Biology, Baylor College of Medicine, Houston, TX, USA; Dan L. Duncan Comprehensive Cancer Center, Baylor College of Medicine, Houston, TX, USA; Department of Urology, University of Washington, 850 Republican Street, Seattle, WA 98109, USA; Institute of Stem Cell and Regenerative Medicine, University of Washington, Seattle, WA, USA. Electronic address: xin18@uw.edu.</Affiliation>
                    </AffiliationInfo>
                </Author>
            </AuthorList>
            <Language>eng</Language>
            <PublicationTypeList>
                <PublicationType UI="D016428">Journal Article</PublicationType>
            </PublicationTypeList>
            <ArticleDate DateType="Electronic">
                <Year>2019</Year>
                <Month>03</Month>
                <Day>02</Day>
            </ArticleDate>
        </Article>
        <MedlineJournalInfo>
            <Country>United States</Country>
            <MedlineTA>iScience</MedlineTA>
            <NlmUniqueID>101724038</NlmUniqueID>
            <ISSNLinking>2589-0042</ISSNLinking>
        </MedlineJournalInfo>
        <KeywordList Owner="NOTNLM">
            <Keyword MajorTopicYN="N">Biological Sciences</Keyword>
            <Keyword MajorTopicYN="N">Cell Biology</Keyword>
            <Keyword MajorTopicYN="N">Integrative Aspects of Cell Biology</Keyword>
            <Keyword MajorTopicYN="N">Molecular Biology</Keyword>
        </KeywordList>
    </MedlineCitation>
    <PubmedData>
        <History>
            <PubMedPubDate PubStatus="received">
                <Year>2018</Year>
                <Month>09</Month>
                <Day>19</Day>
            </PubMedPubDate>
            <PubMedPubDate PubStatus="revised">
                <Year>2019</Year>
                <Month>01</Month>
                <Day>23</Day>
            </PubMedPubDate>
            <PubMedPubDate PubStatus="accepted">
                <Year>2019</Year>
                <Month>02</Month>
                <Day>27</Day>
            </PubMedPubDate>
            <PubMedPubDate PubStatus="pubmed">
                <Year>2019</Year>
                <Month>3</Month>
                <Day>18</Day>
                <Hour>6</Hour>
                <Minute>0</Minute>
            </PubMedPubDate>
            <PubMedPubDate PubStatus="medline">
                <Year>2019</Year>
                <Month>3</Month>
                <Day>18</Day>
                <Hour>6</Hour>
                <Minute>0</Minute>
            </PubMedPubDate>
            <PubMedPubDate PubStatus="entrez">
                <Year>2019</Year>
                <Month>3</Month>
                <Day>18</Day>
                <Hour>6</Hour>
                <Minute>0</Minute>
            </PubMedPubDate>
        </History>
        <PublicationStatus>aheadofprint</PublicationStatus>
        <ArticleIdList>
            <ArticleId IdType="pubmed">30878879</ArticleId>
            <ArticleId IdType="pii">S2589-0042(19)30066-5</ArticleId>
            <ArticleId IdType="doi">10.1016/j.isci.2019.02.032</ArticleId>
        </ArticleIdList>
    </PubmedData>
</PubmedArticle>


<PubmedArticle>
    <MedlineCitation Status="Publisher" Owner="NLM">
        <PMID Version="1">30878693</PMID>
        <DateRevised>
            <Year>2019</Year>
            <Month>03</Month>
            <Day>19</Day>
        </DateRevised>
        <Article PubModel="Print-Electronic">
            <Journal>
                <ISSN IssnType="Electronic">1879-3231</ISSN>
                <JournalIssue CitedMedium="Internet">
                    <Volume>130</Volume>
                    <PubDate>
                        <Year>2019</Year>
                        <Month>Mar</Month>
                        <Day>07</Day>
                    </PubDate>
                </JournalIssue>
                <Title>Theriogenology</Title>
                <ISOAbbreviation>Theriogenology</ISOAbbreviation>
            </Journal>
            <ArticleTitle>MiRNA profiling of plasma-derived exosomes from dairy cows during gestation.</ArticleTitle>
            <Pagination>
                <MedlinePgn>89-98</MedlinePgn>
            </Pagination>
            <ELocationID EIdType="pii" ValidYN="Y">S0093-691X(18)30475-8</ELocationID>
            <ELocationID EIdType="doi" ValidYN="Y">10.1016/j.theriogenology.2019.03.001</ELocationID>
            <Abstract>
                <AbstractText>Exosomes, one kind of extracellular vesicles, are released under abnormal and normal physiological conditions. An understanding of plasma-derived exosomal microRNA (miRNA) profiles during pregnancy will significantly contribute to knowledge of maternal-fetal communication in ruminants. In this study, we isolated plasma-derived exosomes from dairy cows during early (<U+223C>60 days, gestational day (G_D) 60), mid (<U+223C>150 days, G_D 150) and late (<U+223C>240 days, G_D 240) pregnancy. Exosomal miRNA profiles were revealed using RNA sequencing technology, and the abundance of exosomal miRNAs between each stage were compared. In the G_D150 vs. G_D60, G_D240 vs. G_D60 and G_D240 vs. G_D150stages, there were 23, 32 and 29 miRNAs, respectively, significantly differentially enriched. Significant annotations for protein binding and transport- or immunoregulatory-related categories or pathways were found for the predicted target genes of these miRNAs. In addition, we further identified specific exosomal miRNAs for each pregnancy stage, including the following: bta-miR-499, bta-miR-16a, bta-miR-20a, bta-miR-223, and bta-miR-128 in the G_D60 stage; bta-miR-493, bta-miR-127, and bta-miR-143 in the G_D150 stage; and bta-miR-122, bta-miR-182, bta-miR-183, bta-miR-200b, and bta-miR-200c in the G_D240 stage. Our findings provide new insight into maternal-fetal communication during pregnancy. Future studies will use these data to identify and characterize specific exosomal miRNA regulatory mechanisms in the maternal-fetal immune response.</AbstractText>
                <CopyrightInformation>Copyright © 2019 Elsevier Inc. All rights reserved.</CopyrightInformation>
            </Abstract>
            <AuthorList CompleteYN="Y">
                <Author ValidYN="Y">
                    <LastName>Zhao</LastName>
                    <ForeName>Gan</ForeName>
                    <Initials>G</Initials>
                    <AffiliationInfo>
                        <Affiliation>Department of Clinical Veterinary Medicine, College of Veterinary Medicine, Huazhong Agricultural University, Wuhan, 430070, People's Republic of China.</Affiliation>
                    </AffiliationInfo>
                </Author>
                <Author ValidYN="Y">
                    <LastName>Guo</LastName>
                    <ForeName>Shuai</ForeName>
                    <Initials>S</Initials>
                    <AffiliationInfo>
                        <Affiliation>Department of Clinical Veterinary Medicine, College of Veterinary Medicine, Huazhong Agricultural University, Wuhan, 430070, People's Republic of China.</Affiliation>
                    </AffiliationInfo>
                </Author>
                <Author ValidYN="Y">
                    <LastName>Jiang</LastName>
                    <ForeName>Kangfeng</ForeName>
                    <Initials>K</Initials>
                    <AffiliationInfo>
                        <Affiliation>Department of Clinical Veterinary Medicine, College of Veterinary Medicine, Huazhong Agricultural University, Wuhan, 430070, People's Republic of China.</Affiliation>
                    </AffiliationInfo>
                </Author>
                <Author ValidYN="Y">
                    <LastName>Zhang</LastName>
                    <ForeName>Tao</ForeName>
                    <Initials>T</Initials>
                    <AffiliationInfo>
                        <Affiliation>Department of Clinical Veterinary Medicine, College of Veterinary Medicine, Huazhong Agricultural University, Wuhan, 430070, People's Republic of China.</Affiliation>
                    </AffiliationInfo>
                </Author>
                <Author ValidYN="Y">
                    <LastName>Wu</LastName>
                    <ForeName>Haichong</ForeName>
                    <Initials>H</Initials>
                    <AffiliationInfo>
                        <Affiliation>Department of Clinical Veterinary Medicine, College of Veterinary Medicine, Huazhong Agricultural University, Wuhan, 430070, People's Republic of China.</Affiliation>
                    </AffiliationInfo>
                </Author>
                <Author ValidYN="Y">
                    <LastName>Qiu</LastName>
                    <ForeName>Changwei</ForeName>
                    <Initials>C</Initials>
                    <AffiliationInfo>
                        <Affiliation>Department of Clinical Veterinary Medicine, College of Veterinary Medicine, Huazhong Agricultural University, Wuhan, 430070, People's Republic of China.</Affiliation>
                    </AffiliationInfo>
                </Author>
                <Author ValidYN="Y">
                    <LastName>Deng</LastName>
                    <ForeName>Ganzhen</ForeName>
                    <Initials>G</Initials>
                    <AffiliationInfo>
                        <Affiliation>Department of Clinical Veterinary Medicine, College of Veterinary Medicine, Huazhong Agricultural University, Wuhan, 430070, People's Republic of China. Electronic address: ganzhendeng@sohu.com.</Affiliation>
                    </AffiliationInfo>
                </Author>
            </AuthorList>
            <Language>eng</Language>
            <PublicationTypeList>
                <PublicationType UI="D016428">Journal Article</PublicationType>
            </PublicationTypeList>
            <ArticleDate DateType="Electronic">
                <Year>2019</Year>
                <Month>03</Month>
                <Day>07</Day>
            </ArticleDate>
        </Article>
        <MedlineJournalInfo>
            <Country>United States</Country>
            <MedlineTA>Theriogenology</MedlineTA>
            <NlmUniqueID>0421510</NlmUniqueID>
            <ISSNLinking>0093-691X</ISSNLinking>
        </MedlineJournalInfo>
        <KeywordList Owner="NOTNLM">
            <Keyword MajorTopicYN="N">Exosomes</Keyword>
            <Keyword MajorTopicYN="N">Pregnancy</Keyword>
            <Keyword MajorTopicYN="N">RNA-seq</Keyword>
            <Keyword MajorTopicYN="N">miRNAs</Keyword>
        </KeywordList>
    </MedlineCitation>
    <PubmedData>
        <History>
            <PubMedPubDate PubStatus="received">
                <Year>2018</Year>
                <Month>07</Month>
                <Day>10</Day>
            </PubMedPubDate>
            <PubMedPubDate PubStatus="revised">
                <Year>2019</Year>
                <Month>02</Month>
                <Day>27</Day>
            </PubMedPubDate>
            <PubMedPubDate PubStatus="accepted">
                <Year>2019</Year>
                <Month>03</Month>
                <Day>03</Day>
            </PubMedPubDate>
            <PubMedPubDate PubStatus="pubmed">
                <Year>2019</Year>
                <Month>3</Month>
                <Day>18</Day>
                <Hour>6</Hour>
                <Minute>0</Minute>
            </PubMedPubDate>
            <PubMedPubDate PubStatus="medline">
                <Year>2019</Year>
                <Month>3</Month>
                <Day>18</Day>
                <Hour>6</Hour>
                <Minute>0</Minute>
            </PubMedPubDate>
            <PubMedPubDate PubStatus="entrez">
                <Year>2019</Year>
                <Month>3</Month>
                <Day>18</Day>
                <Hour>6</Hour>
                <Minute>0</Minute>
            </PubMedPubDate>
        </History>
        <PublicationStatus>aheadofprint</PublicationStatus>
        <ArticleIdList>
            <ArticleId IdType="pubmed">30878693</ArticleId>
            <ArticleId IdType="pii">S0093-691X(18)30475-8</ArticleId>
            <ArticleId IdType="doi">10.1016/j.theriogenology.2019.03.001</ArticleId>
        </ArticleIdList>
    </PubmedData>
</PubmedArticle>


<PubmedArticle>
    <MedlineCitation Status="Publisher" Owner="NLM">
        <PMID Version="1">30878619</PMID>
        <DateRevised>
            <Year>2019</Year>
            <Month>03</Month>
            <Day>19</Day>
        </DateRevised>
        <Article PubModel="Print-Electronic">
            <Journal>
                <ISSN IssnType="Electronic">1096-1208</ISSN>
                <JournalIssue CitedMedium="Internet">
                    <Volume>130</Volume>
                    <PubDate>
                        <Year>2019</Year>
                        <Month>Mar</Month>
                        <Day>13</Day>
                    </PubDate>
                </JournalIssue>
                <Title>Microbial pathogenesis</Title>
                <ISOAbbreviation>Microb. Pathog.</ISOAbbreviation>
            </Journal>
            <ArticleTitle>RNA-seq analysis of different inflammatory reactions induced by lipopolysaccharide and lipoteichoic acid in bovine mammary epithelial cells.</ArticleTitle>
            <Pagination>
                <MedlinePgn>169-177</MedlinePgn>
            </Pagination>
            <ELocationID EIdType="pii" ValidYN="Y">S0882-4010(18)31221-X</ELocationID>
            <ELocationID EIdType="doi" ValidYN="Y">10.1016/j.micpath.2019.03.015</ELocationID>
            <Abstract>
                <AbstractText>Lipopolysaccharide (LPS) and lipoteichoic acid (LTA) are key virulence factors of Escherichia coli and Staphylococcus aureus respectively, and both of them could cause inflammatory reaction in bovine mammary glands. In this study, we used bovine mammary epithelial cells (BMECs) as pattern recognition receptors and stimulated them with LPS or LTA to investigate the global transcriptional response variations of BMECs to these two different virulent factors through RNA-Seq analysis. We found 100 differentially expressed genes (DEGs) with 95 up-regulated and 5 down-regulated genes in LPS-treated group, whereas 24 DEGs with 12 up-regulated and 12 down-regulated genes in LTA-treated group compared to control. Although the number and expression changes of DEGs are significantly different between LPS vs Control and LTA vs Control, KEGG pathway enrichment analysis showed the majorities of DEGs in each pair were enriched on cytokine-cytokine receptor interaction, NF-<U+03BA>B signaling pathway, and NOD-like receptor signaling pathway, especially cytokines and chemokines. These results provided a comprehensive analysis of gene expression profiles elicited by LPS and LTA in BMECs, contributing to the understanding of early &quot;pathogen-host&quot; interactions during intramammary infections.</AbstractText>
                <CopyrightInformation>Copyright © 2019 Elsevier Ltd. All rights reserved.</CopyrightInformation>
            </Abstract>
            <AuthorList CompleteYN="Y">
                <Author ValidYN="Y">
                    <LastName>Xu</LastName>
                    <ForeName>Tong</ForeName>
                    <Initials>T</Initials>
                    <AffiliationInfo>
                        <Affiliation>College of Veterinary Medicine, Northwest A&amp;F University, Yangling, 712100, Shaanxi, China.</Affiliation>
                    </AffiliationInfo>
                </Author>
                <Author ValidYN="Y">
                    <LastName>Deng</LastName>
                    <ForeName>Ruizhi</ForeName>
                    <Initials>R</Initials>
                    <AffiliationInfo>
                        <Affiliation>College of Veterinary Medicine, Northwest A&amp;F University, Yangling, 712100, Shaanxi, China.</Affiliation>
                    </AffiliationInfo>
                </Author>
                <Author ValidYN="Y">
                    <LastName>Li</LastName>
                    <ForeName>Xuezhong</ForeName>
                    <Initials>X</Initials>
                    <AffiliationInfo>
                        <Affiliation>College of Veterinary Medicine, Northwest A&amp;F University, Yangling, 712100, Shaanxi, China.</Affiliation>
                    </AffiliationInfo>
                </Author>
                <Author ValidYN="Y">
                    <LastName>Zhang</LastName>
                    <ForeName>Yong</ForeName>
                    <Initials>Y</Initials>
                    <AffiliationInfo>
                        <Affiliation>College of Veterinary Medicine, Northwest A&amp;F University, Yangling, 712100, Shaanxi, China; Key Laboratory of Animal Biotechnology, Ministry of Agriculture, Northwest A&amp;F University, Yangling, 712100, Shaanxi, China. Electronic address: zhangyong1956@nwafu.edu.cn.</Affiliation>
                    </AffiliationInfo>
                </Author>
                <Author ValidYN="Y">
                    <LastName>Gao</LastName>
                    <ForeName>Ming-Qing</ForeName>
                    <Initials>MQ</Initials>
                    <AffiliationInfo>
                        <Affiliation>College of Veterinary Medicine, Northwest A&amp;F University, Yangling, 712100, Shaanxi, China; Key Laboratory of Animal Biotechnology, Ministry of Agriculture, Northwest A&amp;F University, Yangling, 712100, Shaanxi, China. Electronic address: gaomingqing@nwafu.edu.cn.</Affiliation>
                    </AffiliationInfo>
                </Author>
            </AuthorList>
            <Language>eng</Language>
            <PublicationTypeList>
                <PublicationType UI="D016428">Journal Article</PublicationType>
            </PublicationTypeList>
            <ArticleDate DateType="Electronic">
                <Year>2019</Year>
                <Month>03</Month>
                <Day>13</Day>
            </ArticleDate>
        </Article>
        <MedlineJournalInfo>
            <Country>England</Country>
            <MedlineTA>Microb Pathog</MedlineTA>
            <NlmUniqueID>8606191</NlmUniqueID>
            <ISSNLinking>0882-4010</ISSNLinking>
        </MedlineJournalInfo>
        <KeywordList Owner="NOTNLM">
            <Keyword MajorTopicYN="N">Bovine mammary epithelial cells</Keyword>
            <Keyword MajorTopicYN="N">Bovine mastitis</Keyword>
            <Keyword MajorTopicYN="N">Lipopolysaccharide</Keyword>
            <Keyword MajorTopicYN="N">Lipoteichoic acid</Keyword>
            <Keyword MajorTopicYN="N">RNA-Seq</Keyword>
        </KeywordList>
    </MedlineCitation>
    <PubmedData>
        <History>
            <PubMedPubDate PubStatus="received">
                <Year>2018</Year>
                <Month>07</Month>
                <Day>06</Day>
            </PubMedPubDate>
            <PubMedPubDate PubStatus="revised">
                <Year>2019</Year>
                <Month>01</Month>
                <Day>02</Day>
            </PubMedPubDate>
            <PubMedPubDate PubStatus="accepted">
                <Year>2019</Year>
                <Month>03</Month>
                <Day>11</Day>
            </PubMedPubDate>
            <PubMedPubDate PubStatus="pubmed">
                <Year>2019</Year>
                <Month>3</Month>
                <Day>18</Day>
                <Hour>6</Hour>
                <Minute>0</Minute>
            </PubMedPubDate>
            <PubMedPubDate PubStatus="medline">
                <Year>2019</Year>
                <Month>3</Month>
                <Day>18</Day>
                <Hour>6</Hour>
                <Minute>0</Minute>
            </PubMedPubDate>
            <PubMedPubDate PubStatus="entrez">
                <Year>2019</Year>
                <Month>3</Month>
                <Day>18</Day>
                <Hour>6</Hour>
                <Minute>0</Minute>
            </PubMedPubDate>
        </History>
        <PublicationStatus>aheadofprint</PublicationStatus>
        <ArticleIdList>
            <ArticleId IdType="pubmed">30878619</ArticleId>
            <ArticleId IdType="pii">S0882-4010(18)31221-X</ArticleId>
            <ArticleId IdType="doi">10.1016/j.micpath.2019.03.015</ArticleId>
        </ArticleIdList>
    </PubmedData>
</PubmedArticle>


<PubmedArticle>
    <MedlineCitation Status="In-Data-Review" Owner="NLM">
        <PMID Version="1">30877668</PMID>
        <DateRevised>
            <Year>2019</Year>
            <Month>03</Month>
            <Day>16</Day>
        </DateRevised>
        <Article PubModel="Print">
            <Journal>
                <ISSN IssnType="Electronic">1940-6029</ISSN>
                <JournalIssue CitedMedium="Internet">
                    <Volume>1969</Volume>
                    <PubDate>
                        <Year>2019</Year>
                    </PubDate>
                </JournalIssue>
                <Title>Methods in molecular biology (Clifton, N.J.)</Title>
                <ISOAbbreviation>Methods Mol. Biol.</ISOAbbreviation>
            </Journal>
            <ArticleTitle>Investigating RNA-Protein Interactions in Neisseria meningitidis by RIP-Seq Analysis.</ArticleTitle>
            <Pagination>
                <MedlinePgn>33-49</MedlinePgn>
            </Pagination>
            <ELocationID EIdType="doi" ValidYN="Y">10.1007/978-1-4939-9202-7_3</ELocationID>
            <Abstract>
                <AbstractText>Deep sequencing technology has revolutionized transcriptome analyses of both prokaryotes and eukaryotes. RNA-sequencing (RNA-seq), which is based on massively parallel sequencing of cDNAs, has been used to annotate transcript boundaries and has revealed widespread antisense transcription as well as a wealth of novel noncoding transcripts in many bacterial pathogens. Moreover, RNA-seq is nowadays also widely used to comprehensively explore the interaction between RNA-binding proteins and their RNA targets on a genome-wide level in many human-pathogenic bacteria. In particular, immunoprecipitation of an RNA-binding protein (RBP) of interest followed by isolation and analysis of all bound RNAs (RNA immunoprecipitation (RIP)) allows rapid characterization of its RNA regulon. Here, we describe an experimental approach which employs co-immunoprecipitation (coIP) of the RNA-binding chaperone Hfq along with bound RNAs followed by deep-sequencing of co-purified RNAs (RIP-Seq) from a genetically modified strain of Neisseria meningitidis expressing a chromosomally encoded Hfq-3ªFLAG protein. This approach allowed us to comprehensively identify both mRNAs and sRNAs as targets of Hfq and served as an excellent starting point for sRNA research in this human pathogenic bacterium.</AbstractText>
            </Abstract>
            <AuthorList CompleteYN="Y">
                <Author ValidYN="Y">
                    <LastName>Heidrich</LastName>
                    <ForeName>Nadja</ForeName>
                    <Initials>N</Initials>
                    <AffiliationInfo>
                        <Affiliation>Institute for Molecular Infection Biology (IMIB), University of W<U+00FC>rzburg, W<U+00FC>rzburg, Germany.</Affiliation>
                    </AffiliationInfo>
                </Author>
                <Author ValidYN="Y">
                    <LastName>Bauriedl</LastName>
                    <ForeName>Saskia</ForeName>
                    <Initials>S</Initials>
                    <AffiliationInfo>
                        <Affiliation>Institute for Molecular Infection Biology (IMIB) and Institute for Hygiene and Microbiology (IHM), University of W<U+00FC>rzburg, W<U+00FC>rzburg, Germany.</Affiliation>
                    </AffiliationInfo>
                </Author>
                <Author ValidYN="Y">
                    <LastName>Schoen</LastName>
                    <ForeName>Christoph</ForeName>
                    <Initials>C</Initials>
                    <AffiliationInfo>
                        <Affiliation>Institute for Hygiene and Microbiology (IHM), University of W<U+00FC>rzburg, W<U+00FC>rzburg, Germany. cschoen@hygiene.uni-wuerzburg.de.</Affiliation>
                    </AffiliationInfo>
                </Author>
            </AuthorList>
            <Language>eng</Language>
            <PublicationTypeList>
                <PublicationType UI="D016428">Journal Article</PublicationType>
            </PublicationTypeList>
        </Article>
        <MedlineJournalInfo>
            <Country>United States</Country>
            <MedlineTA>Methods Mol Biol</MedlineTA>
            <NlmUniqueID>9214969</NlmUniqueID>
            <ISSNLinking>1064-3745</ISSNLinking>
        </MedlineJournalInfo>
        <KeywordList Owner="NOTNLM">
            <Keyword MajorTopicYN="N">Deep sequencing</Keyword>
            <Keyword MajorTopicYN="N">Hfq-3ªFLAG</Keyword>
            <Keyword MajorTopicYN="N">N. meningitidis</Keyword>
            <Keyword MajorTopicYN="N">RIP-seq</Keyword>
            <Keyword MajorTopicYN="N">Small RNA identification</Keyword>
            <Keyword MajorTopicYN="N">cDNA library</Keyword>
        </KeywordList>
    </MedlineCitation>
    <PubmedData>
        <History>
            <PubMedPubDate PubStatus="entrez">
                <Year>2019</Year>
                <Month>3</Month>
                <Day>17</Day>
                <Hour>6</Hour>
                <Minute>0</Minute>
            </PubMedPubDate>
            <PubMedPubDate PubStatus="pubmed">
                <Year>2019</Year>
                <Month>3</Month>
                <Day>17</Day>
                <Hour>6</Hour>
                <Minute>0</Minute>
            </PubMedPubDate>
            <PubMedPubDate PubStatus="medline">
                <Year>2019</Year>
                <Month>3</Month>
                <Day>17</Day>
                <Hour>6</Hour>
                <Minute>0</Minute>
            </PubMedPubDate>
        </History>
        <PublicationStatus>ppublish</PublicationStatus>
        <ArticleIdList>
            <ArticleId IdType="pubmed">30877668</ArticleId>
            <ArticleId IdType="doi">10.1007/978-1-4939-9202-7_3</ArticleId>
        </ArticleIdList>
    </PubmedData>
</PubmedArticle>


<PubmedArticle>
    <MedlineCitation Status="In-Process" Owner="NLM">
        <PMID Version="1">30876387</PMID>
        <DateRevised>
            <Year>2019</Year>
            <Month>03</Month>
            <Day>16</Day>
        </DateRevised>
        <Article PubModel="Electronic">
            <Journal>
                <ISSN IssnType="Electronic">1471-2105</ISSN>
                <JournalIssue CitedMedium="Internet">
                    <Volume>20</Volume>
                    <Issue>1</Issue>
                    <PubDate>
                        <Year>2019</Year>
                        <Month>Mar</Month>
                        <Day>15</Day>
                    </PubDate>
                </JournalIssue>
                <Title>BMC bioinformatics</Title>
                <ISOAbbreviation>BMC Bioinformatics</ISOAbbreviation>
            </Journal>
            <ArticleTitle>Network meta-analysis correlates with analysis of merged independent transcriptome expression data.</ArticleTitle>
            <Pagination>
                <MedlinePgn>144</MedlinePgn>
            </Pagination>
            <ELocationID EIdType="doi" ValidYN="Y">10.1186/s12859-019-2705-9</ELocationID>
            <Abstract>
                <AbstractText Label="BACKGROUND" NlmCategory="BACKGROUND">Using meta-analysis, high-dimensional transcriptome expression data from public repositories can be merged to make group comparisons that have not been considered in the original studies. Merging of high-dimensional expression data can, however, implicate batch effects that are sometimes difficult to be removed. Removing batch effects becomes even more difficult when expression data was taken using different technologies in the individual studies (e.g. merging of microarray and RNA-seq data). Network meta-analysis has so far not been considered to make indirect comparisons in transcriptome expression data, when data merging appears to yield biased results.</AbstractText>
                <AbstractText Label="RESULTS" NlmCategory="RESULTS">We demonstrate in a simulation study that the results from analyzing merged data sets and the results from network meta-analysis are highly correlated in simple study networks. In the case that an edge in the network is supported by multiple independent studies, network meta-analysis produces fold changes that are closer to the simulated ones than those obtained from analyzing merged data sets. Finally, we also demonstrate the practicability of network meta-analysis on a real-world data example from neuroinfection research.</AbstractText>
                <AbstractText Label="CONCLUSIONS" NlmCategory="CONCLUSIONS">Network meta-analysis is a useful means to make new inferences when combining multiple independent studies of molecular, high-throughput expression data. This method is especially advantageous when batch effects between studies are hard to get removed.</AbstractText>
            </Abstract>
            <AuthorList CompleteYN="Y">
                <Author ValidYN="Y">
                    <LastName>Winter</LastName>
                    <ForeName>Christine</ForeName>
                    <Initials>C</Initials>
                    <AffiliationInfo>
                        <Affiliation>Institute for Animal Breeding and Genetics, University of Veterinary Medicine Hannover, B<U+00FC>nteweg 17p, Hannover, 30559, Germany.</Affiliation>
                    </AffiliationInfo>
                </Author>
                <Author ValidYN="Y">
                    <LastName>Kosch</LastName>
                    <ForeName>Robin</ForeName>
                    <Initials>R</Initials>
                    <AffiliationInfo>
                        <Affiliation>Institute for Animal Breeding and Genetics, University of Veterinary Medicine Hannover, B<U+00FC>nteweg 17p, Hannover, 30559, Germany.</Affiliation>
                    </AffiliationInfo>
                </Author>
                <Author ValidYN="Y">
                    <LastName>Ludlow</LastName>
                    <ForeName>Martin</ForeName>
                    <Initials>M</Initials>
                    <AffiliationInfo>
                        <Affiliation>Research Center for Emerging Infections and Zoonoses, University of Veterinary Medicine Hannover, B<U+00FC>nteweg 17p, Hannover, 30559, Germany.</Affiliation>
                    </AffiliationInfo>
                </Author>
                <Author ValidYN="Y">
                    <LastName>Osterhaus</LastName>
                    <ForeName>Albert D M E</ForeName>
                    <Initials>ADME</Initials>
                    <AffiliationInfo>
                        <Affiliation>Research Center for Emerging Infections and Zoonoses, University of Veterinary Medicine Hannover, B<U+00FC>nteweg 17p, Hannover, 30559, Germany.</Affiliation>
                    </AffiliationInfo>
                </Author>
                <Author ValidYN="Y">
                    <LastName>Jung</LastName>
                    <ForeName>Klaus</ForeName>
                    <Initials>K</Initials>
                    <Identifier Source="ORCID">http://orcid.org/0000-0001-9955-748X</Identifier>
                    <AffiliationInfo>
                        <Affiliation>Institute for Animal Breeding and Genetics, University of Veterinary Medicine Hannover, B<U+00FC>nteweg 17p, Hannover, 30559, Germany. klaus.jung@tiho-hannover.de.</Affiliation>
                    </AffiliationInfo>
                </Author>
            </AuthorList>
            <Language>eng</Language>
            <GrantList CompleteYN="Y">
                <Grant>
                    <GrantID>N-RENNT2</GrantID>
                    <Agency>Nieders<U+00E4>chsische Ministerium f<U+00FC>r Wissenschaft und Kultur</Agency>
                    <Country/>
                </Grant>
            </GrantList>
            <PublicationTypeList>
                <PublicationType UI="D016428">Journal Article</PublicationType>
            </PublicationTypeList>
            <ArticleDate DateType="Electronic">
                <Year>2019</Year>
                <Month>03</Month>
                <Day>15</Day>
            </ArticleDate>
        </Article>
        <MedlineJournalInfo>
            <Country>England</Country>
            <MedlineTA>BMC Bioinformatics</MedlineTA>
            <NlmUniqueID>100965194</NlmUniqueID>
            <ISSNLinking>1471-2105</ISSNLinking>
        </MedlineJournalInfo>
        <KeywordList Owner="NOTNLM">
            <Keyword MajorTopicYN="N">Fold change</Keyword>
            <Keyword MajorTopicYN="N">Gene expression</Keyword>
            <Keyword MajorTopicYN="N">Meta-analysis</Keyword>
            <Keyword MajorTopicYN="N">Network meta-analysis</Keyword>
            <Keyword MajorTopicYN="N">Research synthesis</Keyword>
        </KeywordList>
    </MedlineCitation>
    <PubmedData>
        <History>
            <PubMedPubDate PubStatus="received">
                <Year>2018</Year>
                <Month>08</Month>
                <Day>31</Day>
            </PubMedPubDate>
            <PubMedPubDate PubStatus="accepted">
                <Year>2019</Year>
                <Month>02</Month>
                <Day>27</Day>
            </PubMedPubDate>
            <PubMedPubDate PubStatus="entrez">
                <Year>2019</Year>
                <Month>3</Month>
                <Day>17</Day>
                <Hour>6</Hour>
                <Minute>0</Minute>
            </PubMedPubDate>
            <PubMedPubDate PubStatus="pubmed">
                <Year>2019</Year>
                <Month>3</Month>
                <Day>17</Day>
                <Hour>6</Hour>
                <Minute>0</Minute>
            </PubMedPubDate>
            <PubMedPubDate PubStatus="medline">
                <Year>2019</Year>
                <Month>3</Month>
                <Day>17</Day>
                <Hour>6</Hour>
                <Minute>0</Minute>
            </PubMedPubDate>
        </History>
        <PublicationStatus>epublish</PublicationStatus>
        <ArticleIdList>
            <ArticleId IdType="pubmed">30876387</ArticleId>
            <ArticleId IdType="doi">10.1186/s12859-019-2705-9</ArticleId>
            <ArticleId IdType="pii">10.1186/s12859-019-2705-9</ArticleId>
        </ArticleIdList>
    </PubmedData>
</PubmedArticle>


<PubmedArticle>
    <MedlineCitation Status="In-Process" Owner="NLM">
        <PMID Version="1">30875790</PMID>
        <DateRevised>
            <Year>2019</Year>
            <Month>03</Month>
            <Day>16</Day>
        </DateRevised>
        <Article PubModel="Electronic">
            <Journal>
                <ISSN IssnType="Electronic">1422-0067</ISSN>
                <JournalIssue CitedMedium="Internet">
                    <Volume>20</Volume>
                    <Issue>6</Issue>
                    <PubDate>
                        <Year>2019</Year>
                        <Month>Mar</Month>
                        <Day>14</Day>
                    </PubDate>
                </JournalIssue>
                <Title>International journal of molecular sciences</Title>
                <ISOAbbreviation>Int J Mol Sci</ISOAbbreviation>
            </Journal>
            <ArticleTitle>Biosynthesis and Signal Transduction of ABA, JA, and BRs in Response to Drought Stress of Kentucky Bluegrass.</ArticleTitle>
            <ELocationID EIdType="pii" ValidYN="Y">E1289</ELocationID>
            <ELocationID EIdType="doi" ValidYN="Y">10.3390/ijms20061289</ELocationID>
            <Abstract>
                <AbstractText>Kentucky bluegrass (KB, <i>Poa pratensis</i>) is one of the most widely used cool-season turfgrass species, but it is sensitive to drought stress. Molecular studies in KB are hindered by its large and complex genome structure. In this study, a comparative transcriptomic study was conducted between a short and long period of water deficiency. Three transcriptome libraries were constructed and then sequenced by using leaf RNA samples of plants at 0, 2, and 16 h after PEG6000 treatment. A total of 199,083 differentially expressed genes (DEGs) were found. The Kyoto Encyclopedia of Genes and Genomes (KEGG) annotation revealed that DEGs were enriched in &quot;Plant hormone signal transduction&quot; and &quot;MAPK signaling pathway-Plant&quot;. Some key up-regulated genes, including <i>PYL</i>, <i>JAZ</i>, and <i>BSK</i>, were involved in hormone signaling transduction of abscisic acid, jasmonic acid, and brassinosteroid and possibly these genes play important roles in coping with drought stress in KB. Furthermore, our results showed that the concentrations of ABA, JA and BR increased significantly with the extension of the drought period. The specific DEGs encoding functional proteins, kinase and transcription factors, could be valuable information for genetic manipulation to promote drought tolerance of KB in the future.</AbstractText>
            </Abstract>
            <AuthorList CompleteYN="Y">
                <Author ValidYN="Y">
                    <LastName>Chen</LastName>
                    <ForeName>Yajun</ForeName>
                    <Initials>Y</Initials>
                    <AffiliationInfo>
                        <Affiliation>College of Horticulture and Landscape Architecture, Northeast Agricultural University, Harbin 150030, China. chenyajun622@163.com.</Affiliation>
                    </AffiliationInfo>
                </Author>
                <Author ValidYN="Y">
                    <LastName>Chen</LastName>
                    <ForeName>Yang</ForeName>
                    <Initials>Y</Initials>
                    <Identifier Source="ORCID">0000-0003-3749-8503</Identifier>
                    <AffiliationInfo>
                        <Affiliation>College of Horticulture and Landscape Architecture, Northeast Agricultural University, Harbin 150030, China. chenyang8368215@hotmail.com.</Affiliation>
                    </AffiliationInfo>
                    <AffiliationInfo>
                        <Affiliation>College of Life Science, Agriculture and Forestry, Qiqihar University, Qiqihar 161006, China. chenyang8368215@hotmail.com.</Affiliation>
                    </AffiliationInfo>
                </Author>
                <Author ValidYN="Y">
                    <LastName>Shi</LastName>
                    <ForeName>Zhenjie</ForeName>
                    <Initials>Z</Initials>
                    <AffiliationInfo>
                        <Affiliation>College of Horticulture and Landscape Architecture, Northeast Agricultural University, Harbin 150030, China. shizj95516@163.com.</Affiliation>
                    </AffiliationInfo>
                </Author>
                <Author ValidYN="Y">
                    <LastName>Jin</LastName>
                    <ForeName>Yifeng</ForeName>
                    <Initials>Y</Initials>
                    <AffiliationInfo>
                        <Affiliation>College of Life Science, Agriculture and Forestry, Qiqihar University, Qiqihar 161006, China. Jinyifeng8368215@163.com.</Affiliation>
                    </AffiliationInfo>
                </Author>
                <Author ValidYN="Y">
                    <LastName>Sun</LastName>
                    <ForeName>Huashan</ForeName>
                    <Initials>H</Initials>
                    <AffiliationInfo>
                        <Affiliation>College of Horticulture and Landscape Architecture, Northeast Agricultural University, Harbin 150030, China. huashan9303@163.com.</Affiliation>
                    </AffiliationInfo>
                </Author>
                <Author ValidYN="Y">
                    <LastName>Xie</LastName>
                    <ForeName>Fuchun</ForeName>
                    <Initials>F</Initials>
                    <AffiliationInfo>
                        <Affiliation>College of Horticulture and Landscape Architecture, Northeast Agricultural University, Harbin 150030, China. xfc204309@163.com.</Affiliation>
                    </AffiliationInfo>
                </Author>
                <Author ValidYN="Y">
                    <LastName>Zhang</LastName>
                    <ForeName>Lu</ForeName>
                    <Initials>L</Initials>
                    <AffiliationInfo>
                        <Affiliation>College of Horticulture and Landscape Architecture, Northeast Agricultural University, Harbin 150030, China. caszhanglu@hotmail.com.</Affiliation>
                    </AffiliationInfo>
                </Author>
            </AuthorList>
            <Language>eng</Language>
            <GrantList CompleteYN="Y">
                <Grant>
                    <GrantID>31501785, 31701958, and 31772354</GrantID>
                    <Agency>National Natural Science Foundation of China</Agency>
                    <Country/>
                </Grant>
                <Grant>
                    <GrantID>QC2017026</GrantID>
                    <Agency>Natural Science Foundation of Heilongjiang Province</Agency>
                    <Country/>
                </Grant>
                <Grant>
                    <GrantID>UNPYSCT-2017023 and UNPYSCT-2018102</GrantID>
                    <Agency>University Nursing Program for Young Scholars with Creative Talents in Heilongjiang Province</Agency>
                    <Country/>
                </Grant>
                <Grant>
                    <GrantID>18XG07</GrantID>
                    <Agency>'Academic backbone' Project of Northeast Agricultural University</Agency>
                    <Country/>
                </Grant>
            </GrantList>
            <PublicationTypeList>
                <PublicationType UI="D016428">Journal Article</PublicationType>
            </PublicationTypeList>
            <ArticleDate DateType="Electronic">
                <Year>2019</Year>
                <Month>03</Month>
                <Day>14</Day>
            </ArticleDate>
        </Article>
        <MedlineJournalInfo>
            <Country>Switzerland</Country>
            <MedlineTA>Int J Mol Sci</MedlineTA>
            <NlmUniqueID>101092791</NlmUniqueID>
            <ISSNLinking>1422-0067</ISSNLinking>
        </MedlineJournalInfo>
        <KeywordList Owner="NOTNLM">
            <Keyword MajorTopicYN="N">Kentucky bluegrass</Keyword>
            <Keyword MajorTopicYN="N">RNA-Seq</Keyword>
            <Keyword MajorTopicYN="N">differentially expressed genes</Keyword>
            <Keyword MajorTopicYN="N">drought stress</Keyword>
            <Keyword MajorTopicYN="N">hormone signaling</Keyword>
            <Keyword MajorTopicYN="N">transcription factors</Keyword>
        </KeywordList>
    </MedlineCitation>
    <PubmedData>
        <History>
            <PubMedPubDate PubStatus="received">
                <Year>2019</Year>
                <Month>02</Month>
                <Day>12</Day>
            </PubMedPubDate>
            <PubMedPubDate PubStatus="revised">
                <Year>2019</Year>
                <Month>03</Month>
                <Day>08</Day>
            </PubMedPubDate>
            <PubMedPubDate PubStatus="accepted">
                <Year>2019</Year>
                <Month>03</Month>
                <Day>10</Day>
            </PubMedPubDate>
            <PubMedPubDate PubStatus="entrez">
                <Year>2019</Year>
                <Month>3</Month>
                <Day>17</Day>
                <Hour>6</Hour>
                <Minute>0</Minute>
            </PubMedPubDate>
            <PubMedPubDate PubStatus="pubmed">
                <Year>2019</Year>
                <Month>3</Month>
                <Day>17</Day>
                <Hour>6</Hour>
                <Minute>0</Minute>
            </PubMedPubDate>
            <PubMedPubDate PubStatus="medline">
                <Year>2019</Year>
                <Month>3</Month>
                <Day>17</Day>
                <Hour>6</Hour>
                <Minute>0</Minute>
            </PubMedPubDate>
        </History>
        <PublicationStatus>epublish</PublicationStatus>
        <ArticleIdList>
            <ArticleId IdType="pubmed">30875790</ArticleId>
            <ArticleId IdType="pii">ijms20061289</ArticleId>
            <ArticleId IdType="doi">10.3390/ijms20061289</ArticleId>
        </ArticleIdList>
    </PubmedData>
</PubmedArticle>


<PubmedArticle>
    <MedlineCitation Status="In-Data-Review" Owner="NLM">
        <PMID Version="1">30875406</PMID>
        <DateRevised>
            <Year>2019</Year>
            <Month>03</Month>
            <Day>15</Day>
        </DateRevised>
        <Article PubModel="Electronic-eCollection">
            <Journal>
                <ISSN IssnType="Electronic">1932-6203</ISSN>
                <JournalIssue CitedMedium="Internet">
                    <Volume>14</Volume>
                    <Issue>3</Issue>
                    <PubDate>
                        <Year>2019</Year>
                    </PubDate>
                </JournalIssue>
                <Title>PloS one</Title>
                <ISOAbbreviation>PLoS ONE</ISOAbbreviation>
            </Journal>
            <ArticleTitle>Identification of coordinately regulated microRNA-gene networks that differ in baboons discordant for LDL-cholesterol.</ArticleTitle>
            <Pagination>
                <MedlinePgn>e0213494</MedlinePgn>
            </Pagination>
            <ELocationID EIdType="doi" ValidYN="Y">10.1371/journal.pone.0213494</ELocationID>
            <Abstract>
                <AbstractText Label="RATIONALE" NlmCategory="BACKGROUND">Plasma low-density lipoprotein cholesterol (plasma LDL-C), vascular endothelial cells and peripheral blood mononuclear cells (PBMCs), particularly monocytes, play key roles in initiating atherosclerosis, the primary cause of cardiovascular disease (CVD). Although the mechanisms underlying development of atherosclerosis are not well understood, LDL-C is known to influence expression of endothelial microRNAs (miRNAs) and gene-targets of miRNAs to promote cell senescence. However, the impact of LDL-C on expression of PBMC miRNAs and miRNA targeted genes in response to an atherogenic diet is not known. In this study, we used unbiased methods to identify coordinately responsive PBMC miRNA- gene networks that differ between low and high LDL-C baboons when fed a high-cholesterol, high-fat (HCHF) diet.</AbstractText>
                <AbstractText Label="METHODS AND RESULTS" NlmCategory="RESULTS">Using RNA Seq, we quantified PBMC mRNAs and miRNAs from half-sib baboons discordant for LDL-C plasma concentrations (low LDL-C, n = 3; high LDL-C, n = 3) before and after a 7-week HCHF diet challenge. For low LDL-C baboons, 626 genes exhibited significant change in expression (255 down-regulated, 371 up-regulated) in response to the HCHF diet, and for high LDL-C baboons 379 genes exhibited significant change in expression (162 down-regulated, 217 up-regulated) in response to the HCHF diet. We identified 494 miRNAs identical to human miRNAs and 47 novel miRNAs. Fifty miRNAs were differentially expressed in low LDL-C baboons (21 up- and 29 down-regulated) and 20 in high LDL-C baboons (11 up- and 9 down-regulated) in response to the HCHF diet. Among the differentially expressed miRNAs were miR-221/222 and miR-34a-3p, which were down-regulated, and miR-148a/b-5p, which was up-regulated. In addition, gene-targets of these miRNAs, VEGFA, MAML3, SPARC, and DMGDH, were inversely expressed and are central hub genes in networks and signaling pathways that differ between low and high LDL-C baboon HCHF diet response.</AbstractText>
                <AbstractText Label="CONCLUSIONS" NlmCategory="CONCLUSIONS">We have identified coordinately regulated HCHF diet-responsive PBMC miRNA-gene networks that differ between baboons discordant for LDL-C concentrations. Our findings provide potential insights into molecular mechanisms underlying initiation of atherosclerosis where LDL-C concentrations influence expression of specific miRNAs, which in turn regulate expression of genes that play roles in initiation of lesions.</AbstractText>
            </Abstract>
            <AuthorList CompleteYN="Y">
                <Author ValidYN="Y">
                    <LastName>Karere</LastName>
                    <ForeName>Genesio M</ForeName>
                    <Initials>GM</Initials>
                    <Identifier Source="ORCID">http://orcid.org/0000-0001-8126-6377</Identifier>
                    <AffiliationInfo>
                        <Affiliation>Department of Genetics, Texas Biomedical Research Institute, San Antonio, TX, United States of America.</Affiliation>
                    </AffiliationInfo>
                    <AffiliationInfo>
                        <Affiliation>Department of Internal Medicine, Wake Forest School of Medicine, Winston-Salem, NC, United States of America.</Affiliation>
                    </AffiliationInfo>
                </Author>
                <Author ValidYN="Y">
                    <LastName>Glenn</LastName>
                    <ForeName>Jeremy P</ForeName>
                    <Initials>JP</Initials>
                    <AffiliationInfo>
                        <Affiliation>Department of Genetics, Texas Biomedical Research Institute, San Antonio, TX, United States of America.</Affiliation>
                    </AffiliationInfo>
                </Author>
                <Author ValidYN="Y">
                    <LastName>Birnbaum</LastName>
                    <ForeName>Shifra</ForeName>
                    <Initials>S</Initials>
                    <AffiliationInfo>
                        <Affiliation>Department of Genetics, Texas Biomedical Research Institute, San Antonio, TX, United States of America.</Affiliation>
                    </AffiliationInfo>
                </Author>
                <Author ValidYN="Y">
                    <LastName>Garcia</LastName>
                    <ForeName>Roy</ForeName>
                    <Initials>R</Initials>
                    <AffiliationInfo>
                        <Affiliation>Department of Genetics, Texas Biomedical Research Institute, San Antonio, TX, United States of America.</Affiliation>
                    </AffiliationInfo>
                </Author>
                <Author ValidYN="Y">
                    <LastName>VandeBerg</LastName>
                    <ForeName>John L</ForeName>
                    <Initials>JL</Initials>
                    <AffiliationInfo>
                        <Affiliation>Department of Human Genetics and South Texas Diabetes and Obesity Institute, School of Medicine,The University of Texas Rio Grande Valley, Brownsville/Harlingen/Edinburg, TX, United States of America.</Affiliation>
                    </AffiliationInfo>
                </Author>
                <Author ValidYN="Y">
                    <LastName>Cox</LastName>
                    <ForeName>Laura A</ForeName>
                    <Initials>LA</Initials>
                    <AffiliationInfo>
                        <Affiliation>Department of Genetics, Texas Biomedical Research Institute, San Antonio, TX, United States of America.</Affiliation>
                    </AffiliationInfo>
                    <AffiliationInfo>
                        <Affiliation>Department of Internal Medicine, Wake Forest School of Medicine, Winston-Salem, NC, United States of America.</Affiliation>
                    </AffiliationInfo>
                    <AffiliationInfo>
                        <Affiliation>Southwest National Primate Research Center, Texas Biomedical Research Institute, San Antonio, TX, United States of America.</Affiliation>
                    </AffiliationInfo>
                </Author>
            </AuthorList>
            <Language>eng</Language>
            <PublicationTypeList>
                <PublicationType UI="D016428">Journal Article</PublicationType>
            </PublicationTypeList>
            <ArticleDate DateType="Electronic">
                <Year>2019</Year>
                <Month>03</Month>
                <Day>15</Day>
            </ArticleDate>
        </Article>
        <MedlineJournalInfo>
            <Country>United States</Country>
            <MedlineTA>PLoS One</MedlineTA>
            <NlmUniqueID>101285081</NlmUniqueID>
            <ISSNLinking>1932-6203</ISSNLinking>
        </MedlineJournalInfo>
        <CoiStatement>The authors have declared that no competing interests exist.</CoiStatement>
    </MedlineCitation>
    <PubmedData>
        <History>
            <PubMedPubDate PubStatus="received">
                <Year>2017</Year>
                <Month>12</Month>
                <Day>20</Day>
            </PubMedPubDate>
            <PubMedPubDate PubStatus="accepted">
                <Year>2019</Year>
                <Month>02</Month>
                <Day>24</Day>
            </PubMedPubDate>
            <PubMedPubDate PubStatus="entrez">
                <Year>2019</Year>
                <Month>3</Month>
                <Day>16</Day>
                <Hour>6</Hour>
                <Minute>0</Minute>
            </PubMedPubDate>
            <PubMedPubDate PubStatus="pubmed">
                <Year>2019</Year>
                <Month>3</Month>
                <Day>16</Day>
                <Hour>6</Hour>
                <Minute>0</Minute>
            </PubMedPubDate>
            <PubMedPubDate PubStatus="medline">
                <Year>2019</Year>
                <Month>3</Month>
                <Day>16</Day>
                <Hour>6</Hour>
                <Minute>0</Minute>
            </PubMedPubDate>
        </History>
        <PublicationStatus>epublish</PublicationStatus>
        <ArticleIdList>
            <ArticleId IdType="pubmed">30875406</ArticleId>
            <ArticleId IdType="doi">10.1371/journal.pone.0213494</ArticleId>
            <ArticleId IdType="pii">PONE-D-17-44429</ArticleId>
        </ArticleIdList>
    </PubmedData>
</PubmedArticle>


<PubmedArticle>
    <MedlineCitation Status="In-Data-Review" Owner="NLM">
        <PMID Version="1">30875393</PMID>
        <DateRevised>
            <Year>2019</Year>
            <Month>03</Month>
            <Day>15</Day>
        </DateRevised>
        <Article PubModel="Electronic-eCollection">
            <Journal>
                <ISSN IssnType="Electronic">1932-6203</ISSN>
                <JournalIssue CitedMedium="Internet">
                    <Volume>14</Volume>
                    <Issue>3</Issue>
                    <PubDate>
                        <Year>2019</Year>
                    </PubDate>
                </JournalIssue>
                <Title>PloS one</Title>
                <ISOAbbreviation>PLoS ONE</ISOAbbreviation>
            </Journal>
            <ArticleTitle>Functional genomics analysis of Phelan-McDermid syndrome 22q13 region during human neurodevelopment.</ArticleTitle>
            <Pagination>
                <MedlinePgn>e0213921</MedlinePgn>
            </Pagination>
            <ELocationID EIdType="doi" ValidYN="Y">10.1371/journal.pone.0213921</ELocationID>
            <Abstract>
                <AbstractText>Phelan-McDermid syndrome (PMS) is a neurodevelopmental disorder characterized by varying degrees of intellectual disability, severely delayed language development and specific facial features, and is caused by a deletion within chromosome 22q13.3. SHANK3, which is located at the terminal end of this region, has been repeatedly implicated in other neurodevelopmental disorders and deletion of this gene specifically is thought to cause much of the neurologic symptoms characteristic of PMS. However, it is still unclear to what extent SHANK3 deletions contribute to the PMS phenotype, and what other genes nearby are causal to the neurologic disease. In an effort to better understand the functional landscape of the PMS region during normal neurodevelopment, we assessed RNA-sequencing (RNA-seq) expression data collected from post-mortem brain tissue from developmentally normal subjects over the course of prenatal to adolescent age and analyzed expression changes of 65 genes on 22q13. We found that the majority of genes within this region were expressed in the brain, with ATNX10, MLC1, MAPK8IP2, and SULT4A1 having the highest overall expression. Analysis of the temporal profiles of the highest expressed genes revealed a trend towards peak expression during the early post-natal period, followed by a drop in expression later in development. Spatial analysis revealed significant region specific differences in the expression of SHANK3, MAPK8IP2, and SULT4A1. Region specific expression over time revealed a consistently unique gene expression profile within the cerebellum, providing evidence for a distinct developmental program within this region. Exon-specific expression of SHANK3 showed higher expression within exons contributing to known brain specific functional isoforms. Overall, we provide an updated roadmap of the PMS region, implicating several genes and time periods as important during neurodevelopment, with the hope that this information can help us better understand the phenotypic heterogeneity of PMS.</AbstractText>
            </Abstract>
            <AuthorList CompleteYN="Y">
                <Author ValidYN="Y">
                    <LastName>Ziats</LastName>
                    <ForeName>Catherine A</ForeName>
                    <Initials>CA</Initials>
                    <Identifier Source="ORCID">http://orcid.org/0000-0001-5650-4142</Identifier>
                    <AffiliationInfo>
                        <Affiliation>Division of Intramural Research, National Institute of Child Health and Human Development, National Institutes of Health, Bethesda, Maryland, United States of America.</Affiliation>
                    </AffiliationInfo>
                </Author>
                <Author ValidYN="Y">
                    <LastName>Grosvenor</LastName>
                    <ForeName>Luke P</ForeName>
                    <Initials>LP</Initials>
                    <AffiliationInfo>
                        <Affiliation>Pediatrics and Developmental Neuroscience Branch, National Institute of Mental Health, National Institutes of Health, Bethesda, Maryland, United States of America.</Affiliation>
                    </AffiliationInfo>
                    <AffiliationInfo>
                        <Affiliation>Simons Foundation Autism Research Initiative, New York, New York, United States of America.</Affiliation>
                    </AffiliationInfo>
                </Author>
                <Author ValidYN="Y">
                    <LastName>Sarasua</LastName>
                    <ForeName>Sara M</ForeName>
                    <Initials>SM</Initials>
                    <AffiliationInfo>
                        <Affiliation>School of Nursing, Clemson University, Clemson, South Carolina, United States of America.</Affiliation>
                    </AffiliationInfo>
                </Author>
                <Author ValidYN="Y">
                    <LastName>Thurm</LastName>
                    <ForeName>Audrey E</ForeName>
                    <Initials>AE</Initials>
                    <AffiliationInfo>
                        <Affiliation>Pediatrics and Developmental Neuroscience Branch, National Institute of Mental Health, National Institutes of Health, Bethesda, Maryland, United States of America.</Affiliation>
                    </AffiliationInfo>
                </Author>
                <Author ValidYN="Y">
                    <LastName>Swedo</LastName>
                    <ForeName>Susan E</ForeName>
                    <Initials>SE</Initials>
                    <AffiliationInfo>
                        <Affiliation>Pediatrics and Developmental Neuroscience Branch, National Institute of Mental Health, National Institutes of Health, Bethesda, Maryland, United States of America.</Affiliation>
                    </AffiliationInfo>
                </Author>
                <Author ValidYN="Y">
                    <LastName>Mahfouz</LastName>
                    <ForeName>Ahmed</ForeName>
                    <Initials>A</Initials>
                    <AffiliationInfo>
                        <Affiliation>Delft Bioinformatics Lab, Delft University of Technology, Delft, The Netherlands.</Affiliation>
                    </AffiliationInfo>
                </Author>
                <Author ValidYN="Y">
                    <LastName>Rennert</LastName>
                    <ForeName>Owen M</ForeName>
                    <Initials>OM</Initials>
                    <AffiliationInfo>
                        <Affiliation>Division of Intramural Research, National Institute of Child Health and Human Development, National Institutes of Health, Bethesda, Maryland, United States of America.</Affiliation>
                    </AffiliationInfo>
                    <AffiliationInfo>
                        <Affiliation>Pediatrics and Developmental Neuroscience Branch, National Institute of Mental Health, National Institutes of Health, Bethesda, Maryland, United States of America.</Affiliation>
                    </AffiliationInfo>
                </Author>
                <Author ValidYN="Y">
                    <LastName>Ziats</LastName>
                    <ForeName>Mark N</ForeName>
                    <Initials>MN</Initials>
                    <AffiliationInfo>
                        <Affiliation>Division of Intramural Research, National Institute of Child Health and Human Development, National Institutes of Health, Bethesda, Maryland, United States of America.</Affiliation>
                    </AffiliationInfo>
                    <AffiliationInfo>
                        <Affiliation>Department of Internal Medicine, Michigan Medicine, Ann Arbor, Michigan, United States of America.</Affiliation>
                    </AffiliationInfo>
                </Author>
            </AuthorList>
            <Language>eng</Language>
            <PublicationTypeList>
                <PublicationType UI="D016428">Journal Article</PublicationType>
            </PublicationTypeList>
            <ArticleDate DateType="Electronic">
                <Year>2019</Year>
                <Month>03</Month>
                <Day>15</Day>
            </ArticleDate>
        </Article>
        <MedlineJournalInfo>
            <Country>United States</Country>
            <MedlineTA>PLoS One</MedlineTA>
            <NlmUniqueID>101285081</NlmUniqueID>
            <ISSNLinking>1932-6203</ISSNLinking>
        </MedlineJournalInfo>
        <CoiStatement>The authors have declared that no competing interests exist.</CoiStatement>
    </MedlineCitation>
    <PubmedData>
        <History>
            <PubMedPubDate PubStatus="received">
                <Year>2018</Year>
                <Month>09</Month>
                <Day>21</Day>
            </PubMedPubDate>
            <PubMedPubDate PubStatus="accepted">
                <Year>2019</Year>
                <Month>03</Month>
                <Day>04</Day>
            </PubMedPubDate>
            <PubMedPubDate PubStatus="entrez">
                <Year>2019</Year>
                <Month>3</Month>
                <Day>16</Day>
                <Hour>6</Hour>
                <Minute>0</Minute>
            </PubMedPubDate>
            <PubMedPubDate PubStatus="pubmed">
                <Year>2019</Year>
                <Month>3</Month>
                <Day>16</Day>
                <Hour>6</Hour>
                <Minute>0</Minute>
            </PubMedPubDate>
            <PubMedPubDate PubStatus="medline">
                <Year>2019</Year>
                <Month>3</Month>
                <Day>16</Day>
                <Hour>6</Hour>
                <Minute>0</Minute>
            </PubMedPubDate>
        </History>
        <PublicationStatus>epublish</PublicationStatus>
        <ArticleIdList>
            <ArticleId IdType="pubmed">30875393</ArticleId>
            <ArticleId IdType="doi">10.1371/journal.pone.0213921</ArticleId>
            <ArticleId IdType="pii">PONE-D-18-27625</ArticleId>
        </ArticleIdList>
    </PubmedData>
</PubmedArticle>


<PubmedArticle>
    <MedlineCitation Status="Publisher" Owner="NLM">
        <PMID Version="1">30875275</PMID>
        <DateRevised>
            <Year>2019</Year>
            <Month>03</Month>
            <Day>15</Day>
        </DateRevised>
        <Article PubModel="Print-Electronic">
            <Journal>
                <ISSN IssnType="Electronic">1531-2267</ISSN>
                <JournalIssue CitedMedium="Internet">
                    <PubDate>
                        <Year>2019</Year>
                        <Month>Mar</Month>
                        <Day>15</Day>
                    </PubDate>
                </JournalIssue>
                <Title>Physiological genomics</Title>
                <ISOAbbreviation>Physiol. Genomics</ISOAbbreviation>
            </Journal>
            <ArticleTitle>The salt-sensitive transcriptome of isolated kidney distal tubule cells.</ArticleTitle>
            <ELocationID EIdType="doi" ValidYN="Y">10.1152/physiolgenomics.00119.2018</ELocationID>
            <Abstract>
                <AbstractText>In the distal kidney tubule, the steroid hormone aldosterone regulates sodium reabsorption via the epithelial sodium channel ENaC. Most studies seeking to identify ENaC-regulating aldosterone-induced proteins have used transcriptional profiling of cultured cells. To identify salt-sensitive transcripts using an in vivo model, we used low-NaCl or high-NaCl diet to stimulate or suppress endogenous aldosterone, in combination with magnetic- and fluorescence-activated cell sorting to isolate distal tubule cells from mouse kidney for transcriptional profiling. Of the differentially expressed transcripts, 162 were more abundant in distal tubule cells isolated from mice fed low-NaCl diet, and 161 were more abundant in distal tubule cells isolated from mice fed high-NaCl diet. Enrichment analysis of Gene Ontology biological process terms identified multiple statistically over-represented pathways among the differentially expressed transcripts that were more abundant in distal tubule cells isolated from mice fed low-NaCl diet, including ion transmembrane transport, regulation of growth, and negative regulation of apoptosis. Analysis of Gene Ontology molecular function terms identified differentially expressed transcription factors, transmembrane transporters, kinases, and G-protein coupled receptors. Finally, comparison with a recently published study of gene expression changes in distal tubule cells in response to administration of aldosterone identified 18 differentially expressed genes in common between the two experiments. When expression of these genes was measured in cortical collecting ducts microdissected from mice fed low-NaCl or high-NaCl diet, seven were differentially expressed. These genes are likely to be regulated directly by aldosterone and may provide insight into aldosterone signaling to ENaC in the distal tubule.</AbstractText>
            </Abstract>
            <AuthorList CompleteYN="Y">
                <Author ValidYN="Y">
                    <LastName>Swanson</LastName>
                    <ForeName>Elizabeth Anne</ForeName>
                    <Initials>EA</Initials>
                    <AffiliationInfo>
                        <Affiliation>Nephrology and Hypertension, Oregon Health &amp; Science University, United States.</Affiliation>
                    </AffiliationInfo>
                </Author>
                <Author ValidYN="Y">
                    <LastName>Nelson</LastName>
                    <ForeName>Jonathan William</ForeName>
                    <Initials>JW</Initials>
                    <AffiliationInfo>
                        <Affiliation>Knight Cardiovascular Institute, Oregon Health &amp; Science University, United States.</Affiliation>
                    </AffiliationInfo>
                </Author>
                <Author ValidYN="Y">
                    <LastName>Jeng</LastName>
                    <ForeName>Sophia</ForeName>
                    <Initials>S</Initials>
                    <AffiliationInfo>
                        <Affiliation>Oregon Health &amp; Science University, United States.</Affiliation>
                    </AffiliationInfo>
                </Author>
                <Author ValidYN="Y">
                    <LastName>Erspamer</LastName>
                    <ForeName>Kayla J</ForeName>
                    <Initials>KJ</Initials>
                    <AffiliationInfo>
                        <Affiliation>Nephrology &amp; Hypertension, OHSU.</Affiliation>
                    </AffiliationInfo>
                </Author>
                <Author ValidYN="Y">
                    <LastName>Yang</LastName>
                    <ForeName>Chao-Ling</ForeName>
                    <Initials>CL</Initials>
                    <AffiliationInfo>
                        <Affiliation>Nephrology &amp; Hypertension, OHSU.</Affiliation>
                    </AffiliationInfo>
                </Author>
                <Author ValidYN="Y">
                    <LastName>McWeeney</LastName>
                    <ForeName>Shannon</ForeName>
                    <Initials>S</Initials>
                    <AffiliationInfo>
                        <Affiliation>Public Health &amp; Preventive Medicine, Oregon Health &amp; Science University.</Affiliation>
                    </AffiliationInfo>
                </Author>
                <Author ValidYN="Y">
                    <LastName>Ellison</LastName>
                    <ForeName>David H</ForeName>
                    <Initials>DH</Initials>
                    <AffiliationInfo>
                        <Affiliation>OCTRI, Oregon Health &amp; Science University, United States.</Affiliation>
                    </AffiliationInfo>
                </Author>
            </AuthorList>
            <Language>eng</Language>
            <PublicationTypeList>
                <PublicationType UI="D016428">Journal Article</PublicationType>
            </PublicationTypeList>
            <ArticleDate DateType="Electronic">
                <Year>2019</Year>
                <Month>03</Month>
                <Day>15</Day>
            </ArticleDate>
        </Article>
        <MedlineJournalInfo>
            <Country>United States</Country>
            <MedlineTA>Physiol Genomics</MedlineTA>
            <NlmUniqueID>9815683</NlmUniqueID>
            <ISSNLinking>1094-8341</ISSNLinking>
        </MedlineJournalInfo>
        <KeywordList Owner="NOTNLM">
            <Keyword MajorTopicYN="N">ENaC</Keyword>
            <Keyword MajorTopicYN="N">RNA-seq</Keyword>
            <Keyword MajorTopicYN="N">hypertension</Keyword>
            <Keyword MajorTopicYN="N">principal cells</Keyword>
            <Keyword MajorTopicYN="N">sodium transport</Keyword>
        </KeywordList>
    </MedlineCitation>
    <PubmedData>
        <History>
            <PubMedPubDate PubStatus="entrez">
                <Year>2019</Year>
                <Month>3</Month>
                <Day>16</Day>
                <Hour>6</Hour>
                <Minute>0</Minute>
            </PubMedPubDate>
            <PubMedPubDate PubStatus="pubmed">
                <Year>2019</Year>
                <Month>3</Month>
                <Day>16</Day>
                <Hour>6</Hour>
                <Minute>0</Minute>
            </PubMedPubDate>
            <PubMedPubDate PubStatus="medline">
                <Year>2019</Year>
                <Month>3</Month>
                <Day>16</Day>
                <Hour>6</Hour>
                <Minute>0</Minute>
            </PubMedPubDate>
        </History>
        <PublicationStatus>aheadofprint</PublicationStatus>
        <ArticleIdList>
            <ArticleId IdType="pubmed">30875275</ArticleId>
            <ArticleId IdType="doi">10.1152/physiolgenomics.00119.2018</ArticleId>
        </ArticleIdList>
    </PubmedData>
</PubmedArticle>


<PubmedArticle>
    <MedlineCitation Status="In-Data-Review" Owner="NLM">
        <PMID Version="1">30873177</PMID>
        <DateRevised>
            <Year>2019</Year>
            <Month>03</Month>
            <Day>15</Day>
        </DateRevised>
        <Article PubModel="Electronic-eCollection">
            <Journal>
                <ISSN IssnType="Electronic">1664-3224</ISSN>
                <JournalIssue CitedMedium="Internet">
                    <Volume>10</Volume>
                    <PubDate>
                        <Year>2019</Year>
                    </PubDate>
                </JournalIssue>
                <Title>Frontiers in immunology</Title>
                <ISOAbbreviation>Front Immunol</ISOAbbreviation>
            </Journal>
            <ArticleTitle>Persistence of <i>Candida albicans</i> in the Oral Mucosa Induces a Curbed Inflammatory Host Response That Is Independent of Immunosuppression.</ArticleTitle>
            <Pagination>
                <MedlinePgn>330</MedlinePgn>
            </Pagination>
            <ELocationID EIdType="doi" ValidYN="Y">10.3389/fimmu.2019.00330</ELocationID>
            <Abstract>
                <AbstractText>Controlled immune activation in response to commensal microbes is critical for the maintenance of stable colonization and prevention of microbial overgrowth on epithelial surfaces. Our understanding of the host mechanisms that regulate bacterial commensalism has increased substantially, however, much less data exist regarding host responses to members of the fungal microbiota on colonized surfaces. Using a murine model of oropharyngeal candidiasis, we have recently shown that differences in immune activation in response to diverse natural isolates of <i>Candida albicans</i> are associated with different outcomes of the host-fungal interaction. Here we applied a genome-wide transcriptomic approach to show that rapid induction of a strong inflammatory response characterized by neutrophil-associated genes upon <i>C. albicans</i> colonization inversely correlated with the ability of the fungus to persist in the oral mucosa. Surprisingly, persistent fungal isolates showed no signs of a compensatory regulatory immune response. By combining RNA-seq data, genetic mouse models, and co-infection experiments, we show that attenuation of the inflammatory response at the onset of infection with a persistent isolate is not a consequence of enhanced immunosuppression. Importantly, depletion of regulatory T cells or deletion of the immunoregulatory cytokine IL-10 did not alter host-protective type 17 immunity nor did it impair fungal survival in the oral mucosa, indicating that persistence of <i>C. albicans</i> in the oral mucosa is not a consequence of suppressed antifungal immunity.</AbstractText>
            </Abstract>
            <AuthorList CompleteYN="Y">
                <Author ValidYN="Y">
                    <LastName>Kirchner</LastName>
                    <ForeName>Florian R</ForeName>
                    <Initials>FR</Initials>
                    <AffiliationInfo>
                        <Affiliation>Section of Immunology, Vetsuisse Faculty, University of Zurich, Zurich, Switzerland.</Affiliation>
                    </AffiliationInfo>
                </Author>
                <Author ValidYN="Y">
                    <LastName>Littringer</LastName>
                    <ForeName>Katharina</ForeName>
                    <Initials>K</Initials>
                    <AffiliationInfo>
                        <Affiliation>Institute of Experimental Immunology, University of Zurich, Zurich, Switzerland.</Affiliation>
                    </AffiliationInfo>
                </Author>
                <Author ValidYN="Y">
                    <LastName>Altmeier</LastName>
                    <ForeName>Simon</ForeName>
                    <Initials>S</Initials>
                    <AffiliationInfo>
                        <Affiliation>Section of Immunology, Vetsuisse Faculty, University of Zurich, Zurich, Switzerland.</Affiliation>
                    </AffiliationInfo>
                </Author>
                <Author ValidYN="Y">
                    <LastName>Tran</LastName>
                    <ForeName>Van Du T</ForeName>
                    <Initials>VDT</Initials>
                    <AffiliationInfo>
                        <Affiliation>Vital-IT Group, Swiss Institute of Bioinformatics, Lausanne, Switzerland.</Affiliation>
                    </AffiliationInfo>
                </Author>
                <Author ValidYN="Y">
                    <LastName>Sch<U+00F6>nherr</LastName>
                    <ForeName>Franziska</ForeName>
                    <Initials>F</Initials>
                    <AffiliationInfo>
                        <Affiliation>Section of Immunology, Vetsuisse Faculty, University of Zurich, Zurich, Switzerland.</Affiliation>
                    </AffiliationInfo>
                </Author>
                <Author ValidYN="Y">
                    <LastName>Lemberg</LastName>
                    <ForeName>Christina</ForeName>
                    <Initials>C</Initials>
                    <AffiliationInfo>
                        <Affiliation>Section of Immunology, Vetsuisse Faculty, University of Zurich, Zurich, Switzerland.</Affiliation>
                    </AffiliationInfo>
                </Author>
                <Author ValidYN="Y">
                    <LastName>Pagni</LastName>
                    <ForeName>Marco</ForeName>
                    <Initials>M</Initials>
                    <AffiliationInfo>
                        <Affiliation>Vital-IT Group, Swiss Institute of Bioinformatics, Lausanne, Switzerland.</Affiliation>
                    </AffiliationInfo>
                </Author>
                <Author ValidYN="Y">
                    <LastName>Sanglard</LastName>
                    <ForeName>Dominique</ForeName>
                    <Initials>D</Initials>
                    <AffiliationInfo>
                        <Affiliation>Institute of Microbiology, University of Lausanne and University Hospital Center, Lausanne, Switzerland.</Affiliation>
                    </AffiliationInfo>
                </Author>
                <Author ValidYN="Y">
                    <LastName>Joller</LastName>
                    <ForeName>Nicole</ForeName>
                    <Initials>N</Initials>
                    <AffiliationInfo>
                        <Affiliation>Institute of Experimental Immunology, University of Zurich, Zurich, Switzerland.</Affiliation>
                    </AffiliationInfo>
                </Author>
                <Author ValidYN="Y">
                    <LastName>LeibundGut-Landmann</LastName>
                    <ForeName>Salom<U+00E9></ForeName>
                    <Initials>S</Initials>
                    <AffiliationInfo>
                        <Affiliation>Section of Immunology, Vetsuisse Faculty, University of Zurich, Zurich, Switzerland.</Affiliation>
                    </AffiliationInfo>
                </Author>
            </AuthorList>
            <Language>eng</Language>
            <PublicationTypeList>
                <PublicationType UI="D016428">Journal Article</PublicationType>
            </PublicationTypeList>
            <ArticleDate DateType="Electronic">
                <Year>2019</Year>
                <Month>02</Month>
                <Day>27</Day>
            </ArticleDate>
        </Article>
        <MedlineJournalInfo>
            <Country>Switzerland</Country>
            <MedlineTA>Front Immunol</MedlineTA>
            <NlmUniqueID>101560960</NlmUniqueID>
            <ISSNLinking>1664-3224</ISSNLinking>
        </MedlineJournalInfo>
        <KeywordList Owner="NOTNLM">
            <Keyword MajorTopicYN="N">Candida albicans</Keyword>
            <Keyword MajorTopicYN="N">IL-10</Keyword>
            <Keyword MajorTopicYN="N">IL-17</Keyword>
            <Keyword MajorTopicYN="N">immune regulation</Keyword>
            <Keyword MajorTopicYN="N">oropharyngeal candidiasis</Keyword>
            <Keyword MajorTopicYN="N">persistence</Keyword>
            <Keyword MajorTopicYN="N">regulatory T cells</Keyword>
        </KeywordList>
    </MedlineCitation>
    <PubmedData>
        <History>
            <PubMedPubDate PubStatus="received">
                <Year>2018</Year>
                <Month>09</Month>
                <Day>29</Day>
            </PubMedPubDate>
            <PubMedPubDate PubStatus="accepted">
                <Year>2019</Year>
                <Month>02</Month>
                <Day>08</Day>
            </PubMedPubDate>
            <PubMedPubDate PubStatus="entrez">
                <Year>2019</Year>
                <Month>3</Month>
                <Day>16</Day>
                <Hour>6</Hour>
                <Minute>0</Minute>
            </PubMedPubDate>
            <PubMedPubDate PubStatus="pubmed">
                <Year>2019</Year>
                <Month>3</Month>
                <Day>16</Day>
                <Hour>6</Hour>
                <Minute>0</Minute>
            </PubMedPubDate>
            <PubMedPubDate PubStatus="medline">
                <Year>2019</Year>
                <Month>3</Month>
                <Day>16</Day>
                <Hour>6</Hour>
                <Minute>0</Minute>
            </PubMedPubDate>
        </History>
        <PublicationStatus>epublish</PublicationStatus>
        <ArticleIdList>
            <ArticleId IdType="pubmed">30873177</ArticleId>
            <ArticleId IdType="doi">10.3389/fimmu.2019.00330</ArticleId>
            <ArticleId IdType="pmc">PMC6400982</ArticleId>
        </ArticleIdList>
    </PubmedData>
</PubmedArticle>


<PubmedArticle>
    <MedlineCitation Status="In-Data-Review" Owner="NLM">
        <PMID Version="1">30872674</PMID>
        <DateRevised>
            <Year>2019</Year>
            <Month>03</Month>
            <Day>15</Day>
        </DateRevised>
        <Article PubModel="Electronic">
            <Journal>
                <ISSN IssnType="Electronic">2045-2322</ISSN>
                <JournalIssue CitedMedium="Internet">
                    <Volume>9</Volume>
                    <Issue>1</Issue>
                    <PubDate>
                        <Year>2019</Year>
                        <Month>Mar</Month>
                        <Day>14</Day>
                    </PubDate>
                </JournalIssue>
                <Title>Scientific reports</Title>
                <ISOAbbreviation>Sci Rep</ISOAbbreviation>
            </Journal>
            <ArticleTitle>Single cell RNA-seq study of wild type and Hox9,10,11 mutant developing uterus.</ArticleTitle>
            <Pagination>
                <MedlinePgn>4557</MedlinePgn>
            </Pagination>
            <ELocationID EIdType="doi" ValidYN="Y">10.1038/s41598-019-40923-w</ELocationID>
            <Abstract>
                <AbstractText>The uterus is a remarkable organ that must guard against infections while maintaining the ability to support growth of a fetus without rejection. The Hoxa10 and Hoxa11 genes have previously been shown to play essential roles in uterus development and function. In this report we show that the Hoxa9,10,11, Hoxc9,10,11, Hoxd9,10,11 genes play a redundant role in the formation of uterine glands. In addition, we use single cell RNA-seq to create a high resolution gene expression atlas of the developing wild type mouse uterus. Cell types and subtypes are defined, for example dividing endothelial cells into arterial, venous, capillary, and lymphatic, while epithelial cells separate into luminal and glandular subtypes. Further, a surprising heterogeneity of stromal and myocyte cell types are identified. Transcription factor codes and ligand/receptor interactions are characterized. We also used single cell RNA-seq to globally define the altered gene expression patterns in all developing uterus cell types for two Hox mutants, with 8 or 9 mutant Hox genes. The mutants show a striking disruption of Wnt signaling as well as the Cxcl12/Cxcr4 ligand/receptor axis.</AbstractText>
            </Abstract>
            <AuthorList CompleteYN="Y">
                <Author ValidYN="Y">
                    <LastName>Mucenski</LastName>
                    <ForeName>Michael L</ForeName>
                    <Initials>ML</Initials>
                    <AffiliationInfo>
                        <Affiliation>Division of Developmental Biology, Cincinnati Children's Hospital Medical Center, Cincinnati, OH, 45229, USA.</Affiliation>
                    </AffiliationInfo>
                </Author>
                <Author ValidYN="Y">
                    <LastName>Mahoney</LastName>
                    <ForeName>Robert</ForeName>
                    <Initials>R</Initials>
                    <AffiliationInfo>
                        <Affiliation>Division of Developmental Biology, Cincinnati Children's Hospital Medical Center, Cincinnati, OH, 45229, USA.</Affiliation>
                    </AffiliationInfo>
                </Author>
                <Author ValidYN="Y">
                    <LastName>Adam</LastName>
                    <ForeName>Mike</ForeName>
                    <Initials>M</Initials>
                    <AffiliationInfo>
                        <Affiliation>Division of Developmental Biology, Cincinnati Children's Hospital Medical Center, Cincinnati, OH, 45229, USA.</Affiliation>
                    </AffiliationInfo>
                </Author>
                <Author ValidYN="Y">
                    <LastName>Potter</LastName>
                    <ForeName>Andrew S</ForeName>
                    <Initials>AS</Initials>
                    <AffiliationInfo>
                        <Affiliation>Division of Developmental Biology, Cincinnati Children's Hospital Medical Center, Cincinnati, OH, 45229, USA.</Affiliation>
                    </AffiliationInfo>
                </Author>
                <Author ValidYN="Y">
                    <LastName>Potter</LastName>
                    <ForeName>S Steven</ForeName>
                    <Initials>SS</Initials>
                    <Identifier Source="ORCID">http://orcid.org/0000-0003-0726-0350</Identifier>
                    <AffiliationInfo>
                        <Affiliation>Division of Developmental Biology, Cincinnati Children's Hospital Medical Center, Cincinnati, OH, 45229, USA. Steve.Potter@cchmc.org.</Affiliation>
                    </AffiliationInfo>
                </Author>
            </AuthorList>
            <Language>eng</Language>
            <GrantList CompleteYN="Y">
                <Grant>
                    <GrantID>RO1 DK099995</GrantID>
                    <Agency>U.S. Department of Health &amp;amp; Human Services | NIH | National Institute of Diabetes and Digestive and Kidney Diseases (National Institute of Diabetes &amp;amp; Digestive &amp;amp; Kidney Diseases)</Agency>
                    <Country/>
                </Grant>
            </GrantList>
            <PublicationTypeList>
                <PublicationType UI="D016428">Journal Article</PublicationType>
            </PublicationTypeList>
            <ArticleDate DateType="Electronic">
                <Year>2019</Year>
                <Month>03</Month>
                <Day>14</Day>
            </ArticleDate>
        </Article>
        <MedlineJournalInfo>
            <Country>England</Country>
            <MedlineTA>Sci Rep</MedlineTA>
            <NlmUniqueID>101563288</NlmUniqueID>
            <ISSNLinking>2045-2322</ISSNLinking>
        </MedlineJournalInfo>
    </MedlineCitation>
    <PubmedData>
        <History>
            <PubMedPubDate PubStatus="received">
                <Year>2018</Year>
                <Month>10</Month>
                <Day>09</Day>
            </PubMedPubDate>
            <PubMedPubDate PubStatus="accepted">
                <Year>2019</Year>
                <Month>02</Month>
                <Day>25</Day>
            </PubMedPubDate>
            <PubMedPubDate PubStatus="entrez">
                <Year>2019</Year>
                <Month>3</Month>
                <Day>16</Day>
                <Hour>6</Hour>
                <Minute>0</Minute>
            </PubMedPubDate>
            <PubMedPubDate PubStatus="pubmed">
                <Year>2019</Year>
                <Month>3</Month>
                <Day>16</Day>
                <Hour>6</Hour>
                <Minute>0</Minute>
            </PubMedPubDate>
            <PubMedPubDate PubStatus="medline">
                <Year>2019</Year>
                <Month>3</Month>
                <Day>16</Day>
                <Hour>6</Hour>
                <Minute>0</Minute>
            </PubMedPubDate>
        </History>
        <PublicationStatus>epublish</PublicationStatus>
        <ArticleIdList>
            <ArticleId IdType="pubmed">30872674</ArticleId>
            <ArticleId IdType="doi">10.1038/s41598-019-40923-w</ArticleId>
            <ArticleId IdType="pii">10.1038/s41598-019-40923-w</ArticleId>
        </ArticleIdList>
    </PubmedData>
</PubmedArticle>


<PubmedArticle>
    <MedlineCitation Status="In-Data-Review" Owner="NLM">
        <PMID Version="1">30872673</PMID>
        <DateRevised>
            <Year>2019</Year>
            <Month>03</Month>
            <Day>15</Day>
        </DateRevised>
        <Article PubModel="Electronic">
            <Journal>
                <ISSN IssnType="Electronic">2045-2322</ISSN>
                <JournalIssue CitedMedium="Internet">
                    <Volume>9</Volume>
                    <Issue>1</Issue>
                    <PubDate>
                        <Year>2019</Year>
                        <Month>Mar</Month>
                        <Day>14</Day>
                    </PubDate>
                </JournalIssue>
                <Title>Scientific reports</Title>
                <ISOAbbreviation>Sci Rep</ISOAbbreviation>
            </Journal>
            <ArticleTitle>Conjugated linoleic acid (CLA)-induced milk fat depression: application of RNA-Seq technology to elucidate mammary gene regulation in dairy ewes.</ArticleTitle>
            <Pagination>
                <MedlinePgn>4473</MedlinePgn>
            </Pagination>
            <ELocationID EIdType="doi" ValidYN="Y">10.1038/s41598-019-40881-3</ELocationID>
            <Abstract>
                <AbstractText>Milk fat depression (MFD) is characterized by a reduction in the content of milk fat, presumably caused by the anti-lipogenic effects of rumen biohydrogenation intermediates, such as trans-10 cis-12 conjugated linoleic acid (CLA). In this study, RNA-Seq technology was used to help elucidate the mammary responses involved in CLA-induced MFD in lactating ewes. To this end, we compared the milk somatic cell transcriptome of ewes suffering from CLA-induced MFD with control ewes (i.e., those without MFD), as well as with ewes fed a diet supplemented with fish oil (FO-MFD) that we previously reported affects the mammary transcriptome. In the differential expression analysis between CLA-MFD and controls, we identified 1,524 differentially expressed genes (DEGs), whereas 653 were detected between CLA- and FO-MFD groups. Although this article focuses on lipid metabolism, CLA affected the expression of many genes related to other biological processes, especially immunity. Among the 55 genes shared by both MFD conditions, some genes linked to fatty acid synthesis, such as ACACA, AACS, ACSS2, or ACSS3, were downregulated. In addition, this study provides a list of candidate genes that are not usually considered in the nutrigenomics of MFD but that may act as key regulators of this syndrome in dairy ewes.</AbstractText>
            </Abstract>
            <AuthorList CompleteYN="Y">
                <Author ValidYN="Y">
                    <LastName>Su<U+00E1>rez-Vega</LastName>
                    <ForeName>Aroa</ForeName>
                    <Initials>A</Initials>
                    <AffiliationInfo>
                        <Affiliation>Departamento de Producci<U+00F3>n Animal, Facultad de Veterinaria, Universidad de Le<U+00F3>n, Campus de Vegazana s/n, Le<U+00F3>n, 24071, Spain.</Affiliation>
                    </AffiliationInfo>
                </Author>
                <Author ValidYN="Y">
                    <LastName>Guti<U+00E9>rrez-Gil</LastName>
                    <ForeName>Beatriz</ForeName>
                    <Initials>B</Initials>
                    <AffiliationInfo>
                        <Affiliation>Departamento de Producci<U+00F3>n Animal, Facultad de Veterinaria, Universidad de Le<U+00F3>n, Campus de Vegazana s/n, Le<U+00F3>n, 24071, Spain.</Affiliation>
                    </AffiliationInfo>
                </Author>
                <Author ValidYN="Y">
                    <LastName>Toral</LastName>
                    <ForeName>Pablo G</ForeName>
                    <Initials>PG</Initials>
                    <Identifier Source="ORCID">http://orcid.org/0000-0002-1913-7707</Identifier>
                    <AffiliationInfo>
                        <Affiliation>Departamento de Producci<U+00F3>n Animal, Facultad de Veterinaria, Universidad de Le<U+00F3>n, Campus de Vegazana s/n, Le<U+00F3>n, 24071, Spain.</Affiliation>
                    </AffiliationInfo>
                    <AffiliationInfo>
                        <Affiliation>Instituto de Ganader<U+00ED>a de Monta<U+00F1>a (CSIC-ULE), Finca Marzanas s/n, Grulleros, 24346, Le<U+00F3>n, Spain.</Affiliation>
                    </AffiliationInfo>
                </Author>
                <Author ValidYN="Y">
                    <LastName>Herv<U+00E1>s</LastName>
                    <ForeName>Gonzalo</ForeName>
                    <Initials>G</Initials>
                    <Identifier Source="ORCID">http://orcid.org/0000-0002-0013-7459</Identifier>
                    <AffiliationInfo>
                        <Affiliation>Instituto de Ganader<U+00ED>a de Monta<U+00F1>a (CSIC-ULE), Finca Marzanas s/n, Grulleros, 24346, Le<U+00F3>n, Spain.</Affiliation>
                    </AffiliationInfo>
                </Author>
                <Author ValidYN="Y">
                    <LastName>Arranz</LastName>
                    <ForeName>Juan Jos<U+00E9></ForeName>
                    <Initials>JJ</Initials>
                    <Identifier Source="ORCID">http://orcid.org/0000-0001-9058-131X</Identifier>
                    <AffiliationInfo>
                        <Affiliation>Departamento de Producci<U+00F3>n Animal, Facultad de Veterinaria, Universidad de Le<U+00F3>n, Campus de Vegazana s/n, Le<U+00F3>n, 24071, Spain. jjarrs@unileon.es.</Affiliation>
                    </AffiliationInfo>
                </Author>
                <Author ValidYN="Y">
                    <LastName>Frutos</LastName>
                    <ForeName>Pilar</ForeName>
                    <Initials>P</Initials>
                    <Identifier Source="ORCID">http://orcid.org/0000-0002-4919-5094</Identifier>
                    <AffiliationInfo>
                        <Affiliation>Instituto de Ganader<U+00ED>a de Monta<U+00F1>a (CSIC-ULE), Finca Marzanas s/n, Grulleros, 24346, Le<U+00F3>n, Spain.</Affiliation>
                    </AffiliationInfo>
                </Author>
            </AuthorList>
            <Language>eng</Language>
            <GrantList CompleteYN="Y">
                <Grant>
                    <GrantID>RYC-2015-172</GrantID>
                    <Agency>Ministerio de Econom&amp;amp;#x00ED;a y Competitividad (Ministry of Economy and Competitiveness)</Agency>
                    <Country/>
                </Grant>
                <Grant>
                    <GrantID>AGL2015--66035-R</GrantID>
                    <Agency>Ministerio de Econom&amp;amp;#x00ED;a y Competitividad (Ministry of Economy and Competitiveness)</Agency>
                    <Country/>
                </Grant>
                <Grant>
                    <GrantID>AGL2014-54587 -R</GrantID>
                    <Agency>Ministerio de Econom&amp;amp;#x00ED;a y Competitividad (Ministry of Economy and Competitiveness)</Agency>
                    <Country/>
                </Grant>
            </GrantList>
            <PublicationTypeList>
                <PublicationType UI="D016428">Journal Article</PublicationType>
            </PublicationTypeList>
            <ArticleDate DateType="Electronic">
                <Year>2019</Year>
                <Month>03</Month>
                <Day>14</Day>
            </ArticleDate>
        </Article>
        <MedlineJournalInfo>
            <Country>England</Country>
            <MedlineTA>Sci Rep</MedlineTA>
            <NlmUniqueID>101563288</NlmUniqueID>
            <ISSNLinking>2045-2322</ISSNLinking>
        </MedlineJournalInfo>
    </MedlineCitation>
    <PubmedData>
        <History>
            <PubMedPubDate PubStatus="received">
                <Year>2018</Year>
                <Month>09</Month>
                <Day>21</Day>
            </PubMedPubDate>
            <PubMedPubDate PubStatus="accepted">
                <Year>2019</Year>
                <Month>02</Month>
                <Day>26</Day>
            </PubMedPubDate>
            <PubMedPubDate PubStatus="entrez">
                <Year>2019</Year>
                <Month>3</Month>
                <Day>16</Day>
                <Hour>6</Hour>
                <Minute>0</Minute>
            </PubMedPubDate>
            <PubMedPubDate PubStatus="pubmed">
                <Year>2019</Year>
                <Month>3</Month>
                <Day>16</Day>
                <Hour>6</Hour>
                <Minute>0</Minute>
            </PubMedPubDate>
            <PubMedPubDate PubStatus="medline">
                <Year>2019</Year>
                <Month>3</Month>
                <Day>16</Day>
                <Hour>6</Hour>
                <Minute>0</Minute>
            </PubMedPubDate>
        </History>
        <PublicationStatus>epublish</PublicationStatus>
        <ArticleIdList>
            <ArticleId IdType="pubmed">30872673</ArticleId>
            <ArticleId IdType="doi">10.1038/s41598-019-40881-3</ArticleId>
            <ArticleId IdType="pii">10.1038/s41598-019-40881-3</ArticleId>
        </ArticleIdList>
    </PubmedData>
</PubmedArticle>


<PubmedArticle>
    <MedlineCitation Status="In-Data-Review" Owner="NLM">
        <PMID Version="1">30872602</PMID>
        <DateRevised>
            <Year>2019</Year>
            <Month>03</Month>
            <Day>15</Day>
        </DateRevised>
        <Article PubModel="Electronic">
            <Journal>
                <ISSN IssnType="Electronic">2045-2322</ISSN>
                <JournalIssue CitedMedium="Internet">
                    <Volume>9</Volume>
                    <Issue>1</Issue>
                    <PubDate>
                        <Year>2019</Year>
                        <Month>Mar</Month>
                        <Day>14</Day>
                    </PubDate>
                </JournalIssue>
                <Title>Scientific reports</Title>
                <ISOAbbreviation>Sci Rep</ISOAbbreviation>
            </Journal>
            <ArticleTitle>High-throughput screening and classification of chemicals and their effects on neuronal gene expression using RASL-seq.</ArticleTitle>
            <Pagination>
                <MedlinePgn>4529</MedlinePgn>
            </Pagination>
            <ELocationID EIdType="doi" ValidYN="Y">10.1038/s41598-019-39016-5</ELocationID>
            <Abstract>
                <AbstractText>We previously used RNA-seq to identify chemicals whose effects on neuronal gene expression mimicked transcriptional signatures of autism, aging, and neurodegeneration. However, this approach was costly and time consuming, which limited our study to testing a single chemical concentration on mixed sex cortical neuron cultures. Here, we adapted a targeted transcriptomic method (RASL-seq, similar to TempO-seq) to interrogate changes in expression of a set of 56 signature genes in response to a library of 350 chemicals and chemical mixtures at four concentrations in male and female mouse neuronal cultures. This enabled us to replicate and expand our previous classifications, and show that transcriptional responses were largely equivalent between sexes. Overall, we found that RASL-seq can be used to accelerate the pace at which chemicals and mixtures that transcriptionally mimic autism and other neuropsychiatric diseases can be identified, and provides a cost-effective way to quantify gene expression with a panel of marker genes.</AbstractText>
            </Abstract>
            <AuthorList CompleteYN="Y">
                <Author ValidYN="Y">
                    <LastName>Simon</LastName>
                    <ForeName>Jeremy M</ForeName>
                    <Initials>JM</Initials>
                    <Identifier Source="ORCID">http://orcid.org/0000-0003-3906-1663</Identifier>
                    <AffiliationInfo>
                        <Affiliation>Department of Cell Biology and Physiology, UNC Neuroscience Center, The University of North Carolina at Chapel Hill, Chapel Hill, NC, 27599, USA.</Affiliation>
                    </AffiliationInfo>
                    <AffiliationInfo>
                        <Affiliation>Carolina Institute for Developmental Disabilities, The University of North Carolina at Chapel Hill, Chapel Hill, NC, 27599, USA.</Affiliation>
                    </AffiliationInfo>
                    <AffiliationInfo>
                        <Affiliation>Department of Genetics, The University of North Carolina at Chapel Hill, Chapel Hill, NC, 27599, USA.</Affiliation>
                    </AffiliationInfo>
                    <AffiliationInfo>
                        <Affiliation>Lineberger Comprehensive Cancer Center, The University of North Carolina at Chapel Hill, Chapel Hill, NC, 27599, USA.</Affiliation>
                    </AffiliationInfo>
                </Author>
                <Author ValidYN="Y">
                    <LastName>Paranjape</LastName>
                    <ForeName>Smita R</ForeName>
                    <Initials>SR</Initials>
                    <AffiliationInfo>
                        <Affiliation>Department of Cell Biology and Physiology, UNC Neuroscience Center, The University of North Carolina at Chapel Hill, Chapel Hill, NC, 27599, USA.</Affiliation>
                    </AffiliationInfo>
                </Author>
                <Author ValidYN="Y">
                    <LastName>Wolter</LastName>
                    <ForeName>Justin M</ForeName>
                    <Initials>JM</Initials>
                    <AffiliationInfo>
                        <Affiliation>Department of Cell Biology and Physiology, UNC Neuroscience Center, The University of North Carolina at Chapel Hill, Chapel Hill, NC, 27599, USA.</Affiliation>
                    </AffiliationInfo>
                </Author>
                <Author ValidYN="Y">
                    <LastName>Salazar</LastName>
                    <ForeName>Gabriela</ForeName>
                    <Initials>G</Initials>
                    <AffiliationInfo>
                        <Affiliation>Department of Cell Biology and Physiology, UNC Neuroscience Center, The University of North Carolina at Chapel Hill, Chapel Hill, NC, 27599, USA.</Affiliation>
                    </AffiliationInfo>
                </Author>
                <Author ValidYN="Y">
                    <LastName>Zylka</LastName>
                    <ForeName>Mark J</ForeName>
                    <Initials>MJ</Initials>
                    <AffiliationInfo>
                        <Affiliation>Department of Cell Biology and Physiology, UNC Neuroscience Center, The University of North Carolina at Chapel Hill, Chapel Hill, NC, 27599, USA. zylka@med.unc.edu.</Affiliation>
                    </AffiliationInfo>
                    <AffiliationInfo>
                        <Affiliation>Carolina Institute for Developmental Disabilities, The University of North Carolina at Chapel Hill, Chapel Hill, NC, 27599, USA. zylka@med.unc.edu.</Affiliation>
                    </AffiliationInfo>
                </Author>
            </AuthorList>
            <Language>eng</Language>
            <GrantList CompleteYN="Y">
                <Grant>
                    <GrantID>DP1ES024088</GrantID>
                    <Agency>U.S. Department of Health &amp;amp; Human Services | NIH | National Institute of Environmental Health Sciences (NIEHS)</Agency>
                    <Country/>
                </Grant>
                <Grant>
                    <GrantID>DP1ES024088</GrantID>
                    <Agency>U.S. Department of Health &amp;amp; Human Services | NIH | National Institute of Environmental Health Sciences (NIEHS)</Agency>
                    <Country/>
                </Grant>
                <Grant>
                    <GrantID>DP1ES024088</GrantID>
                    <Agency>U.S. Department of Health &amp;amp; Human Services | NIH | National Institute of Environmental Health Sciences (NIEHS)</Agency>
                    <Country/>
                </Grant>
                <Grant>
                    <GrantID>DP1ES024088</GrantID>
                    <Agency>U.S. Department of Health &amp;amp; Human Services | NIH | National Institute of Environmental Health Sciences (NIEHS)</Agency>
                    <Country/>
                </Grant>
                <Grant>
                    <GrantID>DP1ES024088</GrantID>
                    <Agency>U.S. Department of Health &amp;amp; Human Services | NIH | National Institute of Environmental Health Sciences (NIEHS)</Agency>
                    <Country/>
                </Grant>
                <Grant>
                    <GrantID>R56ES028236</GrantID>
                    <Agency>U.S. Department of Health &amp;amp; Human Services | NIH | National Institute of Environmental Health Sciences (NIEHS)</Agency>
                    <Country/>
                </Grant>
                <Grant>
                    <GrantID>U54HD079124</GrantID>
                    <Agency>U.S. Department of Health &amp;amp; Human Services | NIH | Eunice Kennedy Shriver National Institute of Child Health and Human Development (NICHD)</Agency>
                    <Country/>
                </Grant>
                <Grant>
                    <GrantID>U54HD079124</GrantID>
                    <Agency>U.S. Department of Health &amp;amp; Human Services | NIH | Eunice Kennedy Shriver National Institute of Child Health and Human Development (NICHD)</Agency>
                    <Country/>
                </Grant>
                <Grant>
                    <GrantID>P30NS045892</GrantID>
                    <Agency>U.S. Department of Health &amp;amp; Human Services | NIH | National Institute of Neurological Disorders and Stroke (NINDS)</Agency>
                    <Country/>
                </Grant>
                <Grant>
                    <GrantID>P30NS045892</GrantID>
                    <Agency>U.S. Department of Health &amp;amp; Human Services | NIH | National Institute of Neurological Disorders and Stroke (NINDS)</Agency>
                    <Country/>
                </Grant>
            </GrantList>
            <PublicationTypeList>
                <PublicationType UI="D016428">Journal Article</PublicationType>
            </PublicationTypeList>
            <ArticleDate DateType="Electronic">
                <Year>2019</Year>
                <Month>03</Month>
                <Day>14</Day>
            </ArticleDate>
        </Article>
        <MedlineJournalInfo>
            <Country>England</Country>
            <MedlineTA>Sci Rep</MedlineTA>
            <NlmUniqueID>101563288</NlmUniqueID>
            <ISSNLinking>2045-2322</ISSNLinking>
        </MedlineJournalInfo>
    </MedlineCitation>
    <PubmedData>
        <History>
            <PubMedPubDate PubStatus="received">
                <Year>2018</Year>
                <Month>08</Month>
                <Day>28</Day>
            </PubMedPubDate>
            <PubMedPubDate PubStatus="accepted">
                <Year>2019</Year>
                <Month>01</Month>
                <Day>11</Day>
            </PubMedPubDate>
            <PubMedPubDate PubStatus="entrez">
                <Year>2019</Year>
                <Month>3</Month>
                <Day>16</Day>
                <Hour>6</Hour>
                <Minute>0</Minute>
            </PubMedPubDate>
            <PubMedPubDate PubStatus="pubmed">
                <Year>2019</Year>
                <Month>3</Month>
                <Day>16</Day>
                <Hour>6</Hour>
                <Minute>0</Minute>
            </PubMedPubDate>
            <PubMedPubDate PubStatus="medline">
                <Year>2019</Year>
                <Month>3</Month>
                <Day>16</Day>
                <Hour>6</Hour>
                <Minute>0</Minute>
            </PubMedPubDate>
        </History>
        <PublicationStatus>epublish</PublicationStatus>
        <ArticleIdList>
            <ArticleId IdType="pubmed">30872602</ArticleId>
            <ArticleId IdType="doi">10.1038/s41598-019-39016-5</ArticleId>
            <ArticleId IdType="pii">10.1038/s41598-019-39016-5</ArticleId>
        </ArticleIdList>
    </PubmedData>
</PubmedArticle>


<PubmedArticle>
    <MedlineCitation Status="Publisher" Owner="NLM">
        <PMID Version="1">30872424</PMID>
        <DateRevised>
            <Year>2019</Year>
            <Month>03</Month>
            <Day>15</Day>
        </DateRevised>
        <Article PubModel="Print-Electronic">
            <Journal>
                <ISSN IssnType="Electronic">1532-2548</ISSN>
                <JournalIssue CitedMedium="Internet">
                    <PubDate>
                        <Year>2019</Year>
                        <Month>Mar</Month>
                        <Day>14</Day>
                    </PubDate>
                </JournalIssue>
                <Title>Plant physiology</Title>
                <ISOAbbreviation>Plant Physiol.</ISOAbbreviation>
            </Journal>
            <ArticleTitle>ANAC017 coordinates organellar functions and stress responses by reprogramming retrograde signaling.</ArticleTitle>
            <ELocationID EIdType="pii" ValidYN="Y">pp.01603.2018</ELocationID>
            <ELocationID EIdType="doi" ValidYN="Y">10.1104/pp.18.01603</ELocationID>
            <Abstract>
                <AbstractText>Mitochondria adjust their activities in response to external and internal stimuli to optimize growth via the mitochondrial retrograde response (MRR) signaling pathway. The Arabidopsis (Arabidopsis thaliana) NAC domain transcription factor ANAC017 has previously been identified as a regulator of the MRR. We show here that overexpression of ANAC017 in Arabidopsis leads to growth retardation, altered leaf development with decreased cell size and viability, and early leaf senescence. RNA-seq analyses revealed increased ANAC017 expression leads to higher expression of genes related to mitochondrial stress, cell death/autophagy, and leaf senescence under non-limiting growth conditions, as well as extensive repression of chloroplast function. Gene regulatory network analysis indicated that a complex hierarchy of transcription factors exists downstream of ANAC017. These involve a set of up-regulated ANAC and WRKY transcription factors associated with organellar signaling and senescence. The network also includes a number of ethylene- and gibberellic acid-related transcription factors with established function in stress responses and growth regulation, which down-regulate their target genes. A number of BASIC LEUCINE-ZIPPER MOTIF transcription factors involved in the endoplasmic reticulum unfolded protein response or balancing of energy homeostasis via the SNF1-RELATED PROTEIN KINASE1 were also down-regulated by ANAC017 overexpression. Our results show that the endoplasmic reticulum membrane-tethering of the constitutively expressed ANAC017, and its controlled release, are crucial to fine-tune a fast reactive but potentially harmful signaling cascade. Thus, ANAC017 is a master regulator of cellular responses with mitochondria acting as central sensors.</AbstractText>
                <CopyrightInformation>{copyright, serif} 2019 American Society of Plant Biologists. All rights reserved.</CopyrightInformation>
            </Abstract>
            <AuthorList CompleteYN="Y">
                <Author ValidYN="Y">
                    <LastName>Meng</LastName>
                    <ForeName>Xiangxiang</ForeName>
                    <Initials>X</Initials>
                    <AffiliationInfo>
                        <Affiliation>La Trobe University CITY: Bundoora STATE: VIC Australia [AU].</Affiliation>
                    </AffiliationInfo>
                </Author>
                <Author ValidYN="Y">
                    <LastName>Li</LastName>
                    <ForeName>Lu</ForeName>
                    <Initials>L</Initials>
                    <AffiliationInfo>
                        <Affiliation>La Trobe University CITY: Bundoora STATE: VIC Australia [AU].</Affiliation>
                    </AffiliationInfo>
                </Author>
                <Author ValidYN="Y">
                    <LastName>DeClercq</LastName>
                    <ForeName>Inge</ForeName>
                    <Initials>I</Initials>
                    <AffiliationInfo>
                        <Affiliation>Ghent University CITY: Ghent Belgium [BE].</Affiliation>
                    </AffiliationInfo>
                </Author>
                <Author ValidYN="Y">
                    <LastName>Narsai</LastName>
                    <ForeName>Reena</ForeName>
                    <Initials>R</Initials>
                    <AffiliationInfo>
                        <Affiliation>La Trobe University CITY: Bundoora STATE: VI POSTAL_CODE: 3086 Australia [AU].</Affiliation>
                    </AffiliationInfo>
                </Author>
                <Author ValidYN="Y">
                    <LastName>Xu</LastName>
                    <ForeName>Yue</ForeName>
                    <Initials>Y</Initials>
                    <AffiliationInfo>
                        <Affiliation>La Trobe University CITY: Melbourne POSTAL_CODE: 3083 Australia [AU].</Affiliation>
                    </AffiliationInfo>
                </Author>
                <Author ValidYN="Y">
                    <LastName>Hartmann</LastName>
                    <ForeName>Andreas</ForeName>
                    <Initials>A</Initials>
                    <AffiliationInfo>
                        <Affiliation>La Trobe University CITY: Melbourne STATE: Victoria Australia [AU].</Affiliation>
                    </AffiliationInfo>
                </Author>
                <Author ValidYN="Y">
                    <LastName>Lozano Claros</LastName>
                    <ForeName>Diego</ForeName>
                    <Initials>D</Initials>
                    <AffiliationInfo>
                        <Affiliation>La Trobe University CITY: Bundoora STATE: VIC Australia [AU].</Affiliation>
                    </AffiliationInfo>
                </Author>
                <Author ValidYN="Y">
                    <LastName>Custovic</LastName>
                    <ForeName>Eddie</ForeName>
                    <Initials>E</Initials>
                    <AffiliationInfo>
                        <Affiliation>La Trobe University CITY: Bundoora STATE: VIC Australia [AU].</Affiliation>
                    </AffiliationInfo>
                </Author>
                <Author ValidYN="Y">
                    <LastName>Lewsey</LastName>
                    <ForeName>Mathew Graham</ForeName>
                    <Initials>MG</Initials>
                    <AffiliationInfo>
                        <Affiliation>La Trobe University CITY: Bundoora STATE: VIC POSTAL_CODE: 3086 Australia [AU].</Affiliation>
                    </AffiliationInfo>
                </Author>
                <Author ValidYN="Y">
                    <LastName>Whelan</LastName>
                    <ForeName>James</ForeName>
                    <Initials>J</Initials>
                    <AffiliationInfo>
                        <Affiliation>La Trobe University CITY: Bundoora STATE: Victoria POSTAL_CODE: 3086 Australia [AU].</Affiliation>
                    </AffiliationInfo>
                </Author>
                <Author ValidYN="Y">
                    <LastName>Berkowitz</LastName>
                    <ForeName>Oliver</ForeName>
                    <Initials>O</Initials>
                    <AffiliationInfo>
                        <Affiliation>La Trobe University CITY: Bundoora STATE: VIC POSTAL_CODE: 3083 Australia [AU] o.berkowitz@latrobe.edu.au.</Affiliation>
                    </AffiliationInfo>
                </Author>
            </AuthorList>
            <Language>eng</Language>
            <PublicationTypeList>
                <PublicationType UI="D016428">Journal Article</PublicationType>
            </PublicationTypeList>
            <ArticleDate DateType="Electronic">
                <Year>2019</Year>
                <Month>03</Month>
                <Day>14</Day>
            </ArticleDate>
        </Article>
        <MedlineJournalInfo>
            <Country>United States</Country>
            <MedlineTA>Plant Physiol</MedlineTA>
            <NlmUniqueID>0401224</NlmUniqueID>
            <ISSNLinking>0032-0889</ISSNLinking>
        </MedlineJournalInfo>
    </MedlineCitation>
    <PubmedData>
        <History>
            <PubMedPubDate PubStatus="accepted">
                <Year>2019</Year>
                <Month>03</Month>
                <Day>08</Day>
            </PubMedPubDate>
            <PubMedPubDate PubStatus="received">
                <Year>2019</Year>
                <Month>02</Month>
                <Day>06</Day>
            </PubMedPubDate>
            <PubMedPubDate PubStatus="entrez">
                <Year>2019</Year>
                <Month>3</Month>
                <Day>16</Day>
                <Hour>6</Hour>
                <Minute>0</Minute>
            </PubMedPubDate>
            <PubMedPubDate PubStatus="pubmed">
                <Year>2019</Year>
                <Month>3</Month>
                <Day>16</Day>
                <Hour>6</Hour>
                <Minute>0</Minute>
            </PubMedPubDate>
            <PubMedPubDate PubStatus="medline">
                <Year>2019</Year>
                <Month>3</Month>
                <Day>16</Day>
                <Hour>6</Hour>
                <Minute>0</Minute>
            </PubMedPubDate>
        </History>
        <PublicationStatus>aheadofprint</PublicationStatus>
        <ArticleIdList>
            <ArticleId IdType="pubmed">30872424</ArticleId>
            <ArticleId IdType="pii">pp.18.01603</ArticleId>
            <ArticleId IdType="doi">10.1104/pp.18.01603</ArticleId>
        </ArticleIdList>
    </PubmedData>
</PubmedArticle>


<PubmedArticle>
    <MedlineCitation Status="Publisher" Owner="NLM">
        <PMID Version="1">30872414</PMID>
        <DateRevised>
            <Year>2019</Year>
            <Month>03</Month>
            <Day>15</Day>
        </DateRevised>
        <Article PubModel="Print-Electronic">
            <Journal>
                <ISSN IssnType="Electronic">1469-9001</ISSN>
                <JournalIssue CitedMedium="Internet">
                    <PubDate>
                        <Year>2019</Year>
                        <Month>Mar</Month>
                        <Day>14</Day>
                    </PubDate>
                </JournalIssue>
                <Title>RNA (New York, N.Y.)</Title>
                <ISOAbbreviation>RNA</ISOAbbreviation>
            </Journal>
            <ArticleTitle>Analysis of differential gene expression and alternative splicing is significantly influenced by choice of reference genome.</ArticleTitle>
            <ELocationID EIdType="pii" ValidYN="Y">rna.070227.118</ELocationID>
            <ELocationID EIdType="doi" ValidYN="Y">10.1261/rna.070227.118</ELocationID>
            <Abstract>
                <AbstractText>RNA-Seq analysis has enabled the evaluation of transcriptional changes in many species including non-model organisms. However, in most species only a single reference genome is available and RNA-Seq reads from highly divergent varieties are typically aligned to this reference. Here, we quantify the impacts of the choice of mapping genome in rice where three high-quality reference genomes are available. We aligned RNA-Seq data from a popular productive rice variety to three different reference genomes and found that the identification of differentially expressed genes differed depending on which reference genome was used for mapping. Furthermore, the ability to detect differentially used transcript isoforms was profoundly affected by the choice of reference genome: only 30% of the differentially used splicing features were detected when reads were mapped to the more commonly used, but more distantly related reference genome. This demonstrated that gene expression and splicing analysis varies considerably depending on the mapping reference genome, and that analysis of individuals that are distantly related to an available reference genome may be improved by acquisition of new genomic reference material. We observed that these differences in transcriptome analysis are, in part, due to the presence of single nucleotide polymorphisms between the sequenced individual and each respective reference genome, as well as annotation differences between the reference genomes that exist even between syntenic orthologs. We conclude that even between two closely related genomes of similar quality, using the reference genome that is most closely related to the species being sampled significantly improves transcriptome analysis.</AbstractText>
                <CopyrightInformation>Published by Cold Spring Harbor Laboratory Press for the RNA Society.</CopyrightInformation>
            </Abstract>
            <AuthorList CompleteYN="Y">
                <Author ValidYN="Y">
                    <LastName>Slabaugh</LastName>
                    <ForeName>Erin</ForeName>
                    <Initials>E</Initials>
                    <AffiliationInfo>
                        <Affiliation>North Carolina State University.</Affiliation>
                    </AffiliationInfo>
                </Author>
                <Author ValidYN="Y">
                    <LastName>Desai</LastName>
                    <ForeName>Jigar S</ForeName>
                    <Initials>JS</Initials>
                    <Identifier Source="ORCID">http://orcid.org/0000-0002-5238-3619</Identifier>
                    <AffiliationInfo>
                        <Affiliation>North Carolina State University.</Affiliation>
                    </AffiliationInfo>
                </Author>
                <Author ValidYN="Y">
                    <LastName>Sartor</LastName>
                    <ForeName>Ryan C</ForeName>
                    <Initials>RC</Initials>
                    <Identifier Source="ORCID">http://orcid.org/0000-0002-9621-0824</Identifier>
                    <AffiliationInfo>
                        <Affiliation>University of California, San Diego.</Affiliation>
                    </AffiliationInfo>
                </Author>
                <Author ValidYN="Y">
                    <LastName>Lawas</LastName>
                    <ForeName>Lovely Mae F</ForeName>
                    <Initials>LMF</Initials>
                    <AffiliationInfo>
                        <Affiliation>International Rice Research Institute (IRRI).</Affiliation>
                    </AffiliationInfo>
                </Author>
                <Author ValidYN="Y">
                    <LastName>Jagadish</LastName>
                    <ForeName>Sv Krishna</ForeName>
                    <Initials>SK</Initials>
                    <AffiliationInfo>
                        <Affiliation>Kansas State University.</Affiliation>
                    </AffiliationInfo>
                </Author>
                <Author ValidYN="Y">
                    <LastName>Doherty</LastName>
                    <ForeName>Colleen</ForeName>
                    <Initials>C</Initials>
                    <Identifier Source="ORCID">http://orcid.org/0000-0003-1126-5592</Identifier>
                    <AffiliationInfo>
                        <Affiliation>North Carolina State University; cjdohert@ncsu.edu.</Affiliation>
                    </AffiliationInfo>
                </Author>
            </AuthorList>
            <Language>eng</Language>
            <PublicationTypeList>
                <PublicationType UI="D016428">Journal Article</PublicationType>
            </PublicationTypeList>
            <ArticleDate DateType="Electronic">
                <Year>2019</Year>
                <Month>03</Month>
                <Day>14</Day>
            </ArticleDate>
        </Article>
        <MedlineJournalInfo>
            <Country>United States</Country>
            <MedlineTA>RNA</MedlineTA>
            <NlmUniqueID>9509184</NlmUniqueID>
            <ISSNLinking>1355-8382</ISSNLinking>
        </MedlineJournalInfo>
        <KeywordList Owner="NOTNLM">
            <Keyword MajorTopicYN="N">Differential gene expression</Keyword>
            <Keyword MajorTopicYN="N">Oryza sativa</Keyword>
            <Keyword MajorTopicYN="N">RNA-Seq</Keyword>
            <Keyword MajorTopicYN="N">Splicing</Keyword>
            <Keyword MajorTopicYN="N">Transcriptome analysis</Keyword>
        </KeywordList>
    </MedlineCitation>
    <PubmedData>
        <History>
            <PubMedPubDate PubStatus="received">
                <Year>2019</Year>
                <Month>01</Month>
                <Day>05</Day>
            </PubMedPubDate>
            <PubMedPubDate PubStatus="accepted">
                <Year>2019</Year>
                <Month>03</Month>
                <Day>06</Day>
            </PubMedPubDate>
            <PubMedPubDate PubStatus="entrez">
                <Year>2019</Year>
                <Month>3</Month>
                <Day>16</Day>
                <Hour>6</Hour>
                <Minute>0</Minute>
            </PubMedPubDate>
            <PubMedPubDate PubStatus="pubmed">
                <Year>2019</Year>
                <Month>3</Month>
                <Day>16</Day>
                <Hour>6</Hour>
                <Minute>0</Minute>
            </PubMedPubDate>
            <PubMedPubDate PubStatus="medline">
                <Year>2019</Year>
                <Month>3</Month>
                <Day>16</Day>
                <Hour>6</Hour>
                <Minute>0</Minute>
            </PubMedPubDate>
        </History>
        <PublicationStatus>aheadofprint</PublicationStatus>
        <ArticleIdList>
            <ArticleId IdType="pubmed">30872414</ArticleId>
            <ArticleId IdType="pii">rna.070227.118</ArticleId>
            <ArticleId IdType="doi">10.1261/rna.070227.118</ArticleId>
        </ArticleIdList>
    </PubmedData>
</PubmedArticle>


<PubmedArticle>
    <MedlineCitation Status="Publisher" Owner="NLM">
        <PMID Version="1">30872328</PMID>
        <DateRevised>
            <Year>2019</Year>
            <Month>03</Month>
            <Day>15</Day>
        </DateRevised>
        <Article PubModel="Print-Electronic">
            <Journal>
                <ISSN IssnType="Electronic">2160-1836</ISSN>
                <JournalIssue CitedMedium="Internet">
                    <PubDate>
                        <Year>2019</Year>
                        <Month>Mar</Month>
                        <Day>14</Day>
                    </PubDate>
                </JournalIssue>
                <Title>G3 (Bethesda, Md.)</Title>
                <ISOAbbreviation>G3 (Bethesda)</ISOAbbreviation>
            </Journal>
            <ArticleTitle>Full-Length Transcriptome Sequencing and the Discovery of New Transcripts in the Unfertilized Eggs of Zebrafish (<i>Danio rerio</i>).</ArticleTitle>
            <ELocationID EIdType="pii" ValidYN="Y">g3.200997.2019</ELocationID>
            <ELocationID EIdType="doi" ValidYN="Y">10.1534/g3.119.200997</ELocationID>
            <Abstract>
                <AbstractText>Understanding early gene expression in zebrafish embryos is a prerequisite for developmental biology research. In this study, 1,629,447 polymerase reads were obtained from the unfertilized eggs of zebrafish via full-length transcriptome sequencing using the PacBio RS II platform firstly. Then, 102,920 unique isoforms were obtained by correction, clustering and comparison with the zebrafish genome. 12,782 genes in the genome were captured, accounting for 39.71% of the all annotated genes. Approximately 62.27% of the 12,782 genes have been alternatively spliced. GO and KEGG annotations revealed that the unfertilized eggs primarily stored genes that participate in RNA processing and nuclear protein complex composition. According to this PacBio data that aligned with the genome, 3,970 fusion genes, 819 ncRNAs, and 84 new transcripts were predicted. Illumina RNA-seq and RT-qPCR detection found that the expression of two new transcripts, PB.5289.1 and PB.10209.1, were significantly up-regulated at the 2-cell stage and down-regulated rapidly thereafter, suggesting their involvement in minor ZGA during early embryonic development. This study indicated that the unfertilized eggs of zebrafish may have retained genes directly related to cell division and development to initiate the subsequent development in a limited space and time. On the other hand, NTRs or new transcriptome regions in the genome were discovered, which provided new clues regarding ZGA of MZT during early embryonic development in fish.</AbstractText>
                <CopyrightInformation>Copyright © 2019, G3: Genes, Genomes, Genetics.</CopyrightInformation>
            </Abstract>
            <AuthorList CompleteYN="Y">
                <Author ValidYN="Y">
                    <LastName>Mehjabin</LastName>
                    <ForeName>Rumana</ForeName>
                    <Initials>R</Initials>
                    <AffiliationInfo>
                        <Affiliation>Chinese Academy of Sciences; University of Chinese Academy of Sciences.</Affiliation>
                    </AffiliationInfo>
                </Author>
                <Author ValidYN="Y">
                    <LastName>Xiong</LastName>
                    <ForeName>Lv</ForeName>
                    <Initials>L</Initials>
                    <AffiliationInfo>
                        <Affiliation>Chinese Academy of Sciences; University of Chinese Academy of Sciences.</Affiliation>
                    </AffiliationInfo>
                </Author>
                <Author ValidYN="Y">
                    <LastName>Huang</LastName>
                    <ForeName>Rong</ForeName>
                    <Initials>R</Initials>
                    <AffiliationInfo>
                        <Affiliation>Chinese Academy of Sciences.</Affiliation>
                    </AffiliationInfo>
                </Author>
                <Author ValidYN="Y">
                    <LastName>Yang</LastName>
                    <ForeName>Cheng</ForeName>
                    <Initials>C</Initials>
                    <AffiliationInfo>
                        <Affiliation>Chinese Academy of Sciences; University of Chinese Academy of Sciences.</Affiliation>
                    </AffiliationInfo>
                </Author>
                <Author ValidYN="Y">
                    <LastName>Chen</LastName>
                    <ForeName>Geng</ForeName>
                    <Initials>G</Initials>
                    <AffiliationInfo>
                        <Affiliation>Chinese Academy of Sciences; University of Chinese Academy of Sciences.</Affiliation>
                    </AffiliationInfo>
                </Author>
                <Author ValidYN="Y">
                    <LastName>He</LastName>
                    <ForeName>Libo</ForeName>
                    <Initials>L</Initials>
                    <AffiliationInfo>
                        <Affiliation>Chinese Academy of Sciences.</Affiliation>
                    </AffiliationInfo>
                </Author>
                <Author ValidYN="Y">
                    <LastName>Liao</LastName>
                    <ForeName>Lanjie</ForeName>
                    <Initials>L</Initials>
                    <AffiliationInfo>
                        <Affiliation>Chinese Academy of Sciences.</Affiliation>
                    </AffiliationInfo>
                </Author>
                <Author ValidYN="Y">
                    <LastName>Zhu</LastName>
                    <ForeName>Zuoyan</ForeName>
                    <Initials>Z</Initials>
                    <AffiliationInfo>
                        <Affiliation>Chinese Academy of Sciences.</Affiliation>
                    </AffiliationInfo>
                </Author>
                <Author ValidYN="Y">
                    <LastName>Wang</LastName>
                    <ForeName>Yaping</ForeName>
                    <Initials>Y</Initials>
                    <AffiliationInfo>
                        <Affiliation>Chinese Academy of Sciences wangyp@ihb.ac.cn.</Affiliation>
                    </AffiliationInfo>
                </Author>
            </AuthorList>
            <Language>eng</Language>
            <PublicationTypeList>
                <PublicationType UI="D016428">Journal Article</PublicationType>
            </PublicationTypeList>
            <ArticleDate DateType="Electronic">
                <Year>2019</Year>
                <Month>03</Month>
                <Day>14</Day>
            </ArticleDate>
        </Article>
        <MedlineJournalInfo>
            <Country>United States</Country>
            <MedlineTA>G3 (Bethesda)</MedlineTA>
            <NlmUniqueID>101566598</NlmUniqueID>
            <ISSNLinking>2160-1836</ISSNLinking>
        </MedlineJournalInfo>
        <KeywordList Owner="NOTNLM">
            <Keyword MajorTopicYN="N">RNA-seq</Keyword>
            <Keyword MajorTopicYN="N">full-length transcriptome sequencing</Keyword>
            <Keyword MajorTopicYN="N">unfertilized egg</Keyword>
            <Keyword MajorTopicYN="N">zebrafish (Danio rerio)</Keyword>
        </KeywordList>
    </MedlineCitation>
    <PubmedData>
        <History>
            <PubMedPubDate PubStatus="entrez">
                <Year>2019</Year>
                <Month>3</Month>
                <Day>16</Day>
                <Hour>6</Hour>
                <Minute>0</Minute>
            </PubMedPubDate>
            <PubMedPubDate PubStatus="pubmed">
                <Year>2019</Year>
                <Month>3</Month>
                <Day>16</Day>
                <Hour>6</Hour>
                <Minute>0</Minute>
            </PubMedPubDate>
            <PubMedPubDate PubStatus="medline">
                <Year>2019</Year>
                <Month>3</Month>
                <Day>16</Day>
                <Hour>6</Hour>
                <Minute>0</Minute>
            </PubMedPubDate>
        </History>
        <PublicationStatus>aheadofprint</PublicationStatus>
        <ArticleIdList>
            <ArticleId IdType="pubmed">30872328</ArticleId>
            <ArticleId IdType="pii">g3.119.200997</ArticleId>
            <ArticleId IdType="doi">10.1534/g3.119.200997</ArticleId>
        </ArticleIdList>
    </PubmedData>
</PubmedArticle>


<PubmedArticle>
    <MedlineCitation Status="In-Data-Review" Owner="NLM">
        <PMID Version="1">30872256</PMID>
        <DateRevised>
            <Year>2019</Year>
            <Month>03</Month>
            <Day>15</Day>
        </DateRevised>
        <Article PubModel="Print">
            <Journal>
                <ISSN IssnType="Print">0253-9772</ISSN>
                <JournalIssue CitedMedium="Print">
                    <Volume>41</Volume>
                    <Issue>3</Issue>
                    <PubDate>
                        <Year>2019</Year>
                        <Month>Mar</Month>
                        <Day>20</Day>
                    </PubDate>
                </JournalIssue>
                <Title>Yi chuan = Hereditas</Title>
                <ISOAbbreviation>Yi Chuan</ISOAbbreviation>
            </Journal>
            <ArticleTitle>[Application of whole transcriptomics in animal husbandry].</ArticleTitle>
            <Pagination>
                <MedlinePgn>193-205</MedlinePgn>
            </Pagination>
            <ELocationID EIdType="doi" ValidYN="Y">10.16288/j.yczz.18-218</ELocationID>
            <Abstract>
                <AbstractText>RNA is a polymeric molecule which is involved in various biological processes including the coding, decoding, regulation, and expression of genes. Whole transcriptome sequencing is the dominant method for studying RNA functions which assists researchers to deepen the exploration and analysis of gene structure and function and to reveal intrinsic links between gene expression and life phenomena. To date, extensive research has been done in animal husbandry models including swine and poultry by using high-throughput RNA sequencing technology. These studies included transcript structure, gene expression level and non-coding region function. In this review, we briefly introduce the general processes and strategies of RNA-seq and small RNA-seq technologies, and summarize the various achievements of the application of whole transcriptomics in animal husbandry.</AbstractText>
            </Abstract>
            <AuthorList CompleteYN="Y">
                <Author ValidYN="Y">
                    <LastName>Shi</LastName>
                    <ForeName>Tian Pei</ForeName>
                    <Initials>TP</Initials>
                    <AffiliationInfo>
                        <Affiliation>Institute of Animal Science, Chinese Academy of Agricultural Sciences, Beijing 100193, China.</Affiliation>
                    </AffiliationInfo>
                </Author>
                <Author ValidYN="Y">
                    <LastName>Zhang</LastName>
                    <ForeName>Li</ForeName>
                    <Initials>L</Initials>
                    <AffiliationInfo>
                        <Affiliation>Institute of Animal Science, Chinese Academy of Agricultural Sciences, Beijing 100193, China.</Affiliation>
                    </AffiliationInfo>
                </Author>
            </AuthorList>
            <Language>chi</Language>
            <PublicationTypeList>
                <PublicationType UI="D004740">English Abstract</PublicationType>
                <PublicationType UI="D016428">Journal Article</PublicationType>
            </PublicationTypeList>
        </Article>
        <MedlineJournalInfo>
            <Country>China</Country>
            <MedlineTA>Yi Chuan</MedlineTA>
            <NlmUniqueID>9436478</NlmUniqueID>
            <ISSNLinking>0253-9772</ISSNLinking>
        </MedlineJournalInfo>
    </MedlineCitation>
    <PubmedData>
        <History>
            <PubMedPubDate PubStatus="entrez">
                <Year>2019</Year>
                <Month>3</Month>
                <Day>16</Day>
                <Hour>6</Hour>
                <Minute>0</Minute>
            </PubMedPubDate>
            <PubMedPubDate PubStatus="pubmed">
                <Year>2019</Year>
                <Month>3</Month>
                <Day>16</Day>
                <Hour>6</Hour>
                <Minute>0</Minute>
            </PubMedPubDate>
            <PubMedPubDate PubStatus="medline">
                <Year>2019</Year>
                <Month>3</Month>
                <Day>16</Day>
                <Hour>6</Hour>
                <Minute>0</Minute>
            </PubMedPubDate>
        </History>
        <PublicationStatus>ppublish</PublicationStatus>
        <ArticleIdList>
            <ArticleId IdType="pubmed">30872256</ArticleId>
            <ArticleId IdType="doi">10.16288/j.yczz.18-218</ArticleId>
        </ArticleIdList>
    </PubmedData>
</PubmedArticle>


<PubmedArticle>
    <MedlineCitation Status="In-Process" Owner="NLM">
        <PMID Version="1">30871468</PMID>
        <DateRevised>
            <Year>2019</Year>
            <Month>03</Month>
            <Day>15</Day>
        </DateRevised>
        <Article PubModel="Electronic">
            <Journal>
                <ISSN IssnType="Electronic">1471-2164</ISSN>
                <JournalIssue CitedMedium="Internet">
                    <Volume>20</Volume>
                    <Issue>1</Issue>
                    <PubDate>
                        <Year>2019</Year>
                        <Month>Mar</Month>
                        <Day>12</Day>
                    </PubDate>
                </JournalIssue>
                <Title>BMC genomics</Title>
                <ISOAbbreviation>BMC Genomics</ISOAbbreviation>
            </Journal>
            <ArticleTitle>Differential isoform expression and alternative splicing in sex determination in mice.</ArticleTitle>
            <Pagination>
                <MedlinePgn>202</MedlinePgn>
            </Pagination>
            <ELocationID EIdType="doi" ValidYN="Y">10.1186/s12864-019-5572-x</ELocationID>
            <Abstract>
                <AbstractText Label="BACKGROUND" NlmCategory="BACKGROUND">Alternative splicing (AS) may play an important role in gonadal sex determination (GSD) in mammals. The present study was designed to identify differentially expressed isoforms and AS modifications accompanying GSD in mice.</AbstractText>
                <AbstractText Label="RESULTS" NlmCategory="RESULTS">Using deep RNA-sequencing, we performed a transcriptional analysis of XX and XY gonads during sex determination on embryonic days 11 (E11) and 12 (E12). Analysis of differentially expressed genes (DEG) identified hundreds of genes related to GSD and early sex differentiation that may represent good candidates for sex reversal. Expression at time point E11 in males was significantly enriched in RNA splicing and mRNA processing Gene Ontology terms. Differentially expressed isoform analysis identified hundreds of specific isoforms related to GSD, many of which showed no differences in the DEG analysis. Hundreds of AS events were identified as modified at E11 and E12. Female E11 gonads featured sex-biased upregulation of intron retention (in genes related to regulation of transcription, protein phosphorylation, protein transport and mRNA splicing) and exon skipping (in genes related to chromatin repression) suggesting AS as a post-transcription mechanism that controls sex determination of the bipotential fetal gonad.</AbstractText>
                <AbstractText Label="CONCLUSION" NlmCategory="CONCLUSIONS">Our data suggests an important role of splicing regulatory mechanisms for sex determination in mice.</AbstractText>
            </Abstract>
            <AuthorList CompleteYN="Y">
                <Author ValidYN="Y">
                    <LastName>Planells</LastName>
                    <ForeName>Benjam<U+00ED>n</ForeName>
                    <Initials>B</Initials>
                    <Identifier Source="ORCID">http://orcid.org/0000-0001-9893-9179</Identifier>
                    <AffiliationInfo>
                        <Affiliation>Departamento de Reproducci<U+00F3>n Animal, Instituto Nacional de Investigaci<U+00F3>n y Tecnolog<U+00ED>a Agraria y Alimentaria, Madrid, Spain.</Affiliation>
                    </AffiliationInfo>
                    <AffiliationInfo>
                        <Affiliation>School of Agriculture and Food Science, University College Dublin, Dublin, Ireland.</Affiliation>
                    </AffiliationInfo>
                </Author>
                <Author ValidYN="Y">
                    <LastName>G<U+00F3>mez-Redondo</LastName>
                    <ForeName>Isabel</ForeName>
                    <Initials>I</Initials>
                    <AffiliationInfo>
                        <Affiliation>Departamento de Reproducci<U+00F3>n Animal, Instituto Nacional de Investigaci<U+00F3>n y Tecnolog<U+00ED>a Agraria y Alimentaria, Madrid, Spain.</Affiliation>
                    </AffiliationInfo>
                </Author>
                <Author ValidYN="Y">
                    <LastName>Pericuesta</LastName>
                    <ForeName>Eva</ForeName>
                    <Initials>E</Initials>
                    <AffiliationInfo>
                        <Affiliation>Departamento de Reproducci<U+00F3>n Animal, Instituto Nacional de Investigaci<U+00F3>n y Tecnolog<U+00ED>a Agraria y Alimentaria, Madrid, Spain.</Affiliation>
                    </AffiliationInfo>
                </Author>
                <Author ValidYN="Y">
                    <LastName>Lonergan</LastName>
                    <ForeName>Patrick</ForeName>
                    <Initials>P</Initials>
                    <AffiliationInfo>
                        <Affiliation>School of Agriculture and Food Science, University College Dublin, Dublin, Ireland.</Affiliation>
                    </AffiliationInfo>
                </Author>
                <Author ValidYN="Y">
                    <LastName>Guti<U+00E9>rrez-Ad<U+00E1>n</LastName>
                    <ForeName>Alfonso</ForeName>
                    <Initials>A</Initials>
                    <AffiliationInfo>
                        <Affiliation>Departamento de Reproducci<U+00F3>n Animal, Instituto Nacional de Investigaci<U+00F3>n y Tecnolog<U+00ED>a Agraria y Alimentaria, Madrid, Spain. agutierr@inia.es.</Affiliation>
                    </AffiliationInfo>
                </Author>
            </AuthorList>
            <Language>eng</Language>
            <GrantList CompleteYN="Y">
                <Grant>
                    <GrantID>AGL2015-66145</GrantID>
                    <Agency>Ministerio de Econom<U+00ED>a, Industria y Competitividad, Gobierno de Espa<U+00F1>a</Agency>
                    <Country/>
                </Grant>
                <Grant>
                    <GrantID>REP-BIOTECH 675526</GrantID>
                    <Agency>H2020 Marie Sk<U+0142>odowska-Curie Actions</Agency>
                    <Country/>
                </Grant>
            </GrantList>
            <PublicationTypeList>
                <PublicationType UI="D016428">Journal Article</PublicationType>
            </PublicationTypeList>
            <ArticleDate DateType="Electronic">
                <Year>2019</Year>
                <Month>03</Month>
                <Day>12</Day>
            </ArticleDate>
        </Article>
        <MedlineJournalInfo>
            <Country>England</Country>
            <MedlineTA>BMC Genomics</MedlineTA>
            <NlmUniqueID>100965258</NlmUniqueID>
            <ISSNLinking>1471-2164</ISSNLinking>
        </MedlineJournalInfo>
        <KeywordList Owner="NOTNLM">
            <Keyword MajorTopicYN="N">Gonads</Keyword>
            <Keyword MajorTopicYN="N">RNA-seq</Keyword>
            <Keyword MajorTopicYN="N">Sex determination</Keyword>
            <Keyword MajorTopicYN="N">Transcriptomics</Keyword>
        </KeywordList>
    </MedlineCitation>
    <PubmedData>
        <History>
            <PubMedPubDate PubStatus="received">
                <Year>2018</Year>
                <Month>11</Month>
                <Day>13</Day>
            </PubMedPubDate>
            <PubMedPubDate PubStatus="accepted">
                <Year>2019</Year>
                <Month>02</Month>
                <Day>27</Day>
            </PubMedPubDate>
            <PubMedPubDate PubStatus="entrez">
                <Year>2019</Year>
                <Month>3</Month>
                <Day>16</Day>
                <Hour>6</Hour>
                <Minute>0</Minute>
            </PubMedPubDate>
            <PubMedPubDate PubStatus="pubmed">
                <Year>2019</Year>
                <Month>3</Month>
                <Day>16</Day>
                <Hour>6</Hour>
                <Minute>0</Minute>
            </PubMedPubDate>
            <PubMedPubDate PubStatus="medline">
                <Year>2019</Year>
                <Month>3</Month>
                <Day>16</Day>
                <Hour>6</Hour>
                <Minute>0</Minute>
            </PubMedPubDate>
        </History>
        <PublicationStatus>epublish</PublicationStatus>
        <ArticleIdList>
            <ArticleId IdType="pubmed">30871468</ArticleId>
            <ArticleId IdType="doi">10.1186/s12864-019-5572-x</ArticleId>
            <ArticleId IdType="pii">10.1186/s12864-019-5572-x</ArticleId>
        </ArticleIdList>
    </PubmedData>
</PubmedArticle>


<PubmedArticle>
    <MedlineCitation Status="In-Process" Owner="NLM">
        <PMID Version="1">30871455</PMID>
        <DateRevised>
            <Year>2019</Year>
            <Month>03</Month>
            <Day>15</Day>
        </DateRevised>
        <Article PubModel="Electronic">
            <Journal>
                <ISSN IssnType="Electronic">1471-2164</ISSN>
                <JournalIssue CitedMedium="Internet">
                    <Volume>20</Volume>
                    <Issue>1</Issue>
                    <PubDate>
                        <Year>2019</Year>
                        <Month>Mar</Month>
                        <Day>12</Day>
                    </PubDate>
                </JournalIssue>
                <Title>BMC genomics</Title>
                <ISOAbbreviation>BMC Genomics</ISOAbbreviation>
            </Journal>
            <ArticleTitle>Human genes escaping X-inactivation revealed by single cell expression data.</ArticleTitle>
            <Pagination>
                <MedlinePgn>201</MedlinePgn>
            </Pagination>
            <ELocationID EIdType="doi" ValidYN="Y">10.1186/s12864-019-5507-6</ELocationID>
            <Abstract>
                <AbstractText Label="BACKGROUND" NlmCategory="BACKGROUND">In mammals, sex chromosomes pose an inherent imbalance of gene expression between sexes. In each female somatic cell, random inactivation of one of the X-chromosomes restores this balance. While most genes from the inactivated X-chromosome are silenced, 15-25% are known to escape X-inactivation (termed escapees). The expression levels of these genes are attributed to sex-dependent phenotypic variability.</AbstractText>
                <AbstractText Label="RESULTS" NlmCategory="RESULTS">We used single-cell RNA-Seq to detect escapees in somatic cells. As only one X-chromosome is inactivated in each cell, the origin of expression from the active or inactive chromosome can be determined from the variation of sequenced RNAs. We analyzed primary, healthy fibroblasts (n<U+2009>=<U+2009>104), and clonal lymphoblasts with sequenced parental genomes (n<U+2009>=<U+2009>25) by measuring the degree of allelic-specific expression (ASE) from heterozygous sites. We identified 24 and 49 candidate escapees, at varying degree of confidence, from the fibroblast and lymphoblast transcriptomes, respectively. We critically test the validity of escapee annotations by comparing our findings with a large collection of independent studies. We find that most genes (66%) from the unified set were previously reported as escapees. Furthermore, out of the overlooked escapees, 11 are long noncoding RNA (lncRNAs).</AbstractText>
                <AbstractText Label="CONCLUSIONS" NlmCategory="CONCLUSIONS">X-chromosome inactivation and escaping from it are robust, permanent phenomena that are best studies at a single-cell resolution. The cumulative information from individual cells increases the potential of identifying escapees. Moreover, despite the use of a limited number of cells, clonal cells (i.e., same X- chromosomes are coordinately inhibited) with genomic phasing are valuable for detecting escapees at high confidence. Generalizing the method to uncharacterized genomic loci resulted in lncRNAs escapees which account for 20% of the listed candidates. By confirming genes as escapees and propose others as candidates from two different cell types, we contribute to the cumulative knowledge and reliability of human escapees.</AbstractText>
            </Abstract>
            <AuthorList CompleteYN="Y">
                <Author ValidYN="Y">
                    <LastName>Wainer Katsir</LastName>
                    <ForeName>Kerem</ForeName>
                    <Initials>K</Initials>
                    <AffiliationInfo>
                        <Affiliation>Department of Biological Chemistry, The Institute of Life Sciences, The Hebrew University of Jerusalem, Edmond J. Safra Campus, Givat Ram, 9190400, Jerusalem, Israel.</Affiliation>
                    </AffiliationInfo>
                </Author>
                <Author ValidYN="Y">
                    <LastName>Linial</LastName>
                    <ForeName>Michal</ForeName>
                    <Initials>M</Initials>
                    <Identifier Source="ORCID">http://orcid.org/0000-0002-9357-4526</Identifier>
                    <AffiliationInfo>
                        <Affiliation>Department of Biological Chemistry, The Institute of Life Sciences, The Hebrew University of Jerusalem, Edmond J. Safra Campus, Givat Ram, 9190400, Jerusalem, Israel. michall@cc.huji.ac.il.</Affiliation>
                    </AffiliationInfo>
                </Author>
            </AuthorList>
            <Language>eng</Language>
            <PublicationTypeList>
                <PublicationType UI="D016428">Journal Article</PublicationType>
            </PublicationTypeList>
            <ArticleDate DateType="Electronic">
                <Year>2019</Year>
                <Month>03</Month>
                <Day>12</Day>
            </ArticleDate>
        </Article>
        <MedlineJournalInfo>
            <Country>England</Country>
            <MedlineTA>BMC Genomics</MedlineTA>
            <NlmUniqueID>100965258</NlmUniqueID>
            <ISSNLinking>1471-2164</ISSNLinking>
        </MedlineJournalInfo>
        <KeywordList Owner="NOTNLM">
            <Keyword MajorTopicYN="N">Allele specific expression</Keyword>
            <Keyword MajorTopicYN="N">Allelic bias</Keyword>
            <Keyword MajorTopicYN="N">Escapees</Keyword>
            <Keyword MajorTopicYN="N">RNA-Seq</Keyword>
            <Keyword MajorTopicYN="N">Single cell</Keyword>
            <Keyword MajorTopicYN="N">X-inactivation</Keyword>
        </KeywordList>
    </MedlineCitation>
    <PubmedData>
        <History>
            <PubMedPubDate PubStatus="received">
                <Year>2018</Year>
                <Month>12</Month>
                <Day>20</Day>
            </PubMedPubDate>
            <PubMedPubDate PubStatus="accepted">
                <Year>2019</Year>
                <Month>02</Month>
                <Day>04</Day>
            </PubMedPubDate>
            <PubMedPubDate PubStatus="entrez">
                <Year>2019</Year>
                <Month>3</Month>
                <Day>16</Day>
                <Hour>6</Hour>
                <Minute>0</Minute>
            </PubMedPubDate>
            <PubMedPubDate PubStatus="pubmed">
                <Year>2019</Year>
                <Month>3</Month>
                <Day>16</Day>
                <Hour>6</Hour>
                <Minute>0</Minute>
            </PubMedPubDate>
            <PubMedPubDate PubStatus="medline">
                <Year>2019</Year>
                <Month>3</Month>
                <Day>16</Day>
                <Hour>6</Hour>
                <Minute>0</Minute>
            </PubMedPubDate>
        </History>
        <PublicationStatus>epublish</PublicationStatus>
        <ArticleIdList>
            <ArticleId IdType="pubmed">30871455</ArticleId>
            <ArticleId IdType="doi">10.1186/s12864-019-5507-6</ArticleId>
            <ArticleId IdType="pii">10.1186/s12864-019-5507-6</ArticleId>
        </ArticleIdList>
    </PubmedData>
</PubmedArticle>


<PubmedArticle>
    <MedlineCitation Status="Publisher" Owner="NLM">
        <PMID Version="1">30871426</PMID>
        <DateRevised>
            <Year>2019</Year>
            <Month>03</Month>
            <Day>15</Day>
        </DateRevised>
        <Article PubModel="Print-Electronic">
            <Journal>
                <ISSN IssnType="Electronic">1477-0962</ISSN>
                <JournalIssue CitedMedium="Internet">
                    <PubDate>
                        <Year>2019</Year>
                        <Month>Mar</Month>
                        <Day>14</Day>
                    </PubDate>
                </JournalIssue>
                <Title>Lupus</Title>
                <ISOAbbreviation>Lupus</ISOAbbreviation>
            </Journal>
            <ArticleTitle>RNA-seq of circular RNAs identified circPTPN22 as a potential new activity indicator in systemic lupus erythematosus.</ArticleTitle>
            <Pagination>
                <MedlinePgn>961203319830493</MedlinePgn>
            </Pagination>
            <ELocationID EIdType="doi" ValidYN="Y">10.1177/0961203319830493</ELocationID>
            <Abstract>
                <AbstractText Label="BACKGROUND" NlmCategory="BACKGROUND">Circular RNAs (circRNAs) are possible biomarkers for many diseases, but the knowledge of circRNAs in the peripheral blood mononuclear cells (PBMCs) of patients with systemic lupus erythematosus (SLE) remains limited. This study aimed to assess the expression of circRNAs in PBMCs from patients with SLE and healthy individuals by RNA sequencing (RNA-seq).</AbstractText>
                <AbstractText Label="METHODS" NlmCategory="METHODS">In total, 128 circRNAs were significantly differentially expressed including 39 upregulated and 89 downregulated circRNAs in four new-onset SLE patients compared with three healthy controls. After verification of the four candidate circRNAs in 49 patients with SLE and 37 controls using quantitative real-time polymerase chain reaction (qRT-PCR) assays, a previously undescribed circRNA with potential translation activity, circPTPN22, was selected to confirm its clinical significance.</AbstractText>
                <AbstractText Label="RESULTS" NlmCategory="RESULTS">Bioinformatics analysis demonstrated that the parent gene of circPTPN22 was protein tyrosine phosphatase non-receptor type 22 (PTPN22), a potent regulator of T cell activation. The downregulation of circPTPN22 in patients with SLE was strongly negatively correlated with their Systemic Lupus Erythematosus Disease Activity Index (SLEDAI) scores. circRNA-miRNA-mRNA co-expression network analysis indicated a correlation between circPTPN22 and the miRNAs and mRNAs related to immunological regulation including the development of SLE. Patients with higher SLEDAI scores had lower circPTPN22 expression levels, and long-term hormone treatment significantly increased circPTPN22 levels. Receiver operating characteristic curve analysis indicated that circPTPN22 has good diagnostic value for SLE.</AbstractText>
                <AbstractText Label="CONCLUSION" NlmCategory="CONCLUSIONS">Our data demonstrated the aberrant expression of circRNAs in patients with SLE compared with healthy controls; circPTPN22 might function as a diagnostic and disease severity indicator in SLE.</AbstractText>
            </Abstract>
            <AuthorList CompleteYN="Y">
                <Author ValidYN="Y">
                    <LastName>Miao</LastName>
                    <ForeName>Q</ForeName>
                    <Initials>Q</Initials>
                    <AffiliationInfo>
                        <Affiliation>1 Department of Dermatology, the 901th Hospital Affiliated to Anhui Medical University, Hefei, China.</Affiliation>
                    </AffiliationInfo>
                    <AffiliationInfo>
                        <Affiliation>2 Department of Pathophysiology, Third Military Medical University, Chongqing, China.</Affiliation>
                    </AffiliationInfo>
                </Author>
                <Author ValidYN="Y">
                    <LastName>Zhong</LastName>
                    <ForeName>Z</ForeName>
                    <Initials>Z</Initials>
                    <AffiliationInfo>
                        <Affiliation>1 Department of Dermatology, the 901th Hospital Affiliated to Anhui Medical University, Hefei, China.</Affiliation>
                    </AffiliationInfo>
                </Author>
                <Author ValidYN="Y">
                    <LastName>Jiang</LastName>
                    <ForeName>Z</ForeName>
                    <Initials>Z</Initials>
                    <AffiliationInfo>
                        <Affiliation>1 Department of Dermatology, the 901th Hospital Affiliated to Anhui Medical University, Hefei, China.</Affiliation>
                    </AffiliationInfo>
                </Author>
                <Author ValidYN="Y">
                    <LastName>Lin</LastName>
                    <ForeName>Y</ForeName>
                    <Initials>Y</Initials>
                    <AffiliationInfo>
                        <Affiliation>3 Bellevue Christian High School, Bellevue, USA.</Affiliation>
                    </AffiliationInfo>
                </Author>
                <Author ValidYN="Y">
                    <LastName>Ni</LastName>
                    <ForeName>B</ForeName>
                    <Initials>B</Initials>
                    <Identifier Source="ORCID">https://orcid.org/0000-0002-4297-5346</Identifier>
                    <AffiliationInfo>
                        <Affiliation>2 Department of Pathophysiology, Third Military Medical University, Chongqing, China.</Affiliation>
                    </AffiliationInfo>
                </Author>
                <Author ValidYN="Y">
                    <LastName>Yang</LastName>
                    <ForeName>W</ForeName>
                    <Initials>W</Initials>
                    <AffiliationInfo>
                        <Affiliation>4 Department of Dermatology, the 181th Hospital of People's Liberation Army, Guilin, China.</Affiliation>
                    </AffiliationInfo>
                </Author>
                <Author ValidYN="Y">
                    <LastName>Tang</LastName>
                    <ForeName>J</ForeName>
                    <Initials>J</Initials>
                    <AffiliationInfo>
                        <Affiliation>1 Department of Dermatology, the 901th Hospital Affiliated to Anhui Medical University, Hefei, China.</Affiliation>
                    </AffiliationInfo>
                </Author>
            </AuthorList>
            <Language>eng</Language>
            <PublicationTypeList>
                <PublicationType UI="D016428">Journal Article</PublicationType>
            </PublicationTypeList>
            <ArticleDate DateType="Electronic">
                <Year>2019</Year>
                <Month>03</Month>
                <Day>14</Day>
            </ArticleDate>
        </Article>
        <MedlineJournalInfo>
            <Country>England</Country>
            <MedlineTA>Lupus</MedlineTA>
            <NlmUniqueID>9204265</NlmUniqueID>
            <ISSNLinking>0961-2033</ISSNLinking>
        </MedlineJournalInfo>
        <KeywordList Owner="NOTNLM">
            <Keyword MajorTopicYN="N">Circular RNA</Keyword>
            <Keyword MajorTopicYN="N">miRNA</Keyword>
            <Keyword MajorTopicYN="N">systemic lupus erythematosus</Keyword>
        </KeywordList>
    </MedlineCitation>
    <PubmedData>
        <History>
            <PubMedPubDate PubStatus="entrez">
                <Year>2019</Year>
                <Month>3</Month>
                <Day>16</Day>
                <Hour>6</Hour>
                <Minute>0</Minute>
            </PubMedPubDate>
            <PubMedPubDate PubStatus="pubmed">
                <Year>2019</Year>
                <Month>3</Month>
                <Day>16</Day>
                <Hour>6</Hour>
                <Minute>0</Minute>
            </PubMedPubDate>
            <PubMedPubDate PubStatus="medline">
                <Year>2019</Year>
                <Month>3</Month>
                <Day>16</Day>
                <Hour>6</Hour>
                <Minute>0</Minute>
            </PubMedPubDate>
        </History>
        <PublicationStatus>aheadofprint</PublicationStatus>
        <ArticleIdList>
            <ArticleId IdType="pubmed">30871426</ArticleId>
            <ArticleId IdType="doi">10.1177/0961203319830493</ArticleId>
        </ArticleIdList>
    </PubmedData>
</PubmedArticle>


<PubmedArticle>
    <MedlineCitation Status="Publisher" Owner="NLM">
        <PMID Version="1">30871422</PMID>
        <DateRevised>
            <Year>2019</Year>
            <Month>03</Month>
            <Day>15</Day>
        </DateRevised>
        <Article PubModel="Print-Electronic">
            <Journal>
                <ISSN IssnType="Electronic">1933-6926</ISSN>
                <JournalIssue CitedMedium="Internet">
                    <PubDate>
                        <Year>2019</Year>
                        <Month>Mar</Month>
                        <Day>15</Day>
                    </PubDate>
                </JournalIssue>
                <Title>Cell adhesion &amp; migration</Title>
                <ISOAbbreviation>Cell Adh Migr</ISOAbbreviation>
            </Journal>
            <ArticleTitle>ARHGEF4-mediates the actin cytoskeleton reorganization of hepatic stellate cells in 3-dimensional collagen matrices.</ArticleTitle>
            <ELocationID EIdType="doi" ValidYN="Y">10.1080/19336918.2019.1594497</ELocationID>
            <Abstract>
                <AbstractText>The actin cytoskeleton of hepatic stellate cells (HSCs) is reorganized when they are cultured in 3D collagen matrices. Here, we investigated the molecular mechanism of actin cytoskeleton reorganization in HSCs cultured in 3D floating collagen matrices (FCM) compared to those on 2D polystyrene surfaces (PS). First, we found that the generation of dendritic cellular processes was controlled by Rac1. Next, we examined the differential gene expression of HSCs cultured on 2D PS and in 3D FCM by RNA-Seq and focused on the changes of actin cytoskeleton reorganization-related molecular components and guanine nucleotide exchange factors (GEFs). The results showed that the expression of genes associated with actin cytoskeleton reorganization-related cellular components, filopodia and lamellipodia, were significantly decreased, but podosome-related genes was significantly increased in 3D FCM. Furthermore, we found that a Rac1-specific GEF, ARHGEF4, played roles in morphological changes, migration and podosome-related gene expression in HSCs cultured in 3D FCM.</AbstractText>
            </Abstract>
            <AuthorList CompleteYN="Y">
                <Author ValidYN="Y">
                    <LastName>Zhang</LastName>
                    <ForeName>Xiaowei</ForeName>
                    <Initials>X</Initials>
                    <AffiliationInfo>
                        <Affiliation>b State Key Laboratory of Bioactive Substance and Function of Natural Medicines, Institute of Materia Medica , Chinese Academy of Medical Sciences &amp; Peking Union Medical College , Beijing , China .</Affiliation>
                    </AffiliationInfo>
                </Author>
                <Author ValidYN="Y">
                    <LastName>Sun</LastName>
                    <ForeName>Lan</ForeName>
                    <Initials>L</Initials>
                    <AffiliationInfo>
                        <Affiliation>c Department of Pathology, Beijing Friendship Hospital , Capital Medical University , Beijing , China.</Affiliation>
                    </AffiliationInfo>
                </Author>
                <Author ValidYN="Y">
                    <LastName>Chen</LastName>
                    <ForeName>Wei</ForeName>
                    <Initials>W</Initials>
                    <AffiliationInfo>
                        <Affiliation>a Experimental Center, Beijing Friendship Hospital , Capital Medical University , Beijing , China.</Affiliation>
                    </AffiliationInfo>
                </Author>
                <Author ValidYN="Y">
                    <LastName>Wu</LastName>
                    <ForeName>Shanna</ForeName>
                    <Initials>S</Initials>
                    <AffiliationInfo>
                        <Affiliation>d Clinical Laboratory Center, Beijing Friendship Hospital , Capital Medical University , Beijing , China.</Affiliation>
                    </AffiliationInfo>
                </Author>
                <Author ValidYN="Y">
                    <LastName>Li</LastName>
                    <ForeName>Yanmeng</ForeName>
                    <Initials>Y</Initials>
                    <AffiliationInfo>
                        <Affiliation>a Experimental Center, Beijing Friendship Hospital , Capital Medical University , Beijing , China.</Affiliation>
                    </AffiliationInfo>
                </Author>
                <Author ValidYN="Y">
                    <LastName>Li</LastName>
                    <ForeName>Xiaojin</ForeName>
                    <Initials>X</Initials>
                    <AffiliationInfo>
                        <Affiliation>a Experimental Center, Beijing Friendship Hospital , Capital Medical University , Beijing , China.</Affiliation>
                    </AffiliationInfo>
                </Author>
                <Author ValidYN="Y">
                    <LastName>Zhang</LastName>
                    <ForeName>Bei</ForeName>
                    <Initials>B</Initials>
                    <AffiliationInfo>
                        <Affiliation>a Experimental Center, Beijing Friendship Hospital , Capital Medical University , Beijing , China.</Affiliation>
                    </AffiliationInfo>
                </Author>
                <Author ValidYN="Y">
                    <LastName>Yao</LastName>
                    <ForeName>Jingyi</ForeName>
                    <Initials>J</Initials>
                    <AffiliationInfo>
                        <Affiliation>a Experimental Center, Beijing Friendship Hospital , Capital Medical University , Beijing , China.</Affiliation>
                    </AffiliationInfo>
                </Author>
                <Author ValidYN="Y">
                    <LastName>Wang</LastName>
                    <ForeName>Huan</ForeName>
                    <Initials>H</Initials>
                    <AffiliationInfo>
                        <Affiliation>a Experimental Center, Beijing Friendship Hospital , Capital Medical University , Beijing , China.</Affiliation>
                    </AffiliationInfo>
                </Author>
                <Author ValidYN="Y">
                    <LastName>Xu</LastName>
                    <ForeName>Anjian</ForeName>
                    <Initials>A</Initials>
                    <AffiliationInfo>
                        <Affiliation>a Experimental Center, Beijing Friendship Hospital , Capital Medical University , Beijing , China.</Affiliation>
                    </AffiliationInfo>
                </Author>
            </AuthorList>
            <Language>eng</Language>
            <PublicationTypeList>
                <PublicationType UI="D016428">Journal Article</PublicationType>
            </PublicationTypeList>
            <ArticleDate DateType="Electronic">
                <Year>2019</Year>
                <Month>03</Month>
                <Day>15</Day>
            </ArticleDate>
        </Article>
        <MedlineJournalInfo>
            <Country>United States</Country>
            <MedlineTA>Cell Adh Migr</MedlineTA>
            <NlmUniqueID>101469464</NlmUniqueID>
            <ISSNLinking>1933-6918</ISSNLinking>
        </MedlineJournalInfo>
        <KeywordList Owner="NOTNLM">
            <Keyword MajorTopicYN="N">3D collagen matrices</Keyword>
            <Keyword MajorTopicYN="N">ARHGEF4</Keyword>
            <Keyword MajorTopicYN="N">actin cytoskeleton reorganization</Keyword>
            <Keyword MajorTopicYN="N">hepatic stellate cell</Keyword>
            <Keyword MajorTopicYN="N">migration</Keyword>
        </KeywordList>
    </MedlineCitation>
    <PubmedData>
        <History>
            <PubMedPubDate PubStatus="entrez">
                <Year>2019</Year>
                <Month>3</Month>
                <Day>16</Day>
                <Hour>6</Hour>
                <Minute>0</Minute>
            </PubMedPubDate>
            <PubMedPubDate PubStatus="pubmed">
                <Year>2019</Year>
                <Month>3</Month>
                <Day>16</Day>
                <Hour>6</Hour>
                <Minute>0</Minute>
            </PubMedPubDate>
            <PubMedPubDate PubStatus="medline">
                <Year>2019</Year>
                <Month>3</Month>
                <Day>16</Day>
                <Hour>6</Hour>
                <Minute>0</Minute>
            </PubMedPubDate>
        </History>
        <PublicationStatus>aheadofprint</PublicationStatus>
        <ArticleIdList>
            <ArticleId IdType="pubmed">30871422</ArticleId>
            <ArticleId IdType="doi">10.1080/19336918.2019.1594497</ArticleId>
        </ArticleIdList>
    </PubmedData>
</PubmedArticle>


<PubmedArticle>
    <MedlineCitation Status="In-Process" Owner="NLM">
        <PMID Version="1">30871211</PMID>
        <DateRevised>
            <Year>2019</Year>
            <Month>03</Month>
            <Day>15</Day>
        </DateRevised>
        <Article PubModel="Electronic">
            <Journal>
                <ISSN IssnType="Electronic">1422-0067</ISSN>
                <JournalIssue CitedMedium="Internet">
                    <Volume>20</Volume>
                    <Issue>6</Issue>
                    <PubDate>
                        <Year>2019</Year>
                        <Month>Mar</Month>
                        <Day>13</Day>
                    </PubDate>
                </JournalIssue>
                <Title>International journal of molecular sciences</Title>
                <ISOAbbreviation>Int J Mol Sci</ISOAbbreviation>
            </Journal>
            <ArticleTitle>Key Maize Drought-Responsive Genes and Pathways Revealed by Comparative Transcriptome and Physiological Analyses of Contrasting Inbred Lines.</ArticleTitle>
            <ELocationID EIdType="pii" ValidYN="Y">E1268</ELocationID>
            <ELocationID EIdType="doi" ValidYN="Y">10.3390/ijms20061268</ELocationID>
            <Abstract>
                <AbstractText>To unravel the molecular mechanisms underpinning maize (<i>Zea mays</i> L.) drought stress tolerance, we conducted comprehensive comparative transcriptome and physiological analyses of drought-tolerant YE8112 and drought-sensitive MO17 inbred line seedlings that had been exposed to drought treatment for seven days. Resultantly, YE8112 seedlings maintained comparatively higher leaf relative water and proline contents, greatly increased peroxidase activity, but decreased malondialdehyde content, than MO17 seedlings. Using an RNA sequencing (RNA-seq)-based approach, we identified a total of 10,612 differentially expressed genes (DEGs). From these, we mined out four critical sets of drought responsive DEGs, including 80 specific to YE8112, 5140 shared between the two lines after drought treatment (SD_TD), five DEGs of YE8112 also regulated in SD_TD, and four overlapping DEGs between the two lines. Drought-stressed YE8112 DEGs were primarily associated with nitrogen metabolism and amino-acid biosynthesis pathways, whereas MO17 DEGs were enriched in the ribosome pathway. Additionally, our physiological analyses results were consistent with the predicted RNA-seq-based findings. Furthermore, quantitative real-time polymerase chain reaction (qRT-PCR) analysis and the RNA-seq results of twenty representative DEGs were highly correlated (<i>R</i>² = 98.86%). Crucially, tolerant line YE8112 drought-responsive genes were predominantly implicated in stress signal transduction; cellular redox homeostasis maintenance; <i>MYB</i>, <i>NAC</i>, <i>WRKY</i>, and <i>PLATZ</i> transcriptional factor modulated; carbohydrate synthesis and cell-wall remodeling; amino acid biosynthesis; and protein ubiquitination processes. Our findings offer insights into the molecular networks mediating maize drought stress tolerance.</AbstractText>
            </Abstract>
            <AuthorList CompleteYN="Y">
                <Author ValidYN="Y">
                    <LastName>Zenda</LastName>
                    <ForeName>Tinashe</ForeName>
                    <Initials>T</Initials>
                    <Identifier Source="ORCID">0000-0002-7680-1520</Identifier>
                    <AffiliationInfo>
                        <Affiliation>Department of Crop Genetics and Breeding, College of Agronomy, Hebei Agricultural University, Baoding 071001, China. tzenda@hebau.edu.cn.</Affiliation>
                    </AffiliationInfo>
                    <AffiliationInfo>
                        <Affiliation>North China Key Laboratory for Crop Germplasm Resources of the Education Ministry, Hebei Agricultural University, Baoding 071001, China. tzenda@hebau.edu.cn.</Affiliation>
                    </AffiliationInfo>
                </Author>
                <Author ValidYN="Y">
                    <LastName>Liu</LastName>
                    <ForeName>Songtao</ForeName>
                    <Initials>S</Initials>
                    <AffiliationInfo>
                        <Affiliation>Department of Crop Genetics and Breeding, College of Agronomy, Hebei Agricultural University, Baoding 071001, China. m15028293845@163.com.</Affiliation>
                    </AffiliationInfo>
                    <AffiliationInfo>
                        <Affiliation>North China Key Laboratory for Crop Germplasm Resources of the Education Ministry, Hebei Agricultural University, Baoding 071001, China. m15028293845@163.com.</Affiliation>
                    </AffiliationInfo>
                </Author>
                <Author ValidYN="Y">
                    <LastName>Wang</LastName>
                    <ForeName>Xuan</ForeName>
                    <Initials>X</Initials>
                    <AffiliationInfo>
                        <Affiliation>Department of Crop Genetics and Breeding, College of Agronomy, Hebei Agricultural University, Baoding 071001, China. 15733289921@163.com.</Affiliation>
                    </AffiliationInfo>
                    <AffiliationInfo>
                        <Affiliation>North China Key Laboratory for Crop Germplasm Resources of the Education Ministry, Hebei Agricultural University, Baoding 071001, China. 15733289921@163.com.</Affiliation>
                    </AffiliationInfo>
                </Author>
                <Author ValidYN="Y">
                    <LastName>Liu</LastName>
                    <ForeName>Guo</ForeName>
                    <Initials>G</Initials>
                    <AffiliationInfo>
                        <Affiliation>Department of Crop Genetics and Breeding, College of Agronomy, Hebei Agricultural University, Baoding 071001, China. m15612245597@163.com.</Affiliation>
                    </AffiliationInfo>
                    <AffiliationInfo>
                        <Affiliation>North China Key Laboratory for Crop Germplasm Resources of the Education Ministry, Hebei Agricultural University, Baoding 071001, China. m15612245597@163.com.</Affiliation>
                    </AffiliationInfo>
                </Author>
                <Author ValidYN="Y">
                    <LastName>Jin</LastName>
                    <ForeName>Hongyu</ForeName>
                    <Initials>H</Initials>
                    <AffiliationInfo>
                        <Affiliation>Department of Crop Genetics and Breeding, College of Agronomy, Hebei Agricultural University, Baoding 071001, China. m15633790536@163.com.</Affiliation>
                    </AffiliationInfo>
                    <AffiliationInfo>
                        <Affiliation>North China Key Laboratory for Crop Germplasm Resources of the Education Ministry, Hebei Agricultural University, Baoding 071001, China. m15633790536@163.com.</Affiliation>
                    </AffiliationInfo>
                </Author>
                <Author ValidYN="Y">
                    <LastName>Dong</LastName>
                    <ForeName>Anyi</ForeName>
                    <Initials>A</Initials>
                    <AffiliationInfo>
                        <Affiliation>Department of Crop Genetics and Breeding, College of Agronomy, Hebei Agricultural University, Baoding 071001, China. 18331220513@163.com.</Affiliation>
                    </AffiliationInfo>
                    <AffiliationInfo>
                        <Affiliation>North China Key Laboratory for Crop Germplasm Resources of the Education Ministry, Hebei Agricultural University, Baoding 071001, China. 18331220513@163.com.</Affiliation>
                    </AffiliationInfo>
                </Author>
                <Author ValidYN="Y">
                    <LastName>Yang</LastName>
                    <ForeName>Yatong</ForeName>
                    <Initials>Y</Initials>
                    <AffiliationInfo>
                        <Affiliation>Department of Crop Genetics and Breeding, College of Agronomy, Hebei Agricultural University, Baoding 071001, China. 18233230155@163.com.</Affiliation>
                    </AffiliationInfo>
                    <AffiliationInfo>
                        <Affiliation>North China Key Laboratory for Crop Germplasm Resources of the Education Ministry, Hebei Agricultural University, Baoding 071001, China. 18233230155@163.com.</Affiliation>
                    </AffiliationInfo>
                </Author>
                <Author ValidYN="Y">
                    <LastName>Duan</LastName>
                    <ForeName>Huijun</ForeName>
                    <Initials>H</Initials>
                    <AffiliationInfo>
                        <Affiliation>Department of Crop Genetics and Breeding, College of Agronomy, Hebei Agricultural University, Baoding 071001, China. hjduan@hebau.edu.cn.</Affiliation>
                    </AffiliationInfo>
                    <AffiliationInfo>
                        <Affiliation>North China Key Laboratory for Crop Germplasm Resources of the Education Ministry, Hebei Agricultural University, Baoding 071001, China. hjduan@hebau.edu.cn.</Affiliation>
                    </AffiliationInfo>
                </Author>
            </AuthorList>
            <Language>eng</Language>
            <GrantList CompleteYN="Y">
                <Grant>
                    <GrantID>2017YFD0300901</GrantID>
                    <Agency>National Key Research and Development Project of China (Selection and Efficient Combination Model of Wheat and Maize Water Saving, High Yield and High Quality Varieties)</Agency>
                    <Country/>
                </Grant>
            </GrantList>
            <PublicationTypeList>
                <PublicationType UI="D016428">Journal Article</PublicationType>
            </PublicationTypeList>
            <ArticleDate DateType="Electronic">
                <Year>2019</Year>
                <Month>03</Month>
                <Day>13</Day>
            </ArticleDate>
        </Article>
        <MedlineJournalInfo>
            <Country>Switzerland</Country>
            <MedlineTA>Int J Mol Sci</MedlineTA>
            <NlmUniqueID>101092791</NlmUniqueID>
            <ISSNLinking>1422-0067</ISSNLinking>
        </MedlineJournalInfo>
        <KeywordList Owner="NOTNLM">
            <Keyword MajorTopicYN="N">RNA sequencing (RNA-seq)</Keyword>
            <Keyword MajorTopicYN="N">Zea mays L.</Keyword>
            <Keyword MajorTopicYN="N">differentially expressed genes (DEGs)</Keyword>
            <Keyword MajorTopicYN="N">drought stress</Keyword>
            <Keyword MajorTopicYN="N">qRT-PCR</Keyword>
            <Keyword MajorTopicYN="N">transcriptome</Keyword>
        </KeywordList>
    </MedlineCitation>
    <PubmedData>
        <History>
            <PubMedPubDate PubStatus="received">
                <Year>2019</Year>
                <Month>02</Month>
                <Day>01</Day>
            </PubMedPubDate>
            <PubMedPubDate PubStatus="revised">
                <Year>2019</Year>
                <Month>03</Month>
                <Day>08</Day>
            </PubMedPubDate>
            <PubMedPubDate PubStatus="accepted">
                <Year>2019</Year>
                <Month>03</Month>
                <Day>08</Day>
            </PubMedPubDate>
            <PubMedPubDate PubStatus="entrez">
                <Year>2019</Year>
                <Month>3</Month>
                <Day>16</Day>
                <Hour>6</Hour>
                <Minute>0</Minute>
            </PubMedPubDate>
            <PubMedPubDate PubStatus="pubmed">
                <Year>2019</Year>
                <Month>3</Month>
                <Day>16</Day>
                <Hour>6</Hour>
                <Minute>0</Minute>
            </PubMedPubDate>
            <PubMedPubDate PubStatus="medline">
                <Year>2019</Year>
                <Month>3</Month>
                <Day>16</Day>
                <Hour>6</Hour>
                <Minute>0</Minute>
            </PubMedPubDate>
        </History>
        <PublicationStatus>epublish</PublicationStatus>
        <ArticleIdList>
            <ArticleId IdType="pubmed">30871211</ArticleId>
            <ArticleId IdType="pii">ijms20061268</ArticleId>
            <ArticleId IdType="doi">10.3390/ijms20061268</ArticleId>
        </ArticleIdList>
    </PubmedData>
</PubmedArticle>


<PubmedArticle>
    <MedlineCitation Status="In-Process" Owner="NLM">
        <PMID Version="1">30871196</PMID>
        <DateRevised>
            <Year>2019</Year>
            <Month>03</Month>
            <Day>15</Day>
        </DateRevised>
        <Article PubModel="Electronic">
            <Journal>
                <ISSN IssnType="Electronic">1422-0067</ISSN>
                <JournalIssue CitedMedium="Internet">
                    <Volume>20</Volume>
                    <Issue>6</Issue>
                    <PubDate>
                        <Year>2019</Year>
                        <Month>Mar</Month>
                        <Day>13</Day>
                    </PubDate>
                </JournalIssue>
                <Title>International journal of molecular sciences</Title>
                <ISOAbbreviation>Int J Mol Sci</ISOAbbreviation>
            </Journal>
            <ArticleTitle>MicroRNAome Profile of <i>Euphorbia kansui</i> in Response to Methyl Jasmonate.</ArticleTitle>
            <ELocationID EIdType="pii" ValidYN="Y">E1267</ELocationID>
            <ELocationID EIdType="doi" ValidYN="Y">10.3390/ijms20061267</ELocationID>
            <Abstract>
                <AbstractText>miRNAs play vital regulatory roles in different plant developmental stages and in plant response to biotic and abiotic stresses. However, information is limited on the miRNA regulatory mechanism to methyl jasmonate (MeJA). In this study, we used the microRNAome profile to illustrate the relevant regulatory mechanisms of <i>Euphorbia kansui</i> in response to methyl jasmonate (MeJA) through Illumina RNA-Seq. As a result, we identified 875 miRNAs corresponding to 11,277 target mRNAs, among them, 168 known miRNA families representing 6019 target mRNAs sequences were obtained. 452 miRNA-mRNA pairs presented an anti-correlationship (Cor &lt; -0.50 and <i>p</i>-value of correlation <U+2264> 0.05). The miRNA with a fold change <U+2265> 2 and a <i>p</i> (<i>p</i>-Value) &lt; 0.05 in pairwise comparison were identified as significant differentially expressed miRNAs (DEMs). The DEMs in MeJA treatment of 0, 24, 36 and 48 h were compared by using Short Time Expression Miner (STEM) cluster and 4 significant gene profiles (<i>p</i>-value <U+2264> 0.02) were identified. Through the kyoto encyclopedia of genes and genomes (KEGG) pathway and gene ontology (GO) enrichment analysis on all miRNA targets, we identified 33 mRNAs in terpenoid biosynthesis, which were regulated by miRNAs under MeJA treatment, so the miRNA maybe involved in the response of <i>E. kansui</i> plant to exogenous MeJA and the results would provide very useful information on illustrating the regulatory mechanism of <i>E. kansui</i> and also provide an overall view of the miRNAs response to MeJA stress of a non-model plant.</AbstractText>
            </Abstract>
            <AuthorList CompleteYN="Y">
                <Author ValidYN="Y">
                    <LastName>Li</LastName>
                    <ForeName>Peng</ForeName>
                    <Initials>P</Initials>
                    <AffiliationInfo>
                        <Affiliation>Key Laboratory of Resource Biology and Biotechnology in Western China, Ministry of Education, Northwest University, Xi'an 710069, China. dangjiayuan2007@163.com.</Affiliation>
                    </AffiliationInfo>
                </Author>
                <Author ValidYN="Y">
                    <LastName>Tian</LastName>
                    <ForeName>Zheni</ForeName>
                    <Initials>Z</Initials>
                    <AffiliationInfo>
                        <Affiliation>Key Laboratory of Resource Biology and Biotechnology in Western China, Ministry of Education, Northwest University, Xi'an 710069, China. tzn2734914487@163.com.</Affiliation>
                    </AffiliationInfo>
                </Author>
                <Author ValidYN="Y">
                    <LastName>Zhang</LastName>
                    <ForeName>Qing</ForeName>
                    <Initials>Q</Initials>
                    <AffiliationInfo>
                        <Affiliation>Key Laboratory of Resource Biology and Biotechnology in Western China, Ministry of Education, Northwest University, Xi'an 710069, China. 15771785620@163.com.</Affiliation>
                    </AffiliationInfo>
                </Author>
                <Author ValidYN="Y">
                    <LastName>Zhang</LastName>
                    <ForeName>Yue</ForeName>
                    <Initials>Y</Initials>
                    <AffiliationInfo>
                        <Affiliation>Key Laboratory of Resource Biology and Biotechnology in Western China, Ministry of Education, Northwest University, Xi'an 710069, China. zy729225025@163.com.</Affiliation>
                    </AffiliationInfo>
                </Author>
                <Author ValidYN="Y">
                    <LastName>Wang</LastName>
                    <ForeName>Meng</ForeName>
                    <Initials>M</Initials>
                    <AffiliationInfo>
                        <Affiliation>Key Laboratory of Resource Biology and Biotechnology in Western China, Ministry of Education, Northwest University, Xi'an 710069, China. wangmengss501@163.com.</Affiliation>
                    </AffiliationInfo>
                </Author>
                <Author ValidYN="Y">
                    <LastName>Fang</LastName>
                    <ForeName>Xiaoai</ForeName>
                    <Initials>X</Initials>
                    <AffiliationInfo>
                        <Affiliation>Key Laboratory of Resource Biology and Biotechnology in Western China, Ministry of Education, Northwest University, Xi'an 710069, China. 17791713237@163.com.</Affiliation>
                    </AffiliationInfo>
                </Author>
                <Author ValidYN="Y">
                    <LastName>Shi</LastName>
                    <ForeName>Wenjing</ForeName>
                    <Initials>W</Initials>
                    <AffiliationInfo>
                        <Affiliation>Shaanxi Pharmaceutical Holding Group Co., Ltd., Xi'an 710069, China. shiwenjing82@163.com.</Affiliation>
                    </AffiliationInfo>
                </Author>
                <Author ValidYN="Y">
                    <LastName>Cai</LastName>
                    <ForeName>Xia</ForeName>
                    <Initials>X</Initials>
                    <AffiliationInfo>
                        <Affiliation>Key Laboratory of Resource Biology and Biotechnology in Western China, Ministry of Education, Northwest University, Xi'an 710069, China. caix@nwu.edu.cn.</Affiliation>
                    </AffiliationInfo>
                </Author>
            </AuthorList>
            <Language>eng</Language>
            <PublicationTypeList>
                <PublicationType UI="D016428">Journal Article</PublicationType>
            </PublicationTypeList>
            <ArticleDate DateType="Electronic">
                <Year>2019</Year>
                <Month>03</Month>
                <Day>13</Day>
            </ArticleDate>
        </Article>
        <MedlineJournalInfo>
            <Country>Switzerland</Country>
            <MedlineTA>Int J Mol Sci</MedlineTA>
            <NlmUniqueID>101092791</NlmUniqueID>
            <ISSNLinking>1422-0067</ISSNLinking>
        </MedlineJournalInfo>
        <KeywordList Owner="NOTNLM">
            <Keyword MajorTopicYN="N">Euphorbia kansui</Keyword>
            <Keyword MajorTopicYN="N">methyl jasmonate</Keyword>
            <Keyword MajorTopicYN="N">microRNA</Keyword>
        </KeywordList>
    </MedlineCitation>
    <PubmedData>
        <History>
            <PubMedPubDate PubStatus="received">
                <Year>2019</Year>
                <Month>01</Month>
                <Day>14</Day>
            </PubMedPubDate>
            <PubMedPubDate PubStatus="revised">
                <Year>2019</Year>
                <Month>03</Month>
                <Day>07</Day>
            </PubMedPubDate>
            <PubMedPubDate PubStatus="accepted">
                <Year>2019</Year>
                <Month>03</Month>
                <Day>08</Day>
            </PubMedPubDate>
            <PubMedPubDate PubStatus="entrez">
                <Year>2019</Year>
                <Month>3</Month>
                <Day>16</Day>
                <Hour>6</Hour>
                <Minute>0</Minute>
            </PubMedPubDate>
            <PubMedPubDate PubStatus="pubmed">
                <Year>2019</Year>
                <Month>3</Month>
                <Day>16</Day>
                <Hour>6</Hour>
                <Minute>0</Minute>
            </PubMedPubDate>
            <PubMedPubDate PubStatus="medline">
                <Year>2019</Year>
                <Month>3</Month>
                <Day>16</Day>
                <Hour>6</Hour>
                <Minute>0</Minute>
            </PubMedPubDate>
        </History>
        <PublicationStatus>epublish</PublicationStatus>
        <ArticleIdList>
            <ArticleId IdType="pubmed">30871196</ArticleId>
            <ArticleId IdType="pii">ijms20061267</ArticleId>
            <ArticleId IdType="doi">10.3390/ijms20061267</ArticleId>
        </ArticleIdList>
    </PubmedData>
</PubmedArticle>


<PubmedArticle>
    <MedlineCitation Status="PubMed-not-MEDLINE" Owner="NLM">
        <PMID Version="1">30871177</PMID>
        <DateRevised>
            <Year>2019</Year>
            <Month>03</Month>
            <Day>15</Day>
        </DateRevised>
        <Article PubModel="Electronic">
            <Journal>
                <ISSN IssnType="Print">2073-4425</ISSN>
                <JournalIssue CitedMedium="Print">
                    <Volume>10</Volume>
                    <Issue>3</Issue>
                    <PubDate>
                        <Year>2019</Year>
                        <Month>Mar</Month>
                        <Day>13</Day>
                    </PubDate>
                </JournalIssue>
                <Title>Genes</Title>
                <ISOAbbreviation>Genes (Basel)</ISOAbbreviation>
            </Journal>
            <ArticleTitle>RNA-Seq Transcriptome Analysis of Rice Primary Roots Reveals the Role of Flavonoids in Regulating the Rice Primary Root Growth.</ArticleTitle>
            <ELocationID EIdType="pii" ValidYN="Y">E213</ELocationID>
            <ELocationID EIdType="doi" ValidYN="Y">10.3390/genes10030213</ELocationID>
            <Abstract>
                <AbstractText>Flavonoids play important roles in root development and in its tropic responses, whereas the flavonoids-mediated changes of the global transcription levels during root growth remain unclear. Here, the global transcription changes in quercetin-treated rice primary roots were analyzed. Quercetin treatment significantly induced the inhibition of root growth and the reduction of H<U+2082>O<U+2082> and O<U+2082><sup>-</sup> levels. In addition, the RNA-seq analysis revealed that there are 1243 differentially expressed genes (DEGs) identified in quercetin-treated roots, including 1032 up-regulated and 211 down-regulated genes. A gene ontology (GO) enrichment analysis showed that the enriched GO terms are mainly associated with the cell wall organization, response to oxidative stress, and response to hormone stimulus. The Kyoto Encyclopedia of Genes and Genomes (KEGG) enrichment pathway analysis showed that the enriched DEGs are involved in phenylpropanoid biosynthesis, glutathione metabolism, and plant hormone signal transduction. Moreover, the quercetin treatment led to an increase of the antioxidant enzyme activities of catalase (CAT), peroxidase (POD), and superoxide dismutase (SOD) in rice roots. Also, the quercetin treatment altered the <i>DR5</i>:<i>GUS</i> expression pattern in the root tips. All of these data indicated that the flavonoids-mediated transcription changes of genes are related to the genes involved in cell wall remodeling, redox homeostasis, and auxin signaling, leading to a reduced cell division in the meristem zone and cell elongation in the elongation zone of roots.</AbstractText>
            </Abstract>
            <AuthorList CompleteYN="Y">
                <Author ValidYN="Y">
                    <LastName>Xu</LastName>
                    <ForeName>Yu</ForeName>
                    <Initials>Y</Initials>
                    <AffiliationInfo>
                        <Affiliation>College of Agronomy and Biotechnology, Southwest University, Chongqing 400716, China. xy13101391509@163.com.</Affiliation>
                    </AffiliationInfo>
                    <AffiliationInfo>
                        <Affiliation>Biotechnology Research Institute, Chinese Academy of Agricultural Sciences, Beijing 100081, China. xy13101391509@163.com.</Affiliation>
                    </AffiliationInfo>
                </Author>
                <Author ValidYN="Y">
                    <LastName>Zou</LastName>
                    <ForeName>Junjie</ForeName>
                    <Initials>J</Initials>
                    <Identifier Source="ORCID">0000-0002-4824-400X</Identifier>
                    <AffiliationInfo>
                        <Affiliation>Biotechnology Research Institute, Chinese Academy of Agricultural Sciences, Beijing 100081, China. zoujunjie@caas.cn.</Affiliation>
                    </AffiliationInfo>
                </Author>
                <Author ValidYN="Y">
                    <LastName>Zheng</LastName>
                    <ForeName>Hongyan</ForeName>
                    <Initials>H</Initials>
                    <AffiliationInfo>
                        <Affiliation>Biotechnology Research Institute, Chinese Academy of Agricultural Sciences, Beijing 100081, China. zhenghongyan@caas.cn.</Affiliation>
                    </AffiliationInfo>
                </Author>
                <Author ValidYN="Y">
                    <LastName>Xu</LastName>
                    <ForeName>Miaoyun</ForeName>
                    <Initials>M</Initials>
                    <Identifier Source="ORCID">0000-0002-4130-8082</Identifier>
                    <AffiliationInfo>
                        <Affiliation>Biotechnology Research Institute, Chinese Academy of Agricultural Sciences, Beijing 100081, China. xumiaoyun@caas.cn.</Affiliation>
                    </AffiliationInfo>
                </Author>
                <Author ValidYN="Y">
                    <LastName>Zong</LastName>
                    <ForeName>Xuefeng</ForeName>
                    <Initials>X</Initials>
                    <AffiliationInfo>
                        <Affiliation>College of Agronomy and Biotechnology, Southwest University, Chongqing 400716, China. zxfeng@swu.edu.cn.</Affiliation>
                    </AffiliationInfo>
                </Author>
                <Author ValidYN="Y">
                    <LastName>Wang</LastName>
                    <ForeName>Lei</ForeName>
                    <Initials>L</Initials>
                    <AffiliationInfo>
                        <Affiliation>Biotechnology Research Institute, Chinese Academy of Agricultural Sciences, Beijing 100081, China. wanglei01@caas.cn.</Affiliation>
                    </AffiliationInfo>
                </Author>
            </AuthorList>
            <Language>eng</Language>
            <GrantList CompleteYN="Y">
                <Grant>
                    <GrantID>31801283</GrantID>
                    <Agency>National Natural Science Foundation of China</Agency>
                    <Country/>
                </Grant>
            </GrantList>
            <PublicationTypeList>
                <PublicationType UI="D016428">Journal Article</PublicationType>
            </PublicationTypeList>
            <ArticleDate DateType="Electronic">
                <Year>2019</Year>
                <Month>03</Month>
                <Day>13</Day>
            </ArticleDate>
        </Article>
        <MedlineJournalInfo>
            <Country>Switzerland</Country>
            <MedlineTA>Genes (Basel)</MedlineTA>
            <NlmUniqueID>101551097</NlmUniqueID>
            <ISSNLinking>2073-4425</ISSNLinking>
        </MedlineJournalInfo>
        <KeywordList Owner="NOTNLM">
            <Keyword MajorTopicYN="N">Quercetin</Keyword>
            <Keyword MajorTopicYN="N">RNA-seq</Keyword>
            <Keyword MajorTopicYN="N">ROS</Keyword>
            <Keyword MajorTopicYN="N">auxin</Keyword>
            <Keyword MajorTopicYN="N">rice</Keyword>
            <Keyword MajorTopicYN="N">root growth</Keyword>
        </KeywordList>
    </MedlineCitation>
    <PubmedData>
        <History>
            <PubMedPubDate PubStatus="received">
                <Year>2019</Year>
                <Month>01</Month>
                <Day>24</Day>
            </PubMedPubDate>
            <PubMedPubDate PubStatus="revised">
                <Year>2019</Year>
                <Month>03</Month>
                <Day>06</Day>
            </PubMedPubDate>
            <PubMedPubDate PubStatus="accepted">
                <Year>2019</Year>
                <Month>03</Month>
                <Day>07</Day>
            </PubMedPubDate>
            <PubMedPubDate PubStatus="entrez">
                <Year>2019</Year>
                <Month>3</Month>
                <Day>16</Day>
                <Hour>6</Hour>
                <Minute>0</Minute>
            </PubMedPubDate>
            <PubMedPubDate PubStatus="pubmed">
                <Year>2019</Year>
                <Month>3</Month>
                <Day>16</Day>
                <Hour>6</Hour>
                <Minute>0</Minute>
            </PubMedPubDate>
            <PubMedPubDate PubStatus="medline">
                <Year>2019</Year>
                <Month>3</Month>
                <Day>16</Day>
                <Hour>6</Hour>
                <Minute>1</Minute>
            </PubMedPubDate>
        </History>
        <PublicationStatus>epublish</PublicationStatus>
        <ArticleIdList>
            <ArticleId IdType="pubmed">30871177</ArticleId>
            <ArticleId IdType="pii">genes10030213</ArticleId>
            <ArticleId IdType="doi">10.3390/genes10030213</ArticleId>
        </ArticleIdList>
    </PubmedData>
</PubmedArticle>


<PubmedArticle>
    <MedlineCitation Status="In-Process" Owner="NLM">
        <PMID Version="1">30871127</PMID>
        <DateRevised>
            <Year>2019</Year>
            <Month>03</Month>
            <Day>15</Day>
        </DateRevised>
        <Article PubModel="Electronic">
            <Journal>
                <ISSN IssnType="Electronic">1420-3049</ISSN>
                <JournalIssue CitedMedium="Internet">
                    <Volume>24</Volume>
                    <Issue>5</Issue>
                    <PubDate>
                        <Year>2019</Year>
                        <Month>Mar</Month>
                        <Day>12</Day>
                    </PubDate>
                </JournalIssue>
                <Title>Molecules (Basel, Switzerland)</Title>
                <ISOAbbreviation>Molecules</ISOAbbreviation>
            </Journal>
            <ArticleTitle>RNA Sequencing Analysis to Capture the Transcriptome Landscape during Tenderization in Sea Cucumber <i>Apostichopus japonicus</i>.</ArticleTitle>
            <ELocationID EIdType="pii" ValidYN="Y">E998</ELocationID>
            <ELocationID EIdType="doi" ValidYN="Y">10.3390/molecules24050998</ELocationID>
            <Abstract>
                <AbstractText>Sea cucumber (<i>Apostichopus japonicus</i>) is an economically significant species in China having great commercial value. It is challenging to maintain the textural properties during thermal processing due to the distinctive physiochemical structure of the <i>A. japonicus</i> body wall (AJBW). In this study, the gene expression profiles associated with tenderization in AJBW were determined at 0 h (CON), 1 h (T_1h), and 3 h (T_3h) after treatment at 37 °C using Illumina HiSeq™ 4000 platform. Seven-hundred-and-twenty-one and 806 differentially expressed genes (DEGs) were identified in comparisons of T_1h vs. CON and T_3h vs. CON, respectively. Among these DEGs, we found that two endogenous proteases-72 kDa type IV collagenase and matrix metalloproteinase 16 precursor-were significantly upregulated that could directly affect the tenderness of AJBW. In addition, 92 genes controlled four types of physiological and biochemical processes such as oxidative stress response (3), immune system process (55), apoptosis (4), and reorganization of the cytoskeleton and extracellular matrix (30). Further, the RT-qPCR results confirmed the accuracy of RNA-sequencing analysis. Our results showed the dynamic changes in global gene expression during tenderization and provided a series of candidate genes that contributed to tenderization in AJBW. This can help further studies on the genetics/molecular mechanisms associated with tenderization.</AbstractText>
            </Abstract>
            <AuthorList CompleteYN="Y">
                <Author ValidYN="Y">
                    <LastName>Dong</LastName>
                    <ForeName>Xiufang</ForeName>
                    <Initials>X</Initials>
                    <Identifier Source="ORCID">0000-0002-5824-1021</Identifier>
                    <AffiliationInfo>
                        <Affiliation>School of Food Science and Technology, Dalian Polytechnic University, National Engineering Research Center of Seafood, Dalian 116034, China. dxf900321@126.com.</Affiliation>
                    </AffiliationInfo>
                </Author>
                <Author ValidYN="Y">
                    <LastName>Qi</LastName>
                    <ForeName>Hang</ForeName>
                    <Initials>H</Initials>
                    <AffiliationInfo>
                        <Affiliation>School of Food Science and Technology, Dalian Polytechnic University, National Engineering Research Center of Seafood, Dalian 116034, China. qihang@dlpu.edu.cn.</Affiliation>
                    </AffiliationInfo>
                </Author>
                <Author ValidYN="Y">
                    <LastName>He</LastName>
                    <ForeName>Baoyu</ForeName>
                    <Initials>B</Initials>
                    <AffiliationInfo>
                        <Affiliation>School of Food Science and Technology, Dalian Polytechnic University, National Engineering Research Center of Seafood, Dalian 116034, China. heby0805@163.com.</Affiliation>
                    </AffiliationInfo>
                </Author>
                <Author ValidYN="Y">
                    <LastName>Jiang</LastName>
                    <ForeName>Di</ForeName>
                    <Initials>D</Initials>
                    <AffiliationInfo>
                        <Affiliation>School of Food Science and Technology, Dalian Polytechnic University, National Engineering Research Center of Seafood, Dalian 116034, China. jiangdi96213@126.com.</Affiliation>
                    </AffiliationInfo>
                </Author>
                <Author ValidYN="Y">
                    <LastName>Zhu</LastName>
                    <ForeName>Beiwei</ForeName>
                    <Initials>B</Initials>
                    <AffiliationInfo>
                        <Affiliation>School of Food Science and Technology, Dalian Polytechnic University, National Engineering Research Center of Seafood, Dalian 116034, China. zhubeiwei@163.com.</Affiliation>
                    </AffiliationInfo>
                </Author>
            </AuthorList>
            <Language>eng</Language>
            <PublicationTypeList>
                <PublicationType UI="D016428">Journal Article</PublicationType>
            </PublicationTypeList>
            <ArticleDate DateType="Electronic">
                <Year>2019</Year>
                <Month>03</Month>
                <Day>12</Day>
            </ArticleDate>
        </Article>
        <MedlineJournalInfo>
            <Country>Switzerland</Country>
            <MedlineTA>Molecules</MedlineTA>
            <NlmUniqueID>100964009</NlmUniqueID>
            <ISSNLinking>1420-3049</ISSNLinking>
        </MedlineJournalInfo>
        <KeywordList Owner="NOTNLM">
            <Keyword MajorTopicYN="N">RNA-seq</Keyword>
            <Keyword MajorTopicYN="N">body wall</Keyword>
            <Keyword MajorTopicYN="N">differentially expressed genes</Keyword>
            <Keyword MajorTopicYN="N">oxidative stress response</Keyword>
            <Keyword MajorTopicYN="N">sea cucumber Apostichopus japonicus</Keyword>
            <Keyword MajorTopicYN="N">tenderization mechanism</Keyword>
        </KeywordList>
    </MedlineCitation>
    <PubmedData>
        <History>
            <PubMedPubDate PubStatus="received">
                <Year>2019</Year>
                <Month>02</Month>
                <Day>16</Day>
            </PubMedPubDate>
            <PubMedPubDate PubStatus="revised">
                <Year>2019</Year>
                <Month>03</Month>
                <Day>07</Day>
            </PubMedPubDate>
            <PubMedPubDate PubStatus="accepted">
                <Year>2019</Year>
                <Month>03</Month>
                <Day>09</Day>
            </PubMedPubDate>
            <PubMedPubDate PubStatus="entrez">
                <Year>2019</Year>
                <Month>3</Month>
                <Day>16</Day>
                <Hour>6</Hour>
                <Minute>0</Minute>
            </PubMedPubDate>
            <PubMedPubDate PubStatus="pubmed">
                <Year>2019</Year>
                <Month>3</Month>
                <Day>16</Day>
                <Hour>6</Hour>
                <Minute>0</Minute>
            </PubMedPubDate>
            <PubMedPubDate PubStatus="medline">
                <Year>2019</Year>
                <Month>3</Month>
                <Day>16</Day>
                <Hour>6</Hour>
                <Minute>0</Minute>
            </PubMedPubDate>
        </History>
        <PublicationStatus>epublish</PublicationStatus>
        <ArticleIdList>
            <ArticleId IdType="pubmed">30871127</ArticleId>
            <ArticleId IdType="pii">molecules24050998</ArticleId>
            <ArticleId IdType="doi">10.3390/molecules24050998</ArticleId>
        </ArticleIdList>
    </PubmedData>
</PubmedArticle>


<PubmedArticle>
    <MedlineCitation Status="PubMed-not-MEDLINE" Owner="NLM">
        <PMID Version="1">30871095</PMID>
        <DateRevised>
            <Year>2019</Year>
            <Month>03</Month>
            <Day>15</Day>
        </DateRevised>
        <Article PubModel="Electronic">
            <Journal>
                <ISSN IssnType="Print">2073-4425</ISSN>
                <JournalIssue CitedMedium="Print">
                    <Volume>10</Volume>
                    <Issue>3</Issue>
                    <PubDate>
                        <Year>2019</Year>
                        <Month>Mar</Month>
                        <Day>12</Day>
                    </PubDate>
                </JournalIssue>
                <Title>Genes</Title>
                <ISOAbbreviation>Genes (Basel)</ISOAbbreviation>
            </Journal>
            <ArticleTitle>RNA Sequencing Reveals Specific TranscriptomicSignatures Distinguishing Effects of the [<i>SWI</i><U+207A>] Prion and <i>SWI1</i> Deletion in Yeast <i>Saccharomyces cerevisiae</i>.</ArticleTitle>
            <ELocationID EIdType="pii" ValidYN="Y">E212</ELocationID>
            <ELocationID EIdType="doi" ValidYN="Y">10.3390/genes10030212</ELocationID>
            <Abstract>
                <AbstractText>Prions are infectious, self-perpetuating protein conformers. In mammals, pathological aggregation of the prion protein causes incurable neurodegenerative disorders, while in yeast <i>Saccharomyces cerevisiae</i>, prion formation may be neutral or even beneficial. According to the prevailing contemporary point of view, prion formation is considered to be a functional inactivation of the corresponding protein whose conformational state shifts from the functional monomeric one to the infectious aggregated one. The Swi1 protein forms the [<i>SWI</i><U+207A>] prion and belongs to the nucleosome remodeler complex SWI/SNF controlling the expression of a significant part of the yeast genome. In this work, we performed RNA sequencing of isogenic <i>S. cerevisiae</i> strains grown on the media containing galactose as the sole carbon source. These strains bore the [<i>SWI</i><U+207A>] prion or had its structural gene <i>SWI1</i> deleted. The comparative analysis showed that [<i>SWI</i><U+207A>] affects genome expression significantly weaker as compared to the <i>SWI1</i> deletion. Moreover, in contrast to [<i>SWI</i><U+207A>], the <i>SWI1</i> deletion causes the general inhibition of translation-related genes expression and chromosome I disomy. At the same time, the [<i>SWI</i><U+207A>] prion exhibits a specific pattern of modulation of the metabolic pathways and some biological processes and functions, as well as the expression of several genes. Thus, the [<i>SWI</i><U+207A>] prion only partially corresponds to the loss-of-function of <i>SWI1</i> and demonstrates several gain-of-function traits.</AbstractText>
            </Abstract>
            <AuthorList CompleteYN="Y">
                <Author ValidYN="Y">
                    <LastName>Malovichko</LastName>
                    <ForeName>Yury V</ForeName>
                    <Initials>YV</Initials>
                    <AffiliationInfo>
                        <Affiliation>Podbelskogo sh., 3, Pushkin, 196608 St. Petersburg, Russia. 271296251017a@gmail.com.</Affiliation>
                    </AffiliationInfo>
                    <AffiliationInfo>
                        <Affiliation>St. Petersburg State University, Universitetskaya nab., 7/9, 199034 St. Petersburg, Russia. 271296251017a@gmail.com.</Affiliation>
                    </AffiliationInfo>
                </Author>
                <Author ValidYN="Y">
                    <LastName>Antonets</LastName>
                    <ForeName>Kirill S</ForeName>
                    <Initials>KS</Initials>
                    <AffiliationInfo>
                        <Affiliation>Podbelskogo sh., 3, Pushkin, 196608 St. Petersburg, Russia. kirantonez@gmail.com.</Affiliation>
                    </AffiliationInfo>
                    <AffiliationInfo>
                        <Affiliation>St. Petersburg State University, Universitetskaya nab., 7/9, 199034 St. Petersburg, Russia. kirantonez@gmail.com.</Affiliation>
                    </AffiliationInfo>
                </Author>
                <Author ValidYN="Y">
                    <LastName>Maslova</LastName>
                    <ForeName>Anna R</ForeName>
                    <Initials>AR</Initials>
                    <AffiliationInfo>
                        <Affiliation>St. Petersburg State University, Universitetskaya nab., 7/9, 199034 St. Petersburg, Russia. shuvalova.a.r@gmail.com.</Affiliation>
                    </AffiliationInfo>
                </Author>
                <Author ValidYN="Y">
                    <LastName>Andreeva</LastName>
                    <ForeName>Elena A</ForeName>
                    <Initials>EA</Initials>
                    <AffiliationInfo>
                        <Affiliation>St. Petersburg State University, Universitetskaya nab., 7/9, 199034 St. Petersburg, Russia. l_andreeva@yahoo.com.</Affiliation>
                    </AffiliationInfo>
                    <AffiliationInfo>
                        <Affiliation>Vavilov Institute of General Genetics, St. Petersburg Branch, Universitetskaya nab., 7/9, 199034 St. Petersburg, Russia. l_andreeva@yahoo.com.</Affiliation>
                    </AffiliationInfo>
                </Author>
                <Author ValidYN="Y">
                    <LastName>Inge-Vechtomov</LastName>
                    <ForeName>Sergey G</ForeName>
                    <Initials>SG</Initials>
                    <AffiliationInfo>
                        <Affiliation>St. Petersburg State University, Universitetskaya nab., 7/9, 199034 St. Petersburg, Russia. ingevechtomov@gmail.com.</Affiliation>
                    </AffiliationInfo>
                    <AffiliationInfo>
                        <Affiliation>Vavilov Institute of General Genetics, St. Petersburg Branch, Universitetskaya nab., 7/9, 199034 St. Petersburg, Russia. ingevechtomov@gmail.com.</Affiliation>
                    </AffiliationInfo>
                </Author>
                <Author ValidYN="Y">
                    <LastName>Nizhnikov</LastName>
                    <ForeName>Anton A</ForeName>
                    <Initials>AA</Initials>
                    <AffiliationInfo>
                        <Affiliation>Podbelskogo sh., 3, Pushkin, 196608 St. Petersburg, Russia. ant.nizhnikov@gmail.com.</Affiliation>
                    </AffiliationInfo>
                    <AffiliationInfo>
                        <Affiliation>St. Petersburg State University, Universitetskaya nab., 7/9, 199034 St. Petersburg, Russia. ant.nizhnikov@gmail.com.</Affiliation>
                    </AffiliationInfo>
                </Author>
            </AuthorList>
            <Language>eng</Language>
            <GrantList CompleteYN="Y">
                <Grant>
                    <GrantID>17-04-00816</GrantID>
                    <Agency>Russian Foundation for Basic Research</Agency>
                    <Country/>
                </Grant>
            </GrantList>
            <PublicationTypeList>
                <PublicationType UI="D016428">Journal Article</PublicationType>
            </PublicationTypeList>
            <ArticleDate DateType="Electronic">
                <Year>2019</Year>
                <Month>03</Month>
                <Day>12</Day>
            </ArticleDate>
        </Article>
        <MedlineJournalInfo>
            <Country>Switzerland</Country>
            <MedlineTA>Genes (Basel)</MedlineTA>
            <NlmUniqueID>101551097</NlmUniqueID>
            <ISSNLinking>2073-4425</ISSNLinking>
        </MedlineJournalInfo>
        <KeywordList Owner="NOTNLM">
            <Keyword MajorTopicYN="N">RNA-Seq</Keyword>
            <Keyword MajorTopicYN="N">S. cerevisiae</Keyword>
            <Keyword MajorTopicYN="N">SWI/SNF</Keyword>
            <Keyword MajorTopicYN="N">Swi1</Keyword>
            <Keyword MajorTopicYN="N">[SWI+]</Keyword>
            <Keyword MajorTopicYN="N">amyloid</Keyword>
            <Keyword MajorTopicYN="N">prion</Keyword>
            <Keyword MajorTopicYN="N">transcriptome</Keyword>
            <Keyword MajorTopicYN="N">yeast</Keyword>
        </KeywordList>
        <CoiStatement>The authors declare no conflict of interest.</CoiStatement>
    </MedlineCitation>
    <PubmedData>
        <History>
            <PubMedPubDate PubStatus="received">
                <Year>2019</Year>
                <Month>02</Month>
                <Day>10</Day>
            </PubMedPubDate>
            <PubMedPubDate PubStatus="revised">
                <Year>2019</Year>
                <Month>03</Month>
                <Day>01</Day>
            </PubMedPubDate>
            <PubMedPubDate PubStatus="accepted">
                <Year>2019</Year>
                <Month>03</Month>
                <Day>08</Day>
            </PubMedPubDate>
            <PubMedPubDate PubStatus="entrez">
                <Year>2019</Year>
                <Month>3</Month>
                <Day>16</Day>
                <Hour>6</Hour>
                <Minute>0</Minute>
            </PubMedPubDate>
            <PubMedPubDate PubStatus="pubmed">
                <Year>2019</Year>
                <Month>3</Month>
                <Day>16</Day>
                <Hour>6</Hour>
                <Minute>0</Minute>
            </PubMedPubDate>
            <PubMedPubDate PubStatus="medline">
                <Year>2019</Year>
                <Month>3</Month>
                <Day>16</Day>
                <Hour>6</Hour>
                <Minute>1</Minute>
            </PubMedPubDate>
        </History>
        <PublicationStatus>epublish</PublicationStatus>
        <ArticleIdList>
            <ArticleId IdType="pubmed">30871095</ArticleId>
            <ArticleId IdType="pii">genes10030212</ArticleId>
            <ArticleId IdType="doi">10.3390/genes10030212</ArticleId>
        </ArticleIdList>
    </PubmedData>
</PubmedArticle>


<PubmedArticle>
    <MedlineCitation Status="Publisher" Owner="NLM">
        <PMID Version="1">30870557</PMID>
        <DateRevised>
            <Year>2019</Year>
            <Month>03</Month>
            <Day>14</Day>
        </DateRevised>
        <Article PubModel="Print-Electronic">
            <Journal>
                <ISSN IssnType="Electronic">1460-2431</ISSN>
                <JournalIssue CitedMedium="Internet">
                    <PubDate>
                        <Year>2019</Year>
                        <Month>Mar</Month>
                        <Day>14</Day>
                    </PubDate>
                </JournalIssue>
                <Title>Journal of experimental botany</Title>
                <ISOAbbreviation>J. Exp. Bot.</ISOAbbreviation>
            </Journal>
            <ArticleTitle>Shared expression of Crassulacean acid metabolism (CAM) genes predates the origin of CAM in the genus Yucca.</ArticleTitle>
            <ELocationID EIdType="pii" ValidYN="Y">erz105</ELocationID>
            <ELocationID EIdType="doi" ValidYN="Y">10.1093/jxb/erz105</ELocationID>
            <Abstract>
                <AbstractText>Crassulacean acid metabolism (CAM) is a carbon-concentrating mechanism that has evolved numerous times across flowering plants and is thought to be an adaptation to water limited environments. CAM has been investigated from physiological and biochemical perspectives, but little is known about how plants evolve from C3 to CAM at the genetic or metabolic level. Here we take a comparative approach in analyzing time-course data of C3, CAM, and C3+CAM intermediate Yucca (Asparagaceae) species. RNA samples were collected over a 24-hour period from both well-watered and drought-stressed plants and were clustered based on time-dependent expression patterns. Metabolomic data reveals differences in carbohydrate metabolism and antioxidant response between the CAM and C3 species, suggesting changes to metabolic pathways are important for CAM evolution and function. However, all three species share expression profiles of canonical CAM pathway genes, regardless of photosynthetic pathway. Despite differences in transcript and metabolite profiles between the C3 and CAM species, shared time-structured expression of CAM genes in both CAM and C3Yucca species suggests ancestral expression patterns required for CAM may have predated its origin in Yucca.</AbstractText>
                <CopyrightInformation>© The Author(s) 2019. Published by Oxford University Press on behalf of the Society for Experimental Biology.</CopyrightInformation>
            </Abstract>
            <AuthorList CompleteYN="Y">
                <Author ValidYN="Y">
                    <LastName>Heyduk</LastName>
                    <ForeName>Karolina</ForeName>
                    <Initials>K</Initials>
                    <AffiliationInfo>
                        <Affiliation>Department of Plant Biology, University of Georgia, Athens, Georgia, USA.</Affiliation>
                    </AffiliationInfo>
                </Author>
                <Author ValidYN="Y">
                    <LastName>Ray</LastName>
                    <ForeName>Jeremy N</ForeName>
                    <Initials>JN</Initials>
                    <AffiliationInfo>
                        <Affiliation>Department of Plant Biology, University of Georgia, Athens, Georgia, USA.</Affiliation>
                    </AffiliationInfo>
                </Author>
                <Author ValidYN="Y">
                    <LastName>Ayyampalayam</LastName>
                    <ForeName>Saaravanaraj</ForeName>
                    <Initials>S</Initials>
                    <AffiliationInfo>
                        <Affiliation>Georgia Advanced Computing Resource Center, University of Georgia, Athens, Georgia, USA.</Affiliation>
                    </AffiliationInfo>
                </Author>
                <Author ValidYN="Y">
                    <LastName>Moledina</LastName>
                    <ForeName>Nida</ForeName>
                    <Initials>N</Initials>
                    <AffiliationInfo>
                        <Affiliation>Department of Plant Biology, University of Georgia, Athens, Georgia, USA.</Affiliation>
                    </AffiliationInfo>
                </Author>
                <Author ValidYN="Y">
                    <LastName>Borland</LastName>
                    <ForeName>Anne</ForeName>
                    <Initials>A</Initials>
                    <AffiliationInfo>
                        <Affiliation>School of Natural and Environmental Sciences, Newcastle University, Newcastle, United Kingdom.</Affiliation>
                    </AffiliationInfo>
                </Author>
                <Author ValidYN="Y">
                    <LastName>Harding</LastName>
                    <ForeName>Scott A</ForeName>
                    <Initials>SA</Initials>
                    <AffiliationInfo>
                        <Affiliation>Department of Genetics, University of Georgia, Athens, Georgia, USA.</Affiliation>
                    </AffiliationInfo>
                    <AffiliationInfo>
                        <Affiliation>Warnell School of Forestry, University of Georgia, Athens, Georgia, USA.</Affiliation>
                    </AffiliationInfo>
                </Author>
                <Author ValidYN="Y">
                    <LastName>Tsai</LastName>
                    <ForeName>Chung-Jui</ForeName>
                    <Initials>CJ</Initials>
                    <AffiliationInfo>
                        <Affiliation>Department of Genetics, University of Georgia, Athens, Georgia, USA.</Affiliation>
                    </AffiliationInfo>
                    <AffiliationInfo>
                        <Affiliation>Warnell School of Forestry, University of Georgia, Athens, Georgia, USA.</Affiliation>
                    </AffiliationInfo>
                </Author>
                <Author ValidYN="Y">
                    <LastName>Leebens-Mack</LastName>
                    <ForeName>Jim</ForeName>
                    <Initials>J</Initials>
                    <AffiliationInfo>
                        <Affiliation>Department of Plant Biology, University of Georgia, Athens, Georgia, USA.</Affiliation>
                    </AffiliationInfo>
                </Author>
            </AuthorList>
            <Language>eng</Language>
            <PublicationTypeList>
                <PublicationType UI="D016428">Journal Article</PublicationType>
            </PublicationTypeList>
            <ArticleDate DateType="Electronic">
                <Year>2019</Year>
                <Month>03</Month>
                <Day>14</Day>
            </ArticleDate>
        </Article>
        <MedlineJournalInfo>
            <Country>England</Country>
            <MedlineTA>J Exp Bot</MedlineTA>
            <NlmUniqueID>9882906</NlmUniqueID>
            <ISSNLinking>0022-0957</ISSNLinking>
        </MedlineJournalInfo>
        <KeywordList Owner="NOTNLM">
            <Keyword MajorTopicYN="N">RNA-seq</Keyword>
            <Keyword MajorTopicYN="N">Yucca</Keyword>
            <Keyword MajorTopicYN="N">antioxidant</Keyword>
            <Keyword MajorTopicYN="N">carbohydrates</Keyword>
            <Keyword MajorTopicYN="N">hybrid</Keyword>
            <Keyword MajorTopicYN="N">metabolomics</Keyword>
            <Keyword MajorTopicYN="N">photosynthesis</Keyword>
            <Keyword MajorTopicYN="N">transcriptome</Keyword>
        </KeywordList>
    </MedlineCitation>
    <PubmedData>
        <History>
            <PubMedPubDate PubStatus="received">
                <Year>2018</Year>
                <Month>01</Month>
                <Day>19</Day>
            </PubMedPubDate>
            <PubMedPubDate PubStatus="entrez">
                <Year>2019</Year>
                <Month>3</Month>
                <Day>15</Day>
                <Hour>6</Hour>
                <Minute>0</Minute>
            </PubMedPubDate>
            <PubMedPubDate PubStatus="pubmed">
                <Year>2019</Year>
                <Month>3</Month>
                <Day>15</Day>
                <Hour>6</Hour>
                <Minute>0</Minute>
            </PubMedPubDate>
            <PubMedPubDate PubStatus="medline">
                <Year>2019</Year>
                <Month>3</Month>
                <Day>15</Day>
                <Hour>6</Hour>
                <Minute>0</Minute>
            </PubMedPubDate>
        </History>
        <PublicationStatus>aheadofprint</PublicationStatus>
        <ArticleIdList>
            <ArticleId IdType="pubmed">30870557</ArticleId>
            <ArticleId IdType="pii">5380898</ArticleId>
            <ArticleId IdType="doi">10.1093/jxb/erz105</ArticleId>
        </ArticleIdList>
    </PubmedData>
</PubmedArticle>


<PubmedArticle>
    <MedlineCitation Status="In-Data-Review" Owner="NLM">
        <PMID Version="1">30870522</PMID>
        <DateRevised>
            <Year>2019</Year>
            <Month>03</Month>
            <Day>14</Day>
        </DateRevised>
        <Article PubModel="Electronic-eCollection">
            <Journal>
                <ISSN IssnType="Electronic">1932-6203</ISSN>
                <JournalIssue CitedMedium="Internet">
                    <Volume>14</Volume>
                    <Issue>3</Issue>
                    <PubDate>
                        <Year>2019</Year>
                    </PubDate>
                </JournalIssue>
                <Title>PloS one</Title>
                <ISOAbbreviation>PLoS ONE</ISOAbbreviation>
            </Journal>
            <ArticleTitle>Exploring integument transcriptomes, cuticle ultrastructure, and cuticular hydrocarbons profiles in eusocial and solitary bee species displaying heterochronic adult cuticle maturation.</ArticleTitle>
            <Pagination>
                <MedlinePgn>e0213796</MedlinePgn>
            </Pagination>
            <ELocationID EIdType="doi" ValidYN="Y">10.1371/journal.pone.0213796</ELocationID>
            <Abstract>
                <AbstractText>Differences in the timing of exoskeleton melanization and sclerotization are evident when comparing eusocial and solitary bees. This cuticular maturation heterochrony may be associated with life style, considering that eusocial bees remain protected inside the nest for many days after emergence, while the solitary bees immediately start outside activities. To address this issue, we characterized gene expression using large-scale RNA sequencing (RNA-seq), and quantified cuticular hydrocarbon (CHC) through gas chromatography-mass spectrometry in comparative studies of the integument (cuticle plus its underlying epidermis) of two eusocial and a solitary bee species. In addition, we used transmission electron microscopy (TEM) for studying the developing cuticle of these and other three bee species also differing in life style. We found 13,200, 55,209 and 30,161 transcript types in the integument of the eusocial Apis mellifera and Frieseomelitta varia, and the solitary Centris analis, respectively. In general, structural cuticle proteins and chitin-related genes were upregulated in pharate-adults and newly-emerged bees whereas transcripts for odorant binding proteins, cytochrome P450 and antioxidant proteins were overrepresented in foragers. Consistent with our hypothesis, a distance correlation analysis based on the differentially expressed genes suggested delayed cuticle maturation in A. mellifera in comparison to the solitary bee. However, this was not confirmed in the comparison with F. varia. The expression profiles of 27 of 119 genes displaying functional attributes related to cuticle formation/differentiation were positively correlated between A. mellifera and F. varia, and negatively or non-correlated with C. analis, suggesting roles in cuticular maturation heterochrony. However, we also found transcript profiles positively correlated between each one of the eusocial species and C. analis. Gene co-expression networks greatly differed between the bee species, but we identified common gene interactions exclusively between the eusocial species. Except for F. varia, the TEM analysis is consistent with cuticle development timing adapted to the social or solitary life style. In support to our hypothesis, the absolute quantities of n-alkanes and unsaturated CHCs were significantly higher in foragers than in the earlier developmental phases of the eusocial bees, but did not discriminate newly-emerged from foragers in C. analis. By highlighting differences in integument gene expression, cuticle ultrastructure, and CHC profiles between eusocial and solitary bees, our data provided insights into the process of heterochronic cuticle maturation associated to the way of life.</AbstractText>
            </Abstract>
            <AuthorList CompleteYN="Y">
                <Author ValidYN="Y">
                    <LastName>Falcon</LastName>
                    <ForeName>Tiago</ForeName>
                    <Initials>T</Initials>
                    <Identifier Source="ORCID">http://orcid.org/0000-0002-8936-0381</Identifier>
                    <AffiliationInfo>
                        <Affiliation>Departamento de Gen<U+00E9>tica, Faculdade de Medicina de Ribeir<U+00E3>o Preto, Universidade de S<U+00E3>o Paulo, Ribeir<U+00E3>o Preto, Brazil.</Affiliation>
                    </AffiliationInfo>
                    <AffiliationInfo>
                        <Affiliation>N<U+00FA>cleo de Bioinform<U+00E1>tica, Hospital de Cl<U+00ED>nicas de Porto Alegre, Porto Alegre, Brazil.</Affiliation>
                    </AffiliationInfo>
                </Author>
                <Author ValidYN="Y">
                    <LastName>Pinheiro</LastName>
                    <ForeName>Daniel G</ForeName>
                    <Initials>DG</Initials>
                    <AffiliationInfo>
                        <Affiliation>Departamento de Tecnologia, Faculdade de Ci<U+00EA>ncias Agr<U+00E1>rias e Veterin<U+00E1>rias, Universidade Estadual Paulista &quot;J<U+00FA>lio de Mesquita Filho&quot;, Jaboticabal, Brazil.</Affiliation>
                    </AffiliationInfo>
                </Author>
                <Author ValidYN="Y">
                    <LastName>Ferreira-Caliman</LastName>
                    <ForeName>Maria Juliana</ForeName>
                    <Initials>MJ</Initials>
                    <Identifier Source="ORCID">http://orcid.org/0000-0002-1262-780X</Identifier>
                    <AffiliationInfo>
                        <Affiliation>Departamento de Biologia, Faculdade de Filosofia, Ci<U+00EA>ncias e Letras de Ribeir<U+00E3>o Preto, Universidade de S<U+00E3>o Paulo, Ribeir<U+00E3>o Preto, Brazil.</Affiliation>
                    </AffiliationInfo>
                </Author>
                <Author ValidYN="Y">
                    <LastName>Turatti</LastName>
                    <ForeName>Izabel C C</ForeName>
                    <Initials>ICC</Initials>
                    <AffiliationInfo>
                        <Affiliation>Departamento de F<U+00ED>sica e Qu<U+00ED>mica, Faculdade de Ci<U+00EA>ncias Farmac<U+00EA>uticas de Ribeir<U+00E3>o Preto, Universidade de S<U+00E3>o Paulo, Ribeir<U+00E3>o Preto, Brazil.</Affiliation>
                    </AffiliationInfo>
                </Author>
                <Author ValidYN="Y">
                    <LastName>Abreu</LastName>
                    <ForeName>Fabiano C Pinto de</ForeName>
                    <Initials>FCP</Initials>
                    <AffiliationInfo>
                        <Affiliation>Departamento de Gen<U+00E9>tica, Faculdade de Medicina de Ribeir<U+00E3>o Preto, Universidade de S<U+00E3>o Paulo, Ribeir<U+00E3>o Preto, Brazil.</Affiliation>
                    </AffiliationInfo>
                </Author>
                <Author ValidYN="Y">
                    <LastName>Galaschi-Teixeira</LastName>
                    <ForeName>Juliana S</ForeName>
                    <Initials>JS</Initials>
                    <Identifier Source="ORCID">http://orcid.org/0000-0002-6003-7708</Identifier>
                    <AffiliationInfo>
                        <Affiliation>Departamento de Biologia, Faculdade de Filosofia, Ci<U+00EA>ncias e Letras de Ribeir<U+00E3>o Preto, Universidade de S<U+00E3>o Paulo, Ribeir<U+00E3>o Preto, Brazil.</Affiliation>
                    </AffiliationInfo>
                </Author>
                <Author ValidYN="Y">
                    <LastName>Martins</LastName>
                    <ForeName>Juliana R</ForeName>
                    <Initials>JR</Initials>
                    <AffiliationInfo>
                        <Affiliation>Departamento de Gen<U+00E9>tica, Faculdade de Medicina de Ribeir<U+00E3>o Preto, Universidade de S<U+00E3>o Paulo, Ribeir<U+00E3>o Preto, Brazil.</Affiliation>
                    </AffiliationInfo>
                </Author>
                <Author ValidYN="Y">
                    <LastName>Elias-Neto</LastName>
                    <ForeName>Moys<U+00E9>s</ForeName>
                    <Initials>M</Initials>
                    <AffiliationInfo>
                        <Affiliation>Departamento de Biologia, Faculdade de Filosofia, Ci<U+00EA>ncias e Letras de Ribeir<U+00E3>o Preto, Universidade de S<U+00E3>o Paulo, Ribeir<U+00E3>o Preto, Brazil.</Affiliation>
                    </AffiliationInfo>
                </Author>
                <Author ValidYN="Y">
                    <LastName>Soares</LastName>
                    <ForeName>Michelle P M</ForeName>
                    <Initials>MPM</Initials>
                    <AffiliationInfo>
                        <Affiliation>Departamento de Gen<U+00E9>tica, Faculdade de Medicina de Ribeir<U+00E3>o Preto, Universidade de S<U+00E3>o Paulo, Ribeir<U+00E3>o Preto, Brazil.</Affiliation>
                    </AffiliationInfo>
                </Author>
                <Author ValidYN="Y">
                    <LastName>Laure</LastName>
                    <ForeName>Marcela B</ForeName>
                    <Initials>MB</Initials>
                    <AffiliationInfo>
                        <Affiliation>Departamento de Gen<U+00E9>tica, Faculdade de Medicina de Ribeir<U+00E3>o Preto, Universidade de S<U+00E3>o Paulo, Ribeir<U+00E3>o Preto, Brazil.</Affiliation>
                    </AffiliationInfo>
                </Author>
                <Author ValidYN="Y">
                    <LastName>Figueiredo</LastName>
                    <ForeName>Vera L C</ForeName>
                    <Initials>VLC</Initials>
                    <AffiliationInfo>
                        <Affiliation>Departamento de Biologia, Faculdade de Filosofia, Ci<U+00EA>ncias e Letras de Ribeir<U+00E3>o Preto, Universidade de S<U+00E3>o Paulo, Ribeir<U+00E3>o Preto, Brazil.</Affiliation>
                    </AffiliationInfo>
                </Author>
                <Author ValidYN="Y">
                    <LastName>Lopes</LastName>
                    <ForeName>Norberto Peporine</ForeName>
                    <Initials>NP</Initials>
                    <AffiliationInfo>
                        <Affiliation>Departamento de F<U+00ED>sica e Qu<U+00ED>mica, Faculdade de Ci<U+00EA>ncias Farmac<U+00EA>uticas de Ribeir<U+00E3>o Preto, Universidade de S<U+00E3>o Paulo, Ribeir<U+00E3>o Preto, Brazil.</Affiliation>
                    </AffiliationInfo>
                </Author>
                <Author ValidYN="Y">
                    <LastName>Sim<U+00F5>es</LastName>
                    <ForeName>Zil<U+00E1> L P</ForeName>
                    <Initials>ZLP</Initials>
                    <Identifier Source="ORCID">http://orcid.org/0000-0003-2363-6178</Identifier>
                    <AffiliationInfo>
                        <Affiliation>Departamento de Biologia, Faculdade de Filosofia, Ci<U+00EA>ncias e Letras de Ribeir<U+00E3>o Preto, Universidade de S<U+00E3>o Paulo, Ribeir<U+00E3>o Preto, Brazil.</Affiliation>
                    </AffiliationInfo>
                </Author>
                <Author ValidYN="Y">
                    <LastName>Gar<U+00F3>falo</LastName>
                    <ForeName>Carlos A</ForeName>
                    <Initials>CA</Initials>
                    <AffiliationInfo>
                        <Affiliation>Departamento de Biologia, Faculdade de Filosofia, Ci<U+00EA>ncias e Letras de Ribeir<U+00E3>o Preto, Universidade de S<U+00E3>o Paulo, Ribeir<U+00E3>o Preto, Brazil.</Affiliation>
                    </AffiliationInfo>
                </Author>
                <Author ValidYN="Y">
                    <LastName>Bitondi</LastName>
                    <ForeName>M<U+00E1>rcia M G</ForeName>
                    <Initials>MMG</Initials>
                    <AffiliationInfo>
                        <Affiliation>Departamento de Biologia, Faculdade de Filosofia, Ci<U+00EA>ncias e Letras de Ribeir<U+00E3>o Preto, Universidade de S<U+00E3>o Paulo, Ribeir<U+00E3>o Preto, Brazil.</Affiliation>
                    </AffiliationInfo>
                </Author>
            </AuthorList>
            <Language>eng</Language>
            <PublicationTypeList>
                <PublicationType UI="D016428">Journal Article</PublicationType>
            </PublicationTypeList>
            <ArticleDate DateType="Electronic">
                <Year>2019</Year>
                <Month>03</Month>
                <Day>14</Day>
            </ArticleDate>
        </Article>
        <MedlineJournalInfo>
            <Country>United States</Country>
            <MedlineTA>PLoS One</MedlineTA>
            <NlmUniqueID>101285081</NlmUniqueID>
            <ISSNLinking>1932-6203</ISSNLinking>
        </MedlineJournalInfo>
        <CoiStatement>The authors have declared that no competing interests exist.</CoiStatement>
    </MedlineCitation>
    <PubmedData>
        <History>
            <PubMedPubDate PubStatus="received">
                <Year>2018</Year>
                <Month>10</Month>
                <Day>23</Day>
            </PubMedPubDate>
            <PubMedPubDate PubStatus="accepted">
                <Year>2019</Year>
                <Month>02</Month>
                <Day>28</Day>
            </PubMedPubDate>
            <PubMedPubDate PubStatus="entrez">
                <Year>2019</Year>
                <Month>3</Month>
                <Day>15</Day>
                <Hour>6</Hour>
                <Minute>0</Minute>
            </PubMedPubDate>
            <PubMedPubDate PubStatus="pubmed">
                <Year>2019</Year>
                <Month>3</Month>
                <Day>15</Day>
                <Hour>6</Hour>
                <Minute>0</Minute>
            </PubMedPubDate>
            <PubMedPubDate PubStatus="medline">
                <Year>2019</Year>
                <Month>3</Month>
                <Day>15</Day>
                <Hour>6</Hour>
                <Minute>0</Minute>
            </PubMedPubDate>
        </History>
        <PublicationStatus>epublish</PublicationStatus>
        <ArticleIdList>
            <ArticleId IdType="pubmed">30870522</ArticleId>
            <ArticleId IdType="doi">10.1371/journal.pone.0213796</ArticleId>
            <ArticleId IdType="pii">PONE-D-18-30625</ArticleId>
        </ArticleIdList>
    </PubmedData>
</PubmedArticle>


<PubmedArticle>
    <MedlineCitation Status="In-Data-Review" Owner="NLM">
        <PMID Version="1">30870453</PMID>
        <DateRevised>
            <Year>2019</Year>
            <Month>03</Month>
            <Day>14</Day>
        </DateRevised>
        <Article PubModel="Electronic-eCollection">
            <Journal>
                <ISSN IssnType="Electronic">1932-6203</ISSN>
                <JournalIssue CitedMedium="Internet">
                    <Volume>14</Volume>
                    <Issue>3</Issue>
                    <PubDate>
                        <Year>2019</Year>
                    </PubDate>
                </JournalIssue>
                <Title>PloS one</Title>
                <ISOAbbreviation>PLoS ONE</ISOAbbreviation>
            </Journal>
            <ArticleTitle>Possible cross-feeding pathway of facultative methylotroph Methyloceanibacter caenitepidi Gela4 on methanotroph Methylocaldum marinum S8.</ArticleTitle>
            <Pagination>
                <MedlinePgn>e0213535</MedlinePgn>
            </Pagination>
            <ELocationID EIdType="doi" ValidYN="Y">10.1371/journal.pone.0213535</ELocationID>
            <Abstract>
                <AbstractText>Non-methanotrophic bacteria such as methylotrophs often coexist with methane-oxidizing bacteria (methanotrophs) by cross-feeding on methane-derived carbon. Methanol has long been considered a major compound that mediates cross-feeding of methane-derived carbon. Despite the potential importance of cross-feeding in the global carbon cycle, only a few studies have actually explored metabolic responses of a bacteria when cross-feeding on a methanotroph. Recently, we isolated a novel facultative methylotroph, Methyloceanibacter caenitepidi Gela4, which grows syntrophically with the methanotroph, Methylocaldum marinum S8. To assess the potential metabolic pathways in M. caenitepidi Gela4 co-cultured with M. marinum S8, we conducted genomic analyses of the two strains, as well as RNA-Seq and chemical analyses of M. caenitepidi Gela4, both in pure culture with methanol and in co-culture with methanotrophs. Genes involved in the serine pathway were downregulated in M. caenitepidi Gela4 under co-culture conditions, and methanol was below the detection limit (&lt; 310 nM) in both pure culture of M. marinum S8 and co-culture. In contrast, genes involved in the tricarboxylic acid cycle, as well as acetyl-CoA synthetase, were upregulated in M. caenitepidi Gela4 under co-culture conditions. Notably, a pure culture of M. marinum S8 produced acetate (&lt; 16 <U+03BC>M) during growth. These results suggested that an organic compound other than methanol, possibly acetate, might be the major carbon source for M. caenitepidi Gela4 cross-fed by M. marinum S8. Co-culture of M. caenitepidi Gela4 and M. marinum S8 may represent a model system to further study methanol-independent cross-feeding from methanotrophs to non-methanotrophic bacteria.</AbstractText>
            </Abstract>
            <AuthorList CompleteYN="Y">
                <Author ValidYN="Y">
                    <LastName>Takeuchi</LastName>
                    <ForeName>Mio</ForeName>
                    <Initials>M</Initials>
                    <Identifier Source="ORCID">http://orcid.org/0000-0003-2183-7371</Identifier>
                    <AffiliationInfo>
                        <Affiliation>Institute for Geo-resources and Environments, National Institute of Advanced Industrial Science and Technology (AIST), Higashi, Tsukuba, Ibaraki, Japan.</Affiliation>
                    </AffiliationInfo>
                </Author>
                <Author ValidYN="Y">
                    <LastName>Ozaki</LastName>
                    <ForeName>Haruka</ForeName>
                    <Initials>H</Initials>
                    <Identifier Source="ORCID">http://orcid.org/0000-0002-1606-2762</Identifier>
                    <AffiliationInfo>
                        <Affiliation>Department of Bioinformatics, Faculty of Medicine, University of Tsukuba, Tennodai, Tsukuba, Japan.</Affiliation>
                    </AffiliationInfo>
                </Author>
                <Author ValidYN="Y">
                    <LastName>Hiraoka</LastName>
                    <ForeName>Satoshi</ForeName>
                    <Initials>S</Initials>
                    <AffiliationInfo>
                        <Affiliation>Department of Computational Biology and Medical Sciences, Graduate School of Frontier Sciences, the University of Tokyo, Kashiwa-no-ha, Kashiwa, Chiba, Japan.</Affiliation>
                    </AffiliationInfo>
                </Author>
                <Author ValidYN="Y">
                    <LastName>Kamagata</LastName>
                    <ForeName>Yoichi</ForeName>
                    <Initials>Y</Initials>
                    <AffiliationInfo>
                        <Affiliation>Bioproduction Research Institute, AIST, Higashi, Tsukuba, Ibaraki, Japan.</Affiliation>
                    </AffiliationInfo>
                </Author>
                <Author ValidYN="Y">
                    <LastName>Sakata</LastName>
                    <ForeName>Susumu</ForeName>
                    <Initials>S</Initials>
                    <AffiliationInfo>
                        <Affiliation>Institute for Geo-resources and Environments, National Institute of Advanced Industrial Science and Technology (AIST), Higashi, Tsukuba, Ibaraki, Japan.</Affiliation>
                    </AffiliationInfo>
                </Author>
                <Author ValidYN="Y">
                    <LastName>Yoshioka</LastName>
                    <ForeName>Hideyoshi</ForeName>
                    <Initials>H</Initials>
                    <AffiliationInfo>
                        <Affiliation>Institute for Geo-resources and Environments, National Institute of Advanced Industrial Science and Technology (AIST), Higashi, Tsukuba, Ibaraki, Japan.</Affiliation>
                    </AffiliationInfo>
                </Author>
                <Author ValidYN="Y">
                    <LastName>Iwasaki</LastName>
                    <ForeName>Wataru</ForeName>
                    <Initials>W</Initials>
                    <AffiliationInfo>
                        <Affiliation>Department of Computational Biology and Medical Sciences, Graduate School of Frontier Sciences, the University of Tokyo, Kashiwa-no-ha, Kashiwa, Chiba, Japan.</Affiliation>
                    </AffiliationInfo>
                    <AffiliationInfo>
                        <Affiliation>Department of Biological Sciences, Graduate School of Science, the University of Tokyo, Yayoi, Bunkyo-ku, Tokyo, Japan.</Affiliation>
                    </AffiliationInfo>
                </Author>
            </AuthorList>
            <Language>eng</Language>
            <PublicationTypeList>
                <PublicationType UI="D016428">Journal Article</PublicationType>
            </PublicationTypeList>
            <ArticleDate DateType="Electronic">
                <Year>2019</Year>
                <Month>03</Month>
                <Day>14</Day>
            </ArticleDate>
        </Article>
        <MedlineJournalInfo>
            <Country>United States</Country>
            <MedlineTA>PLoS One</MedlineTA>
            <NlmUniqueID>101285081</NlmUniqueID>
            <ISSNLinking>1932-6203</ISSNLinking>
        </MedlineJournalInfo>
        <CoiStatement>The authors have declared that no competing interests exist.</CoiStatement>
    </MedlineCitation>
    <PubmedData>
        <History>
            <PubMedPubDate PubStatus="received">
                <Year>2018</Year>
                <Month>10</Month>
                <Day>12</Day>
            </PubMedPubDate>
            <PubMedPubDate PubStatus="accepted">
                <Year>2019</Year>
                <Month>02</Month>
                <Day>22</Day>
            </PubMedPubDate>
            <PubMedPubDate PubStatus="entrez">
                <Year>2019</Year>
                <Month>3</Month>
                <Day>15</Day>
                <Hour>6</Hour>
                <Minute>0</Minute>
            </PubMedPubDate>
            <PubMedPubDate PubStatus="pubmed">
                <Year>2019</Year>
                <Month>3</Month>
                <Day>15</Day>
                <Hour>6</Hour>
                <Minute>0</Minute>
            </PubMedPubDate>
            <PubMedPubDate PubStatus="medline">
                <Year>2019</Year>
                <Month>3</Month>
                <Day>15</Day>
                <Hour>6</Hour>
                <Minute>0</Minute>
            </PubMedPubDate>
        </History>
        <PublicationStatus>epublish</PublicationStatus>
        <ArticleIdList>
            <ArticleId IdType="pubmed">30870453</ArticleId>
            <ArticleId IdType="doi">10.1371/journal.pone.0213535</ArticleId>
            <ArticleId IdType="pii">PONE-D-18-29618</ArticleId>
        </ArticleIdList>
    </PubmedData>
</PubmedArticle>


<PubmedArticle>
    <MedlineCitation Status="In-Data-Review" Owner="NLM">
        <PMID Version="1">30870444</PMID>
        <DateRevised>
            <Year>2019</Year>
            <Month>03</Month>
            <Day>14</Day>
        </DateRevised>
        <Article PubModel="Electronic-eCollection">
            <Journal>
                <ISSN IssnType="Electronic">1932-6203</ISSN>
                <JournalIssue CitedMedium="Internet">
                    <Volume>14</Volume>
                    <Issue>3</Issue>
                    <PubDate>
                        <Year>2019</Year>
                    </PubDate>
                </JournalIssue>
                <Title>PloS one</Title>
                <ISOAbbreviation>PLoS ONE</ISOAbbreviation>
            </Journal>
            <ArticleTitle>Comparative transcriptomic analysis provides insights into the development of a Salvia splendens Ker-Gawler mutant, SX919M.</ArticleTitle>
            <Pagination>
                <MedlinePgn>e0213446</MedlinePgn>
            </Pagination>
            <ELocationID EIdType="doi" ValidYN="Y">10.1371/journal.pone.0213446</ELocationID>
            <Abstract>
                <AbstractText>Salvia splendens is a perennial, ornamental herbaceous flower that is widely cultivated as a bedding plant in gardens. The development of novel S. splendens cultivars and investigating the relevant molecular mechanisms are of great significance. In this study, RNA-sequencing and real-time PCR methods were used to analyze the possible molecular mechanism of S. splendens mutant, SX919M. From the wild-type S. splendens 919CK, we firstly selected a natural mutant, SX919M, which displayed multiple branches, clustered spheroids, and radial symmetrical inflorescence with higher numbers of calyces, ovules, stamens, and perianth tubes. Further, the RNA-seq was used to identify the differentially expressed genes (DEGs) in the mutant which included a total of 3568 upregulated and 3290 downregulated unigenes. We further observed that the indole alkaloid biosynthesis pathway showed the highest DEG enrichment, which was supported by a significant increase in the IAA content in mutant SX919M. In addition, we validated three DEGs, namely, CL2200.Contig2_All encoding methyl IAA esterase, CL12462.Contig1_All and CL12462.Contig2_All, which encoded strictosidine synthase, upregulated in mutant SX919M. We selected a novel S. splendens germplasm SX919M with a high ornamental value and determined that the upregulation of IAA biogenesis may be associated with its development.</AbstractText>
            </Abstract>
            <AuthorList CompleteYN="Y">
                <Author ValidYN="Y">
                    <LastName>Dong</LastName>
                    <ForeName>Aixiang</ForeName>
                    <Initials>A</Initials>
                    <AffiliationInfo>
                        <Affiliation>Beijing Key Laboratory of Greening Plants Breeding, Beijing Institute of Landscape Architecture, Beijing, People's Republic of China.</Affiliation>
                    </AffiliationInfo>
                </Author>
                <Author ValidYN="Y">
                    <LastName>Wang</LastName>
                    <ForeName>Jingjing</ForeName>
                    <Initials>J</Initials>
                    <AffiliationInfo>
                        <Affiliation>College of Biological Sciences and Biotechnology, Beijing Forestry University, Beijing, People's Republic of China.</Affiliation>
                    </AffiliationInfo>
                </Author>
                <Author ValidYN="Y">
                    <LastName>Zhang</LastName>
                    <ForeName>Huali</ForeName>
                    <Initials>H</Initials>
                    <AffiliationInfo>
                        <Affiliation>Beijing Key Laboratory of Greening Plants Breeding, Beijing Institute of Landscape Architecture, Beijing, People's Republic of China.</Affiliation>
                    </AffiliationInfo>
                </Author>
                <Author ValidYN="Y">
                    <LastName>Xin</LastName>
                    <ForeName>Haibo</ForeName>
                    <Initials>H</Initials>
                    <AffiliationInfo>
                        <Affiliation>Beijing Key Laboratory of Greening Plants Breeding, Beijing Institute of Landscape Architecture, Beijing, People's Republic of China.</Affiliation>
                    </AffiliationInfo>
                </Author>
                <Author ValidYN="Y">
                    <LastName>Zhao</LastName>
                    <ForeName>Zhengnan</ForeName>
                    <Initials>Z</Initials>
                    <AffiliationInfo>
                        <Affiliation>Beijing Key Laboratory of Greening Plants Breeding, Beijing Institute of Landscape Architecture, Beijing, People's Republic of China.</Affiliation>
                    </AffiliationInfo>
                </Author>
                <Author ValidYN="Y">
                    <LastName>Liang</LastName>
                    <ForeName>Fang</ForeName>
                    <Initials>F</Initials>
                    <AffiliationInfo>
                        <Affiliation>Beijing Key Laboratory of Greening Plants Breeding, Beijing Institute of Landscape Architecture, Beijing, People's Republic of China.</Affiliation>
                    </AffiliationInfo>
                </Author>
                <Author ValidYN="Y">
                    <LastName>Li</LastName>
                    <ForeName>Zijing</ForeName>
                    <Initials>Z</Initials>
                    <AffiliationInfo>
                        <Affiliation>Beijing Key Laboratory of Greening Plants Breeding, Beijing Institute of Landscape Architecture, Beijing, People's Republic of China.</Affiliation>
                    </AffiliationInfo>
                </Author>
                <Author ValidYN="Y">
                    <LastName>Cong</LastName>
                    <ForeName>Richen</ForeName>
                    <Initials>R</Initials>
                    <AffiliationInfo>
                        <Affiliation>Beijing Key Laboratory of Greening Plants Breeding, Beijing Institute of Landscape Architecture, Beijing, People's Republic of China.</Affiliation>
                    </AffiliationInfo>
                </Author>
                <Author ValidYN="Y">
                    <LastName>Lin</LastName>
                    <ForeName>Yan</ForeName>
                    <Initials>Y</Initials>
                    <AffiliationInfo>
                        <Affiliation>Beijing Key Laboratory of Greening Plants Breeding, Beijing Institute of Landscape Architecture, Beijing, People's Republic of China.</Affiliation>
                    </AffiliationInfo>
                </Author>
                <Author ValidYN="Y">
                    <LastName>Song</LastName>
                    <ForeName>Lina</ForeName>
                    <Initials>L</Initials>
                    <AffiliationInfo>
                        <Affiliation>Beijing Key Laboratory of Greening Plants Breeding, Beijing Institute of Landscape Architecture, Beijing, People's Republic of China.</Affiliation>
                    </AffiliationInfo>
                </Author>
                <Author ValidYN="Y">
                    <LastName>Tan</LastName>
                    <ForeName>Lingling</ForeName>
                    <Initials>L</Initials>
                    <AffiliationInfo>
                        <Affiliation>School of life sciences, Qingdao Agricultural University, Qingdao, Shandong, People's Republic of China.</Affiliation>
                    </AffiliationInfo>
                </Author>
                <Author ValidYN="Y">
                    <LastName>Zhang</LastName>
                    <ForeName>Pengwei</ForeName>
                    <Initials>P</Initials>
                    <AffiliationInfo>
                        <Affiliation>ShiJiaZhuang Academy of Agricultural and Forestry Sciences, Zhaoxian, Shijiazhuang, Hebei, People's Republic of China.</Affiliation>
                    </AffiliationInfo>
                </Author>
                <Author ValidYN="Y">
                    <LastName>Cui</LastName>
                    <ForeName>Rongfeng</ForeName>
                    <Initials>R</Initials>
                    <Identifier Source="ORCID">http://orcid.org/0000-0003-0632-5474</Identifier>
                    <AffiliationInfo>
                        <Affiliation>Beijing Key Laboratory of Greening Plants Breeding, Beijing Institute of Landscape Architecture, Beijing, People's Republic of China.</Affiliation>
                    </AffiliationInfo>
                </Author>
            </AuthorList>
            <Language>eng</Language>
            <PublicationTypeList>
                <PublicationType UI="D016428">Journal Article</PublicationType>
            </PublicationTypeList>
            <ArticleDate DateType="Electronic">
                <Year>2019</Year>
                <Month>03</Month>
                <Day>14</Day>
            </ArticleDate>
        </Article>
        <MedlineJournalInfo>
            <Country>United States</Country>
            <MedlineTA>PLoS One</MedlineTA>
            <NlmUniqueID>101285081</NlmUniqueID>
            <ISSNLinking>1932-6203</ISSNLinking>
        </MedlineJournalInfo>
        <CoiStatement>The authors have declared that no competing interests exist.</CoiStatement>
    </MedlineCitation>
    <PubmedData>
        <History>
            <PubMedPubDate PubStatus="received">
                <Year>2018</Year>
                <Month>09</Month>
                <Day>06</Day>
            </PubMedPubDate>
            <PubMedPubDate PubStatus="accepted">
                <Year>2019</Year>
                <Month>02</Month>
                <Day>21</Day>
            </PubMedPubDate>
            <PubMedPubDate PubStatus="entrez">
                <Year>2019</Year>
                <Month>3</Month>
                <Day>15</Day>
                <Hour>6</Hour>
                <Minute>0</Minute>
            </PubMedPubDate>
            <PubMedPubDate PubStatus="pubmed">
                <Year>2019</Year>
                <Month>3</Month>
                <Day>15</Day>
                <Hour>6</Hour>
                <Minute>0</Minute>
            </PubMedPubDate>
            <PubMedPubDate PubStatus="medline">
                <Year>2019</Year>
                <Month>3</Month>
                <Day>15</Day>
                <Hour>6</Hour>
                <Minute>0</Minute>
            </PubMedPubDate>
        </History>
        <PublicationStatus>epublish</PublicationStatus>
        <ArticleIdList>
            <ArticleId IdType="pubmed">30870444</ArticleId>
            <ArticleId IdType="doi">10.1371/journal.pone.0213446</ArticleId>
            <ArticleId IdType="pii">PONE-D-18-26178</ArticleId>
        </ArticleIdList>
    </PubmedData>
</PubmedArticle>


<PubmedArticle>
    <MedlineCitation Status="Publisher" Owner="NLM">
        <PMID Version="1">30870076</PMID>
        <DateRevised>
            <Year>2019</Year>
            <Month>03</Month>
            <Day>14</Day>
        </DateRevised>
        <Article PubModel="Print-Electronic">
            <Journal>
                <ISSN IssnType="Electronic">1555-8584</ISSN>
                <JournalIssue CitedMedium="Internet">
                    <PubDate>
                        <Year>2019</Year>
                        <Month>Mar</Month>
                        <Day>14</Day>
                    </PubDate>
                </JournalIssue>
                <Title>RNA biology</Title>
                <ISOAbbreviation>RNA Biol</ISOAbbreviation>
            </Journal>
            <ArticleTitle>Using high-resolution annotation of insect mitochondrial DNA to decipher tandem repeats in the control region.</ArticleTitle>
            <ELocationID EIdType="doi" ValidYN="Y">10.1080/15476286.2019.1591035</ELocationID>
            <Abstract>
                <AbstractText>In this study, we used a small RNA sequencing (sRNA-seq) based method to annotate the mitochondrial genome of the insect Erthesina fullo Thunberg at 1 bp resolution. The high-resolution annotations cover both entire strands of the mitochondrial genome without any gaps or overlaps. Most of the new annotations were consistent with the previous annotations which had been obtained using PacBio full-length transcripts. Two important findings were that animals transcribe both entire strands of mitochondrial genomes and the tandem repeats in the control region of the E. fullo mitochondrial genome contains the repeated Transcription Initiation Sites (TISs) of the heavy strand. In addition, we found that the copy numbers of tandem repeats showed a great diversity within an individual, suggesting that mitochondrial DNA recombination occurs in an individual. In conclusion, the sRNA-seq based method uses 5' and 3' end small RNAs to annotate nuclear non-coding and mitochondrial genes at 1 bp resolution, and can be used to identify new steady RNAs, particularly long non-coding RNAs (lncRNAs). The high-resolution annotations of mitochondrial genomes can also be used to study the molecular phylogenetics and evolution of animals or to investigate mitochondrial gene transcription, RNA processing, RNA maturation and several other related topics. The complete mitochondrial genome sequence of E. fullo with the new annotations using the sRNA-seq based method is available at the NCBI GenBank database under the accession number MK374364. We publish our theories, methods, the high quality sRNA-seq and RNA-seq data (SRA: SRP174926) for extensive use.</AbstractText>
            </Abstract>
            <AuthorList CompleteYN="Y">
                <Author ValidYN="Y">
                    <LastName>Ji</LastName>
                    <ForeName>Haishuo</ForeName>
                    <Initials>H</Initials>
                    <AffiliationInfo>
                        <Affiliation>a College of Life Sciences, Nankai University , Tianjin, Tianjin 300071 , P.R. , China .</Affiliation>
                    </AffiliationInfo>
                    <AffiliationInfo>
                        <Affiliation>d These authors contributed equally to this paper.</Affiliation>
                    </AffiliationInfo>
                </Author>
                <Author ValidYN="Y">
                    <LastName>Xu</LastName>
                    <ForeName>Xiaofeng</ForeName>
                    <Initials>X</Initials>
                    <Identifier Source="ORCID">http://orcid.org/0000-0002-7500-8459</Identifier>
                    <AffiliationInfo>
                        <Affiliation>b State Key Laboratory of Veterinary Etiological Biology and Key Laboratory of Veterinary Parasitology of Gansu Province, Lanzhou Veterinary Research Institute, Chinese Academy of Agricultural Science , Lanzhou, Gansu 730046 , P.R. , China .</Affiliation>
                    </AffiliationInfo>
                    <AffiliationInfo>
                        <Affiliation>d These authors contributed equally to this paper.</Affiliation>
                    </AffiliationInfo>
                </Author>
                <Author ValidYN="Y">
                    <LastName>Jin</LastName>
                    <ForeName>Xiufeng</ForeName>
                    <Initials>X</Initials>
                    <AffiliationInfo>
                        <Affiliation>a College of Life Sciences, Nankai University , Tianjin, Tianjin 300071 , P.R. , China .</Affiliation>
                    </AffiliationInfo>
                </Author>
                <Author ValidYN="Y">
                    <LastName>Yin</LastName>
                    <ForeName>Hong</ForeName>
                    <Initials>H</Initials>
                    <AffiliationInfo>
                        <Affiliation>b State Key Laboratory of Veterinary Etiological Biology and Key Laboratory of Veterinary Parasitology of Gansu Province, Lanzhou Veterinary Research Institute, Chinese Academy of Agricultural Science , Lanzhou, Gansu 730046 , P.R. , China .</Affiliation>
                    </AffiliationInfo>
                    <AffiliationInfo>
                        <Affiliation>c Jiangsu Co-Innovation Center for Prevention and Control of Important Animal Infectious Disease and Zoonose , Yangzhou, Jiangsu 225009 , P.R . China .</Affiliation>
                    </AffiliationInfo>
                </Author>
                <Author ValidYN="Y">
                    <LastName>Luo</LastName>
                    <ForeName>Jianxun</ForeName>
                    <Initials>J</Initials>
                    <AffiliationInfo>
                        <Affiliation>b State Key Laboratory of Veterinary Etiological Biology and Key Laboratory of Veterinary Parasitology of Gansu Province, Lanzhou Veterinary Research Institute, Chinese Academy of Agricultural Science , Lanzhou, Gansu 730046 , P.R. , China .</Affiliation>
                    </AffiliationInfo>
                </Author>
                <Author ValidYN="Y">
                    <LastName>Liu</LastName>
                    <ForeName>Guangyuan</ForeName>
                    <Initials>G</Initials>
                    <Identifier Source="ORCID">http://orcid.org/0000-0001-8236-5764</Identifier>
                    <AffiliationInfo>
                        <Affiliation>b State Key Laboratory of Veterinary Etiological Biology and Key Laboratory of Veterinary Parasitology of Gansu Province, Lanzhou Veterinary Research Institute, Chinese Academy of Agricultural Science , Lanzhou, Gansu 730046 , P.R. , China .</Affiliation>
                    </AffiliationInfo>
                </Author>
                <Author ValidYN="Y">
                    <LastName>Zhao</LastName>
                    <ForeName>Qiang</ForeName>
                    <Initials>Q</Initials>
                    <AffiliationInfo>
                        <Affiliation>a College of Life Sciences, Nankai University , Tianjin, Tianjin 300071 , P.R. , China .</Affiliation>
                    </AffiliationInfo>
                </Author>
                <Author ValidYN="Y">
                    <LastName>Chen</LastName>
                    <ForeName>Ze</ForeName>
                    <Initials>Z</Initials>
                    <AffiliationInfo>
                        <Affiliation>b State Key Laboratory of Veterinary Etiological Biology and Key Laboratory of Veterinary Parasitology of Gansu Province, Lanzhou Veterinary Research Institute, Chinese Academy of Agricultural Science , Lanzhou, Gansu 730046 , P.R. , China .</Affiliation>
                    </AffiliationInfo>
                </Author>
                <Author ValidYN="Y">
                    <LastName>Bu</LastName>
                    <ForeName>Wenjun</ForeName>
                    <Initials>W</Initials>
                    <Identifier Source="ORCID">http://orcid.org/0000-0002-0647-0164</Identifier>
                    <AffiliationInfo>
                        <Affiliation>a College of Life Sciences, Nankai University , Tianjin, Tianjin 300071 , P.R. , China .</Affiliation>
                    </AffiliationInfo>
                </Author>
                <Author ValidYN="Y">
                    <LastName>Gao</LastName>
                    <ForeName>Shan</ForeName>
                    <Initials>S</Initials>
                    <Identifier Source="ORCID">http://orcid.org/0000-0002-8919-1338</Identifier>
                    <AffiliationInfo>
                        <Affiliation>b State Key Laboratory of Veterinary Etiological Biology and Key Laboratory of Veterinary Parasitology of Gansu Province, Lanzhou Veterinary Research Institute, Chinese Academy of Agricultural Science , Lanzhou, Gansu 730046 , P.R. , China .</Affiliation>
                    </AffiliationInfo>
                </Author>
            </AuthorList>
            <Language>eng</Language>
            <PublicationTypeList>
                <PublicationType UI="D016428">Journal Article</PublicationType>
            </PublicationTypeList>
            <ArticleDate DateType="Electronic">
                <Year>2019</Year>
                <Month>03</Month>
                <Day>14</Day>
            </ArticleDate>
        </Article>
        <MedlineJournalInfo>
            <Country>United States</Country>
            <MedlineTA>RNA Biol</MedlineTA>
            <NlmUniqueID>101235328</NlmUniqueID>
            <ISSNLinking>1547-6286</ISSNLinking>
        </MedlineJournalInfo>
        <KeywordList Owner="NOTNLM">
            <Keyword MajorTopicYN="N">annotation</Keyword>
            <Keyword MajorTopicYN="N">control region</Keyword>
            <Keyword MajorTopicYN="N">mitochondrial DNA</Keyword>
            <Keyword MajorTopicYN="N">sRNA-seq</Keyword>
            <Keyword MajorTopicYN="N">tandem repeat</Keyword>
        </KeywordList>
    </MedlineCitation>
    <PubmedData>
        <History>
            <PubMedPubDate PubStatus="entrez">
                <Year>2019</Year>
                <Month>3</Month>
                <Day>15</Day>
                <Hour>6</Hour>
                <Minute>0</Minute>
            </PubMedPubDate>
            <PubMedPubDate PubStatus="pubmed">
                <Year>2019</Year>
                <Month>3</Month>
                <Day>15</Day>
                <Hour>6</Hour>
                <Minute>0</Minute>
            </PubMedPubDate>
            <PubMedPubDate PubStatus="medline">
                <Year>2019</Year>
                <Month>3</Month>
                <Day>15</Day>
                <Hour>6</Hour>
                <Minute>0</Minute>
            </PubMedPubDate>
        </History>
        <PublicationStatus>aheadofprint</PublicationStatus>
        <ArticleIdList>
            <ArticleId IdType="pubmed">30870076</ArticleId>
            <ArticleId IdType="doi">10.1080/15476286.2019.1591035</ArticleId>
        </ArticleIdList>
    </PubmedData>
</PubmedArticle>


<PubmedArticle>
    <MedlineCitation Status="Publisher" Owner="NLM">
        <PMID Version="1">30869147</PMID>
        <DateRevised>
            <Year>2019</Year>
            <Month>03</Month>
            <Day>14</Day>
        </DateRevised>
        <Article PubModel="Print-Electronic">
            <Journal>
                <ISSN IssnType="Electronic">1362-4962</ISSN>
                <JournalIssue CitedMedium="Internet">
                    <PubDate>
                        <Year>2019</Year>
                        <Month>Mar</Month>
                        <Day>14</Day>
                    </PubDate>
                </JournalIssue>
                <Title>Nucleic acids research</Title>
                <ISOAbbreviation>Nucleic Acids Res.</ISOAbbreviation>
            </Journal>
            <ArticleTitle>Splice-Break: exploiting an RNA-seq splice junction algorithm to discover mitochondrial DNA deletion breakpoints and analyses of psychiatric disorders.</ArticleTitle>
            <ELocationID EIdType="pii" ValidYN="Y">gkz164</ELocationID>
            <ELocationID EIdType="doi" ValidYN="Y">10.1093/nar/gkz164</ELocationID>
            <Abstract>
                <AbstractText>Deletions in the 16.6 kb mitochondrial genome have been implicated in numerous disorders that often display muscular and/or neurological symptoms due to the high-energy demands of these tissues. We describe a catalogue of 4489 putative mitochondrial DNA (mtDNA) deletions, including their frequency and relative read rate, using a combinatorial approach of mitochondria-targeted PCR, next-generation sequencing, bioinformatics, post-hoc filtering, annotation, and validation steps. Our bioinformatics pipeline uses MapSplice, an RNA-seq splice junction detection algorithm, to detect and quantify mtDNA deletion breakpoints rather than mRNA splices. Analyses of 93 samples from postmortem brain and blood found (i) the 4977 bp 'common deletion' was neither the most frequent deletion nor the most abundant; (ii) brain contained significantly more deletions than blood; (iii) many high frequency deletions were previously reported in MitoBreak, suggesting they are present at low levels in metabolically active tissues and are not exclusive to individuals with diagnosed mitochondrial pathologies; (iv) many individual deletions (and cumulative metrics) had significant and positive correlations with age and (v) the highest deletion burdens were observed in major depressive disorder brain, at levels greater than Kearns-Sayre Syndrome muscle. Collectively, these data suggest the Splice-Break pipeline can detect and quantify mtDNA deletions at a high level of resolution.</AbstractText>
                <CopyrightInformation>© The Author(s) 2019. Published by Oxford University Press on behalf of Nucleic Acids Research.</CopyrightInformation>
            </Abstract>
            <AuthorList CompleteYN="Y">
                <Author ValidYN="Y">
                    <LastName>Hjelm</LastName>
                    <ForeName>Brooke E</ForeName>
                    <Initials>BE</Initials>
                    <AffiliationInfo>
                        <Affiliation>Department of Psychiatry and Human Behavior, University of California-Irvine (UCI), Irvine, CA 92697, USA.</Affiliation>
                    </AffiliationInfo>
                    <AffiliationInfo>
                        <Affiliation>Department of Translational Genomics, Keck School of Medicine of USC, University of Southern California (USC), Los Angeles, CA 90033, USA.</Affiliation>
                    </AffiliationInfo>
                </Author>
                <Author ValidYN="Y">
                    <LastName>Rollins</LastName>
                    <ForeName>Brandi</ForeName>
                    <Initials>B</Initials>
                    <AffiliationInfo>
                        <Affiliation>Department of Psychiatry and Human Behavior, University of California-Irvine (UCI), Irvine, CA 92697, USA.</Affiliation>
                    </AffiliationInfo>
                </Author>
                <Author ValidYN="Y">
                    <LastName>Morgan</LastName>
                    <ForeName>Ling</ForeName>
                    <Initials>L</Initials>
                    <AffiliationInfo>
                        <Affiliation>Department of Psychiatry and Human Behavior, University of California-Irvine (UCI), Irvine, CA 92697, USA.</Affiliation>
                    </AffiliationInfo>
                </Author>
                <Author ValidYN="Y">
                    <LastName>Sequeira</LastName>
                    <ForeName>Adolfo</ForeName>
                    <Initials>A</Initials>
                    <AffiliationInfo>
                        <Affiliation>Department of Psychiatry and Human Behavior, University of California-Irvine (UCI), Irvine, CA 92697, USA.</Affiliation>
                    </AffiliationInfo>
                </Author>
                <Author ValidYN="Y">
                    <LastName>Mamdani</LastName>
                    <ForeName>Firoza</ForeName>
                    <Initials>F</Initials>
                    <AffiliationInfo>
                        <Affiliation>Department of Psychiatry and Human Behavior, University of California-Irvine (UCI), Irvine, CA 92697, USA.</Affiliation>
                    </AffiliationInfo>
                </Author>
                <Author ValidYN="Y">
                    <LastName>Pereira</LastName>
                    <ForeName>Filipe</ForeName>
                    <Initials>F</Initials>
                    <AffiliationInfo>
                        <Affiliation>Interdisciplinary Centre of Marine and Environmental Research (CIIMAR), University of Porto, Matosinhos 4050-123, Portugal.</Affiliation>
                    </AffiliationInfo>
                </Author>
                <Author ValidYN="Y">
                    <LastName>Damas</LastName>
                    <ForeName>Joana</ForeName>
                    <Initials>J</Initials>
                    <AffiliationInfo>
                        <Affiliation>The Genome Center, University of California-Davis, Davis, CA 95616, USA.</Affiliation>
                    </AffiliationInfo>
                </Author>
                <Author ValidYN="Y">
                    <LastName>Webb</LastName>
                    <ForeName>Michelle G</ForeName>
                    <Initials>MG</Initials>
                    <AffiliationInfo>
                        <Affiliation>Department of Translational Genomics, Keck School of Medicine of USC, University of Southern California (USC), Los Angeles, CA 90033, USA.</Affiliation>
                    </AffiliationInfo>
                </Author>
                <Author ValidYN="Y">
                    <LastName>Weber</LastName>
                    <ForeName>Matthieu D</ForeName>
                    <Initials>MD</Initials>
                    <AffiliationInfo>
                        <Affiliation>Department of Psychiatry and Human Behavior, University of California-Irvine (UCI), Irvine, CA 92697, USA.</Affiliation>
                    </AffiliationInfo>
                </Author>
                <Author ValidYN="Y">
                    <LastName>Schatzberg</LastName>
                    <ForeName>Alan F</ForeName>
                    <Initials>AF</Initials>
                    <AffiliationInfo>
                        <Affiliation>Department of Psychiatry and Behavioral Sciences, Stanford University, Stanford, CA 94305, USA.</Affiliation>
                    </AffiliationInfo>
                </Author>
                <Author ValidYN="Y">
                    <LastName>Barchas</LastName>
                    <ForeName>Jack D</ForeName>
                    <Initials>JD</Initials>
                    <AffiliationInfo>
                        <Affiliation>Department of Psychiatry, Weill Cornell Medical College at Cornell University, New York, NY 10065, USA.</Affiliation>
                    </AffiliationInfo>
                </Author>
                <Author ValidYN="Y">
                    <LastName>Lee</LastName>
                    <ForeName>Francis S</ForeName>
                    <Initials>FS</Initials>
                    <AffiliationInfo>
                        <Affiliation>Department of Psychiatry, Weill Cornell Medical College at Cornell University, New York, NY 10065, USA.</Affiliation>
                    </AffiliationInfo>
                </Author>
                <Author ValidYN="Y">
                    <LastName>Akil</LastName>
                    <ForeName>Huda</ForeName>
                    <Initials>H</Initials>
                    <AffiliationInfo>
                        <Affiliation>The Molecular and Behavioral Neuroscience Institute, University of Michigan, Ann Arbor, MI 48109, USA.</Affiliation>
                    </AffiliationInfo>
                </Author>
                <Author ValidYN="Y">
                    <LastName>Watson</LastName>
                    <ForeName>Stanley J</ForeName>
                    <Initials>SJ</Initials>
                    <AffiliationInfo>
                        <Affiliation>The Molecular and Behavioral Neuroscience Institute, University of Michigan, Ann Arbor, MI 48109, USA.</Affiliation>
                    </AffiliationInfo>
                </Author>
                <Author ValidYN="Y">
                    <LastName>Myers</LastName>
                    <ForeName>Richard M</ForeName>
                    <Initials>RM</Initials>
                    <AffiliationInfo>
                        <Affiliation>HudsonAlpha Institute for Biotechnology, Huntsville, AL 35806, USA.</Affiliation>
                    </AffiliationInfo>
                </Author>
                <Author ValidYN="Y">
                    <LastName>Chao</LastName>
                    <ForeName>Elizabeth C</ForeName>
                    <Initials>EC</Initials>
                    <AffiliationInfo>
                        <Affiliation>Division of Genetics and Genomic Medicine, Department of Pediatrics, UCI, Irvine, CA, USA.</Affiliation>
                    </AffiliationInfo>
                </Author>
                <Author ValidYN="Y">
                    <LastName>Kimonis</LastName>
                    <ForeName>Virginia</ForeName>
                    <Initials>V</Initials>
                    <AffiliationInfo>
                        <Affiliation>Division of Genetics and Genomic Medicine, Department of Pediatrics, UCI, Irvine, CA, USA.</Affiliation>
                    </AffiliationInfo>
                </Author>
                <Author ValidYN="Y">
                    <LastName>Thompson</LastName>
                    <ForeName>Peter M</ForeName>
                    <Initials>PM</Initials>
                    <AffiliationInfo>
                        <Affiliation>Southwest Brain Bank, Department of Psychiatry, Texas Tech University Health Sciences Center (TTUHSC), El Paso, TX 79905, USA.</Affiliation>
                    </AffiliationInfo>
                </Author>
                <Author ValidYN="Y">
                    <LastName>Bunney</LastName>
                    <ForeName>William E</ForeName>
                    <Initials>WE</Initials>
                    <AffiliationInfo>
                        <Affiliation>Department of Psychiatry and Human Behavior, University of California-Irvine (UCI), Irvine, CA 92697, USA.</Affiliation>
                    </AffiliationInfo>
                </Author>
                <Author ValidYN="Y">
                    <LastName>Vawter</LastName>
                    <ForeName>Marquis P</ForeName>
                    <Initials>MP</Initials>
                    <AffiliationInfo>
                        <Affiliation>Department of Psychiatry and Human Behavior, University of California-Irvine (UCI), Irvine, CA 92697, USA.</Affiliation>
                    </AffiliationInfo>
                </Author>
            </AuthorList>
            <Language>eng</Language>
            <PublicationTypeList>
                <PublicationType UI="D016428">Journal Article</PublicationType>
            </PublicationTypeList>
            <ArticleDate DateType="Electronic">
                <Year>2019</Year>
                <Month>03</Month>
                <Day>14</Day>
            </ArticleDate>
        </Article>
        <MedlineJournalInfo>
            <Country>England</Country>
            <MedlineTA>Nucleic Acids Res</MedlineTA>
            <NlmUniqueID>0411011</NlmUniqueID>
            <ISSNLinking>0305-1048</ISSNLinking>
        </MedlineJournalInfo>
    </MedlineCitation>
    <PubmedData>
        <History>
            <PubMedPubDate PubStatus="accepted">
                <Year>2019</Year>
                <Month>02</Month>
                <Day>28</Day>
            </PubMedPubDate>
            <PubMedPubDate PubStatus="received">
                <Year>2019</Year>
                <Month>01</Month>
                <Day>29</Day>
            </PubMedPubDate>
            <PubMedPubDate PubStatus="entrez">
                <Year>2019</Year>
                <Month>3</Month>
                <Day>15</Day>
                <Hour>6</Hour>
                <Minute>0</Minute>
            </PubMedPubDate>
            <PubMedPubDate PubStatus="pubmed">
                <Year>2019</Year>
                <Month>3</Month>
                <Day>15</Day>
                <Hour>6</Hour>
                <Minute>0</Minute>
            </PubMedPubDate>
            <PubMedPubDate PubStatus="medline">
                <Year>2019</Year>
                <Month>3</Month>
                <Day>15</Day>
                <Hour>6</Hour>
                <Minute>0</Minute>
            </PubMedPubDate>
        </History>
        <PublicationStatus>aheadofprint</PublicationStatus>
        <ArticleIdList>
            <ArticleId IdType="pubmed">30869147</ArticleId>
            <ArticleId IdType="pii">5380497</ArticleId>
            <ArticleId IdType="doi">10.1093/nar/gkz164</ArticleId>
        </ArticleIdList>
    </PubmedData>
</PubmedArticle>


<PubmedArticle>
    <MedlineCitation Status="Publisher" Owner="NLM">
        <PMID Version="1">30868896</PMID>
        <DateRevised>
            <Year>2019</Year>
            <Month>03</Month>
            <Day>14</Day>
        </DateRevised>
        <Article PubModel="Print-Electronic">
            <Journal>
                <ISSN IssnType="Print">0028-2685</ISSN>
                <JournalIssue CitedMedium="Print">
                    <PubDate>
                        <Year>2019</Year>
                        <Month>Mar</Month>
                        <Day>07</Day>
                    </PubDate>
                </JournalIssue>
                <Title>Neoplasma</Title>
                <ISOAbbreviation>Neoplasma</ISOAbbreviation>
            </Journal>
            <ArticleTitle>Prognosis related miRNAs, DNA methylation, and epigenetic interactions in lung adenocarcinoma.</ArticleTitle>
            <ELocationID EIdType="doi" ValidYN="Y">10.4149/neo_2018_181029N805</ELocationID>
            <ELocationID EIdType="pii" ValidYN="Y">181029N805</ELocationID>
            <Abstract>
                <AbstractText>Our study aimed to identify prognosis related epigenetic interactions of DNA methylation-miRNA-gene in lung adenocarcinoma. The RNA-seq, DNA methylation, and miRNA-seq data of squamous cell cancer samples were downloaded from TCGA. The DNA methylation-miRNA-gene interactions were collected via Illumina methylation platform and miRTarBase database. Linear regression model was utilized for the identification of epigenetic interactions. The epigenetic interactions related to prognosis were selected via Kaplan-Meier analysis. Genes in the interactions were used for pathway enrichment. Differentially expressed genes (DEGs) between high methylation level / high miRNA expression level (H/H) and low methylation level / low miRNA expression level (L/L) samples were screened. The correlations of epigenetic interactions with clinical features were also explored. Total of 454 lung adenocarcinoma patient samples were collected. The 1063 interactions were comprised of 1083 DNA methylation probes, 271 miRNAs and 528 genes, including cg14146378-hsa-mir-205-ARID1B, cg15375596-has-miR-1275-IGF1R, cg26691953-hsa-mir-195-CCNT1, etc. A total of 95 epigenetic interactions were significantly associated with prognosis. Among all the identified DEGs, low-expressed RASSF4, ZNF704, TFDP1, PLXNB2, TMC04, ZNF878, ARIDIB and high-expressed ZNF704, ZNF451, THOP1, IGF1R were related with poor prognosis; while low-expressed LDHB, ARID2, PRKCSH, HDAC4, NIPA1, RABAC1, TRIM28 and high-expressed FAM160B1, DNAAF3, CCNT1, ADAP1, ZFPM1, CCL11 were related with good prognosis. Fifteen epigenetic interactions were significantly related with clinical features. Gene expression and N-glycan trimming in the ER and Calnexin/Calreticulin cycle were two significant enriched pathways. Interactions of cg14146378-hsa-mir-205-ARID1B and cg15375596-has-miR-1275-IGF1R may be used as the prognosis indicators in lung adenocarcinoma.</AbstractText>
            </Abstract>
            <AuthorList CompleteYN="Y">
                <Author ValidYN="Y">
                    <LastName>Liu</LastName>
                    <ForeName>H</ForeName>
                    <Initials>H</Initials>
                    <AffiliationInfo>
                        <Affiliation>Cardiovascular Medicine Cente, The Affiliated Hospital of Yan'an University, Yan'an , China.</Affiliation>
                    </AffiliationInfo>
                </Author>
                <Author ValidYN="Y">
                    <LastName>Zhao</LastName>
                    <ForeName>H</ForeName>
                    <Initials>H</Initials>
                    <AffiliationInfo>
                        <Affiliation>Department of Thoracic Surgery, Shangluo Central Hospital, Shangluo, China.</Affiliation>
                    </AffiliationInfo>
                </Author>
            </AuthorList>
            <Language>eng</Language>
            <PublicationTypeList>
                <PublicationType UI="D016428">Journal Article</PublicationType>
            </PublicationTypeList>
            <ArticleDate DateType="Electronic">
                <Year>2019</Year>
                <Month>03</Month>
                <Day>07</Day>
            </ArticleDate>
        </Article>
        <MedlineJournalInfo>
            <Country>Slovakia</Country>
            <MedlineTA>Neoplasma</MedlineTA>
            <NlmUniqueID>0377266</NlmUniqueID>
            <ISSNLinking>0028-2685</ISSNLinking>
        </MedlineJournalInfo>
    </MedlineCitation>
    <PubmedData>
        <History>
            <PubMedPubDate PubStatus="received">
                <Year>2018</Year>
                <Month>10</Month>
                <Day>29</Day>
            </PubMedPubDate>
            <PubMedPubDate PubStatus="accepted">
                <Year>2019</Year>
                <Month>01</Month>
                <Day>16</Day>
            </PubMedPubDate>
            <PubMedPubDate PubStatus="entrez">
                <Year>2019</Year>
                <Month>3</Month>
                <Day>15</Day>
                <Hour>6</Hour>
                <Minute>0</Minute>
            </PubMedPubDate>
            <PubMedPubDate PubStatus="pubmed">
                <Year>2019</Year>
                <Month>3</Month>
                <Day>15</Day>
                <Hour>6</Hour>
                <Minute>0</Minute>
            </PubMedPubDate>
            <PubMedPubDate PubStatus="medline">
                <Year>2019</Year>
                <Month>3</Month>
                <Day>15</Day>
                <Hour>6</Hour>
                <Minute>0</Minute>
            </PubMedPubDate>
        </History>
        <PublicationStatus>aheadofprint</PublicationStatus>
        <ArticleIdList>
            <ArticleId IdType="pubmed">30868896</ArticleId>
            <ArticleId IdType="doi">10.4149/neo_2018_181029N805</ArticleId>
            <ArticleId IdType="pii">181029N805</ArticleId>
        </ArticleIdList>
    </PubmedData>
</PubmedArticle>


<PubmedArticle>
    <MedlineCitation Status="In-Process" Owner="NLM">
        <PMID Version="1">30868851</PMID>
        <DateRevised>
            <Year>2019</Year>
            <Month>03</Month>
            <Day>14</Day>
        </DateRevised>
        <Article PubModel="Print">
            <Journal>
                <ISSN IssnType="Print">1433-6510</ISSN>
                <JournalIssue CitedMedium="Internet">
                    <Volume>65</Volume>
                    <Issue>3</Issue>
                    <PubDate>
                        <Year>2019</Year>
                        <Month>Mar</Month>
                        <Day>01</Day>
                    </PubDate>
                </JournalIssue>
                <Title>Clinical laboratory</Title>
                <ISOAbbreviation>Clin. Lab.</ISOAbbreviation>
            </Journal>
            <ArticleTitle>Overexpression of LncRNA-UCA1 Correlates with Lung Adenocarcinoma Progression and Poor Prognosis.</ArticleTitle>
            <ELocationID EIdType="doi" ValidYN="Y">10.7754/Clin.Lab.2018.180739</ELocationID>
            <Abstract>
                <AbstractText Label="BACKGROUND" NlmCategory="BACKGROUND">Long non-coding RNA (lncRNA) urothelial carcinoma-associated 1 (UCA1) has been predicted to play a critical role in various biological processes including tumorigenesis. However, the clinical significance of UCA1 in lung adenocarcinoma (LUAD) is still not understood in detail. The aim of this study was to assess the clinical significance of the UCA1 expression levels in LUAD based on publicly available data and to evaluate its potential signaling pathways.</AbstractText>
                <AbstractText Label="METHODS" NlmCategory="METHODS">The RNA-sequencing (RNA-seq) dataset and clinical information of all LUAD patients were downloaded from The Cancer Genome Atlas (TCGA). Kaplan-Meier plot and log-rank test were performed for survival analysis; Cox proportional hazards regression model were used to assess the relative factors. Furthermore, Starbase, Cbioportal, and Multi Experiment Matrix starbases were used to identify UCA1-related genes in LUAD. Finally, Gene Ontology (GO) and Kyoto Encyclopedia of Genes and Genomes (KEGG) analysis of UCA1-related genes were performed using DAVID.</AbstractText>
                <AbstractText Label="RESULTS" NlmCategory="RESULTS">The expression level of UCA1 in LUAD tissues (n = 468) was significantly increased compared with the adjacent non-tumor lung tissues (n = 52) (p &lt; 0.0001). In addition, UCA1 level was significantly correlated with TNM stage and lymph node metastasis. Survival analysis showed that UCA1 over-expression was significantly associated with poor overall survival (OS) (p = 0.0098) and poor recurrence-free survival (RFS) (p = 0.0298) in LUAD patients. Multivariate analysis confirmed that high expression of lncRNA-UCA1 was an independent prognostic factor of poor OS (HR = 1.353, 95% CI: 1.005 - 1.822, p = 0.046). Finally, KEGG analysis for UCA1-related genes indicated that UCA1 might be enriched with the microRNAs in cancer, pathways in cancer, endocytosis, focal adhesion, and proteoglycans in cancer.</AbstractText>
                <AbstractText Label="CONCLUSIONS" NlmCategory="CONCLUSIONS">This study showed that UCA1 may be involved in lung carcinogenesis, which could act as a biomarker of prognosis and therapeutic target in LUAD patients.</AbstractText>
            </Abstract>
            <AuthorList CompleteYN="Y">
                <Author ValidYN="Y">
                    <LastName>Chen</LastName>
                    <ForeName>Liangyuan</ForeName>
                    <Initials>L</Initials>
                </Author>
                <Author ValidYN="Y">
                    <LastName>Cao</LastName>
                    <ForeName>Pengju</ForeName>
                    <Initials>P</Initials>
                </Author>
                <Author ValidYN="Y">
                    <LastName>Wu</LastName>
                    <ForeName>Qiumei</ForeName>
                    <Initials>Q</Initials>
                </Author>
                <Author ValidYN="Y">
                    <LastName>Guo</LastName>
                    <ForeName>Yiqing</ForeName>
                    <Initials>Y</Initials>
                </Author>
                <Author ValidYN="Y">
                    <LastName>Yang</LastName>
                    <ForeName>Yang</ForeName>
                    <Initials>Y</Initials>
                </Author>
                <Author ValidYN="Y">
                    <LastName>Chen</LastName>
                    <ForeName>Falin</ForeName>
                    <Initials>F</Initials>
                </Author>
            </AuthorList>
            <Language>eng</Language>
            <PublicationTypeList>
                <PublicationType UI="D016428">Journal Article</PublicationType>
            </PublicationTypeList>
        </Article>
        <MedlineJournalInfo>
            <Country>Germany</Country>
            <MedlineTA>Clin Lab</MedlineTA>
            <NlmUniqueID>9705611</NlmUniqueID>
            <ISSNLinking>1433-6510</ISSNLinking>
        </MedlineJournalInfo>
    </MedlineCitation>
    <PubmedData>
        <History>
            <PubMedPubDate PubStatus="entrez">
                <Year>2019</Year>
                <Month>3</Month>
                <Day>15</Day>
                <Hour>6</Hour>
                <Minute>0</Minute>
            </PubMedPubDate>
            <PubMedPubDate PubStatus="pubmed">
                <Year>2019</Year>
                <Month>3</Month>
                <Day>15</Day>
                <Hour>6</Hour>
                <Minute>0</Minute>
            </PubMedPubDate>
            <PubMedPubDate PubStatus="medline">
                <Year>2019</Year>
                <Month>3</Month>
                <Day>15</Day>
                <Hour>6</Hour>
                <Minute>0</Minute>
            </PubMedPubDate>
        </History>
        <PublicationStatus>ppublish</PublicationStatus>
        <ArticleIdList>
            <ArticleId IdType="pubmed">30868851</ArticleId>
            <ArticleId IdType="doi">10.7754/Clin.Lab.2018.180739</ArticleId>
        </ArticleIdList>
    </PubmedData>
</PubmedArticle>


<PubmedArticle>
    <MedlineCitation Status="Publisher" Owner="NLM">
        <PMID Version="1">30868714</PMID>
        <DateRevised>
            <Year>2019</Year>
            <Month>03</Month>
            <Day>14</Day>
        </DateRevised>
        <Article PubModel="Print-Electronic">
            <Journal>
                <ISSN IssnType="Electronic">1526-4998</ISSN>
                <JournalIssue CitedMedium="Internet">
                    <PubDate>
                        <Year>2019</Year>
                        <Month>Mar</Month>
                        <Day>13</Day>
                    </PubDate>
                </JournalIssue>
                <Title>Pest management science</Title>
                <ISOAbbreviation>Pest Manag. Sci.</ISOAbbreviation>
            </Journal>
            <ArticleTitle>Transcriptome responses to the natural phytotoxin t-chalcone in Arabidopsis thaliana L.</ArticleTitle>
            <ELocationID EIdType="doi" ValidYN="Y">10.1002/ps.5405</ELocationID>
            <Abstract>
                <AbstractText Label="BACKGROUND" NlmCategory="BACKGROUND">New modes of action are needed for herbicides. The flavonoid synthesis intermediate t-chalcone causes apoptosis-like symptoms in roots and bleaching of shoots of Arabidospsis, suggesting a unique mode of action as a phytotoxin.</AbstractText>
                <AbstractText Label="RESULTS" NlmCategory="RESULTS">Using RNA-Seq, transcriptome changes were monitored in Arabidopsis seedlings during the first 24 h of exposure (at 1, 3, 6, 12 and 24 h) to 21 <U+03BC>M t-chalcone (I<sub>50</sub> dose), examining effects on roots and shoots separately. Expression of 892 and 1000 genes was affected in roots and shoots, respectively. According to biological classification, many of the affected genes were transcription factors and genes associated with oxidative stress, heat shock proteins, xenobiotic detoxification, ABA and auxin biosynthesis, and primary metabolic processess. These are secondary effects found with most phytotoxins. Potent phytotoxins usually act by inhibiting enzymes of primary metabolism. KEGG pathway analysis of transcriptome results from the first 3 h of t-chalcone exposure indicated several potential primary metabolism target sites for t-chalcone. Of these, p-hydroxyphenylpyruvate dioxygenase (HPPD) and tyrosine amino transferase were consistent with the bleaching effect of the phytotoxin. Supplementation studies with Lemna paucicostata and Arabidiopsis supported HPPD as the target, although in vitro enzyme inhibition was not found.</AbstractText>
                <AbstractText Label="CONCLUSIONS" NlmCategory="CONCLUSIONS">t-Chalcone is possibly a protoxin that is converted to a HPPD inhibitor in vivo. This article is protected by copyright. All rights reserved.</AbstractText>
                <CopyrightInformation>This article is protected by copyright. All rights reserved.</CopyrightInformation>
            </Abstract>
            <AuthorList CompleteYN="Y">
                <Author ValidYN="Y">
                    <LastName>D<U+00ED>az-Tielas</LastName>
                    <ForeName>Carla</ForeName>
                    <Initials>C</Initials>
                    <AffiliationInfo>
                        <Affiliation>Department of Plant Biology and Soil Science, University of Vigo, Campus Lagoas-Marcosende, 36310, Vigo, Spain.</Affiliation>
                    </AffiliationInfo>
                </Author>
                <Author ValidYN="Y">
                    <LastName>Gra<U+00F1>a</LastName>
                    <ForeName>Elisa</ForeName>
                    <Initials>E</Initials>
                    <AffiliationInfo>
                        <Affiliation>Department of Plant Biology and Soil Science, University of Vigo, Campus Lagoas-Marcosende, 36310, Vigo, Spain.</Affiliation>
                    </AffiliationInfo>
                </Author>
                <Author ValidYN="Y">
                    <LastName>S<U+00E1>nchez-Moreiras</LastName>
                    <ForeName>Adela M</ForeName>
                    <Initials>AM</Initials>
                    <AffiliationInfo>
                        <Affiliation>Department of Plant Biology and Soil Science, University of Vigo, Campus Lagoas-Marcosende, 36310, Vigo, Spain.</Affiliation>
                    </AffiliationInfo>
                </Author>
                <Author ValidYN="Y">
                    <LastName>Reigosa</LastName>
                    <ForeName>Manuel J</ForeName>
                    <Initials>MJ</Initials>
                    <AffiliationInfo>
                        <Affiliation>Department of Plant Biology and Soil Science, University of Vigo, Campus Lagoas-Marcosende, 36310, Vigo, Spain.</Affiliation>
                    </AffiliationInfo>
                </Author>
                <Author ValidYN="Y">
                    <LastName>Vaughn</LastName>
                    <ForeName>Justin N</ForeName>
                    <Initials>JN</Initials>
                    <AffiliationInfo>
                        <Affiliation>USDA, ARS, Genomics and Bioinformatics Research Unit, Athens, GA, 30605, USA.</Affiliation>
                    </AffiliationInfo>
                </Author>
                <Author ValidYN="Y">
                    <LastName>Pan</LastName>
                    <ForeName>Zhiqiang</ForeName>
                    <Initials>Z</Initials>
                    <AffiliationInfo>
                        <Affiliation>USDA, ARS, Natural Products Utilization Research Unit, Oxford, MS, 38677, USA.</Affiliation>
                    </AffiliationInfo>
                </Author>
                <Author ValidYN="Y">
                    <LastName>Bajsa-Hirshel</LastName>
                    <ForeName>Joanna</ForeName>
                    <Initials>J</Initials>
                    <AffiliationInfo>
                        <Affiliation>USDA, ARS, Natural Products Utilization Research Unit, Oxford, MS, 38677, USA.</Affiliation>
                    </AffiliationInfo>
                </Author>
                <Author ValidYN="Y">
                    <LastName>Duke</LastName>
                    <ForeName>Mary V</ForeName>
                    <Initials>MV</Initials>
                    <AffiliationInfo>
                        <Affiliation>USDA, ARS, Genomics and Bioinformatics Research, Stoneville, MS, 38776, USA.</Affiliation>
                    </AffiliationInfo>
                </Author>
                <Author ValidYN="Y">
                    <LastName>Duke</LastName>
                    <ForeName>Stephen O</ForeName>
                    <Initials>SO</Initials>
                    <Identifier Source="ORCID">https://orcid.org/0000-0001-7210-5168</Identifier>
                    <AffiliationInfo>
                        <Affiliation>USDA, ARS, Natural Products Utilization Research Unit, Oxford, MS, 38677, USA.</Affiliation>
                    </AffiliationInfo>
                </Author>
            </AuthorList>
            <Language>eng</Language>
            <PublicationTypeList>
                <PublicationType UI="D016428">Journal Article</PublicationType>
            </PublicationTypeList>
            <ArticleDate DateType="Electronic">
                <Year>2019</Year>
                <Month>03</Month>
                <Day>13</Day>
            </ArticleDate>
        </Article>
        <MedlineJournalInfo>
            <Country>England</Country>
            <MedlineTA>Pest Manag Sci</MedlineTA>
            <NlmUniqueID>100898744</NlmUniqueID>
            <ISSNLinking>1526-498X</ISSNLinking>
        </MedlineJournalInfo>
        <KeywordList Owner="NOTNLM">
            <Keyword MajorTopicYN="N">
t-chalcone</Keyword>
            <Keyword MajorTopicYN="N">herbicide</Keyword>
            <Keyword MajorTopicYN="N">mode of action</Keyword>
            <Keyword MajorTopicYN="N">phytotoxin</Keyword>
            <Keyword MajorTopicYN="N">transcriptome</Keyword>
        </KeywordList>
    </MedlineCitation>
    <PubmedData>
        <History>
            <PubMedPubDate PubStatus="received">
                <Year>2019</Year>
                <Month>01</Month>
                <Day>30</Day>
            </PubMedPubDate>
            <PubMedPubDate PubStatus="revised">
                <Year>2019</Year>
                <Month>03</Month>
                <Day>04</Day>
            </PubMedPubDate>
            <PubMedPubDate PubStatus="accepted">
                <Year>2019</Year>
                <Month>03</Month>
                <Day>05</Day>
            </PubMedPubDate>
            <PubMedPubDate PubStatus="entrez">
                <Year>2019</Year>
                <Month>3</Month>
                <Day>15</Day>
                <Hour>6</Hour>
                <Minute>0</Minute>
            </PubMedPubDate>
            <PubMedPubDate PubStatus="pubmed">
                <Year>2019</Year>
                <Month>3</Month>
                <Day>15</Day>
                <Hour>6</Hour>
                <Minute>0</Minute>
            </PubMedPubDate>
            <PubMedPubDate PubStatus="medline">
                <Year>2019</Year>
                <Month>3</Month>
                <Day>15</Day>
                <Hour>6</Hour>
                <Minute>0</Minute>
            </PubMedPubDate>
        </History>
        <PublicationStatus>aheadofprint</PublicationStatus>
        <ArticleIdList>
            <ArticleId IdType="pubmed">30868714</ArticleId>
            <ArticleId IdType="doi">10.1002/ps.5405</ArticleId>
        </ArticleIdList>
    </PubmedData>
</PubmedArticle>


<PubmedArticle>
    <MedlineCitation Status="In-Data-Review" Owner="NLM">
        <PMID Version="1">30868517</PMID>
        <DateRevised>
            <Year>2019</Year>
            <Month>03</Month>
            <Day>14</Day>
        </DateRevised>
        <Article PubModel="Print">
            <Journal>
                <ISSN IssnType="Electronic">1940-6029</ISSN>
                <JournalIssue CitedMedium="Internet">
                    <Volume>1955</Volume>
                    <PubDate>
                        <Year>2019</Year>
                    </PubDate>
                </JournalIssue>
                <Title>Methods in molecular biology (Clifton, N.J.)</Title>
                <ISOAbbreviation>Methods Mol. Biol.</ISOAbbreviation>
            </Journal>
            <ArticleTitle>Transcriptome Studies in Trypanosoma cruzi Using RNA-seq.</ArticleTitle>
            <Pagination>
                <MedlinePgn>35-45</MedlinePgn>
            </Pagination>
            <ELocationID EIdType="doi" ValidYN="Y">10.1007/978-1-4939-9148-8_3</ELocationID>
            <Abstract>
                <AbstractText>RNA-seq is a powerful method to study in detail transcriptome changes in defined conditions, providing enormous amount of information on RNA stability and gene regulation. In this chapter, we describe a directional and a nondirectional library preparation protocol for RNA-seq in Trypanosoma cruzi, as well as a pipeline for bioinformatic analysis, which includes read trimming, alignment to a reference genome, and differential expression.</AbstractText>
            </Abstract>
            <AuthorList CompleteYN="Y">
                <Author ValidYN="Y">
                    <LastName>Greif</LastName>
                    <ForeName>Gonzalo</ForeName>
                    <Initials>G</Initials>
                    <AffiliationInfo>
                        <Affiliation>Laboratory of Host Pathogen Interactions-UBM, Institut Pasteur de Montevideo, Montevideo, Uruguay.</Affiliation>
                    </AffiliationInfo>
                </Author>
                <Author ValidYN="Y">
                    <LastName>Bern<U+00E1></LastName>
                    <ForeName>Luisa</ForeName>
                    <Initials>L</Initials>
                    <AffiliationInfo>
                        <Affiliation>Laboratory of Host Pathogen Interactions-UBM, Institut Pasteur de Montevideo, Montevideo, Uruguay.</Affiliation>
                    </AffiliationInfo>
                </Author>
                <Author ValidYN="Y">
                    <LastName>D<U+00ED>az-Viraqu<U+00E9></LastName>
                    <ForeName>Florencia</ForeName>
                    <Initials>F</Initials>
                    <AffiliationInfo>
                        <Affiliation>Laboratory of Host Pathogen Interactions-UBM, Institut Pasteur de Montevideo, Montevideo, Uruguay.</Affiliation>
                    </AffiliationInfo>
                </Author>
                <Author ValidYN="Y">
                    <LastName>Robello</LastName>
                    <ForeName>Carlos</ForeName>
                    <Initials>C</Initials>
                    <AffiliationInfo>
                        <Affiliation>Laboratory of Host Pathogen Interactions-UBM, Institut Pasteur de Montevideo, Montevideo, Uruguay. robello@pasteur.edu.uy.</Affiliation>
                    </AffiliationInfo>
                    <AffiliationInfo>
                        <Affiliation>Departamento de Bioqu<U+00ED>mica, Facultad de Medicina-UDELAR, Montevideo, Uruguay. robello@pasteur.edu.uy.</Affiliation>
                    </AffiliationInfo>
                </Author>
            </AuthorList>
            <Language>eng</Language>
            <PublicationTypeList>
                <PublicationType UI="D016428">Journal Article</PublicationType>
            </PublicationTypeList>
        </Article>
        <MedlineJournalInfo>
            <Country>United States</Country>
            <MedlineTA>Methods Mol Biol</MedlineTA>
            <NlmUniqueID>9214969</NlmUniqueID>
            <ISSNLinking>1064-3745</ISSNLinking>
        </MedlineJournalInfo>
        <KeywordList Owner="NOTNLM">
            <Keyword MajorTopicYN="N">Bioinformatic pipeline</Keyword>
            <Keyword MajorTopicYN="N">Differential expression</Keyword>
            <Keyword MajorTopicYN="N">Gene expression</Keyword>
            <Keyword MajorTopicYN="N">RNA-seq</Keyword>
            <Keyword MajorTopicYN="N">Trypanosoma cruzi</Keyword>
        </KeywordList>
    </MedlineCitation>
    <PubmedData>
        <History>
            <PubMedPubDate PubStatus="entrez">
                <Year>2019</Year>
                <Month>3</Month>
                <Day>15</Day>
                <Hour>6</Hour>
                <Minute>0</Minute>
            </PubMedPubDate>
            <PubMedPubDate PubStatus="pubmed">
                <Year>2019</Year>
                <Month>3</Month>
                <Day>15</Day>
                <Hour>6</Hour>
                <Minute>0</Minute>
            </PubMedPubDate>
            <PubMedPubDate PubStatus="medline">
                <Year>2019</Year>
                <Month>3</Month>
                <Day>15</Day>
                <Hour>6</Hour>
                <Minute>0</Minute>
            </PubMedPubDate>
        </History>
        <PublicationStatus>ppublish</PublicationStatus>
        <ArticleIdList>
            <ArticleId IdType="pubmed">30868517</ArticleId>
            <ArticleId IdType="doi">10.1007/978-1-4939-9148-8_3</ArticleId>
        </ArticleIdList>
    </PubmedData>
</PubmedArticle>


<PubmedArticle>
    <MedlineCitation Status="PubMed-not-MEDLINE" Owner="NLM">
        <PMID Version="1">30867990</PMID>
        <DateRevised>
            <Year>2019</Year>
            <Month>03</Month>
            <Day>14</Day>
        </DateRevised>
        <Article PubModel="Electronic-eCollection">
            <Journal>
                <ISSN IssnType="Print">2167-8359</ISSN>
                <JournalIssue CitedMedium="Print">
                    <Volume>7</Volume>
                    <PubDate>
                        <Year>2019</Year>
                    </PubDate>
                </JournalIssue>
                <Title>PeerJ</Title>
                <ISOAbbreviation>PeerJ</ISOAbbreviation>
            </Journal>
            <ArticleTitle>Transcriptome sequencing and comparative analysis of adult ovary and testis identify potential gonadal maintenance-related genes in <i>Mauremys reevesii</i> with temperature-dependent sex determination.</ArticleTitle>
            <Pagination>
                <MedlinePgn>e6557</MedlinePgn>
            </Pagination>
            <ELocationID EIdType="doi" ValidYN="Y">10.7717/peerj.6557</ELocationID>
            <Abstract>
                <AbstractText><i>Mauremys reevesii</i> is a classical organism with temperature-dependent sex determination (TSD). Gonad development in early life has recently received considerable attention but gonadal maintenance after sex differentiation in turtles with TSD remains a mystery. In this study, we sequenced the transcriptomes for the adult testis and ovary using RNA-seq, and 36,221 transcripts were identified. In total, 1,594 differentially expressed genes (DEGs) were identified where 756 DEGs were upregulated in the testis and 838 DEGs were upregulated in the ovary. Gene Ontology and Kyoto Encyclopedia of Genes and Genomes pathway analysis suggested that the TGF-beta signaling pathway and Hedgehog signaling pathway have important roles in testis maintenance and spermatogenesis, whereas the Hippo signaling pathway and Wnt signaling pathway are likely to participate in ovary maintenance. We determined the existence of antagonistic networks containing significant specific-expressed genes and pathways related to gonadal maintenance and gametogenesis in the adult gonads of <i>M. reevesii</i>. The candidate gene Fibronectin type 3 and ankyrin repeat domains 1 (<i>FANK1</i>) might be involved with the regulation of testis spermatogenesis.</AbstractText>
            </Abstract>
            <AuthorList CompleteYN="Y">
                <Author ValidYN="Y">
                    <LastName>Xiong</LastName>
                    <ForeName>Lei</ForeName>
                    <Initials>L</Initials>
                    <AffiliationInfo>
                        <Affiliation>Life Science College of Anhui Normal University, Provincial Key Lab of the Conservation and Exploitation Research of Biological Resources in Anhui, Wuhu, Anhui, P.R. China.</Affiliation>
                    </AffiliationInfo>
                    <AffiliationInfo>
                        <Affiliation>Biochemistry Department of Wannan Medical College, Provincial Key Laboratory of Biological Macro-molecules Research, Wuhu, Anhui, P.R. China.</Affiliation>
                    </AffiliationInfo>
                </Author>
                <Author ValidYN="Y">
                    <LastName>Dong</LastName>
                    <ForeName>Jinxiu</ForeName>
                    <Initials>J</Initials>
                    <AffiliationInfo>
                        <Affiliation>Life Science College of Anhui Normal University, Provincial Key Lab of the Conservation and Exploitation Research of Biological Resources in Anhui, Wuhu, Anhui, P.R. China.</Affiliation>
                    </AffiliationInfo>
                </Author>
                <Author ValidYN="Y">
                    <LastName>Jiang</LastName>
                    <ForeName>Hui</ForeName>
                    <Initials>H</Initials>
                    <AffiliationInfo>
                        <Affiliation>Life Science College of Anhui Normal University, Provincial Key Lab of the Conservation and Exploitation Research of Biological Resources in Anhui, Wuhu, Anhui, P.R. China.</Affiliation>
                    </AffiliationInfo>
                </Author>
                <Author ValidYN="Y">
                    <LastName>Zan</LastName>
                    <ForeName>Jiawei</ForeName>
                    <Initials>J</Initials>
                    <AffiliationInfo>
                        <Affiliation>Life Science College of Anhui Normal University, Provincial Key Lab of the Conservation and Exploitation Research of Biological Resources in Anhui, Wuhu, Anhui, P.R. China.</Affiliation>
                    </AffiliationInfo>
                </Author>
                <Author ValidYN="Y">
                    <LastName>Tong</LastName>
                    <ForeName>Jiucui</ForeName>
                    <Initials>J</Initials>
                    <AffiliationInfo>
                        <Affiliation>Life Science College of Anhui Normal University, Provincial Key Lab of the Conservation and Exploitation Research of Biological Resources in Anhui, Wuhu, Anhui, P.R. China.</Affiliation>
                    </AffiliationInfo>
                    <AffiliationInfo>
                        <Affiliation>Biochemistry Department of Wannan Medical College, Provincial Key Laboratory of Biological Macro-molecules Research, Wuhu, Anhui, P.R. China.</Affiliation>
                    </AffiliationInfo>
                </Author>
                <Author ValidYN="Y">
                    <LastName>Liu</LastName>
                    <ForeName>Jianjun</ForeName>
                    <Initials>J</Initials>
                    <AffiliationInfo>
                        <Affiliation>Life Science College of Anhui Normal University, Provincial Key Lab of the Conservation and Exploitation Research of Biological Resources in Anhui, Wuhu, Anhui, P.R. China.</Affiliation>
                    </AffiliationInfo>
                </Author>
                <Author ValidYN="Y">
                    <LastName>Wang</LastName>
                    <ForeName>Meng</ForeName>
                    <Initials>M</Initials>
                    <AffiliationInfo>
                        <Affiliation>Life Science College of Anhui Normal University, Provincial Key Lab of the Conservation and Exploitation Research of Biological Resources in Anhui, Wuhu, Anhui, P.R. China.</Affiliation>
                    </AffiliationInfo>
                </Author>
                <Author ValidYN="Y">
                    <LastName>Nie</LastName>
                    <ForeName>Liuwang</ForeName>
                    <Initials>L</Initials>
                    <AffiliationInfo>
                        <Affiliation>Life Science College of Anhui Normal University, Provincial Key Lab of the Conservation and Exploitation Research of Biological Resources in Anhui, Wuhu, Anhui, P.R. China.</Affiliation>
                    </AffiliationInfo>
                </Author>
            </AuthorList>
            <Language>eng</Language>
            <PublicationTypeList>
                <PublicationType UI="D016428">Journal Article</PublicationType>
            </PublicationTypeList>
            <ArticleDate DateType="Electronic">
                <Year>2019</Year>
                <Month>03</Month>
                <Day>08</Day>
            </ArticleDate>
        </Article>
        <MedlineJournalInfo>
            <Country>United States</Country>
            <MedlineTA>PeerJ</MedlineTA>
            <NlmUniqueID>101603425</NlmUniqueID>
            <ISSNLinking>2167-8359</ISSNLinking>
        </MedlineJournalInfo>
        <KeywordList Owner="NOTNLM">
            <Keyword MajorTopicYN="N">Differentially expressed gene</Keyword>
            <Keyword MajorTopicYN="N">Mauremys reevesii</Keyword>
            <Keyword MajorTopicYN="N">Ovary</Keyword>
            <Keyword MajorTopicYN="N">Testis</Keyword>
            <Keyword MajorTopicYN="N">Transcriptome analysis</Keyword>
        </KeywordList>
        <CoiStatement>The authors declare that they have no competing interests.</CoiStatement>
    </MedlineCitation>
    <PubmedData>
        <History>
            <PubMedPubDate PubStatus="received">
                <Year>2018</Year>
                <Month>10</Month>
                <Day>23</Day>
            </PubMedPubDate>
            <PubMedPubDate PubStatus="accepted">
                <Year>2019</Year>
                <Month>02</Month>
                <Day>03</Day>
            </PubMedPubDate>
            <PubMedPubDate PubStatus="entrez">
                <Year>2019</Year>
                <Month>3</Month>
                <Day>15</Day>
                <Hour>6</Hour>
                <Minute>0</Minute>
            </PubMedPubDate>
            <PubMedPubDate PubStatus="pubmed">
                <Year>2019</Year>
                <Month>3</Month>
                <Day>15</Day>
                <Hour>6</Hour>
                <Minute>0</Minute>
            </PubMedPubDate>
            <PubMedPubDate PubStatus="medline">
                <Year>2019</Year>
                <Month>3</Month>
                <Day>15</Day>
                <Hour>6</Hour>
                <Minute>1</Minute>
            </PubMedPubDate>
        </History>
        <PublicationStatus>epublish</PublicationStatus>
        <ArticleIdList>
            <ArticleId IdType="pubmed">30867990</ArticleId>
            <ArticleId IdType="doi">10.7717/peerj.6557</ArticleId>
            <ArticleId IdType="pii">6557</ArticleId>
            <ArticleId IdType="pmc">PMC6410691</ArticleId>
        </ArticleIdList>
    </PubmedData>
</PubmedArticle>


<PubmedArticle>
    <MedlineCitation Status="PubMed-not-MEDLINE" Owner="NLM">
        <PMID Version="1">30867900</PMID>
        <DateRevised>
            <Year>2019</Year>
            <Month>03</Month>
            <Day>14</Day>
        </DateRevised>
        <Article PubModel="Electronic-eCollection">
            <Journal>
                <ISSN IssnType="Print">2045-3701</ISSN>
                <JournalIssue CitedMedium="Print">
                    <Volume>9</Volume>
                    <PubDate>
                        <Year>2019</Year>
                    </PubDate>
                </JournalIssue>
                <Title>Cell &amp; bioscience</Title>
                <ISOAbbreviation>Cell Biosci</ISOAbbreviation>
            </Journal>
            <ArticleTitle>The Y-linked proto-oncogene TSPY contributes to poor prognosis of the male hepatocellular carcinoma patients by promoting the pro-oncogenic and suppressing the anti-oncogenic gene expression.</ArticleTitle>
            <Pagination>
                <MedlinePgn>22</MedlinePgn>
            </Pagination>
            <ELocationID EIdType="doi" ValidYN="Y">10.1186/s13578-019-0287-x</ELocationID>
            <Abstract>
                <AbstractText Label="Background" NlmCategory="UNASSIGNED">Liver cancer is one of the major causes of cancer death worldwide, with significantly higher incidence and mortality among the male patients. Although sex hormones and their receptors could contribute to such sex differences, the story is incomplete. Genes on the male-specific region of the Y chromosome could play a role(s) in this cancer. TSPY is the putative gene for the gonadoblastoma locus on the Y chromosome (GBY) that is ectopically expressed in a subset of male hepatocellular carcinomas (HCCs). Although various studies showed that TSPY expression is associated with poor prognosis in the patients and its overexpression promotes cell proliferation of various cancer cell lines, it remains unclear how TSPY contributes to the clinical outcomes of the HCC patients. Identifying the downstream genes and pathways of TSPY actions would provide novel insights on its contribution(s) to male predominance in this deadly cancer.</AbstractText>
                <AbstractText Label="Results" NlmCategory="UNASSIGNED">To determine the effects of TSPY on HCC, a TSPY transgene was introduced to the HCC cell line, HuH-7, and studied with RNA-Seq transcriptome analysis. The results showed that TSPY upregulates various genes associated with cell-cycle and cell-viability, and suppresses cell-death related genes. To correlate the experimental observations with those of clinical specimens, transcriptomes of male HCCs with high TSPY expression were analyzed with reference to those with silent TSPY expression from the Cancer Genome Atlas (TCGA). The comparative analysis identified 49 genes, which showed parallel expression patterns between HuH-7 cells overexpressing TSPY and clinical specimens with high TSPY expression. Among these 49 genes, 16 likely downstream genes could be associated with survival rates in HCC patients. The major upregulated targets were cell-cycle related genes and growth factor receptor genes, including CDC25B and HMMR, whose expression levels are negatively correlated with the patient survival rates. In contrast, PPARGC1A, SLC25A25 and SOCS2 were downregulated with TSPY expression, and possess favorable prognoses for HCC patients.</AbstractText>
                <AbstractText Label="Conclusion" NlmCategory="UNASSIGNED">We demonstrate that TSPY could exacerbate the oncogenesis of HCC by differentially upregulate the expression of pro-oncogenic genes and downregulate those of anti-oncogenic genes in male HCC patients, thereby contributing to the male predominance in this deadly cancer.</AbstractText>
            </Abstract>
            <AuthorList CompleteYN="Y">
                <Author ValidYN="Y">
                    <LastName>Kido</LastName>
                    <ForeName>Tatsuo</ForeName>
                    <Initials>T</Initials>
                    <AffiliationInfo>
                        <Affiliation>1Division of Cell and Developmental Genetics, Department of Medicine, Veterans Affairs Medical Center, University of California, San Francisco, 4150 Clement Street, San Francisco, CA 94121 USA.</Affiliation>
                        <Identifier Source="ISNI">0000 0001 2297 6811</Identifier>
                        <Identifier Source="GRID">grid.266102.1</Identifier>
                    </AffiliationInfo>
                    <AffiliationInfo>
                        <Affiliation>2Institute for Human Genetics, University of California, San Francisco, 513 Parnassus Avenue, San Francisco, CA 94143 USA.</Affiliation>
                        <Identifier Source="ISNI">0000 0001 2297 6811</Identifier>
                        <Identifier Source="GRID">grid.266102.1</Identifier>
                    </AffiliationInfo>
                </Author>
                <Author ValidYN="Y">
                    <LastName>Lau</LastName>
                    <ForeName>Yun-Fai Chris</ForeName>
                    <Initials>YC</Initials>
                    <Identifier Source="ORCID">0000-0002-9119-7050</Identifier>
                    <AffiliationInfo>
                        <Affiliation>1Division of Cell and Developmental Genetics, Department of Medicine, Veterans Affairs Medical Center, University of California, San Francisco, 4150 Clement Street, San Francisco, CA 94121 USA.</Affiliation>
                        <Identifier Source="ISNI">0000 0001 2297 6811</Identifier>
                        <Identifier Source="GRID">grid.266102.1</Identifier>
                    </AffiliationInfo>
                    <AffiliationInfo>
                        <Affiliation>2Institute for Human Genetics, University of California, San Francisco, 513 Parnassus Avenue, San Francisco, CA 94143 USA.</Affiliation>
                        <Identifier Source="ISNI">0000 0001 2297 6811</Identifier>
                        <Identifier Source="GRID">grid.266102.1</Identifier>
                    </AffiliationInfo>
                </Author>
            </AuthorList>
            <Language>eng</Language>
            <PublicationTypeList>
                <PublicationType UI="D016428">Journal Article</PublicationType>
            </PublicationTypeList>
            <ArticleDate DateType="Electronic">
                <Year>2019</Year>
                <Month>03</Month>
                <Day>04</Day>
            </ArticleDate>
        </Article>
        <MedlineJournalInfo>
            <Country>England</Country>
            <MedlineTA>Cell Biosci</MedlineTA>
            <NlmUniqueID>101561195</NlmUniqueID>
            <ISSNLinking>2045-3701</ISSNLinking>
        </MedlineJournalInfo>
        <KeywordList Owner="NOTNLM">
            <Keyword MajorTopicYN="N">Datamining</Keyword>
            <Keyword MajorTopicYN="N">Hepatocellular carcinoma</Keyword>
            <Keyword MajorTopicYN="N">Male predominance</Keyword>
            <Keyword MajorTopicYN="N">TCGA dataset</Keyword>
            <Keyword MajorTopicYN="N">TSPY</Keyword>
            <Keyword MajorTopicYN="N">Transcriptome analysis</Keyword>
            <Keyword MajorTopicYN="N">Y-chromosome</Keyword>
        </KeywordList>
    </MedlineCitation>
    <PubmedData>
        <History>
            <PubMedPubDate PubStatus="received">
                <Year>2018</Year>
                <Month>11</Month>
                <Day>25</Day>
            </PubMedPubDate>
            <PubMedPubDate PubStatus="accepted">
                <Year>2019</Year>
                <Month>02</Month>
                <Day>27</Day>
            </PubMedPubDate>
            <PubMedPubDate PubStatus="entrez">
                <Year>2019</Year>
                <Month>3</Month>
                <Day>15</Day>
                <Hour>6</Hour>
                <Minute>0</Minute>
            </PubMedPubDate>
            <PubMedPubDate PubStatus="pubmed">
                <Year>2019</Year>
                <Month>3</Month>
                <Day>15</Day>
                <Hour>6</Hour>
                <Minute>0</Minute>
            </PubMedPubDate>
            <PubMedPubDate PubStatus="medline">
                <Year>2019</Year>
                <Month>3</Month>
                <Day>15</Day>
                <Hour>6</Hour>
                <Minute>1</Minute>
            </PubMedPubDate>
        </History>
        <PublicationStatus>epublish</PublicationStatus>
        <ArticleIdList>
            <ArticleId IdType="pubmed">30867900</ArticleId>
            <ArticleId IdType="doi">10.1186/s13578-019-0287-x</ArticleId>
            <ArticleId IdType="pii">287</ArticleId>
            <ArticleId IdType="pmc">PMC6399826</ArticleId>
        </ArticleIdList>
    </PubmedData>
</PubmedArticle>


<PubmedArticle>
    <MedlineCitation Status="In-Data-Review" Owner="NLM">
        <PMID Version="1">30867811</PMID>
        <DateRevised>
            <Year>2019</Year>
            <Month>03</Month>
            <Day>14</Day>
        </DateRevised>
        <Article PubModel="Electronic-eCollection">
            <Journal>
                <ISSN IssnType="Electronic">1838-7640</ISSN>
                <JournalIssue CitedMedium="Internet">
                    <Volume>9</Volume>
                    <Issue>4</Issue>
                    <PubDate>
                        <Year>2019</Year>
                    </PubDate>
                </JournalIssue>
                <Title>Theranostics</Title>
                <ISOAbbreviation>Theranostics</ISOAbbreviation>
            </Journal>
            <ArticleTitle>Collaborative ISL1/GATA3 interaction in controlling neuroblastoma oncogenic pathways overlapping with but distinct from MYCN.</ArticleTitle>
            <Pagination>
                <MedlinePgn>986-1000</MedlinePgn>
            </Pagination>
            <ELocationID EIdType="doi" ValidYN="Y">10.7150/thno.30199</ELocationID>
            <Abstract>
                <AbstractText><b>Background</b>: Transcription factor <i>ISL1</i> plays a critical role in sympathetic neurogenesis. Expression of <i>ISL1</i> has been associated with neuroblastoma, a pediatric tumor derived from sympatho-adrenal progenitors, however the role of <i>ISL1</i> in neuroblastoma remains unexplored. <b>Method</b>: Here, we knocked down <i>ISL1</i> (KD) in SH-SY5Y neuroblastoma cells and performed RNA-seq and ISL1 ChIP-seq analyses. <b>Results</b>: Analyses of these data revealed that <i>ISL1</i> acts upstream of multiple oncogenic genes and pathways essential for neuroblastoma proliferation and differentiation, including <i>LMO1</i> and <i>LIN28B</i>. <i>ISL1</i> promotes expression of a number of cell cycle associated genes, but represses differentiation associated genes including RA receptors and the downstream target genes <i>EPAS1</i> and <i>CDKN1A</i>. Consequently, Knockdown of <i>ISL1</i> inhibits neuroblastoma cell proliferation and migration in vitro and impedes tumor growth in vivo, and enhances neuronal differentiation by RA treatment. Furthermore, genome-wide mapping revealed a substantial co-occupancy of binding regions by ISL1 and GATA3, and ISL1 physically interacts with GATA3, and together they synergistically regulate the aforementioned oncogenic pathways. In addition, analyses of the roles of <i>ISL1</i> and <i>MYCN</i> in <i>MYCN</i>-amplified and <i>MYCN</i> non-amplified neuroblastoma cells revealed an epistatic relationship between <i>ISL1</i> and <i>MYCN</i>. <i>ISL1</i> and <i>MYCN</i> function in parallel to regulate common yet distinct oncogenic pathways in neuroblastoma. <b>Conclusion</b>: Our study has demonstrated that <i>ISL1</i> plays an essential role in neuroblastoma regulatory networks and may serve as a potential therapeutic target in neuroblastoma.</AbstractText>
            </Abstract>
            <AuthorList CompleteYN="Y">
                <Author ValidYN="Y">
                    <LastName>Zhang</LastName>
                    <ForeName>Qitong</ForeName>
                    <Initials>Q</Initials>
                    <AffiliationInfo>
                        <Affiliation>Key Laboratory of Arrhythmia, Ministry of Education, East Hospital, Tongji University School of Medicine, Shanghai, China.</Affiliation>
                    </AffiliationInfo>
                </Author>
                <Author ValidYN="Y">
                    <LastName>Zhang</LastName>
                    <ForeName>Qingquan</ForeName>
                    <Initials>Q</Initials>
                    <AffiliationInfo>
                        <Affiliation>Key Laboratory of Arrhythmia, Ministry of Education, East Hospital, Tongji University School of Medicine, Shanghai, China.</Affiliation>
                    </AffiliationInfo>
                </Author>
                <Author ValidYN="Y">
                    <LastName>Jiang</LastName>
                    <ForeName>Xue</ForeName>
                    <Initials>X</Initials>
                    <AffiliationInfo>
                        <Affiliation>Key Laboratory of Arrhythmia, Ministry of Education, East Hospital, Tongji University School of Medicine, Shanghai, China.</Affiliation>
                    </AffiliationInfo>
                </Author>
                <Author ValidYN="Y">
                    <LastName>Ye</LastName>
                    <ForeName>Youqiong</ForeName>
                    <Initials>Y</Initials>
                    <AffiliationInfo>
                        <Affiliation>School of Life Sciences and Technology, Tongji University, Shanghai, China.</Affiliation>
                    </AffiliationInfo>
                </Author>
                <Author ValidYN="Y">
                    <LastName>Liao</LastName>
                    <ForeName>Huimin</ForeName>
                    <Initials>H</Initials>
                    <AffiliationInfo>
                        <Affiliation>Key Laboratory of Arrhythmia, Ministry of Education, East Hospital, Tongji University School of Medicine, Shanghai, China.</Affiliation>
                    </AffiliationInfo>
                </Author>
                <Author ValidYN="Y">
                    <LastName>Zhu</LastName>
                    <ForeName>Fugui</ForeName>
                    <Initials>F</Initials>
                    <AffiliationInfo>
                        <Affiliation>School of Life Sciences and Technology, Tongji University, Shanghai, China.</Affiliation>
                    </AffiliationInfo>
                </Author>
                <Author ValidYN="Y">
                    <LastName>Yan</LastName>
                    <ForeName>Jie</ForeName>
                    <Initials>J</Initials>
                    <AffiliationInfo>
                        <Affiliation>Key Laboratory of Arrhythmia, Ministry of Education, East Hospital, Tongji University School of Medicine, Shanghai, China.</Affiliation>
                    </AffiliationInfo>
                </Author>
                <Author ValidYN="Y">
                    <LastName>Luo</LastName>
                    <ForeName>Lina</ForeName>
                    <Initials>L</Initials>
                    <AffiliationInfo>
                        <Affiliation>Key Laboratory of Arrhythmia, Ministry of Education, East Hospital, Tongji University School of Medicine, Shanghai, China.</Affiliation>
                    </AffiliationInfo>
                </Author>
                <Author ValidYN="Y">
                    <LastName>Tian</LastName>
                    <ForeName>Li</ForeName>
                    <Initials>L</Initials>
                    <AffiliationInfo>
                        <Affiliation>Institute of Biomedicine and Translational Medicine, Department of Physiology, University of Tartu, Tartu 50411, ESTONIA.</Affiliation>
                    </AffiliationInfo>
                </Author>
                <Author ValidYN="Y">
                    <LastName>Jiang</LastName>
                    <ForeName>Cizhong</ForeName>
                    <Initials>C</Initials>
                    <AffiliationInfo>
                        <Affiliation>School of Life Sciences and Technology, Tongji University, Shanghai, China.</Affiliation>
                    </AffiliationInfo>
                </Author>
                <Author ValidYN="Y">
                    <LastName>Chen</LastName>
                    <ForeName>Yihan</ForeName>
                    <Initials>Y</Initials>
                    <AffiliationInfo>
                        <Affiliation>Key Laboratory of Arrhythmia, Ministry of Education, East Hospital, Tongji University School of Medicine, Shanghai, China.</Affiliation>
                    </AffiliationInfo>
                </Author>
                <Author ValidYN="Y">
                    <LastName>Liang</LastName>
                    <ForeName>Xingqun</ForeName>
                    <Initials>X</Initials>
                    <AffiliationInfo>
                        <Affiliation>Key Laboratory of Arrhythmia, Ministry of Education, East Hospital, Tongji University School of Medicine, Shanghai, China.</Affiliation>
                    </AffiliationInfo>
                </Author>
                <Author ValidYN="Y">
                    <LastName>Sun</LastName>
                    <ForeName>Yunfu</ForeName>
                    <Initials>Y</Initials>
                    <AffiliationInfo>
                        <Affiliation>Key Laboratory of Arrhythmia, Ministry of Education, East Hospital, Tongji University School of Medicine, Shanghai, China.</Affiliation>
                    </AffiliationInfo>
                </Author>
            </AuthorList>
            <Language>eng</Language>
            <PublicationTypeList>
                <PublicationType UI="D016428">Journal Article</PublicationType>
            </PublicationTypeList>
            <ArticleDate DateType="Electronic">
                <Year>2019</Year>
                <Month>01</Month>
                <Day>30</Day>
            </ArticleDate>
        </Article>
        <MedlineJournalInfo>
            <Country>Australia</Country>
            <MedlineTA>Theranostics</MedlineTA>
            <NlmUniqueID>101552395</NlmUniqueID>
            <ISSNLinking>1838-7640</ISSNLinking>
        </MedlineJournalInfo>
        <KeywordList Owner="NOTNLM">
            <Keyword MajorTopicYN="N">GATA3</Keyword>
            <Keyword MajorTopicYN="N">ISL1</Keyword>
            <Keyword MajorTopicYN="N">RA signaling</Keyword>
            <Keyword MajorTopicYN="N">genetic pathways</Keyword>
            <Keyword MajorTopicYN="N">neuroblastoma</Keyword>
        </KeywordList>
        <CoiStatement>Competing Interests: The authors have declared that no competing interest exists.</CoiStatement>
    </MedlineCitation>
    <PubmedData>
        <History>
            <PubMedPubDate PubStatus="received">
                <Year>2018</Year>
                <Month>09</Month>
                <Day>25</Day>
            </PubMedPubDate>
            <PubMedPubDate PubStatus="accepted">
                <Year>2019</Year>
                <Month>01</Month>
                <Day>14</Day>
            </PubMedPubDate>
            <PubMedPubDate PubStatus="entrez">
                <Year>2019</Year>
                <Month>3</Month>
                <Day>15</Day>
                <Hour>6</Hour>
                <Minute>0</Minute>
            </PubMedPubDate>
            <PubMedPubDate PubStatus="pubmed">
                <Year>2019</Year>
                <Month>3</Month>
                <Day>15</Day>
                <Hour>6</Hour>
                <Minute>0</Minute>
            </PubMedPubDate>
            <PubMedPubDate PubStatus="medline">
                <Year>2019</Year>
                <Month>3</Month>
                <Day>15</Day>
                <Hour>6</Hour>
                <Minute>0</Minute>
            </PubMedPubDate>
        </History>
        <PublicationStatus>epublish</PublicationStatus>
        <ArticleIdList>
            <ArticleId IdType="pubmed">30867811</ArticleId>
            <ArticleId IdType="doi">10.7150/thno.30199</ArticleId>
            <ArticleId IdType="pii">thnov09p0986</ArticleId>
            <ArticleId IdType="pmc">PMC6401405</ArticleId>
        </ArticleIdList>
    </PubmedData>
</PubmedArticle>


<PubmedArticle>
    <MedlineCitation Status="Publisher" Owner="NLM">
        <PMID Version="1">30867332</PMID>
        <DateRevised>
            <Year>2019</Year>
            <Month>03</Month>
            <Day>14</Day>
        </DateRevised>
        <Article PubModel="Print-Electronic">
            <Journal>
                <ISSN IssnType="Electronic">1532-2548</ISSN>
                <JournalIssue CitedMedium="Internet">
                    <PubDate>
                        <Year>2019</Year>
                        <Month>Mar</Month>
                        <Day>13</Day>
                    </PubDate>
                </JournalIssue>
                <Title>Plant physiology</Title>
                <ISOAbbreviation>Plant Physiol.</ISOAbbreviation>
            </Journal>
            <ArticleTitle>Comparative transcriptomic analysis provides insight into the domestication and improvement of pear (P. pyrifolia) fruit.</ArticleTitle>
            <ELocationID EIdType="pii" ValidYN="Y">pp.01322.2018</ELocationID>
            <ELocationID EIdType="doi" ValidYN="Y">10.1104/pp.18.01322</ELocationID>
            <Abstract>
                <AbstractText>Knowledge of the genetic changes that occurred during the domestication and improvement of perennial trees at the RNA level is limited. Here, we used RNA-seq analysis to compare representative sets of wild, landrace, and improved accessions of pear (Pyrus pyrifolia) to gain insight into the genetic changes associated with domestication and improvement. A close population relationship and similar nucleotide diversity was observed between the wild and landrace groups, whereas the improved group had substantially reduced nucleotide diversity. A total of 11.13 Mb of genome sequence was identified as bearing the signature of selective sweeps that occurred during pear domestication, while a distinct and smaller set of genomic regions (4.04 Mb) was identified as being associated with subsequent improvement efforts. The expression diversity of selected genes exhibited a 20.89% reduction from the wild group to the landrace group, but a 23.13% recovery was observed from the landrace to the improved group, showing a distinctly different pattern with variation of sequence diversity. Module-trait association analysis identified 16 distinct coexpression modules, 6 of which were highly associated with important fruit traits. The candidate trait-linked differentially expressed genes associated with stone cell formation, fruit size, and sugar content were identified in the selected regions, and many of these could also be mapped to the previously reported quantitative trait loci. Thus, our study reveals the specific pattern of domestication and improvement of perennial trees at the transcriptome level, and provides valuable genetic sources of fruit traits that could contribute to pear breeding and improvement.</AbstractText>
                <CopyrightInformation>{copyright, serif} 2019 American Society of Plant Biologists. All rights reserved.</CopyrightInformation>
            </Abstract>
            <AuthorList CompleteYN="Y">
                <Author ValidYN="Y">
                    <LastName>Li</LastName>
                    <ForeName>Xiaolong</ForeName>
                    <Initials>X</Initials>
                    <AffiliationInfo>
                        <Affiliation>Nanjing Agricultural University CITY: Nanjing STATE: Jiangsu China [CN].</Affiliation>
                    </AffiliationInfo>
                </Author>
                <Author ValidYN="Y">
                    <LastName>Liu</LastName>
                    <ForeName>Lun</ForeName>
                    <Initials>L</Initials>
                    <AffiliationInfo>
                        <Affiliation>Nanjing Agricultural University CITY: Nanjing STATE: Jiangsu China [CN].</Affiliation>
                    </AffiliationInfo>
                </Author>
                <Author ValidYN="Y">
                    <LastName>Ming</LastName>
                    <ForeName>Meiling</ForeName>
                    <Initials>M</Initials>
                    <AffiliationInfo>
                        <Affiliation>Nanjing Agricultural University CITY: Nanjing STATE: Jiangsu China [CN].</Affiliation>
                    </AffiliationInfo>
                </Author>
                <Author ValidYN="Y">
                    <LastName>Hu</LastName>
                    <ForeName>Hongju</ForeName>
                    <Initials>H</Initials>
                    <AffiliationInfo>
                        <Affiliation>Research Institute of Fruit and Tea, Hubei Academy of Agricultural Science CITY: Wuhan STATE: Hubei China [CN].</Affiliation>
                    </AffiliationInfo>
                </Author>
                <Author ValidYN="Y">
                    <LastName>Zhang</LastName>
                    <ForeName>Mingyue</ForeName>
                    <Initials>M</Initials>
                    <AffiliationInfo>
                        <Affiliation>Nanjing Agricultural University CITY: Nanjing STATE: Jiangsu China [CN].</Affiliation>
                    </AffiliationInfo>
                </Author>
                <Author ValidYN="Y">
                    <LastName>Fan</LastName>
                    <ForeName>Jing</ForeName>
                    <Initials>J</Initials>
                    <AffiliationInfo>
                        <Affiliation>Research Institute of Fruit and Tea, Hubei Academy of Agricultural Science CITY: Wuhan STATE: Hubei China [CN].</Affiliation>
                    </AffiliationInfo>
                </Author>
                <Author ValidYN="Y">
                    <LastName>Song</LastName>
                    <ForeName>Bobo</ForeName>
                    <Initials>B</Initials>
                    <AffiliationInfo>
                        <Affiliation>Nanjing Agricultural University CITY: Nanjing STATE: Jiangsu China [CN].</Affiliation>
                    </AffiliationInfo>
                </Author>
                <Author ValidYN="Y">
                    <LastName>Zhang</LastName>
                    <ForeName>Shaoling</ForeName>
                    <Initials>S</Initials>
                    <AffiliationInfo>
                        <Affiliation>Nanjing Agricultural University CITY: Nanjing STATE: Jiangsu China [CN].</Affiliation>
                    </AffiliationInfo>
                </Author>
                <Author ValidYN="Y">
                    <LastName>Wu</LastName>
                    <ForeName>Jun</ForeName>
                    <Initials>J</Initials>
                    <AffiliationInfo>
                        <Affiliation>Nanjing Agricultural University CITY: Nanjing STATE: Jiangsu POSTAL_CODE: 210095 China [CN] wujun@njau.edu.cn.</Affiliation>
                    </AffiliationInfo>
                </Author>
            </AuthorList>
            <Language>eng</Language>
            <PublicationTypeList>
                <PublicationType UI="D016428">Journal Article</PublicationType>
            </PublicationTypeList>
            <ArticleDate DateType="Electronic">
                <Year>2019</Year>
                <Month>03</Month>
                <Day>13</Day>
            </ArticleDate>
        </Article>
        <MedlineJournalInfo>
            <Country>United States</Country>
            <MedlineTA>Plant Physiol</MedlineTA>
            <NlmUniqueID>0401224</NlmUniqueID>
            <ISSNLinking>0032-0889</ISSNLinking>
        </MedlineJournalInfo>
    </MedlineCitation>
    <PubmedData>
        <History>
            <PubMedPubDate PubStatus="accepted">
                <Year>2019</Year>
                <Month>03</Month>
                <Day>03</Day>
            </PubMedPubDate>
            <PubMedPubDate PubStatus="received">
                <Year>2019</Year>
                <Month>01</Month>
                <Day>24</Day>
            </PubMedPubDate>
            <PubMedPubDate PubStatus="entrez">
                <Year>2019</Year>
                <Month>3</Month>
                <Day>15</Day>
                <Hour>6</Hour>
                <Minute>0</Minute>
            </PubMedPubDate>
            <PubMedPubDate PubStatus="pubmed">
                <Year>2019</Year>
                <Month>3</Month>
                <Day>15</Day>
                <Hour>6</Hour>
                <Minute>0</Minute>
            </PubMedPubDate>
            <PubMedPubDate PubStatus="medline">
                <Year>2019</Year>
                <Month>3</Month>
                <Day>15</Day>
                <Hour>6</Hour>
                <Minute>0</Minute>
            </PubMedPubDate>
        </History>
        <PublicationStatus>aheadofprint</PublicationStatus>
        <ArticleIdList>
            <ArticleId IdType="pubmed">30867332</ArticleId>
            <ArticleId IdType="pii">pp.18.01322</ArticleId>
            <ArticleId IdType="doi">10.1104/pp.18.01322</ArticleId>
        </ArticleIdList>
    </PubmedData>
</PubmedArticle>


<PubmedArticle>
    <MedlineCitation Status="Publisher" Owner="NLM">
        <PMID Version="1">30867130</PMID>
        <DateRevised>
            <Year>2019</Year>
            <Month>03</Month>
            <Day>14</Day>
        </DateRevised>
        <Article PubModel="Print-Electronic">
            <Journal>
                <ISSN IssnType="Electronic">1873-1740</ISSN>
                <JournalIssue CitedMedium="Internet">
                    <PubDate>
                        <Year>2019</Year>
                        <Month>Mar</Month>
                        <Day>10</Day>
                    </PubDate>
                </JournalIssue>
                <Title>Progress in cardiovascular diseases</Title>
                <ISOAbbreviation>Prog Cardiovasc Dis</ISOAbbreviation>
            </Journal>
            <ArticleTitle>Exercise reveals proline dehydrogenase as a potential target in heart failure.</ArticleTitle>
            <ELocationID EIdType="pii" ValidYN="Y">S0033-0620(19)30047-7</ELocationID>
            <ELocationID EIdType="doi" ValidYN="Y">10.1016/j.pcad.2019.03.002</ELocationID>
            <Abstract>
                <AbstractText>The benefits of physical activity in cardiovascular diseases have long been appreciated. However, the molecular mechanisms that trigger and sustain the cardiac benefits of exercise are poorly understood, and it is anticipated that unveiling these mechanisms will identify novel therapeutic targets. In search of these mechanisms we took advantage of unbiased RNA-sequencing (RNA-seq) technology to discover cardiac gene targets whose expression is disrupted in heart failure (HF) and rescued by exercise in a rat model. Upon exhaustive validation in a separate rat cohort (qPCR) and human datasets, we shortlisted 16 targets for a cell-based screening, aiming to evaluate whether targeted disruption of these genes with silencing RNA would affect the abundance of a CVD biomarker (BNP, B-type natriuretic peptide) in human cardiomyocytes. Overall, these experiments showed that Proline Dehydrogenase (PRODH) expression is reduced in human failing hearts, rescued by exercise in a rat model of HF, and its targeted knockdown increases BNP expression in human cardiomyocytes. On the other hand, overexpression of PRODH increases the abundance of metabolism-related gene transcripts, and PRODH appears to be crucial to sustain normal mitochondrial function and maintenance of ATP levels in human cardiomyocytes in a hypoxic environment, as well as for redox homeostasis in both normoxic and hypoxic conditions. Altogether our findings show that PRODH is a novel molecular target of exercise in failing hearts and highlight its role in cardiomyocyte physiology, thereby proposing PRODH as a potential experimental target for gene therapy in HF.</AbstractText>
                <CopyrightInformation>Copyright © 2019. Published by Elsevier Inc.</CopyrightInformation>
            </Abstract>
            <AuthorList CompleteYN="Y">
                <Author ValidYN="Y">
                    <LastName>Moreira</LastName>
                    <ForeName>Jose B N</ForeName>
                    <Initials>JBN</Initials>
                    <AffiliationInfo>
                        <Affiliation>K.G. Jebsen Center of Exercise in Medicine at the Department of Circulation and Medical Imaging, Faculty of Medicine and Health Sciences, Norwegian University of Science and Technology, Trondheim, Norway.. Electronic address: jose.moreira@ntnu.no.</Affiliation>
                    </AffiliationInfo>
                </Author>
                <Author ValidYN="Y">
                    <LastName>Wohlwend</LastName>
                    <ForeName>Martin</ForeName>
                    <Initials>M</Initials>
                    <AffiliationInfo>
                        <Affiliation>K.G. Jebsen Center of Exercise in Medicine at the Department of Circulation and Medical Imaging, Faculty of Medicine and Health Sciences, Norwegian University of Science and Technology, Trondheim, Norway.</Affiliation>
                    </AffiliationInfo>
                </Author>
                <Author ValidYN="Y">
                    <LastName>Fenk</LastName>
                    <ForeName>Simone</ForeName>
                    <Initials>S</Initials>
                    <AffiliationInfo>
                        <Affiliation>K.G. Jebsen Center of Exercise in Medicine at the Department of Circulation and Medical Imaging, Faculty of Medicine and Health Sciences, Norwegian University of Science and Technology, Trondheim, Norway.</Affiliation>
                    </AffiliationInfo>
                </Author>
                <Author ValidYN="Y">
                    <LastName><U+00C5>mellem</LastName>
                    <ForeName>Ingrid</ForeName>
                    <Initials>I</Initials>
                    <AffiliationInfo>
                        <Affiliation>K.G. Jebsen Center of Exercise in Medicine at the Department of Circulation and Medical Imaging, Faculty of Medicine and Health Sciences, Norwegian University of Science and Technology, Trondheim, Norway.</Affiliation>
                    </AffiliationInfo>
                </Author>
                <Author ValidYN="Y">
                    <LastName>Flatberg</LastName>
                    <ForeName>Arnar</ForeName>
                    <Initials>A</Initials>
                    <AffiliationInfo>
                        <Affiliation>Department of Clinical and Molecular Medicine., Faculty of Medicine and Health Sciences, Norwegian University of Science and Technology, Trondheim, Norway.</Affiliation>
                    </AffiliationInfo>
                </Author>
                <Author ValidYN="Y">
                    <LastName>Kraljevic</LastName>
                    <ForeName>Jasenka</ForeName>
                    <Initials>J</Initials>
                    <AffiliationInfo>
                        <Affiliation>Department of Integrative Physiology, University of Split School of Medicine, Split, Croatia.</Affiliation>
                    </AffiliationInfo>
                </Author>
                <Author ValidYN="Y">
                    <LastName>Marinovic</LastName>
                    <ForeName>Jasna</ForeName>
                    <Initials>J</Initials>
                    <AffiliationInfo>
                        <Affiliation>Department of Integrative Physiology, University of Split School of Medicine, Split, Croatia.</Affiliation>
                    </AffiliationInfo>
                </Author>
                <Author ValidYN="Y">
                    <LastName>Ljubkovic</LastName>
                    <ForeName>Marko</ForeName>
                    <Initials>M</Initials>
                    <AffiliationInfo>
                        <Affiliation>Department of Integrative Physiology, University of Split School of Medicine, Split, Croatia.</Affiliation>
                    </AffiliationInfo>
                </Author>
                <Author ValidYN="Y">
                    <LastName>Bj<U+00F8>rk<U+00F8>y</LastName>
                    <ForeName>Geir</ForeName>
                    <Initials>G</Initials>
                    <AffiliationInfo>
                        <Affiliation>Centre of Molecular Inflammation Research and Department of Clinical and Molecular Medicine, Faculty of Medicine and Health Sciences, Norwegian University of Science and Technology, Trondheim, Norway.; Department of Biomedical Laboratory Science, Faculty of Natural Sciences, Norwegian University of Science and Technology, Trondheim, Norway.</Affiliation>
                    </AffiliationInfo>
                </Author>
                <Author ValidYN="Y">
                    <LastName>Wisl<U+00F8>ff</LastName>
                    <ForeName>Ulrik</ForeName>
                    <Initials>U</Initials>
                    <AffiliationInfo>
                        <Affiliation>K.G. Jebsen Center of Exercise in Medicine at the Department of Circulation and Medical Imaging, Faculty of Medicine and Health Sciences, Norwegian University of Science and Technology, Trondheim, Norway.</Affiliation>
                    </AffiliationInfo>
                </Author>
            </AuthorList>
            <Language>eng</Language>
            <PublicationTypeList>
                <PublicationType UI="D016428">Journal Article</PublicationType>
                <PublicationType UI="D016454">Review</PublicationType>
            </PublicationTypeList>
            <ArticleDate DateType="Electronic">
                <Year>2019</Year>
                <Month>03</Month>
                <Day>10</Day>
            </ArticleDate>
        </Article>
        <MedlineJournalInfo>
            <Country>United States</Country>
            <MedlineTA>Prog Cardiovasc Dis</MedlineTA>
            <NlmUniqueID>0376442</NlmUniqueID>
            <ISSNLinking>0033-0620</ISSNLinking>
        </MedlineJournalInfo>
        <KeywordList Owner="NOTNLM">
            <Keyword MajorTopicYN="N">Exercise</Keyword>
            <Keyword MajorTopicYN="N">Heart failure</Keyword>
            <Keyword MajorTopicYN="N">Hypoxia</Keyword>
            <Keyword MajorTopicYN="N">Mitochondria</Keyword>
            <Keyword MajorTopicYN="N">Physical activity</Keyword>
        </KeywordList>
    </MedlineCitation>
    <PubmedData>
        <History>
            <PubMedPubDate PubStatus="received">
                <Year>2019</Year>
                <Month>03</Month>
                <Day>06</Day>
            </PubMedPubDate>
            <PubMedPubDate PubStatus="accepted">
                <Year>2019</Year>
                <Month>03</Month>
                <Day>06</Day>
            </PubMedPubDate>
            <PubMedPubDate PubStatus="entrez">
                <Year>2019</Year>
                <Month>3</Month>
                <Day>15</Day>
                <Hour>6</Hour>
                <Minute>0</Minute>
            </PubMedPubDate>
            <PubMedPubDate PubStatus="pubmed">
                <Year>2019</Year>
                <Month>3</Month>
                <Day>15</Day>
                <Hour>6</Hour>
                <Minute>0</Minute>
            </PubMedPubDate>
            <PubMedPubDate PubStatus="medline">
                <Year>2019</Year>
                <Month>3</Month>
                <Day>15</Day>
                <Hour>6</Hour>
                <Minute>0</Minute>
            </PubMedPubDate>
        </History>
        <PublicationStatus>aheadofprint</PublicationStatus>
        <ArticleIdList>
            <ArticleId IdType="pubmed">30867130</ArticleId>
            <ArticleId IdType="pii">S0033-0620(19)30047-7</ArticleId>
            <ArticleId IdType="doi">10.1016/j.pcad.2019.03.002</ArticleId>
        </ArticleIdList>
    </PubmedData>
</PubmedArticle>


<PubmedArticle>
    <MedlineCitation Status="In-Process" Owner="NLM">
        <PMID Version="1">30867032</PMID>
        <DateRevised>
            <Year>2019</Year>
            <Month>03</Month>
            <Day>14</Day>
        </DateRevised>
        <Article PubModel="Electronic">
            <Journal>
                <ISSN IssnType="Electronic">1756-0500</ISSN>
                <JournalIssue CitedMedium="Internet">
                    <Volume>12</Volume>
                    <Issue>1</Issue>
                    <PubDate>
                        <Year>2019</Year>
                        <Month>Mar</Month>
                        <Day>13</Day>
                    </PubDate>
                </JournalIssue>
                <Title>BMC research notes</Title>
                <ISOAbbreviation>BMC Res Notes</ISOAbbreviation>
            </Journal>
            <ArticleTitle>TCC-GUI: a Shiny-based application for differential expression analysis of RNA-Seq count data.</ArticleTitle>
            <Pagination>
                <MedlinePgn>133</MedlinePgn>
            </Pagination>
            <ELocationID EIdType="doi" ValidYN="Y">10.1186/s13104-019-4179-2</ELocationID>
            <Abstract>
                <AbstractText Label="OBJECTIVE" NlmCategory="OBJECTIVE">Differential expression (DE) is a fundamental step in the analysis of RNA-Seq count data. We had previously developed an R/Bioconductor package (called TCC) for this purpose. While this package has the unique feature of an in-built robust normalization method, its use has so far been limited to R users only. There is thus, a need for an alternative to DE analysis by TCC for non-R users.</AbstractText>
                <AbstractText Label="RESULTS" NlmCategory="RESULTS">Here, we present a graphical user interface for TCC (called TCC-GUI). Non-R users only need a web browser as the minimum requirement for its use ( https://infinityloop.shinyapps.io/TCC-GUI/ ). TCC-GUI is implemented in R and encapsulated in Shiny application. It contains all the major functionalities of TCC, including DE pipelines with robust normalization and simulation data generation under various conditions. It also contains (i) tools for exploratory analysis, including a useful score termed average silhouette that measures the degree of separation of compared groups, (ii) visualization tools such as volcano plot and heatmap with hierarchical clustering, and (iii) a reporting tool using R Markdown. By virtue of the Shiny-based GUI framework, users can obtain results simply by mouse navigation. The source code for TCC-GUI is available at https://github.com/swsoyee/TCC-GUI under MIT license.</AbstractText>
            </Abstract>
            <AuthorList CompleteYN="Y">
                <Author ValidYN="Y">
                    <LastName>Su</LastName>
                    <ForeName>Wei</ForeName>
                    <Initials>W</Initials>
                    <AffiliationInfo>
                        <Affiliation>Graduate School of Agricultural and Life Sciences, The University of Tokyo, Yayoi 1-1-1, Bunkyo-ku, Tokyo, 113-8657, Japan.</Affiliation>
                    </AffiliationInfo>
                </Author>
                <Author ValidYN="Y">
                    <LastName>Sun</LastName>
                    <ForeName>Jianqiang</ForeName>
                    <Initials>J</Initials>
                    <AffiliationInfo>
                        <Affiliation>Graduate School of Agricultural and Life Sciences, The University of Tokyo, Yayoi 1-1-1, Bunkyo-ku, Tokyo, 113-8657, Japan.</Affiliation>
                    </AffiliationInfo>
                </Author>
                <Author ValidYN="Y">
                    <LastName>Shimizu</LastName>
                    <ForeName>Kentaro</ForeName>
                    <Initials>K</Initials>
                    <AffiliationInfo>
                        <Affiliation>Graduate School of Agricultural and Life Sciences, The University of Tokyo, Yayoi 1-1-1, Bunkyo-ku, Tokyo, 113-8657, Japan.</Affiliation>
                    </AffiliationInfo>
                    <AffiliationInfo>
                        <Affiliation>Collaborative Research Institute for Innovative Microbiology, The University of Tokyo, Yayoi 1-1-1, Bunkyo-ku, Tokyo, 113-8657, Japan.</Affiliation>
                    </AffiliationInfo>
                </Author>
                <Author ValidYN="Y">
                    <LastName>Kadota</LastName>
                    <ForeName>Koji</ForeName>
                    <Initials>K</Initials>
                    <Identifier Source="ORCID">http://orcid.org/0000-0002-3907-4336</Identifier>
                    <AffiliationInfo>
                        <Affiliation>Graduate School of Agricultural and Life Sciences, The University of Tokyo, Yayoi 1-1-1, Bunkyo-ku, Tokyo, 113-8657, Japan. kadota@bi.a.u-tokyo.ac.jp.</Affiliation>
                    </AffiliationInfo>
                    <AffiliationInfo>
                        <Affiliation>Collaborative Research Institute for Innovative Microbiology, The University of Tokyo, Yayoi 1-1-1, Bunkyo-ku, Tokyo, 113-8657, Japan. kadota@bi.a.u-tokyo.ac.jp.</Affiliation>
                    </AffiliationInfo>
                </Author>
            </AuthorList>
            <Language>eng</Language>
            <GrantList CompleteYN="Y">
                <Grant>
                    <GrantID>JP15K06919</GrantID>
                    <Agency>Japan Society for the Promotion of Science</Agency>
                    <Country/>
                </Grant>
                <Grant>
                    <GrantID>JP18K11521</GrantID>
                    <Agency>Japan Society for the Promotion of Science</Agency>
                    <Country/>
                </Grant>
            </GrantList>
            <PublicationTypeList>
                <PublicationType UI="D016428">Journal Article</PublicationType>
            </PublicationTypeList>
            <ArticleDate DateType="Electronic">
                <Year>2019</Year>
                <Month>03</Month>
                <Day>13</Day>
            </ArticleDate>
        </Article>
        <MedlineJournalInfo>
            <Country>England</Country>
            <MedlineTA>BMC Res Notes</MedlineTA>
            <NlmUniqueID>101462768</NlmUniqueID>
            <ISSNLinking>1756-0500</ISSNLinking>
        </MedlineJournalInfo>
        <KeywordList Owner="NOTNLM">
            <Keyword MajorTopicYN="N">Bioinformatics</Keyword>
            <Keyword MajorTopicYN="N">Differential expression analysis</Keyword>
            <Keyword MajorTopicYN="N">RNA-Seq</Keyword>
            <Keyword MajorTopicYN="N">Shiny app</Keyword>
        </KeywordList>
    </MedlineCitation>
    <PubmedData>
        <History>
            <PubMedPubDate PubStatus="received">
                <Year>2019</Year>
                <Month>01</Month>
                <Day>14</Day>
            </PubMedPubDate>
            <PubMedPubDate PubStatus="accepted">
                <Year>2019</Year>
                <Month>03</Month>
                <Day>11</Day>
            </PubMedPubDate>
            <PubMedPubDate PubStatus="entrez">
                <Year>2019</Year>
                <Month>3</Month>
                <Day>15</Day>
                <Hour>6</Hour>
                <Minute>0</Minute>
            </PubMedPubDate>
            <PubMedPubDate PubStatus="pubmed">
                <Year>2019</Year>
                <Month>3</Month>
                <Day>15</Day>
                <Hour>6</Hour>
                <Minute>0</Minute>
            </PubMedPubDate>
            <PubMedPubDate PubStatus="medline">
                <Year>2019</Year>
                <Month>3</Month>
                <Day>15</Day>
                <Hour>6</Hour>
                <Minute>0</Minute>
            </PubMedPubDate>
        </History>
        <PublicationStatus>epublish</PublicationStatus>
        <ArticleIdList>
            <ArticleId IdType="pubmed">30867032</ArticleId>
            <ArticleId IdType="doi">10.1186/s13104-019-4179-2</ArticleId>
            <ArticleId IdType="pii">10.1186/s13104-019-4179-2</ArticleId>
        </ArticleIdList>
    </PubmedData>
</PubmedArticle>


<PubmedArticle>
    <MedlineCitation Status="In-Process" Owner="NLM">
        <PMID Version="1">30866929</PMID>
        <DateRevised>
            <Year>2019</Year>
            <Month>03</Month>
            <Day>15</Day>
        </DateRevised>
        <Article PubModel="Electronic">
            <Journal>
                <ISSN IssnType="Electronic">1741-7007</ISSN>
                <JournalIssue CitedMedium="Internet">
                    <Volume>17</Volume>
                    <Issue>1</Issue>
                    <PubDate>
                        <Year>2019</Year>
                        <Month>03</Month>
                        <Day>12</Day>
                    </PubDate>
                </JournalIssue>
                <Title>BMC biology</Title>
                <ISOAbbreviation>BMC Biol.</ISOAbbreviation>
            </Journal>
            <ArticleTitle>A multi-parent recombinant inbred line population of C. elegans allows identification of novel QTLs for complex life history traits.</ArticleTitle>
            <Pagination>
                <MedlinePgn>24</MedlinePgn>
            </Pagination>
            <ELocationID EIdType="doi" ValidYN="Y">10.1186/s12915-019-0642-8</ELocationID>
            <Abstract>
                <AbstractText Label="BACKGROUND">The nematode Caenorhabditis elegans has been extensively used to explore the relationships between complex traits, genotypes, and environments. Complex traits can vary across different genotypes of a species, and the genetic regulators of trait variation can be mapped on the genome using quantitative trait locus (QTL) analysis of recombinant inbred lines (RILs) derived from genetically and phenotypically divergent parents. Most RILs have been derived from crossing two parents from globally distant locations. However, the genetic diversity between local C. elegans populations can be as diverse as between global populations and could thus provide means of identifying genetic variation associated with complex traits relevant on a broader scale.</AbstractText>
                <AbstractText Label="RESULTS">To investigate the effect of local genetic variation on heritable traits, we developed a new RIL population derived from 4 parental wild isolates collected from 2 closely located sites in France: Orsay and Santeuil. We crossed these 4 genetically diverse parental isolates to generate a population of 200 multi-parental RILs and used RNA-seq to obtain sequence polymorphisms identifying almost 9000 SNPs variable between the 4 genotypes with an average spacing of 11 kb, doubling the mapping resolution relative to currently available RIL panels for many loci. The SNPs were used to construct a genetic map to facilitate QTL analysis. We measured life history traits such as lifespan, stress resistance, developmental speed, and population growth in different environments, and found substantial variation for most traits. We detected multiple QTLs for most traits, including novel QTLs not found in previous QTL analysis, including those for lifespan and pathogen responses. This shows that recombining genetic variation across C. elegans populations that are in geographical close proximity provides ample variation for QTL mapping.</AbstractText>
                <AbstractText Label="CONCLUSION">Taken together, we show that using more parents than the classical two parental genotypes to construct a RIL population facilitates the detection of QTLs and that the use of wild isolates facilitates the detection of QTLs. The use of multi-parent RIL populations can further enhance our understanding of local adaptation and life history trade-offs.</AbstractText>
            </Abstract>
            <AuthorList CompleteYN="Y">
                <Author ValidYN="Y">
                    <LastName>Snoek</LastName>
                    <ForeName>Basten L</ForeName>
                    <Initials>BL</Initials>
                    <Identifier Source="ORCID">0000-0001-5321-2996</Identifier>
                    <AffiliationInfo>
                        <Affiliation>Laboratory of Nematology, Wageningen University, Droevendaalsesteeg 1, NL-6708 PB, Wageningen, The Netherlands. l.b.snoek@uu.nl.</Affiliation>
                    </AffiliationInfo>
                    <AffiliationInfo>
                        <Affiliation>Theoretical Biology and Bioinformatics, Utrecht University, Padualaan 8, 3584 CH, Utrecht, The Netherlands. l.b.snoek@uu.nl.</Affiliation>
                    </AffiliationInfo>
                </Author>
                <Author ValidYN="Y">
                    <LastName>Volkers</LastName>
                    <ForeName>Rita J M</ForeName>
                    <Initials>RJM</Initials>
                    <AffiliationInfo>
                        <Affiliation>Laboratory of Nematology, Wageningen University, Droevendaalsesteeg 1, NL-6708 PB, Wageningen, The Netherlands.</Affiliation>
                    </AffiliationInfo>
                </Author>
                <Author ValidYN="Y">
                    <LastName>Nijveen</LastName>
                    <ForeName>Harm</ForeName>
                    <Initials>H</Initials>
                    <AffiliationInfo>
                        <Affiliation>Bioinformatics Group, Wageningen University, Droevendaalsesteeg 1, NL-6708 PB, Wageningen, The Netherlands.</Affiliation>
                    </AffiliationInfo>
                </Author>
                <Author ValidYN="Y">
                    <LastName>Petersen</LastName>
                    <ForeName>Carola</ForeName>
                    <Initials>C</Initials>
                    <AffiliationInfo>
                        <Affiliation>Zoological Institute, University of Kiel, 24098, Kiel, Germany.</Affiliation>
                    </AffiliationInfo>
                </Author>
                <Author ValidYN="Y">
                    <LastName>Dirksen</LastName>
                    <ForeName>Philipp</ForeName>
                    <Initials>P</Initials>
                    <AffiliationInfo>
                        <Affiliation>Zoological Institute, University of Kiel, 24098, Kiel, Germany.</Affiliation>
                    </AffiliationInfo>
                </Author>
                <Author ValidYN="Y">
                    <LastName>Sterken</LastName>
                    <ForeName>Mark G</ForeName>
                    <Initials>MG</Initials>
                    <AffiliationInfo>
                        <Affiliation>Laboratory of Nematology, Wageningen University, Droevendaalsesteeg 1, NL-6708 PB, Wageningen, The Netherlands.</Affiliation>
                    </AffiliationInfo>
                </Author>
                <Author ValidYN="Y">
                    <LastName>Nakad</LastName>
                    <ForeName>Rania</ForeName>
                    <Initials>R</Initials>
                    <AffiliationInfo>
                        <Affiliation>Zoological Institute, University of Kiel, 24098, Kiel, Germany.</Affiliation>
                    </AffiliationInfo>
                </Author>
                <Author ValidYN="Y">
                    <LastName>Riksen</LastName>
                    <ForeName>Joost A G</ForeName>
                    <Initials>JAG</Initials>
                    <AffiliationInfo>
                        <Affiliation>Laboratory of Nematology, Wageningen University, Droevendaalsesteeg 1, NL-6708 PB, Wageningen, The Netherlands.</Affiliation>
                    </AffiliationInfo>
                </Author>
                <Author ValidYN="Y">
                    <LastName>Rosenstiel</LastName>
                    <ForeName>Philip</ForeName>
                    <Initials>P</Initials>
                    <AffiliationInfo>
                        <Affiliation>Institute for Clinical Molecular Biology, University of Kiel, 24098, Kiel, Germany.</Affiliation>
                    </AffiliationInfo>
                </Author>
                <Author ValidYN="Y">
                    <LastName>Stastna</LastName>
                    <ForeName>Jana J</ForeName>
                    <Initials>JJ</Initials>
                    <AffiliationInfo>
                        <Affiliation>Biomolecular Research Group, School of Human and Life Sciences, Canterbury Christ Church University, North Holmes Road, Canterbury, CT1 1QU, UK.</Affiliation>
                    </AffiliationInfo>
                </Author>
                <Author ValidYN="Y">
                    <LastName>Braeckman</LastName>
                    <ForeName>Bart P</ForeName>
                    <Initials>BP</Initials>
                    <AffiliationInfo>
                        <Affiliation>Department of Biology, Ghent University, K. L. Ledeganckstraat 35, B-9000, Ghent, Belgium.</Affiliation>
                    </AffiliationInfo>
                </Author>
                <Author ValidYN="Y">
                    <LastName>Harvey</LastName>
                    <ForeName>Simon C</ForeName>
                    <Initials>SC</Initials>
                    <AffiliationInfo>
                        <Affiliation>Biomolecular Research Group, School of Human and Life Sciences, Canterbury Christ Church University, North Holmes Road, Canterbury, CT1 1QU, UK.</Affiliation>
                    </AffiliationInfo>
                </Author>
                <Author ValidYN="Y">
                    <LastName>Schulenburg</LastName>
                    <ForeName>Hinrich</ForeName>
                    <Initials>H</Initials>
                    <AffiliationInfo>
                        <Affiliation>Zoological Institute, University of Kiel, 24098, Kiel, Germany. hschulenburg@zoologie.uni-kiel.de.</Affiliation>
                    </AffiliationInfo>
                    <AffiliationInfo>
                        <Affiliation>Max Planck Institute for Evolutionary Biology, August-Thienemann-Str. 2, 24306, Pl<U+00F6>n, Germany. hschulenburg@zoologie.uni-kiel.de.</Affiliation>
                    </AffiliationInfo>
                </Author>
                <Author ValidYN="Y">
                    <LastName>Kammenga</LastName>
                    <ForeName>Jan E</ForeName>
                    <Initials>JE</Initials>
                    <AffiliationInfo>
                        <Affiliation>Laboratory of Nematology, Wageningen University, Droevendaalsesteeg 1, NL-6708 PB, Wageningen, The Netherlands. jan.kammenga@wur.nl.</Affiliation>
                    </AffiliationInfo>
                </Author>
            </AuthorList>
            <Language>eng</Language>
            <PublicationTypeList>
                <PublicationType UI="D016428">Journal Article</PublicationType>
                <PublicationType UI="D013485">Research Support, Non-U.S. Gov't</PublicationType>
            </PublicationTypeList>
            <ArticleDate DateType="Electronic">
                <Year>2019</Year>
                <Month>03</Month>
                <Day>12</Day>
            </ArticleDate>
        </Article>
        <MedlineJournalInfo>
            <Country>England</Country>
            <MedlineTA>BMC Biol</MedlineTA>
            <NlmUniqueID>101190720</NlmUniqueID>
            <ISSNLinking>1741-7007</ISSNLinking>
        </MedlineJournalInfo>
        <KeywordList Owner="NOTNLM">
            <Keyword MajorTopicYN="Y">C. elegans</Keyword>
            <Keyword MajorTopicYN="Y">Genetic map</Keyword>
            <Keyword MajorTopicYN="Y">Life-history</Keyword>
            <Keyword MajorTopicYN="Y">Multi-parent RILs</Keyword>
            <Keyword MajorTopicYN="Y">Natural variation</Keyword>
            <Keyword MajorTopicYN="Y">QTL</Keyword>
        </KeywordList>
    </MedlineCitation>
    <PubmedData>
        <History>
            <PubMedPubDate PubStatus="received">
                <Year>2018</Year>
                <Month>10</Month>
                <Day>17</Day>
            </PubMedPubDate>
            <PubMedPubDate PubStatus="accepted">
                <Year>2019</Year>
                <Month>02</Month>
                <Day>26</Day>
            </PubMedPubDate>
            <PubMedPubDate PubStatus="entrez">
                <Year>2019</Year>
                <Month>3</Month>
                <Day>15</Day>
                <Hour>6</Hour>
                <Minute>0</Minute>
            </PubMedPubDate>
            <PubMedPubDate PubStatus="pubmed">
                <Year>2019</Year>
                <Month>3</Month>
                <Day>15</Day>
                <Hour>6</Hour>
                <Minute>0</Minute>
            </PubMedPubDate>
            <PubMedPubDate PubStatus="medline">
                <Year>2019</Year>
                <Month>3</Month>
                <Day>15</Day>
                <Hour>6</Hour>
                <Minute>0</Minute>
            </PubMedPubDate>
        </History>
        <PublicationStatus>epublish</PublicationStatus>
        <ArticleIdList>
            <ArticleId IdType="pubmed">30866929</ArticleId>
            <ArticleId IdType="doi">10.1186/s12915-019-0642-8</ArticleId>
            <ArticleId IdType="pii">10.1186/s12915-019-0642-8</ArticleId>
        </ArticleIdList>
    </PubmedData>
</PubmedArticle>


<PubmedArticle>
    <MedlineCitation Status="MEDLINE" Owner="NLM">
        <PMID Version="1">30866829</PMID>
        <DateCompleted>
            <Year>2019</Year>
            <Month>03</Month>
            <Day>19</Day>
        </DateCompleted>
        <DateRevised>
            <Year>2019</Year>
            <Month>03</Month>
            <Day>19</Day>
        </DateRevised>
        <Article PubModel="Electronic">
            <Journal>
                <ISSN IssnType="Electronic">1471-2229</ISSN>
                <JournalIssue CitedMedium="Internet">
                    <Volume>19</Volume>
                    <Issue>1</Issue>
                    <PubDate>
                        <Year>2019</Year>
                        <Month>Mar</Month>
                        <Day>12</Day>
                    </PubDate>
                </JournalIssue>
                <Title>BMC plant biology</Title>
                <ISOAbbreviation>BMC Plant Biol.</ISOAbbreviation>
            </Journal>
            <ArticleTitle>Comprehensive analysis of dynamic gene expression and investigation of the roles of hydrogen peroxide during adventitious rooting in poplar.</ArticleTitle>
            <Pagination>
                <MedlinePgn>99</MedlinePgn>
            </Pagination>
            <ELocationID EIdType="doi" ValidYN="Y">10.1186/s12870-019-1700-7</ELocationID>
            <Abstract>
                <AbstractText Label="BACKGROUND" NlmCategory="BACKGROUND">Adventitious roots (ARs) are roots that are generated from nonrooting tissues. ARs are usually produced both during normal development and in response to stress conditions, such as flooding, nutrient deprivation, heavy metal stress and wounding. The ability of plants to form ARs is a key trait that enables plant propagation, especially for most tree species.</AbstractText>
                <AbstractText Label="RESULTS" NlmCategory="RESULTS">Here, the kinetics of AR formation in a tissue culture of a hybrid variety of poplar were investigated. AR formation mainly occurred during the first 8<U+2009>days and both pre- and newly- formed primordia contributed to AR formation in poplar by histological study. RNA-Seq-based transcriptome analysis was performed for stem bases collected at 0, 2, 4, 6 and 8<U+2009>days after excision (DAE). Based on the data, the expression patterns of 8 phytohormone-related genes were investigated, and their influences on AR formation were considered. Subsequent gene expression cluster analysis showed a number of biological processes involved in AR formation. Among these biological pathways, genes involved in H<sub>2</sub>O<sub>2</sub> homeostasis showed enrichment in one cluster that was highly upregulated from DAE0 to DAE8. Pharmacological assay confirmed that an appropriate content of H<sub>2</sub>O<sub>2</sub> in stem bases could accelerate the formation of ARs in poplar.</AbstractText>
                <AbstractText Label="CONCLUSIONS" NlmCategory="CONCLUSIONS">Based on the results of this study, we were able to predict a regulatory network for 7 phytohormones that are involved in poplar AR formation. The influence of H<sub>2</sub>O<sub>2</sub> on AR formation was also confirmed<sub>.</sub> These results enhance our understanding of the regulation of AR formation in tree species.</AbstractText>
            </Abstract>
            <AuthorList CompleteYN="Y">
                <Author ValidYN="Y">
                    <LastName>Zhang</LastName>
                    <ForeName>Yan</ForeName>
                    <Initials>Y</Initials>
                    <AffiliationInfo>
                        <Affiliation>College of Horticulture and Forestry Sciences, Huazhong Agricultural University, Wuhan, 430070, China.</Affiliation>
                    </AffiliationInfo>
                </Author>
                <Author ValidYN="Y">
                    <LastName>Xiao</LastName>
                    <ForeName>Zheng'ang</ForeName>
                    <Initials>Z</Initials>
                    <AffiliationInfo>
                        <Affiliation>College of Horticulture and Forestry Sciences, Huazhong Agricultural University, Wuhan, 430070, China.</Affiliation>
                    </AffiliationInfo>
                </Author>
                <Author ValidYN="Y">
                    <LastName>Zhan</LastName>
                    <ForeName>Chang</ForeName>
                    <Initials>C</Initials>
                    <AffiliationInfo>
                        <Affiliation>College of Horticulture and Forestry Sciences, Huazhong Agricultural University, Wuhan, 430070, China.</Affiliation>
                    </AffiliationInfo>
                </Author>
                <Author ValidYN="Y">
                    <LastName>Liu</LastName>
                    <ForeName>Meifeng</ForeName>
                    <Initials>M</Initials>
                    <AffiliationInfo>
                        <Affiliation>College of Horticulture and Forestry Sciences, Huazhong Agricultural University, Wuhan, 430070, China.</Affiliation>
                    </AffiliationInfo>
                </Author>
                <Author ValidYN="Y">
                    <LastName>Xia</LastName>
                    <ForeName>Wenxiu</ForeName>
                    <Initials>W</Initials>
                    <AffiliationInfo>
                        <Affiliation>College of Horticulture and Forestry Sciences, Huazhong Agricultural University, Wuhan, 430070, China.</Affiliation>
                    </AffiliationInfo>
                </Author>
                <Author ValidYN="Y">
                    <LastName>Wang</LastName>
                    <ForeName>Nian</ForeName>
                    <Initials>N</Initials>
                    <Identifier Source="ORCID">http://orcid.org/0000-0001-9185-4199</Identifier>
                    <AffiliationInfo>
                        <Affiliation>College of Horticulture and Forestry Sciences, Huazhong Agricultural University, Wuhan, 430070, China. wangn@mail.hzau.edu.cn.</Affiliation>
                    </AffiliationInfo>
                    <AffiliationInfo>
                        <Affiliation>Hubei Engineering Technology Research Center for Forestry Information, Huazhong Agricultural University, Wuhan, 430070, China. wangn@mail.hzau.edu.cn.</Affiliation>
                    </AffiliationInfo>
                </Author>
            </AuthorList>
            <Language>eng</Language>
            <GrantList CompleteYN="Y">
                <Grant>
                    <GrantID>31670651</GrantID>
                    <Agency>National Natural Science Foundation of China</Agency>
                    <Country/>
                </Grant>
            </GrantList>
            <PublicationTypeList>
                <PublicationType UI="D016428">Journal Article</PublicationType>
            </PublicationTypeList>
            <ArticleDate DateType="Electronic">
                <Year>2019</Year>
                <Month>03</Month>
                <Day>12</Day>
            </ArticleDate>
        </Article>
        <MedlineJournalInfo>
            <Country>England</Country>
            <MedlineTA>BMC Plant Biol</MedlineTA>
            <NlmUniqueID>100967807</NlmUniqueID>
            <ISSNLinking>1471-2229</ISSNLinking>
        </MedlineJournalInfo>
        <ChemicalList>
            <Chemical>
                <RegistryNumber>0</RegistryNumber>
                <NameOfSubstance UI="D010937">Plant Growth Regulators</NameOfSubstance>
            </Chemical>
            <Chemical>
                <RegistryNumber>BBX060AN9V</RegistryNumber>
                <NameOfSubstance UI="D006861">Hydrogen Peroxide</NameOfSubstance>
            </Chemical>
        </ChemicalList>
        <CitationSubset>IM</CitationSubset>
        <MeshHeadingList>
            <MeshHeading>
                <DescriptorName UI="D053263" MajorTopicYN="Y">Gene Regulatory Networks</DescriptorName>
            </MeshHeading>
            <MeshHeading>
                <DescriptorName UI="D006861" MajorTopicYN="N">Hydrogen Peroxide</DescriptorName>
                <QualifierName UI="Q000378" MajorTopicYN="Y">metabolism</QualifierName>
            </MeshHeading>
            <MeshHeading>
                <DescriptorName UI="D010937" MajorTopicYN="N">Plant Growth Regulators</DescriptorName>
                <QualifierName UI="Q000378" MajorTopicYN="Y">metabolism</QualifierName>
            </MeshHeading>
            <MeshHeading>
                <DescriptorName UI="D018517" MajorTopicYN="N">Plant Roots</DescriptorName>
                <QualifierName UI="Q000235" MajorTopicYN="N">genetics</QualifierName>
                <QualifierName UI="Q000254" MajorTopicYN="N">growth &amp; development</QualifierName>
            </MeshHeading>
            <MeshHeading>
                <DescriptorName UI="D032107" MajorTopicYN="N">Populus</DescriptorName>
                <QualifierName UI="Q000235" MajorTopicYN="Y">genetics</QualifierName>
                <QualifierName UI="Q000254" MajorTopicYN="N">growth &amp; development</QualifierName>
            </MeshHeading>
            <MeshHeading>
                <DescriptorName UI="D059467" MajorTopicYN="Y">Transcriptome</DescriptorName>
            </MeshHeading>
        </MeshHeadingList>
        <KeywordList Owner="NOTNLM">
            <Keyword MajorTopicYN="N">Adventitious rooting</Keyword>
            <Keyword MajorTopicYN="N">Gene expression</Keyword>
            <Keyword MajorTopicYN="N">Hydrogen peroxide</Keyword>
            <Keyword MajorTopicYN="N">Phytohormone</Keyword>
            <Keyword MajorTopicYN="N">Poplar</Keyword>
        </KeywordList>
    </MedlineCitation>
    <PubmedData>
        <History>
            <PubMedPubDate PubStatus="received">
                <Year>2018</Year>
                <Month>12</Month>
                <Day>26</Day>
            </PubMedPubDate>
            <PubMedPubDate PubStatus="accepted">
                <Year>2019</Year>
                <Month>03</Month>
                <Day>06</Day>
            </PubMedPubDate>
            <PubMedPubDate PubStatus="entrez">
                <Year>2019</Year>
                <Month>3</Month>
                <Day>15</Day>
                <Hour>6</Hour>
                <Minute>0</Minute>
            </PubMedPubDate>
            <PubMedPubDate PubStatus="pubmed">
                <Year>2019</Year>
                <Month>3</Month>
                <Day>15</Day>
                <Hour>6</Hour>
                <Minute>0</Minute>
            </PubMedPubDate>
            <PubMedPubDate PubStatus="medline">
                <Year>2019</Year>
                <Month>3</Month>
                <Day>20</Day>
                <Hour>6</Hour>
                <Minute>0</Minute>
            </PubMedPubDate>
        </History>
        <PublicationStatus>epublish</PublicationStatus>
        <ArticleIdList>
            <ArticleId IdType="pubmed">30866829</ArticleId>
            <ArticleId IdType="doi">10.1186/s12870-019-1700-7</ArticleId>
            <ArticleId IdType="pii">10.1186/s12870-019-1700-7</ArticleId>
        </ArticleIdList>
    </PubmedData>
</PubmedArticle>


<PubmedArticle>
    <MedlineCitation Status="In-Process" Owner="NLM">
        <PMID Version="1">30866816</PMID>
        <DateRevised>
            <Year>2019</Year>
            <Month>03</Month>
            <Day>14</Day>
        </DateRevised>
        <Article PubModel="Electronic">
            <Journal>
                <ISSN IssnType="Electronic">1471-2164</ISSN>
                <JournalIssue CitedMedium="Internet">
                    <Volume>20</Volume>
                    <Issue>1</Issue>
                    <PubDate>
                        <Year>2019</Year>
                        <Month>Mar</Month>
                        <Day>11</Day>
                    </PubDate>
                </JournalIssue>
                <Title>BMC genomics</Title>
                <ISOAbbreviation>BMC Genomics</ISOAbbreviation>
            </Journal>
            <ArticleTitle>Acting locally - affecting globally: RNA sequencing of gilthead sea bream with a mild Sparicotyle chrysophrii infection reveals effects on apoptosis, immune and hypoxia related genes.</ArticleTitle>
            <Pagination>
                <MedlinePgn>200</MedlinePgn>
            </Pagination>
            <ELocationID EIdType="doi" ValidYN="Y">10.1186/s12864-019-5581-9</ELocationID>
            <Abstract>
                <AbstractText Label="BACKGROUND" NlmCategory="BACKGROUND">Monogenean flatworms are the main fish ectoparasites inflicting serious economic losses in aquaculture. The polyopisthocotylean Sparicotyle chrysophrii parasitizes the gills of gilthead sea bream (GSB, Sparus aurata) causing anaemia, lamellae fusion and sloughing of epithelial cells, with the consequent hypoxia, emaciation, lethargy and mortality. Currently no preventive or curative measures against this disease exist and therefore information on the host-parasite interaction is crucial to find mitigation solutions for sparicotylosis. The knowledge about gene regulation in monogenean-host models mostly comes from freshwater monopysthocotyleans and almost nothing is known about polyopisthocotyleans. The current study aims to decipher the host response at local (gills) and systemic (spleen, liver) levels in farmed GSB with a mild natural S. chrysophrii infection by transcriptomic analysis.</AbstractText>
                <AbstractText Label="RESULTS" NlmCategory="RESULTS">Using Illumina RNA sequencing and transcriptomic analysis, a total of 2581 differentially expressed transcripts were identified in infected fish when compared to uninfected controls. Gill tissues in contact with the parasite (P gills) displayed regulation of fewer genes (700) than gill portions not in contact with the parasite (NP gills) (1235), most likely due to a local silencing effect of the parasite. The systemic reaction in the spleen was much higher than that at the parasite attachment site (local) (1240), and higher than in liver (334). NP gills displayed a strong enrichment of genes mainly related to immune response and apoptosis. Processes such as apoptosis, inflammation and cell proliferation dominated gills, whereas inhibition of apoptosis, autophagy, platelet activation, signalling and aggregation, and inflammasome were observed in spleen. Proteasome markers were increased in all tissues, whereas hypoxia-related genes were down-regulated in gills and spleen.</AbstractText>
                <AbstractText Label="CONCLUSIONS" NlmCategory="CONCLUSIONS">Contrasting forces seem to be acting at local and systemic levels. The splenic down-regulation could be part of a hypometabolic response, to counteract the hypoxia induced by the parasite damage to the gills and to concentrate the energy on defence and repair responses. Alternatively, it can be also interpreted as the often observed action of helminths to modify host immunity in its own interest. These results provide the first toolkit for future studies towards understanding and management of this parasitosis.</AbstractText>
            </Abstract>
            <AuthorList CompleteYN="Y">
                <Author ValidYN="Y">
                    <LastName>Piazzon</LastName>
                    <ForeName>M Carla</ForeName>
                    <Initials>MC</Initials>
                    <Identifier Source="ORCID">http://orcid.org/0000-0002-4949-8984</Identifier>
                    <AffiliationInfo>
                        <Affiliation>Fish Pathology Group, Institute of Aquaculture Torre de la Sal (IATS-CSIC), Ribera de Cabanes, Castell<U+00F3>n, Spain. carla.piazzon@csic.es.</Affiliation>
                    </AffiliationInfo>
                </Author>
                <Author ValidYN="Y">
                    <LastName>Mladineo</LastName>
                    <ForeName>Ivona</ForeName>
                    <Initials>I</Initials>
                    <AffiliationInfo>
                        <Affiliation>Institute of Oceanography and Fisheries, Split, Croatia.</Affiliation>
                    </AffiliationInfo>
                </Author>
                <Author ValidYN="Y">
                    <LastName>Naya-Catal<U+00E0></LastName>
                    <ForeName>Fernando</ForeName>
                    <Initials>F</Initials>
                    <AffiliationInfo>
                        <Affiliation>Nutrigenomics and Fish Growth Endocrinology Group, Institute of Aquaculture Torre de la Sal (IATS-CSIC), Ribera de Cabanes, Castell<U+00F3>n, Spain.</Affiliation>
                    </AffiliationInfo>
                    <AffiliationInfo>
                        <Affiliation>Biotechvana, Parc Cientific, Universitat de Valencia, Valencia, Spain.</Affiliation>
                    </AffiliationInfo>
                </Author>
                <Author ValidYN="Y">
                    <LastName>Dirks</LastName>
                    <ForeName>Ron P</ForeName>
                    <Initials>RP</Initials>
                    <AffiliationInfo>
                        <Affiliation>Future Genomics Technology, Leiden, The Netherlands.</Affiliation>
                    </AffiliationInfo>
                </Author>
                <Author ValidYN="Y">
                    <LastName>Jong-Raadsen</LastName>
                    <ForeName>Susanne</ForeName>
                    <Initials>S</Initials>
                    <AffiliationInfo>
                        <Affiliation>Future Genomics Technology, Leiden, The Netherlands.</Affiliation>
                    </AffiliationInfo>
                </Author>
                <Author ValidYN="Y">
                    <LastName>Vrbatovi<U+0107></LastName>
                    <ForeName>Anamarija</ForeName>
                    <Initials>A</Initials>
                    <AffiliationInfo>
                        <Affiliation>Institute of Oceanography and Fisheries, Split, Croatia.</Affiliation>
                    </AffiliationInfo>
                </Author>
                <Author ValidYN="Y">
                    <LastName>Hrabar</LastName>
                    <ForeName>Jerko</ForeName>
                    <Initials>J</Initials>
                    <AffiliationInfo>
                        <Affiliation>Institute of Oceanography and Fisheries, Split, Croatia.</Affiliation>
                    </AffiliationInfo>
                </Author>
                <Author ValidYN="Y">
                    <LastName>P<U+00E9>rez-S<U+00E1>nchez</LastName>
                    <ForeName>Jaume</ForeName>
                    <Initials>J</Initials>
                    <AffiliationInfo>
                        <Affiliation>Nutrigenomics and Fish Growth Endocrinology Group, Institute of Aquaculture Torre de la Sal (IATS-CSIC), Ribera de Cabanes, Castell<U+00F3>n, Spain.</Affiliation>
                    </AffiliationInfo>
                </Author>
                <Author ValidYN="Y">
                    <LastName>Sitj<U+00E0>-Bobadilla</LastName>
                    <ForeName>Ariadna</ForeName>
                    <Initials>A</Initials>
                    <AffiliationInfo>
                        <Affiliation>Fish Pathology Group, Institute of Aquaculture Torre de la Sal (IATS-CSIC), Ribera de Cabanes, Castell<U+00F3>n, Spain.</Affiliation>
                    </AffiliationInfo>
                </Author>
            </AuthorList>
            <Language>eng</Language>
            <GrantList CompleteYN="Y">
                <Grant>
                    <GrantID>PIE. 201740E013</GrantID>
                    <Agency>Consejo Superior de Investigaciones Cient<U+00ED>ficas</Agency>
                    <Country/>
                </Grant>
                <Grant>
                    <GrantID>634429</GrantID>
                    <Agency>H2020 Societal Challenges</Agency>
                    <Country/>
                </Grant>
            </GrantList>
            <PublicationTypeList>
                <PublicationType UI="D016428">Journal Article</PublicationType>
            </PublicationTypeList>
            <ArticleDate DateType="Electronic">
                <Year>2019</Year>
                <Month>03</Month>
                <Day>11</Day>
            </ArticleDate>
        </Article>
        <MedlineJournalInfo>
            <Country>England</Country>
            <MedlineTA>BMC Genomics</MedlineTA>
            <NlmUniqueID>100965258</NlmUniqueID>
            <ISSNLinking>1471-2164</ISSNLinking>
        </MedlineJournalInfo>
        <KeywordList Owner="NOTNLM">
            <Keyword MajorTopicYN="N">Apoptosis</Keyword>
            <Keyword MajorTopicYN="N">Ectoparasites</Keyword>
            <Keyword MajorTopicYN="N">Gills</Keyword>
            <Keyword MajorTopicYN="N">Illumina RNA-seq</Keyword>
            <Keyword MajorTopicYN="N">Immune response</Keyword>
            <Keyword MajorTopicYN="N">Monogenea</Keyword>
            <Keyword MajorTopicYN="N">Sparicotyle chrysophrii</Keyword>
            <Keyword MajorTopicYN="N">Sparus aurata</Keyword>
            <Keyword MajorTopicYN="N">Transcriptomics</Keyword>
        </KeywordList>
    </MedlineCitation>
    <PubmedData>
        <History>
            <PubMedPubDate PubStatus="received">
                <Year>2018</Year>
                <Month>11</Month>
                <Day>29</Day>
            </PubMedPubDate>
            <PubMedPubDate PubStatus="accepted">
                <Year>2019</Year>
                <Month>03</Month>
                <Day>03</Day>
            </PubMedPubDate>
            <PubMedPubDate PubStatus="entrez">
                <Year>2019</Year>
                <Month>3</Month>
                <Day>15</Day>
                <Hour>6</Hour>
                <Minute>0</Minute>
            </PubMedPubDate>
            <PubMedPubDate PubStatus="pubmed">
                <Year>2019</Year>
                <Month>3</Month>
                <Day>15</Day>
                <Hour>6</Hour>
                <Minute>0</Minute>
            </PubMedPubDate>
            <PubMedPubDate PubStatus="medline">
                <Year>2019</Year>
                <Month>3</Month>
                <Day>15</Day>
                <Hour>6</Hour>
                <Minute>0</Minute>
            </PubMedPubDate>
        </History>
        <PublicationStatus>epublish</PublicationStatus>
        <ArticleIdList>
            <ArticleId IdType="pubmed">30866816</ArticleId>
            <ArticleId IdType="doi">10.1186/s12864-019-5581-9</ArticleId>
            <ArticleId IdType="pii">10.1186/s12864-019-5581-9</ArticleId>
        </ArticleIdList>
    </PubmedData>
</PubmedArticle>


<PubmedArticle>
    <MedlineCitation Status="In-Process" Owner="NLM">
        <PMID Version="1">30866814</PMID>
        <DateRevised>
            <Year>2019</Year>
            <Month>03</Month>
            <Day>14</Day>
        </DateRevised>
        <Article PubModel="Electronic">
            <Journal>
                <ISSN IssnType="Electronic">1471-2164</ISSN>
                <JournalIssue CitedMedium="Internet">
                    <Volume>20</Volume>
                    <Issue>1</Issue>
                    <PubDate>
                        <Year>2019</Year>
                        <Month>Mar</Month>
                        <Day>13</Day>
                    </PubDate>
                </JournalIssue>
                <Title>BMC genomics</Title>
                <ISOAbbreviation>BMC Genomics</ISOAbbreviation>
            </Journal>
            <ArticleTitle>Strand-specific RNA-seq based identification and functional prediction of drought-responsive lncRNAs in cassava.</ArticleTitle>
            <Pagination>
                <MedlinePgn>214</MedlinePgn>
            </Pagination>
            <ELocationID EIdType="doi" ValidYN="Y">10.1186/s12864-019-5585-5</ELocationID>
            <Abstract>
                <AbstractText Label="BACKGROUND" NlmCategory="BACKGROUND">Long noncoding RNAs (lncRNAs) have emerged as playing crucial roles in abiotic stress responsive regulation, however, the mechanism of lncRNAs underlying drought-tolerance remains largely unknown in cassava, an important tropical and sub-tropical root crop of remarkable drought tolerance.</AbstractText>
                <AbstractText Label="RESULTS" NlmCategory="RESULTS">In this study, a total of 833 high-confidence lncRNAs, including 652 intergenic and 181 anti-sense lncRNAs, were identified in cassava leaves and root using strand-specific RNA-seq technology, of which 124 were drought-responsive. Trans-regulatory co-expression network revealed that lncRNAs exhibited tissue-specific expression patterns and they preferred to function differently in distinct tissues: e.g., cell-related metabolism, cell wall, and RNA regulation of transcription in folded leaf (FL); degradation of major carbohydrate (CHO) metabolism, calvin cycle and light reaction, light signaling, and tetrapyrrole synthesis in full expanded leaf (FEL); synthesis of major CHO metabolism, nitrogen-metabolism, photosynthesis, and redox in bottom leaf (BL); and hormone metabolism, secondary metabolism, calcium signaling, and abiotic stress in root (RT). In addition, 27 lncRNA-mRNA pairs referred to cis-acting regulation were identified, and these lncRNAs regulated the expression of their neighboring genes mainly through hormone metabolism, RNA regulation of transcription, and signaling of receptor kinase. Besides, 11 lncRNAs were identified acting as putative target mimics of known miRNAs in cassava. Finally, five drought-responsive lncRNAs and 13 co-expressed genes involved in trans-acting, cis-acting, or target mimic regulation were selected and confirmed by qRT-PCR.</AbstractText>
                <AbstractText Label="CONCLUSIONS" NlmCategory="CONCLUSIONS">These findings provide a comprehensive view of cassava lncRNAs in response to drought stress, which will enable in-depth functional analysis in the future.</AbstractText>
            </Abstract>
            <AuthorList CompleteYN="Y">
                <Author ValidYN="Y">
                    <LastName>Ding</LastName>
                    <ForeName>Zehong</ForeName>
                    <Initials>Z</Initials>
                    <AffiliationInfo>
                        <Affiliation>Key Laboratory of Biology and Genetic Resources of Tropical Crops, Institute of Tropical Bioscience and Biotechnology, Chinese Academy of Tropical Agricultural Sciences, Xueyuan Road 4, Haikou, Hainan, China. dingzehong@itbb.org.cn.</Affiliation>
                    </AffiliationInfo>
                </Author>
                <Author ValidYN="Y">
                    <LastName>Tie</LastName>
                    <ForeName>Weiwei</ForeName>
                    <Initials>W</Initials>
                    <AffiliationInfo>
                        <Affiliation>Key Laboratory of Biology and Genetic Resources of Tropical Crops, Institute of Tropical Bioscience and Biotechnology, Chinese Academy of Tropical Agricultural Sciences, Xueyuan Road 4, Haikou, Hainan, China.</Affiliation>
                    </AffiliationInfo>
                </Author>
                <Author ValidYN="Y">
                    <LastName>Fu</LastName>
                    <ForeName>Lili</ForeName>
                    <Initials>L</Initials>
                    <AffiliationInfo>
                        <Affiliation>Key Laboratory of Biology and Genetic Resources of Tropical Crops, Institute of Tropical Bioscience and Biotechnology, Chinese Academy of Tropical Agricultural Sciences, Xueyuan Road 4, Haikou, Hainan, China.</Affiliation>
                    </AffiliationInfo>
                </Author>
                <Author ValidYN="Y">
                    <LastName>Yan</LastName>
                    <ForeName>Yan</ForeName>
                    <Initials>Y</Initials>
                    <AffiliationInfo>
                        <Affiliation>Key Laboratory of Biology and Genetic Resources of Tropical Crops, Institute of Tropical Bioscience and Biotechnology, Chinese Academy of Tropical Agricultural Sciences, Xueyuan Road 4, Haikou, Hainan, China.</Affiliation>
                    </AffiliationInfo>
                </Author>
                <Author ValidYN="Y">
                    <LastName>Liu</LastName>
                    <ForeName>Guanghua</ForeName>
                    <Initials>G</Initials>
                    <AffiliationInfo>
                        <Affiliation>Institute of Tropical and Sub-tropical Cash Crops, Yunnan Academy of Agricultural Sciences, Baoshan, Yunnan, China.</Affiliation>
                    </AffiliationInfo>
                </Author>
                <Author ValidYN="Y">
                    <LastName>Yan</LastName>
                    <ForeName>Wei</ForeName>
                    <Initials>W</Initials>
                    <AffiliationInfo>
                        <Affiliation>Institute of Tropical and Sub-tropical Cash Crops, Yunnan Academy of Agricultural Sciences, Baoshan, Yunnan, China.</Affiliation>
                    </AffiliationInfo>
                </Author>
                <Author ValidYN="Y">
                    <LastName>Li</LastName>
                    <ForeName>Yanan</ForeName>
                    <Initials>Y</Initials>
                    <AffiliationInfo>
                        <Affiliation>Institute of Tropical and Sub-tropical Cash Crops, Yunnan Academy of Agricultural Sciences, Baoshan, Yunnan, China.</Affiliation>
                    </AffiliationInfo>
                </Author>
                <Author ValidYN="Y">
                    <LastName>Wu</LastName>
                    <ForeName>Chunlai</ForeName>
                    <Initials>C</Initials>
                    <AffiliationInfo>
                        <Affiliation>Key Laboratory of Biology and Genetic Resources of Tropical Crops, Institute of Tropical Bioscience and Biotechnology, Chinese Academy of Tropical Agricultural Sciences, Xueyuan Road 4, Haikou, Hainan, China.</Affiliation>
                    </AffiliationInfo>
                    <AffiliationInfo>
                        <Affiliation>Genetic Engineering International Cooperation Base of Chinese Ministry of Science and Technology, Chinese National Center of Plant Gene Research (Wuhan) HUST Part, Key Laboratory of Molecular Biophysics of Chinese Ministry of Education, College of Life Science and Technology, Huazhong University of Science and Technology (HUST), Wuhan, China.</Affiliation>
                    </AffiliationInfo>
                </Author>
                <Author ValidYN="Y">
                    <LastName>Zhang</LastName>
                    <ForeName>Jiaming</ForeName>
                    <Initials>J</Initials>
                    <AffiliationInfo>
                        <Affiliation>Key Laboratory of Biology and Genetic Resources of Tropical Crops, Institute of Tropical Bioscience and Biotechnology, Chinese Academy of Tropical Agricultural Sciences, Xueyuan Road 4, Haikou, Hainan, China.</Affiliation>
                    </AffiliationInfo>
                </Author>
                <Author ValidYN="Y">
                    <LastName>Hu</LastName>
                    <ForeName>Wei</ForeName>
                    <Initials>W</Initials>
                    <AffiliationInfo>
                        <Affiliation>Key Laboratory of Biology and Genetic Resources of Tropical Crops, Institute of Tropical Bioscience and Biotechnology, Chinese Academy of Tropical Agricultural Sciences, Xueyuan Road 4, Haikou, Hainan, China. huwei2013@itbb.org.cn.</Affiliation>
                    </AffiliationInfo>
                </Author>
            </AuthorList>
            <Language>eng</Language>
            <GrantList CompleteYN="Y">
                <Grant>
                    <GrantID>31600198</GrantID>
                    <Agency>National Natural Science Foundation of China</Agency>
                    <Country/>
                </Grant>
                <Grant>
                    <GrantID>17CXTD-28, 1630052017017</GrantID>
                    <Agency>the Central Public-Interest Scientific Institution Basal Research Fund for Innovative Research Team Program of CATAS</Agency>
                    <Country/>
                </Grant>
                <Grant>
                    <GrantID>1630052016005, 1630052016006, 1630052017021</GrantID>
                    <Agency>the Central Public-Interest Scientific Institution Basal Research Fund for Chinese Academy of Tropical Agricultural Sciences</Agency>
                    <Country/>
                </Grant>
            </GrantList>
            <PublicationTypeList>
                <PublicationType UI="D016428">Journal Article</PublicationType>
            </PublicationTypeList>
            <ArticleDate DateType="Electronic">
                <Year>2019</Year>
                <Month>03</Month>
                <Day>13</Day>
            </ArticleDate>
        </Article>
        <MedlineJournalInfo>
            <Country>England</Country>
            <MedlineTA>BMC Genomics</MedlineTA>
            <NlmUniqueID>100965258</NlmUniqueID>
            <ISSNLinking>1471-2164</ISSNLinking>
        </MedlineJournalInfo>
        <KeywordList Owner="NOTNLM">
            <Keyword MajorTopicYN="N">Cassava</Keyword>
            <Keyword MajorTopicYN="N">PEG treatment</Keyword>
            <Keyword MajorTopicYN="N">Tissue-specific expression</Keyword>
            <Keyword MajorTopicYN="N">lncRNA</Keyword>
            <Keyword MajorTopicYN="N">ssRNA-Seq</Keyword>
        </KeywordList>
    </MedlineCitation>
    <PubmedData>
        <History>
            <PubMedPubDate PubStatus="received">
                <Year>2018</Year>
                <Month>09</Month>
                <Day>21</Day>
            </PubMedPubDate>
            <PubMedPubDate PubStatus="accepted">
                <Year>2019</Year>
                <Month>03</Month>
                <Day>05</Day>
            </PubMedPubDate>
            <PubMedPubDate PubStatus="entrez">
                <Year>2019</Year>
                <Month>3</Month>
                <Day>15</Day>
                <Hour>6</Hour>
                <Minute>0</Minute>
            </PubMedPubDate>
            <PubMedPubDate PubStatus="pubmed">
                <Year>2019</Year>
                <Month>3</Month>
                <Day>15</Day>
                <Hour>6</Hour>
                <Minute>0</Minute>
            </PubMedPubDate>
            <PubMedPubDate PubStatus="medline">
                <Year>2019</Year>
                <Month>3</Month>
                <Day>15</Day>
                <Hour>6</Hour>
                <Minute>0</Minute>
            </PubMedPubDate>
        </History>
        <PublicationStatus>epublish</PublicationStatus>
        <ArticleIdList>
            <ArticleId IdType="pubmed">30866814</ArticleId>
            <ArticleId IdType="doi">10.1186/s12864-019-5585-5</ArticleId>
            <ArticleId IdType="pii">10.1186/s12864-019-5585-5</ArticleId>
        </ArticleIdList>
    </PubmedData>
</PubmedArticle>


<PubmedArticle>
    <MedlineCitation Status="In-Process" Owner="NLM">
        <PMID Version="1">30866809</PMID>
        <DateRevised>
            <Year>2019</Year>
            <Month>03</Month>
            <Day>14</Day>
        </DateRevised>
        <Article PubModel="Electronic">
            <Journal>
                <ISSN IssnType="Electronic">1471-2164</ISSN>
                <JournalIssue CitedMedium="Internet">
                    <Volume>20</Volume>
                    <Issue>1</Issue>
                    <PubDate>
                        <Year>2019</Year>
                        <Month>Mar</Month>
                        <Day>12</Day>
                    </PubDate>
                </JournalIssue>
                <Title>BMC genomics</Title>
                <ISOAbbreviation>BMC Genomics</ISOAbbreviation>
            </Journal>
            <ArticleTitle>Transcriptomic analysis reveals novel downstream regulatory motifs and highly transcribed virulence factor genes of Entamoeba histolytica.</ArticleTitle>
            <Pagination>
                <MedlinePgn>206</MedlinePgn>
            </Pagination>
            <ELocationID EIdType="doi" ValidYN="Y">10.1186/s12864-019-5570-z</ELocationID>
            <Abstract>
                <AbstractText Label="BACKGROUND" NlmCategory="BACKGROUND">Promoter motifs in Entamoeba histolytica were earlier analysed using microarray data with lower dynamic range of gene expression. Additionally, previous transcriptomic studies did not provide information on the nature of highly transcribed genes, and downstream promoter motifs important for gene expression. To address these issues we generated RNA-Seq data and identified the high and low expressing genes, especially with respect to virulence potential. We analysed sequences both upstream and downstream of start site for important motifs.</AbstractText>
                <AbstractText Label="RESULTS" NlmCategory="RESULTS">We used RNA-Seq data to classify genes according to expression levels, which ranged six orders of magnitude. Data were validated by reporter gene expression. Virulence-related genes (except AIG1) were amongst the highly expressed, while some kinases and BspA family genes were poorly expressed. We looked for conserved motifs in sequences upstream and downstream of the initiation codon. Following enrichment by AME we found seven motifs significantly enriched in high expression- and three in low expression-classes. Two of these motifs (M4 and M6) were located downstream of AUG, were exclusively enriched in high expression class, and were mostly found in ribosomal protein, and translation-related genes. Motif deletion resulted in drastic down regulation of reporter gene expression, showing functional relevance. Distribution of core promoter motifs (TATA, GAAC, and Inr) in all genes revealed that genes with downstream motifs were not preferentially associated with TATA-less promoters. We looked at gene expression changes in cells subjected to growth stress by serum starvation, and experimentally validated the data. Genes showing maximum up regulation belonged to the low or medium expression class, and included genes in signalling pathways, lipid metabolism, DNA repair, Myb transcription factors, BspA, and heat shock. Genes showing maximum down regulation belonged to the high or medium expression class. They included genes for signalling factors, actin, Ariel family, and ribosome biogenesis factors.</AbstractText>
                <AbstractText Label="CONCLUSION" NlmCategory="CONCLUSIONS">Our analysis has added important new information about the E. histolytica transcriptome. We report for the first time two downstream motifs required for gene expression, which could be used for over expression of E. histolytica genes. Most of the virulence-related genes in this parasite are highly expressed in culture.</AbstractText>
            </Abstract>
            <AuthorList CompleteYN="Y">
                <Author ValidYN="Y">
                    <LastName>Naiyer</LastName>
                    <ForeName>Sarah</ForeName>
                    <Initials>S</Initials>
                    <AffiliationInfo>
                        <Affiliation>School of Environmental Sciences, Jawaharlal Nehru University, New Delhi, India.</Affiliation>
                    </AffiliationInfo>
                </Author>
                <Author ValidYN="Y">
                    <LastName>Kaur</LastName>
                    <ForeName>Devinder</ForeName>
                    <Initials>D</Initials>
                    <AffiliationInfo>
                        <Affiliation>School of Environmental Sciences, Jawaharlal Nehru University, New Delhi, India.</Affiliation>
                    </AffiliationInfo>
                </Author>
                <Author ValidYN="Y">
                    <LastName>Ahamad</LastName>
                    <ForeName>Jamaluddin</ForeName>
                    <Initials>J</Initials>
                    <AffiliationInfo>
                        <Affiliation>School of Environmental Sciences, Jawaharlal Nehru University, New Delhi, India.</Affiliation>
                    </AffiliationInfo>
                </Author>
                <Author ValidYN="Y">
                    <LastName>Singh</LastName>
                    <ForeName>Shashi Shekhar</ForeName>
                    <Initials>SS</Initials>
                    <AffiliationInfo>
                        <Affiliation>School of Environmental Sciences, Jawaharlal Nehru University, New Delhi, India.</Affiliation>
                    </AffiliationInfo>
                </Author>
                <Author ValidYN="Y">
                    <LastName>Singh</LastName>
                    <ForeName>Yatendra Pratap</ForeName>
                    <Initials>YP</Initials>
                    <AffiliationInfo>
                        <Affiliation>School of Environmental Sciences, Jawaharlal Nehru University, New Delhi, India.</Affiliation>
                    </AffiliationInfo>
                </Author>
                <Author ValidYN="Y">
                    <LastName>Thakur</LastName>
                    <ForeName>Vivek</ForeName>
                    <Initials>V</Initials>
                    <AffiliationInfo>
                        <Affiliation>Centre for Systems Biology, School of Life Sciences, University of Hyderabad, Hyderabad, India.</Affiliation>
                    </AffiliationInfo>
                </Author>
                <Author ValidYN="Y">
                    <LastName>Bhattacharya</LastName>
                    <ForeName>Alok</ForeName>
                    <Initials>A</Initials>
                    <AffiliationInfo>
                        <Affiliation>School of Life Sciences, Jawaharlal Nehru University, New Delhi, India.</Affiliation>
                    </AffiliationInfo>
                </Author>
                <Author ValidYN="Y">
                    <LastName>Bhattacharya</LastName>
                    <ForeName>Sudha</ForeName>
                    <Initials>S</Initials>
                    <AffiliationInfo>
                        <Affiliation>School of Environmental Sciences, Jawaharlal Nehru University, New Delhi, India. sbjnu110@gmail.com.</Affiliation>
                    </AffiliationInfo>
                </Author>
            </AuthorList>
            <Language>eng</Language>
            <GrantList CompleteYN="Y">
                <Grant>
                    <GrantID>BT/RLF/Re-Entry/47/2015</GrantID>
                    <Agency>Department of Biotechnology , Ministry of Science and Technology</Agency>
                    <Country/>
                </Grant>
                <Grant>
                    <GrantID>SB/S2/JCB-07/2014</GrantID>
                    <Agency>Science and Engineering Research Board</Agency>
                    <Country/>
                </Grant>
            </GrantList>
            <PublicationTypeList>
                <PublicationType UI="D016428">Journal Article</PublicationType>
            </PublicationTypeList>
            <ArticleDate DateType="Electronic">
                <Year>2019</Year>
                <Month>03</Month>
                <Day>12</Day>
            </ArticleDate>
        </Article>
        <MedlineJournalInfo>
            <Country>England</Country>
            <MedlineTA>BMC Genomics</MedlineTA>
            <NlmUniqueID>100965258</NlmUniqueID>
            <ISSNLinking>1471-2164</ISSNLinking>
        </MedlineJournalInfo>
        <KeywordList Owner="NOTNLM">
            <Keyword MajorTopicYN="N">Differential expression</Keyword>
            <Keyword MajorTopicYN="N">Downstream promoter motif</Keyword>
            <Keyword MajorTopicYN="N">Entamoeba histolytica</Keyword>
            <Keyword MajorTopicYN="N">Highly transcribed genes</Keyword>
            <Keyword MajorTopicYN="N">Motif enrichment</Keyword>
            <Keyword MajorTopicYN="N">Serum starvation</Keyword>
            <Keyword MajorTopicYN="N">Transcriptome</Keyword>
            <Keyword MajorTopicYN="N">Virulence genes</Keyword>
        </KeywordList>
    </MedlineCitation>
    <PubmedData>
        <History>
            <PubMedPubDate PubStatus="received">
                <Year>2018</Year>
                <Month>11</Month>
                <Day>30</Day>
            </PubMedPubDate>
            <PubMedPubDate PubStatus="accepted">
                <Year>2019</Year>
                <Month>02</Month>
                <Day>27</Day>
            </PubMedPubDate>
            <PubMedPubDate PubStatus="entrez">
                <Year>2019</Year>
                <Month>3</Month>
                <Day>15</Day>
                <Hour>6</Hour>
                <Minute>0</Minute>
            </PubMedPubDate>
            <PubMedPubDate PubStatus="pubmed">
                <Year>2019</Year>
                <Month>3</Month>
                <Day>15</Day>
                <Hour>6</Hour>
                <Minute>0</Minute>
            </PubMedPubDate>
            <PubMedPubDate PubStatus="medline">
                <Year>2019</Year>
                <Month>3</Month>
                <Day>15</Day>
                <Hour>6</Hour>
                <Minute>0</Minute>
            </PubMedPubDate>
        </History>
        <PublicationStatus>epublish</PublicationStatus>
        <ArticleIdList>
            <ArticleId IdType="pubmed">30866809</ArticleId>
            <ArticleId IdType="doi">10.1186/s12864-019-5570-z</ArticleId>
            <ArticleId IdType="pii">10.1186/s12864-019-5570-z</ArticleId>
        </ArticleIdList>
    </PubmedData>
</PubmedArticle>


<PubmedArticle>
    <MedlineCitation Status="In-Process" Owner="NLM">
        <PMID Version="1">30866799</PMID>
        <DateRevised>
            <Year>2019</Year>
            <Month>03</Month>
            <Day>14</Day>
        </DateRevised>
        <Article PubModel="Electronic">
            <Journal>
                <ISSN IssnType="Electronic">1297-9686</ISSN>
                <JournalIssue CitedMedium="Internet">
                    <Volume>51</Volume>
                    <Issue>1</Issue>
                    <PubDate>
                        <Year>2019</Year>
                        <Month>Mar</Month>
                        <Day>13</Day>
                    </PubDate>
                </JournalIssue>
                <Title>Genetics, selection, evolution : GSE</Title>
                <ISOAbbreviation>Genet. Sel. Evol.</ISOAbbreviation>
            </Journal>
            <ArticleTitle>Machine learning applied to transcriptomic data to identify genes associated with feed efficiency in pigs.</ArticleTitle>
            <Pagination>
                <MedlinePgn>10</MedlinePgn>
            </Pagination>
            <ELocationID EIdType="doi" ValidYN="Y">10.1186/s12711-019-0453-y</ELocationID>
            <Abstract>
                <AbstractText Label="BACKGROUND" NlmCategory="BACKGROUND">To date, the molecular mechanisms that underlie residual feed intake (RFI) in pigs are unknown. Results from different genome-wide association studies and gene expression analyses are not always consistent. The aim of this research was to use machine learning to identify genes associated with feed efficiency (FE) using transcriptomic (RNA-Seq) data from pigs that are phenotypically extreme for RFI.</AbstractText>
                <AbstractText Label="METHODS" NlmCategory="METHODS">RFI was computed by considering within-sex regression on mean metabolic body weight, average daily gain, and average backfat gain. RNA-Seq analyses were performed on liver and duodenum tissue from 32 high and 33 low RFI pigs collected at 153 d of age. Machine-learning algorithms were used to predict RFI class based on gene expression levels in liver and duodenum after adjusting for batch effects. Genes were ranked according to their contribution to the classification using the permutation accuracy importance score in an unbiased random forest (RF) algorithm based on conditional inference. Support vector machine, RF, elastic net (ENET) and nearest shrunken centroid algorithms were tested using different subsets of the top rank genes. Nested resampling for hyperparameter tuning was implemented with tenfold cross-validation in the outer and inner loops.</AbstractText>
                <AbstractText Label="RESULTS" NlmCategory="RESULTS">The best classification was obtained with ENET using the expression of 200 genes in liver [area under the receiver operating characteristic curve (AUROC): 0.85; accuracy: 0.78] and 100 genes in duodenum (AUROC: 0.76; accuracy: 0.69). Canonical pathways and candidate genes that were previously reported as associated with FE in several species were identified. The most remarkable pathways and genes identified were NRF2-mediated oxidative stress response and aldosterone signalling in epithelial cells, the DNAJC6, DNAJC1, MAPK8, PRKD3 genes in duodenum, and melatonin degradation II, PPAR<U+03B1>/RXR<U+03B1> activation, and GPCR-mediated nutrient sensing in enteroendocrine cells and SMOX, IL4I1, PRKAR2B, CLOCK and CCK genes in liver.</AbstractText>
                <AbstractText Label="CONCLUSIONS" NlmCategory="CONCLUSIONS">ML algorithms and RNA-Seq expression data were found to provide good performance for classifying pigs into high or low RFI groups. Classification was better with gene expression data from liver than from duodenum. Genes associated with FE in liver and duodenum tissue that can be used as predictive biomarkers for this trait were identified.</AbstractText>
            </Abstract>
            <AuthorList CompleteYN="Y">
                <Author ValidYN="Y">
                    <LastName>Piles</LastName>
                    <ForeName>Miriam</ForeName>
                    <Initials>M</Initials>
                    <Identifier Source="ORCID">http://orcid.org/0000-0001-8265-9930</Identifier>
                    <AffiliationInfo>
                        <Affiliation>Animal Breeding and Genetics Program, Institute of Agriculture and Food Research and Technology (IRTA), Torre Marimon s/n, 08140, Caldes de Montbui, Barcelona, Spain. miriam.piles@irta.es.</Affiliation>
                    </AffiliationInfo>
                </Author>
                <Author ValidYN="Y">
                    <LastName>Fernandez-Lozano</LastName>
                    <ForeName>Carlos</ForeName>
                    <Initials>C</Initials>
                    <AffiliationInfo>
                        <Affiliation>Computer Science Department, University of A Coru<U+00F1>a, Campus Elvi<U+00F1>a s/n, 15071, A Coru<U+00F1>a, Spain.</Affiliation>
                    </AffiliationInfo>
                </Author>
                <Author ValidYN="Y">
                    <LastName>Velasco-Galilea</LastName>
                    <ForeName>Mar<U+00ED>a</ForeName>
                    <Initials>M</Initials>
                    <AffiliationInfo>
                        <Affiliation>Animal Breeding and Genetics Program, Institute of Agriculture and Food Research and Technology (IRTA), Torre Marimon s/n, 08140, Caldes de Montbui, Barcelona, Spain.</Affiliation>
                    </AffiliationInfo>
                </Author>
                <Author ValidYN="Y">
                    <LastName>Gonz<U+00E1>lez-Rodr<U+00ED>guez</LastName>
                    <ForeName>Olga</ForeName>
                    <Initials>O</Initials>
                    <AffiliationInfo>
                        <Affiliation>Animal Breeding and Genetics Program, Institute of Agriculture and Food Research and Technology (IRTA), Torre Marimon s/n, 08140, Caldes de Montbui, Barcelona, Spain.</Affiliation>
                    </AffiliationInfo>
                </Author>
                <Author ValidYN="Y">
                    <LastName>S<U+00E1>nchez</LastName>
                    <ForeName>Juan Pablo</ForeName>
                    <Initials>JP</Initials>
                    <AffiliationInfo>
                        <Affiliation>Animal Breeding and Genetics Program, Institute of Agriculture and Food Research and Technology (IRTA), Torre Marimon s/n, 08140, Caldes de Montbui, Barcelona, Spain.</Affiliation>
                    </AffiliationInfo>
                </Author>
                <Author ValidYN="Y">
                    <LastName>Torrallardona</LastName>
                    <ForeName>David</ForeName>
                    <Initials>D</Initials>
                    <AffiliationInfo>
                        <Affiliation>Animal Nutrition Program, Institute of Agriculture and Food Research and Technology (IRTA), Mas de Bover, 43120, Constant<U+00ED>, Spain.</Affiliation>
                    </AffiliationInfo>
                </Author>
                <Author ValidYN="Y">
                    <LastName>Ballester</LastName>
                    <ForeName>Maria</ForeName>
                    <Initials>M</Initials>
                    <AffiliationInfo>
                        <Affiliation>Animal Breeding and Genetics Program, Institute of Agriculture and Food Research and Technology (IRTA), Torre Marimon s/n, 08140, Caldes de Montbui, Barcelona, Spain.</Affiliation>
                    </AffiliationInfo>
                </Author>
                <Author ValidYN="Y">
                    <LastName>Quintanilla</LastName>
                    <ForeName>Raquel</ForeName>
                    <Initials>R</Initials>
                    <AffiliationInfo>
                        <Affiliation>Animal Breeding and Genetics Program, Institute of Agriculture and Food Research and Technology (IRTA), Torre Marimon s/n, 08140, Caldes de Montbui, Barcelona, Spain.</Affiliation>
                    </AffiliationInfo>
                </Author>
            </AuthorList>
            <Language>eng</Language>
            <GrantList CompleteYN="Y">
                <Grant>
                    <GrantID>311794</GrantID>
                    <Agency>European Union Seventh Framework Programme (FP7/2007-2013)</Agency>
                    <Country/>
                </Grant>
                <Grant>
                    <GrantID>FJCI-2015-26071</GrantID>
                    <Agency>Spanish Ministry of Economy and Competitiveness</Agency>
                    <Country/>
                </Grant>
            </GrantList>
            <PublicationTypeList>
                <PublicationType UI="D016428">Journal Article</PublicationType>
            </PublicationTypeList>
            <ArticleDate DateType="Electronic">
                <Year>2019</Year>
                <Month>03</Month>
                <Day>13</Day>
            </ArticleDate>
        </Article>
        <MedlineJournalInfo>
            <Country>France</Country>
            <MedlineTA>Genet Sel Evol</MedlineTA>
            <NlmUniqueID>9114088</NlmUniqueID>
            <ISSNLinking>0999-193X</ISSNLinking>
        </MedlineJournalInfo>
    </MedlineCitation>
    <PubmedData>
        <History>
            <PubMedPubDate PubStatus="received">
                <Year>2018</Year>
                <Month>06</Month>
                <Day>15</Day>
            </PubMedPubDate>
            <PubMedPubDate PubStatus="accepted">
                <Year>2019</Year>
                <Month>03</Month>
                <Day>04</Day>
            </PubMedPubDate>
            <PubMedPubDate PubStatus="entrez">
                <Year>2019</Year>
                <Month>3</Month>
                <Day>15</Day>
                <Hour>6</Hour>
                <Minute>0</Minute>
            </PubMedPubDate>
            <PubMedPubDate PubStatus="pubmed">
                <Year>2019</Year>
                <Month>3</Month>
                <Day>15</Day>
                <Hour>6</Hour>
                <Minute>0</Minute>
            </PubMedPubDate>
            <PubMedPubDate PubStatus="medline">
                <Year>2019</Year>
                <Month>3</Month>
                <Day>15</Day>
                <Hour>6</Hour>
                <Minute>0</Minute>
            </PubMedPubDate>
        </History>
        <PublicationStatus>epublish</PublicationStatus>
        <ArticleIdList>
            <ArticleId IdType="pubmed">30866799</ArticleId>
            <ArticleId IdType="doi">10.1186/s12711-019-0453-y</ArticleId>
            <ArticleId IdType="pii">10.1186/s12711-019-0453-y</ArticleId>
        </ArticleIdList>
    </PubmedData>
</PubmedArticle>


<PubmedArticle>
    <MedlineCitation Status="In-Process" Owner="NLM">
        <PMID Version="1">30866758</PMID>
        <DateRevised>
            <Year>2019</Year>
            <Month>03</Month>
            <Day>14</Day>
        </DateRevised>
        <Article PubModel="Print">
            <Journal>
                <ISSN IssnType="Electronic">2222-1751</ISSN>
                <JournalIssue CitedMedium="Internet">
                    <Volume>8</Volume>
                    <Issue>1</Issue>
                    <PubDate>
                        <Year>2019</Year>
                    </PubDate>
                </JournalIssue>
                <Title>Emerging microbes &amp; infections</Title>
                <ISOAbbreviation>Emerg Microbes Infect</ISOAbbreviation>
            </Journal>
            <ArticleTitle>Housecleaning of pyrimidine nucleotide pool coordinates metabolic adaptation of nongrowing Mycobacterium tuberculosis.</ArticleTitle>
            <Pagination>
                <MedlinePgn>40-44</MedlinePgn>
            </Pagination>
            <ELocationID EIdType="doi" ValidYN="Y">10.1080/22221751.2018.1559706</ELocationID>
            <Abstract>
                <AbstractText>The ability of Mycobacterium tuberculosis (Mtb) to adopt a slowly growing or nongrowing state within the host plays a critical role for the bacilli to persist in the face of a prolonged multidrug therapy, establish latency and sustain chronic infection. In our previous study, we revealed that genome maintenance via MazG-mediated elimination of oxidized dCTP contributes to the antibiotic tolerance of nongrowing Mtb. Here, we provide evidence that housecleaning of pyrimidine nucleotide pool via MazG coordinates metabolic adaptation of Mtb to nongrowing state. We found that the <U+0394>mazG mutant fails to maintain a nongrowing and metabolic quiescence state under dormancy models in vitro. To investigate bacterial metabolic changes during infection, we employed RNA-seq to compare the global transcriptional response of wild-type Mtb and the <U+0394>mazG mutant after infection of macrophages. Pathway enrichment analyses of the differentially regulated genes indicate that the deletion of mazG in Mtb not only results in DNA instability, but also perturbs pyrimidine metabolism, iron and carbon source uptake, catabolism of propionate and TCA cycle. Moreover, these transcriptional signatures reflect anticipatory metabolism and regulatory activities observed during cell cycle re-entry in the <U+0394>mazG mutant. Taken together, these results provide evidence that pyrimidine metabolism is a metabolic checkpoint during mycobacterial adaptation to nongrowing state.</AbstractText>
            </Abstract>
            <AuthorList CompleteYN="Y">
                <Author ValidYN="Y">
                    <LastName>Shi</LastName>
                    <ForeName>Kun-Xiong</ForeName>
                    <Initials>KX</Initials>
                    <AffiliationInfo>
                        <Affiliation>a Key Laboratory of Medical Molecular Virology of MOE/MOH , School of Basic Medical Sciences, Fudan University , Shanghai , People's Republic of China.</Affiliation>
                    </AffiliationInfo>
                </Author>
                <Author ValidYN="Y">
                    <LastName>Wu</LastName>
                    <ForeName>Yong-Kai</ForeName>
                    <Initials>YK</Initials>
                    <AffiliationInfo>
                        <Affiliation>a Key Laboratory of Medical Molecular Virology of MOE/MOH , School of Basic Medical Sciences, Fudan University , Shanghai , People's Republic of China.</Affiliation>
                    </AffiliationInfo>
                    <AffiliationInfo>
                        <Affiliation>b Department of Microbiology , School of Life Sciences, Fudan University , Shanghai , People's Republic of China.</Affiliation>
                    </AffiliationInfo>
                </Author>
                <Author ValidYN="Y">
                    <LastName>Tang</LastName>
                    <ForeName>Bi-Kui</ForeName>
                    <Initials>BK</Initials>
                    <AffiliationInfo>
                        <Affiliation>c Department of Life Science , Bengbu Medical College , Bengbu , People's Republic of China.</Affiliation>
                    </AffiliationInfo>
                </Author>
                <Author ValidYN="Y">
                    <LastName>Zhao</LastName>
                    <ForeName>Guo-Ping</ForeName>
                    <Initials>GP</Initials>
                    <Identifier Source="ORCID">http://orcid.org/0000-0002-4691-3257</Identifier>
                    <AffiliationInfo>
                        <Affiliation>b Department of Microbiology , School of Life Sciences, Fudan University , Shanghai , People's Republic of China.</Affiliation>
                    </AffiliationInfo>
                    <AffiliationInfo>
                        <Affiliation>d Department of Microbiology and Li Ka Shing Institute of Health Sciences , The Chinese University of Hong Kong, Prince of Wales Hospital, New Territories , Hong Kong , People's Republic of China.</Affiliation>
                    </AffiliationInfo>
                    <AffiliationInfo>
                        <Affiliation>e CAS-Key Laboratory of Synthetic Biology , Shanghai Institute of Plant Physiology and Ecology, Chinese Academy of Sciences , Shanghai , People's Republic of China.</Affiliation>
                    </AffiliationInfo>
                </Author>
                <Author ValidYN="Y">
                    <LastName>Lyu</LastName>
                    <ForeName>Liang-Dong</ForeName>
                    <Initials>LD</Initials>
                    <Identifier Source="ORCID">http://orcid.org/0000-0001-6391-6030</Identifier>
                    <AffiliationInfo>
                        <Affiliation>a Key Laboratory of Medical Molecular Virology of MOE/MOH , School of Basic Medical Sciences, Fudan University , Shanghai , People's Republic of China.</Affiliation>
                    </AffiliationInfo>
                </Author>
            </AuthorList>
            <Language>eng</Language>
            <PublicationTypeList>
                <PublicationType UI="D016428">Journal Article</PublicationType>
            </PublicationTypeList>
        </Article>
        <MedlineJournalInfo>
            <Country>United States</Country>
            <MedlineTA>Emerg Microbes Infect</MedlineTA>
            <NlmUniqueID>101594885</NlmUniqueID>
            <ISSNLinking>2222-1751</ISSNLinking>
        </MedlineJournalInfo>
        <KeywordList Owner="NOTNLM">
            <Keyword MajorTopicYN="N"/>
            <Keyword MajorTopicYN="N">dormancy</Keyword>
            <Keyword MajorTopicYN="N">mazG</Keyword>
            <Keyword MajorTopicYN="N">nongrowing state</Keyword>
            <Keyword MajorTopicYN="N">pyrimidine metabolism</Keyword>
        </KeywordList>
    </MedlineCitation>
    <PubmedData>
        <History>
            <PubMedPubDate PubStatus="entrez">
                <Year>2019</Year>
                <Month>3</Month>
                <Day>15</Day>
                <Hour>6</Hour>
                <Minute>0</Minute>
            </PubMedPubDate>
            <PubMedPubDate PubStatus="pubmed">
                <Year>2019</Year>
                <Month>3</Month>
                <Day>15</Day>
                <Hour>6</Hour>
                <Minute>0</Minute>
            </PubMedPubDate>
            <PubMedPubDate PubStatus="medline">
                <Year>2019</Year>
                <Month>3</Month>
                <Day>15</Day>
                <Hour>6</Hour>
                <Minute>0</Minute>
            </PubMedPubDate>
        </History>
        <PublicationStatus>ppublish</PublicationStatus>
        <ArticleIdList>
            <ArticleId IdType="pubmed">30866758</ArticleId>
            <ArticleId IdType="doi">10.1080/22221751.2018.1559706</ArticleId>
        </ArticleIdList>
    </PubmedData>
</PubmedArticle>


<PubmedArticle>
    <MedlineCitation Status="In-Data-Review" Owner="NLM">
        <PMID Version="1">30866732</PMID>
        <DateRevised>
            <Year>2019</Year>
            <Month>03</Month>
            <Day>14</Day>
        </DateRevised>
        <Article PubModel="Print">
            <Journal>
                <ISSN IssnType="Electronic">1757-6334</ISSN>
                <JournalIssue CitedMedium="Internet">
                    <Volume>17</Volume>
                    <Issue>1</Issue>
                    <PubDate>
                        <Year>2019</Year>
                        <Month>Feb</Month>
                    </PubDate>
                </JournalIssue>
                <Title>Journal of bioinformatics and computational biology</Title>
                <ISOAbbreviation>J Bioinform Comput Biol</ISOAbbreviation>
            </Journal>
            <ArticleTitle>Bioinformatic identification of differentially expressed genes associated with prognosis of locally advanced lymph node-positive prostate cancer.</ArticleTitle>
            <Pagination>
                <MedlinePgn>1950003</MedlinePgn>
            </Pagination>
            <ELocationID EIdType="doi" ValidYN="Y">10.1142/S0219720019500033</ELocationID>
            <Abstract>
                <AbstractText>Prostate cancer (PCa) is one of the primary causes of cancer-related mortality in men worldwide. Patients with locally advanced PCa with metastases in regional lymph nodes are usually marked as a high-risk group. One of the chief concerns for this group is to make an informed decision about the necessity of conducting adjuvant androgen deprivation therapy after radical surgical treatment. During the oncogenic transformation and progression of the disease, the expression of many genes is altered. Some of these genes can serve as markers for diagnosis, predicting the prognosis or effectiveness of drug therapy, as well as possible therapeutic targets. We undertook bioinformatic analysis of the RNA-seq data deposited in The Cancer Genome Atlas consortium database to identify possible prognostic markers. We compared the groups with favorable and unfavorable prognosis for the cohort of patients with PCa showing lymph node metastasis (pT2N1M0, pT3N1M0, and pT4N1M0) and for the most common molecular type carrying the fusion transcript TMPRSS2-ERG. For the entire cohort, we revealed at least six potential markers (IDO1, UGT2B15, IFNG, MUC6, CXCL11, and GBP1). Most of these genes are involved in the positive regulation of immune response. For the TMPRSS2-ERG subtype, we also identified six genes, the expression of which may be associated with prognosis: TOB1, GALNT7, INAFM1, APELA, RAC3, and NNMT. The identified genes, after additional studies and validation in the extended cohort, could serve as a prognostic marker of locally advanced lymph node-positive PCa.</AbstractText>
            </Abstract>
            <AuthorList CompleteYN="Y">
                <Author ValidYN="Y">
                    <LastName>Kudryavtseva</LastName>
                    <ForeName>Anna V</ForeName>
                    <Initials>AV</Initials>
                    <Identifier Source="ORCID">http://orcid.org/0000-0002-3722-8207</Identifier>
                    <AffiliationInfo>
                        <Affiliation>* Laboratory of Postgenomic Research, Engelhardt Institute of Molecular Biology Russian Academy of Sciences, Vavilova 32, Moscow 119991, Russian Federation.</Affiliation>
                    </AffiliationInfo>
                </Author>
                <Author ValidYN="Y">
                    <LastName>Lukyanova</LastName>
                    <ForeName>Elena N</ForeName>
                    <Initials>EN</Initials>
                    <AffiliationInfo>
                        <Affiliation>* Laboratory of Postgenomic Research, Engelhardt Institute of Molecular Biology Russian Academy of Sciences, Vavilova 32, Moscow 119991, Russian Federation.</Affiliation>
                    </AffiliationInfo>
                </Author>
                <Author ValidYN="Y">
                    <LastName>Kharitonov</LastName>
                    <ForeName>Sergey L</ForeName>
                    <Initials>SL</Initials>
                    <AffiliationInfo>
                        <Affiliation>* Laboratory of Postgenomic Research, Engelhardt Institute of Molecular Biology Russian Academy of Sciences, Vavilova 32, Moscow 119991, Russian Federation.</Affiliation>
                    </AffiliationInfo>
                </Author>
                <Author ValidYN="Y">
                    <LastName>Nyushko</LastName>
                    <ForeName>Kirill M</ForeName>
                    <Initials>KM</Initials>
                    <AffiliationInfo>
                        <Affiliation>† Federal State Budgetary Institution, National Medical Research Radiological Center of the Ministry of Health of the Russian Federation, 4 Korolev Str., Obninsk 249036, Russian Federation.</Affiliation>
                    </AffiliationInfo>
                </Author>
                <Author ValidYN="Y">
                    <LastName>Krasheninnikov</LastName>
                    <ForeName>Alexey A</ForeName>
                    <Initials>AA</Initials>
                    <AffiliationInfo>
                        <Affiliation>† Federal State Budgetary Institution, National Medical Research Radiological Center of the Ministry of Health of the Russian Federation, 4 Korolev Str., Obninsk 249036, Russian Federation.</Affiliation>
                    </AffiliationInfo>
                </Author>
                <Author ValidYN="Y">
                    <LastName>Pudova</LastName>
                    <ForeName>Elena A</ForeName>
                    <Initials>EA</Initials>
                    <AffiliationInfo>
                        <Affiliation>* Laboratory of Postgenomic Research, Engelhardt Institute of Molecular Biology Russian Academy of Sciences, Vavilova 32, Moscow 119991, Russian Federation.</Affiliation>
                    </AffiliationInfo>
                </Author>
                <Author ValidYN="Y">
                    <LastName>Guvatova</LastName>
                    <ForeName>Zulfiya G</ForeName>
                    <Initials>ZG</Initials>
                    <AffiliationInfo>
                        <Affiliation>* Laboratory of Postgenomic Research, Engelhardt Institute of Molecular Biology Russian Academy of Sciences, Vavilova 32, Moscow 119991, Russian Federation.</Affiliation>
                    </AffiliationInfo>
                </Author>
                <Author ValidYN="Y">
                    <LastName>Alekseev</LastName>
                    <ForeName>Boris Y</ForeName>
                    <Initials>BY</Initials>
                    <AffiliationInfo>
                        <Affiliation>† Federal State Budgetary Institution, National Medical Research Radiological Center of the Ministry of Health of the Russian Federation, 4 Korolev Str., Obninsk 249036, Russian Federation.</Affiliation>
                    </AffiliationInfo>
                </Author>
                <Author ValidYN="Y">
                    <LastName>Kiseleva</LastName>
                    <ForeName>Marina V</ForeName>
                    <Initials>MV</Initials>
                    <AffiliationInfo>
                        <Affiliation>† Federal State Budgetary Institution, National Medical Research Radiological Center of the Ministry of Health of the Russian Federation, 4 Korolev Str., Obninsk 249036, Russian Federation.</Affiliation>
                    </AffiliationInfo>
                </Author>
                <Author ValidYN="Y">
                    <LastName>Kaprin</LastName>
                    <ForeName>Andrey D</ForeName>
                    <Initials>AD</Initials>
                    <AffiliationInfo>
                        <Affiliation>† Federal State Budgetary Institution, National Medical Research Radiological Center of the Ministry of Health of the Russian Federation, 4 Korolev Str., Obninsk 249036, Russian Federation.</Affiliation>
                    </AffiliationInfo>
                </Author>
                <Author ValidYN="Y">
                    <LastName>Dmitriev</LastName>
                    <ForeName>Alexey A</ForeName>
                    <Initials>AA</Initials>
                    <AffiliationInfo>
                        <Affiliation>* Laboratory of Postgenomic Research, Engelhardt Institute of Molecular Biology Russian Academy of Sciences, Vavilova 32, Moscow 119991, Russian Federation.</Affiliation>
                    </AffiliationInfo>
                </Author>
                <Author ValidYN="Y">
                    <LastName>Snezhkina</LastName>
                    <ForeName>Anastasiya V</ForeName>
                    <Initials>AV</Initials>
                    <AffiliationInfo>
                        <Affiliation>* Laboratory of Postgenomic Research, Engelhardt Institute of Molecular Biology Russian Academy of Sciences, Vavilova 32, Moscow 119991, Russian Federation.</Affiliation>
                    </AffiliationInfo>
                </Author>
                <Author ValidYN="Y">
                    <LastName>Krasnov</LastName>
                    <ForeName>George S</ForeName>
                    <Initials>GS</Initials>
                    <AffiliationInfo>
                        <Affiliation>* Laboratory of Postgenomic Research, Engelhardt Institute of Molecular Biology Russian Academy of Sciences, Vavilova 32, Moscow 119991, Russian Federation.</Affiliation>
                    </AffiliationInfo>
                </Author>
            </AuthorList>
            <Language>eng</Language>
            <PublicationTypeList>
                <PublicationType UI="D016428">Journal Article</PublicationType>
            </PublicationTypeList>
        </Article>
        <MedlineJournalInfo>
            <Country>Singapore</Country>
            <MedlineTA>J Bioinform Comput Biol</MedlineTA>
            <NlmUniqueID>101187344</NlmUniqueID>
            <ISSNLinking>0219-7200</ISSNLinking>
        </MedlineJournalInfo>
        <KeywordList Owner="NOTNLM">
            <Keyword MajorTopicYN="N"/>
            <Keyword MajorTopicYN="N">Prostate cancer</Keyword>
            <Keyword MajorTopicYN="N">prognostic markers</Keyword>
        </KeywordList>
    </MedlineCitation>
    <PubmedData>
        <History>
            <PubMedPubDate PubStatus="entrez">
                <Year>2019</Year>
                <Month>3</Month>
                <Day>15</Day>
                <Hour>6</Hour>
                <Minute>0</Minute>
            </PubMedPubDate>
            <PubMedPubDate PubStatus="pubmed">
                <Year>2019</Year>
                <Month>3</Month>
                <Day>15</Day>
                <Hour>6</Hour>
                <Minute>0</Minute>
            </PubMedPubDate>
            <PubMedPubDate PubStatus="medline">
                <Year>2019</Year>
                <Month>3</Month>
                <Day>15</Day>
                <Hour>6</Hour>
                <Minute>0</Minute>
            </PubMedPubDate>
        </History>
        <PublicationStatus>ppublish</PublicationStatus>
        <ArticleIdList>
            <ArticleId IdType="pubmed">30866732</ArticleId>
            <ArticleId IdType="doi">10.1142/S0219720019500033</ArticleId>
        </ArticleIdList>
    </PubmedData>
</PubmedArticle>


<PubmedArticle>
    <MedlineCitation Status="Publisher" Owner="NLM">
        <PMID Version="1">30866650</PMID>
        <DateRevised>
            <Year>2019</Year>
            <Month>03</Month>
            <Day>19</Day>
        </DateRevised>
        <Article PubModel="Print-Electronic">
            <Journal>
                <ISSN IssnType="Electronic">1524-4539</ISSN>
                <JournalIssue CitedMedium="Internet">
                    <PubDate>
                        <Year>2019</Year>
                        <Month>03</Month>
                        <Day>14</Day>
                    </PubDate>
                </JournalIssue>
                <Title>Circulation</Title>
                <ISOAbbreviation>Circulation</ISOAbbreviation>
            </Journal>
            <ArticleTitle>Human Induced Pluripotent Stem Cell Model of Trastuzumab-Induced Cardiac Dysfunction in Breast Cancer Patients.</ArticleTitle>
            <ELocationID EIdType="doi" ValidYN="Y">10.1161/CIRCULATIONAHA.118.037357</ELocationID>
            <Abstract>
                <AbstractText Label="BACKGROUND">Molecular targeted chemotherapies have been shown to significantly improve cancer patient outcomes, but often cause cardiovascular side effects that limit their use and impair patients' quality of life. Cardiac dysfunction induced by these therapies, especially trastuzumab, shows a distinct cardiotoxic clinical phenotype compared to cardiotoxicity induced by conventional chemotherapies.</AbstractText>
                <AbstractText Label="METHODS">We employed the human induced pluripotent stem cell-derived cardiomyocyte (iPSC-CM) platform to determine the underlying cellular mechanisms in trastuzumab-induced cardiac dysfunction. We assessed the effects of trastuzumab on structural and functional properties in iPSC-CMs from healthy individuals and performed RNA-sequencing (RNA-seq) to further examine the effect of trastuzumab on iPSC-CMs. We also generated iPSCs from patients receiving trastuzumab and examined whether patients' phenotype could be recapitulated in vitro using patient-specific iPSC-CMs.</AbstractText>
                <AbstractText Label="RESULTS">We found that clinically relevant doses of trastuzumab significantly impaired the contractile and calcium handling properties of iPSC-CMs without inducing cardiomyocyte death or sarcomeric disorganization. RNA-seq and subsequent functional analysis revealed mitochondrial dysfunction and altered cardiac energy metabolism pathway as primary causes of trastuzumab-induced cardiotoxic phenotype. Human iPSC-CMs generated from patients who received trastuzumab and experienced severe cardiac dysfunction were more vulnerable to trastuzumab treatment, compared to iPSC-CMs generated from patients who did not experience cardiac dysfunction following trastuzumab therapy. Importantly, metabolic modulation with AMPK activators could avert the adverse effects induced by trastuzumab.</AbstractText>
                <AbstractText Label="CONCLUSIONS">Our results indicate that alterations in cellular metabolic pathways in cardiomyocytes could be a key mechanism underlying the development of cardiac dysfunction following trastuzumab therapy; therefore, targeting the altered metabolism may be a promising therapeutic approach for trastuzumab-induced cardiac dysfunction.</AbstractText>
            </Abstract>
            <AuthorList CompleteYN="Y">
                <Author ValidYN="Y">
                    <LastName>Kitani</LastName>
                    <ForeName>Tomoya</ForeName>
                    <Initials>T</Initials>
                    <AffiliationInfo>
                        <Affiliation>Stanford University School of Medicine, Stanford, CA.</Affiliation>
                    </AffiliationInfo>
                </Author>
                <Author ValidYN="Y">
                    <LastName>Ong</LastName>
                    <ForeName>Sang-Ging</ForeName>
                    <Initials>SG</Initials>
                    <AffiliationInfo>
                        <Affiliation>University of Illinois at Chicago, IL.</Affiliation>
                    </AffiliationInfo>
                </Author>
                <Author ValidYN="Y">
                    <LastName>Lam</LastName>
                    <ForeName>Chi Keung</ForeName>
                    <Initials>CK</Initials>
                    <AffiliationInfo>
                        <Affiliation>Stanford Cardiovascular Institute, Stanford University School of Medicine, Stanford, CA.</Affiliation>
                    </AffiliationInfo>
                </Author>
                <Author ValidYN="Y">
                    <LastName>Rhee</LastName>
                    <ForeName>June-Wha</ForeName>
                    <Initials>JW</Initials>
                    <AffiliationInfo>
                        <Affiliation>Center for Inherited Cardiovascular Disease, Stanford University School of Medicine, Stanford, CA.</Affiliation>
                    </AffiliationInfo>
                </Author>
                <Author ValidYN="Y">
                    <LastName>Zhang</LastName>
                    <ForeName>Joe Z</ForeName>
                    <Initials>JZ</Initials>
                    <AffiliationInfo>
                        <Affiliation>Stanford Cardiovascular Institute, Stanford University School of Medicine, Stanford, CA.</Affiliation>
                    </AffiliationInfo>
                </Author>
                <Author ValidYN="Y">
                    <LastName>Oikonomopoulos</LastName>
                    <ForeName>Angelos</ForeName>
                    <Initials>A</Initials>
                    <AffiliationInfo>
                        <Affiliation>Stanford Cardiovascular Institute, Institute for Stem Cell Biology and Regenerative Medicine, Department of Medicine, Division of Cardiology, Stanford University School of Medicine, CA</Affiliation>
                    </AffiliationInfo>
                </Author>
                <Author ValidYN="Y">
                    <LastName>Ma</LastName>
                    <ForeName>Ning</ForeName>
                    <Initials>N</Initials>
                    <AffiliationInfo>
                        <Affiliation>Stanford Cardiovascular Institute, Stanford University School of Medicine, Stanford, CA.</Affiliation>
                    </AffiliationInfo>
                </Author>
                <Author ValidYN="Y">
                    <LastName>Tian</LastName>
                    <ForeName>Lei</ForeName>
                    <Initials>L</Initials>
                    <AffiliationInfo>
                        <Affiliation>Stanford Cardiovascular Institute, Stanford University School of Medicine, Stanford, CA.</Affiliation>
                    </AffiliationInfo>
                </Author>
                <Author ValidYN="Y">
                    <LastName>Lee</LastName>
                    <ForeName>Jaecheol</ForeName>
                    <Initials>J</Initials>
                    <AffiliationInfo>
                        <Affiliation>School of Pharmacy, Sungkyunkwan University School of Pharmacy, Republic of Korea.</Affiliation>
                    </AffiliationInfo>
                </Author>
                <Author ValidYN="Y">
                    <LastName>Telli</LastName>
                    <ForeName>Melinda L</ForeName>
                    <Initials>ML</Initials>
                    <AffiliationInfo>
                        <Affiliation>Stanford University School of Medicine, Stanford, CA.</Affiliation>
                    </AffiliationInfo>
                </Author>
                <Author ValidYN="Y">
                    <LastName>Witteles</LastName>
                    <ForeName>Ronald M</ForeName>
                    <Initials>RM</Initials>
                    <AffiliationInfo>
                        <Affiliation>Internal Medicine (Cardiovascular Medicine), Stanford University School of Medicine, UNITED STATES.</Affiliation>
                    </AffiliationInfo>
                </Author>
                <Author ValidYN="Y">
                    <LastName>Sharma</LastName>
                    <ForeName>Arun</ForeName>
                    <Initials>A</Initials>
                    <AffiliationInfo>
                        <Affiliation>Genetics, Harvard Medical School, Boston, MA.</Affiliation>
                    </AffiliationInfo>
                </Author>
                <Author ValidYN="Y">
                    <LastName>Sayed</LastName>
                    <ForeName>Nazish</ForeName>
                    <Initials>N</Initials>
                    <AffiliationInfo>
                        <Affiliation>Stanford Cardiovascular Institute, Stanford University School of Medicine, Stanford, CA.</Affiliation>
                    </AffiliationInfo>
                </Author>
                <Author ValidYN="Y">
                    <LastName>Wu</LastName>
                    <ForeName>Joseph C</ForeName>
                    <Initials>JC</Initials>
                    <AffiliationInfo>
                        <Affiliation>Stanford Cardiovascular Institute, Stanford University School of Medicine, Stanford, CA.</Affiliation>
                    </AffiliationInfo>
                </Author>
            </AuthorList>
            <Language>eng</Language>
            <PublicationTypeList>
                <PublicationType UI="D016428">Journal Article</PublicationType>
            </PublicationTypeList>
            <ArticleDate DateType="Electronic">
                <Year>2019</Year>
                <Month>03</Month>
                <Day>14</Day>
            </ArticleDate>
        </Article>
        <MedlineJournalInfo>
            <Country>United States</Country>
            <MedlineTA>Circulation</MedlineTA>
            <NlmUniqueID>0147763</NlmUniqueID>
            <ISSNLinking>0009-7322</ISSNLinking>
        </MedlineJournalInfo>
    </MedlineCitation>
    <PubmedData>
        <History>
            <PubMedPubDate PubStatus="entrez">
                <Year>2019</Year>
                <Month>3</Month>
                <Day>15</Day>
                <Hour>6</Hour>
                <Minute>0</Minute>
            </PubMedPubDate>
            <PubMedPubDate PubStatus="pubmed">
                <Year>2019</Year>
                <Month>3</Month>
                <Day>15</Day>
                <Hour>6</Hour>
                <Minute>0</Minute>
            </PubMedPubDate>
            <PubMedPubDate PubStatus="medline">
                <Year>2019</Year>
                <Month>3</Month>
                <Day>15</Day>
                <Hour>6</Hour>
                <Minute>0</Minute>
            </PubMedPubDate>
        </History>
        <PublicationStatus>aheadofprint</PublicationStatus>
        <ArticleIdList>
            <ArticleId IdType="pubmed">30866650</ArticleId>
            <ArticleId IdType="doi">10.1161/CIRCULATIONAHA.118.037357</ArticleId>
        </ArticleIdList>
    </PubmedData>
</PubmedArticle>


<PubmedArticle>
    <MedlineCitation Status="PubMed-not-MEDLINE" Owner="NLM">
        <PMID Version="1">30866571</PMID>
        <DateRevised>
            <Year>2019</Year>
            <Month>03</Month>
            <Day>14</Day>
        </DateRevised>
        <Article PubModel="Electronic">
            <Journal>
                <ISSN IssnType="Print">2072-6694</ISSN>
                <JournalIssue CitedMedium="Print">
                    <Volume>11</Volume>
                    <Issue>3</Issue>
                    <PubDate>
                        <Year>2019</Year>
                        <Month>Mar</Month>
                        <Day>07</Day>
                    </PubDate>
                </JournalIssue>
                <Title>Cancers</Title>
                <ISOAbbreviation>Cancers (Basel)</ISOAbbreviation>
            </Journal>
            <ArticleTitle>Liquid Biopsies in Lung Cancer: Four Emerging Technologies and Potential Clinical Applications.</ArticleTitle>
            <ELocationID EIdType="pii" ValidYN="Y">E331</ELocationID>
            <ELocationID EIdType="doi" ValidYN="Y">10.3390/cancers11030331</ELocationID>
            <Abstract>
                <AbstractText><i>Background:</i> Liquid biopsies offer a promising alternative to tissue samples, providing non-invasive diagnostic approaches or serial monitoring of disease evolution. However, certain challenges remain, and the full potential of liquid biopsies has yet to be reached. Here we report several methodological approaches to interrogate liquid biopsies using circulating tumour cell (CTC) enumeration and characterisation, transcriptomics, Raman spectroscopy, and copy number instability (CNI) scores using blood samples of lung cancer (LC) patients. <i>Methods</i>: We choose LC; since it still is the most common cause of cancer-related mortality worldwide, and therefore there is a need for development of new non-invasive diagnostic/prognostic technologies. Changes in gene expression were assessed using RNA-seq, and in CTCs using ImageStream, an imaging flow-cytometer. CNI scores, from paired tissue/ctDNA were also explored. Raman spectroscopy was used to provide chemical fingerprints of plasma samples. <i>Results</i>: CTCs were detected in all LC patients (<i>n</i> = 10). We observed a significant increase in CTC levels in LC patients (<i>n</i> = 10) compared to controls (<i>n</i> = 21). A similar CNI was noted in the tissue and plasma of 2 patients, where higher CNI scores corresponded with poorer outcome. Significant changes in Raman spectra (carotenoid concentrations) were noted in LC patients (<i>n</i> = 20) compared to controls (<i>n</i> = 10). RNA-seq revealed differential expression of 21 genes between LC cases and controls in both LC tissue and blood samples. <i>Conclusions</i>: Liquid biopsies can potentially provide a more comprehensive picture of the disease compared to a single tissue biopsy. CTC enumeration is feasible and sensitive for LC patients. Molecular profiling of CTCs is also possible from total blood. CNI scores and Raman spectra require further investigation. Further work is being undertaken to explore these methods of detection in a larger LC cohort.</AbstractText>
            </Abstract>
            <AuthorList CompleteYN="Y">
                <Author ValidYN="Y">
                    <LastName>Chudasama</LastName>
                    <ForeName>Dimple</ForeName>
                    <Initials>D</Initials>
                    <AffiliationInfo>
                        <Affiliation>Department of Life Sciences, Brunel University, London UB83PH, UK. dimple.chudasama@brunel.ac.uk.</Affiliation>
                    </AffiliationInfo>
                    <AffiliationInfo>
                        <Affiliation>Division of Thoracic Surgery, The Royal Brompton &amp; Harefield NHS Foundation Trust, Harefield Hospital, London UB9 6JH, UK. dimple.chudasama@brunel.ac.uk.</Affiliation>
                    </AffiliationInfo>
                </Author>
                <Author ValidYN="Y">
                    <LastName>Katopodis</LastName>
                    <ForeName>Periklis</ForeName>
                    <Initials>P</Initials>
                    <AffiliationInfo>
                        <Affiliation>Department of Life Sciences, Brunel University, London UB83PH, UK. periklis.katopodis@brunel.ac.uk.</Affiliation>
                    </AffiliationInfo>
                    <AffiliationInfo>
                        <Affiliation>Division of Thoracic Surgery, The Royal Brompton &amp; Harefield NHS Foundation Trust, Harefield Hospital, London UB9 6JH, UK. periklis.katopodis@brunel.ac.uk.</Affiliation>
                    </AffiliationInfo>
                </Author>
                <Author ValidYN="Y">
                    <LastName>Stone</LastName>
                    <ForeName>Nick</ForeName>
                    <Initials>N</Initials>
                    <Identifier Source="ORCID">0000-0001-5603-3731</Identifier>
                    <AffiliationInfo>
                        <Affiliation>College of Engineering, Mathematics and Physical Sciences University of Exeter, Exeter EX4 4QF, UK. n.stone@exeter.ac.uk.</Affiliation>
                    </AffiliationInfo>
                </Author>
                <Author ValidYN="Y">
                    <LastName>Haskell</LastName>
                    <ForeName>Jennifer</ForeName>
                    <Initials>J</Initials>
                    <AffiliationInfo>
                        <Affiliation>College of Engineering, Mathematics and Physical Sciences University of Exeter, Exeter EX4 4QF, UK. jmh251@exeter.ac.uk.</Affiliation>
                    </AffiliationInfo>
                </Author>
                <Author ValidYN="Y">
                    <LastName>Sheridan</LastName>
                    <ForeName>Hannah</ForeName>
                    <Initials>H</Initials>
                    <AffiliationInfo>
                        <Affiliation>College of Engineering, Mathematics and Physical Sciences University of Exeter, Exeter EX4 4QF, UK. hs438@exeter.ac.uk.</Affiliation>
                    </AffiliationInfo>
                </Author>
                <Author ValidYN="Y">
                    <LastName>Gardner</LastName>
                    <ForeName>Benjamin</ForeName>
                    <Initials>B</Initials>
                    <AffiliationInfo>
                        <Affiliation>College of Engineering, Mathematics and Physical Sciences University of Exeter, Exeter EX4 4QF, UK. B.Gardner@exeter.ac.uk.</Affiliation>
                    </AffiliationInfo>
                </Author>
                <Author ValidYN="Y">
                    <LastName>Urnovitz</LastName>
                    <ForeName>Howard</ForeName>
                    <Initials>H</Initials>
                    <AffiliationInfo>
                        <Affiliation>Chronix Biomedical, 37073 G<U+00F6>ttingen, Germany. hbu@chronixbiomedical.de.</Affiliation>
                    </AffiliationInfo>
                </Author>
                <Author ValidYN="Y">
                    <LastName>Schuetz</LastName>
                    <ForeName>Ekkehard</ForeName>
                    <Initials>E</Initials>
                    <AffiliationInfo>
                        <Affiliation>Chronix Biomedical, 37073 G<U+00F6>ttingen, Germany. esc@chronixbiomedical.de.</Affiliation>
                    </AffiliationInfo>
                </Author>
                <Author ValidYN="Y">
                    <LastName>Beck</LastName>
                    <ForeName>Julia</ForeName>
                    <Initials>J</Initials>
                    <AffiliationInfo>
                        <Affiliation>Chronix Biomedical, 37073 G<U+00F6>ttingen, Germany. jule_beck@mac.com.</Affiliation>
                    </AffiliationInfo>
                </Author>
                <Author ValidYN="Y">
                    <LastName>Hall</LastName>
                    <ForeName>Marcia</ForeName>
                    <Initials>M</Initials>
                    <Identifier Source="ORCID">0000-0003-0039-5041</Identifier>
                    <AffiliationInfo>
                        <Affiliation>Department of Life Sciences, Brunel University, London UB83PH, UK. marcia.hall@nhs.net.</Affiliation>
                    </AffiliationInfo>
                    <AffiliationInfo>
                        <Affiliation>Mount Vernon Cancer Centre, Middlesex HA6 2RN, UK. marcia.hall@nhs.net.</Affiliation>
                    </AffiliationInfo>
                </Author>
                <Author ValidYN="Y">
                    <LastName>Barr</LastName>
                    <ForeName>James</ForeName>
                    <Initials>J</Initials>
                    <AffiliationInfo>
                        <Affiliation>Division of Thoracic Surgery, The Royal Brompton &amp; Harefield NHS Foundation Trust, Harefield Hospital, London UB9 6JH, UK. jgbarr85@gmail.com.</Affiliation>
                    </AffiliationInfo>
                </Author>
                <Author ValidYN="Y">
                    <LastName>Sisu</LastName>
                    <ForeName>Cristina</ForeName>
                    <Initials>C</Initials>
                    <Identifier Source="ORCID">0000-0001-9371-0797</Identifier>
                    <AffiliationInfo>
                        <Affiliation>Department of Life Sciences, Brunel University, London UB83PH, UK. cristina.sisu@brunel.ac.uk.</Affiliation>
                    </AffiliationInfo>
                </Author>
                <Author ValidYN="Y">
                    <LastName>Rice</LastName>
                    <ForeName>Alexandra</ForeName>
                    <Initials>A</Initials>
                    <AffiliationInfo>
                        <Affiliation>Division of Thoracic Surgery, The Royal Brompton &amp; Harefield NHS Foundation Trust, Harefield Hospital, London UB9 6JH, UK. a.rice@rbht.nhs.uk.</Affiliation>
                    </AffiliationInfo>
                </Author>
                <Author ValidYN="Y">
                    <LastName>Polychronis</LastName>
                    <ForeName>Andreas</ForeName>
                    <Initials>A</Initials>
                    <AffiliationInfo>
                        <Affiliation>Mount Vernon Cancer Centre, Middlesex HA6 2RN, UK. andreas.polychronis@nhs.net.</Affiliation>
                    </AffiliationInfo>
                </Author>
                <Author ValidYN="Y">
                    <LastName>Anikin</LastName>
                    <ForeName>Vladimir</ForeName>
                    <Initials>V</Initials>
                    <AffiliationInfo>
                        <Affiliation>Department of Life Sciences, Brunel University, London UB83PH, UK. v.anikin@rbht.nhs.uk.</Affiliation>
                    </AffiliationInfo>
                    <AffiliationInfo>
                        <Affiliation>Division of Thoracic Surgery, The Royal Brompton &amp; Harefield NHS Foundation Trust, Harefield Hospital, London UB9 6JH, UK. v.anikin@rbht.nhs.uk.</Affiliation>
                    </AffiliationInfo>
                    <AffiliationInfo>
                        <Affiliation>Department of Oncology and Reconstructive Surgery, Sechenov First Moscow State Medical University, Moscow 119146, Russia. v.anikin@rbht.nhs.uk.</Affiliation>
                    </AffiliationInfo>
                </Author>
                <Author ValidYN="Y">
                    <LastName>Karteris</LastName>
                    <ForeName>Emmanouil</ForeName>
                    <Initials>E</Initials>
                    <AffiliationInfo>
                        <Affiliation>Department of Life Sciences, Brunel University, London UB83PH, UK. emmanouil.karteris@brunel.ac.uk.</Affiliation>
                    </AffiliationInfo>
                </Author>
            </AuthorList>
            <Language>eng</Language>
            <GrantList CompleteYN="Y">
                <Grant>
                    <GrantID>R33209</GrantID>
                    <Agency>Cancer Treatment and Research Trust (CTRT), Mount Vernon Hospital, UK</Agency>
                    <Country/>
                </Grant>
            </GrantList>
            <PublicationTypeList>
                <PublicationType UI="D016428">Journal Article</PublicationType>
            </PublicationTypeList>
            <ArticleDate DateType="Electronic">
                <Year>2019</Year>
                <Month>03</Month>
                <Day>07</Day>
            </ArticleDate>
        </Article>
        <MedlineJournalInfo>
            <Country>Switzerland</Country>
            <MedlineTA>Cancers (Basel)</MedlineTA>
            <NlmUniqueID>101526829</NlmUniqueID>
            <ISSNLinking>2072-6694</ISSNLinking>
        </MedlineJournalInfo>
        <KeywordList Owner="NOTNLM">
            <Keyword MajorTopicYN="N">Raman spectroscopy</Keyword>
            <Keyword MajorTopicYN="N">circulating tumour cells</Keyword>
            <Keyword MajorTopicYN="N">copy number instability</Keyword>
            <Keyword MajorTopicYN="N">liquid biopsies</Keyword>
            <Keyword MajorTopicYN="N">lung cancer</Keyword>
        </KeywordList>
    </MedlineCitation>
    <PubmedData>
        <History>
            <PubMedPubDate PubStatus="received">
                <Year>2019</Year>
                <Month>02</Month>
                <Day>01</Day>
            </PubMedPubDate>
            <PubMedPubDate PubStatus="accepted">
                <Year>2019</Year>
                <Month>02</Month>
                <Day>28</Day>
            </PubMedPubDate>
            <PubMedPubDate PubStatus="entrez">
                <Year>2019</Year>
                <Month>3</Month>
                <Day>15</Day>
                <Hour>6</Hour>
                <Minute>0</Minute>
            </PubMedPubDate>
            <PubMedPubDate PubStatus="pubmed">
                <Year>2019</Year>
                <Month>3</Month>
                <Day>15</Day>
                <Hour>6</Hour>
                <Minute>0</Minute>
            </PubMedPubDate>
            <PubMedPubDate PubStatus="medline">
                <Year>2019</Year>
                <Month>3</Month>
                <Day>15</Day>
                <Hour>6</Hour>
                <Minute>1</Minute>
            </PubMedPubDate>
        </History>
        <PublicationStatus>epublish</PublicationStatus>
        <ArticleIdList>
            <ArticleId IdType="pubmed">30866571</ArticleId>
            <ArticleId IdType="pii">cancers11030331</ArticleId>
            <ArticleId IdType="doi">10.3390/cancers11030331</ArticleId>
        </ArticleIdList>
    </PubmedData>
</PubmedArticle>


<PubmedArticle>
    <MedlineCitation Status="In-Data-Review" Owner="NLM">
        <PMID Version="1">30865901</PMID>
        <DateRevised>
            <Year>2019</Year>
            <Month>03</Month>
            <Day>13</Day>
        </DateRevised>
        <Article PubModel="Print">
            <Journal>
                <ISSN IssnType="Electronic">2211-1247</ISSN>
                <JournalIssue CitedMedium="Internet">
                    <Volume>26</Volume>
                    <Issue>11</Issue>
                    <PubDate>
                        <Year>2019</Year>
                        <Month>Mar</Month>
                        <Day>12</Day>
                    </PubDate>
                </JournalIssue>
                <Title>Cell reports</Title>
                <ISOAbbreviation>Cell Rep</ISOAbbreviation>
            </Journal>
            <ArticleTitle>Insights into the Biology of Hearing and Deafness Revealed by Single-Cell RNA Sequencing.</ArticleTitle>
            <Pagination>
                <MedlinePgn>3160-3171.e3</MedlinePgn>
            </Pagination>
            <ELocationID EIdType="pii" ValidYN="Y">S2211-1247(19)30232-3</ELocationID>
            <ELocationID EIdType="doi" ValidYN="Y">10.1016/j.celrep.2019.02.053</ELocationID>
            <Abstract>
                <AbstractText>Single-cell RNA sequencing is a powerful tool by which to characterize the transcriptional profile of low-abundance cell types, but its application to the inner ear has been hampered by the bony labyrinth, tissue sparsity, and difficulty dissociating the ultra-rare cells of the membranous cochlea. Herein, we present a method to isolate individual inner hair cells (IHCs), outer hair cells (OHCs), and Deiters' cells (DCs) from the murine cochlea at any post-natal time point. We harvested more than 200 murine IHCs, OHCs, and DCs from post-natal days 15 (p15) to 228 (p228) and leveraged both short- and long-read single-cell RNA sequencing to profile transcript abundance and structure. Our results provide insights into the expression profiles of these cells and document an unappreciated complexity in isoform variety in deafness-associated genes. This refined view of transcription in the organ of Corti improves our understanding of the biology of hearing and deafness.</AbstractText>
                <CopyrightInformation>Copyright © 2019 The Author(s). Published by Elsevier Inc. All rights reserved.</CopyrightInformation>
            </Abstract>
            <AuthorList CompleteYN="Y">
                <Author ValidYN="Y">
                    <LastName>Ranum</LastName>
                    <ForeName>Paul T</ForeName>
                    <Initials>PT</Initials>
                    <AffiliationInfo>
                        <Affiliation>Interdisciplinary Graduate Program in Molecular &amp; Cellular Biology, University of Iowa Graduate College, University of Iowa, Iowa City, IA 52242, USA; Molecular Otolaryngology and Renal Research Laboratories, Carver College of Medicine, University of Iowa, Iowa City, IA 52242, USA.</Affiliation>
                    </AffiliationInfo>
                </Author>
                <Author ValidYN="Y">
                    <LastName>Goodwin</LastName>
                    <ForeName>Alexander T</ForeName>
                    <Initials>AT</Initials>
                    <AffiliationInfo>
                        <Affiliation>Molecular Otolaryngology and Renal Research Laboratories, Carver College of Medicine, University of Iowa, Iowa City, IA 52242, USA.</Affiliation>
                    </AffiliationInfo>
                </Author>
                <Author ValidYN="Y">
                    <LastName>Yoshimura</LastName>
                    <ForeName>Hidekane</ForeName>
                    <Initials>H</Initials>
                    <AffiliationInfo>
                        <Affiliation>Molecular Otolaryngology and Renal Research Laboratories, Carver College of Medicine, University of Iowa, Iowa City, IA 52242, USA; Department of Otorhinolaryngology, Shinshu University School of Medicine, Matsumoto, Japan.</Affiliation>
                    </AffiliationInfo>
                </Author>
                <Author ValidYN="Y">
                    <LastName>Kolbe</LastName>
                    <ForeName>Diana L</ForeName>
                    <Initials>DL</Initials>
                    <AffiliationInfo>
                        <Affiliation>Molecular Otolaryngology and Renal Research Laboratories, Carver College of Medicine, University of Iowa, Iowa City, IA 52242, USA.</Affiliation>
                    </AffiliationInfo>
                </Author>
                <Author ValidYN="Y">
                    <LastName>Walls</LastName>
                    <ForeName>William D</ForeName>
                    <Initials>WD</Initials>
                    <AffiliationInfo>
                        <Affiliation>Molecular Otolaryngology and Renal Research Laboratories, Carver College of Medicine, University of Iowa, Iowa City, IA 52242, USA.</Affiliation>
                    </AffiliationInfo>
                </Author>
                <Author ValidYN="Y">
                    <LastName>Koh</LastName>
                    <ForeName>Jin-Young</ForeName>
                    <Initials>JY</Initials>
                    <AffiliationInfo>
                        <Affiliation>Molecular Otolaryngology and Renal Research Laboratories, Carver College of Medicine, University of Iowa, Iowa City, IA 52242, USA.</Affiliation>
                    </AffiliationInfo>
                </Author>
                <Author ValidYN="Y">
                    <LastName>He</LastName>
                    <ForeName>David Z Z</ForeName>
                    <Initials>DZZ</Initials>
                    <AffiliationInfo>
                        <Affiliation>Department of Biomedical Sciences, Creighton University School of Medicine, Omaha, NE 68178, USA.</Affiliation>
                    </AffiliationInfo>
                </Author>
                <Author ValidYN="Y">
                    <LastName>Smith</LastName>
                    <ForeName>Richard J H</ForeName>
                    <Initials>RJH</Initials>
                    <AffiliationInfo>
                        <Affiliation>Interdisciplinary Graduate Program in Molecular &amp; Cellular Biology, University of Iowa Graduate College, University of Iowa, Iowa City, IA 52242, USA; Molecular Otolaryngology and Renal Research Laboratories, Carver College of Medicine, University of Iowa, Iowa City, IA 52242, USA; Department of Otolaryngology, Head and Neck Surgery, Carver College of Medicine, University of Iowa, Iowa City, IA 52242, USA. Electronic address: richard-smith@uiowa.edu.</Affiliation>
                    </AffiliationInfo>
                </Author>
            </AuthorList>
            <Language>eng</Language>
            <PublicationTypeList>
                <PublicationType UI="D016428">Journal Article</PublicationType>
            </PublicationTypeList>
        </Article>
        <MedlineJournalInfo>
            <Country>United States</Country>
            <MedlineTA>Cell Rep</MedlineTA>
            <NlmUniqueID>101573691</NlmUniqueID>
        </MedlineJournalInfo>
        <KeywordList Owner="NOTNLM">
            <Keyword MajorTopicYN="N">RNA sequencing</Keyword>
            <Keyword MajorTopicYN="N">RNA-seq</Keyword>
            <Keyword MajorTopicYN="N">alternative splicing</Keyword>
            <Keyword MajorTopicYN="N">auditory</Keyword>
            <Keyword MajorTopicYN="N">cochlea</Keyword>
            <Keyword MajorTopicYN="N">gene expression</Keyword>
            <Keyword MajorTopicYN="N">hair cells</Keyword>
            <Keyword MajorTopicYN="N">hearing</Keyword>
            <Keyword MajorTopicYN="N">isoforms</Keyword>
            <Keyword MajorTopicYN="N">scRNA-seq</Keyword>
            <Keyword MajorTopicYN="N">single-cell RNA-seq</Keyword>
            <Keyword MajorTopicYN="N">sorcin</Keyword>
            <Keyword MajorTopicYN="N">splicing</Keyword>
        </KeywordList>
    </MedlineCitation>
    <PubmedData>
        <History>
            <PubMedPubDate PubStatus="received">
                <Year>2018</Year>
                <Month>07</Month>
                <Day>23</Day>
            </PubMedPubDate>
            <PubMedPubDate PubStatus="revised">
                <Year>2018</Year>
                <Month>11</Month>
                <Day>16</Day>
            </PubMedPubDate>
            <PubMedPubDate PubStatus="accepted">
                <Year>2019</Year>
                <Month>02</Month>
                <Day>13</Day>
            </PubMedPubDate>
            <PubMedPubDate PubStatus="entrez">
                <Year>2019</Year>
                <Month>3</Month>
                <Day>14</Day>
                <Hour>6</Hour>
                <Minute>0</Minute>
            </PubMedPubDate>
            <PubMedPubDate PubStatus="pubmed">
                <Year>2019</Year>
                <Month>3</Month>
                <Day>14</Day>
                <Hour>6</Hour>
                <Minute>0</Minute>
            </PubMedPubDate>
            <PubMedPubDate PubStatus="medline">
                <Year>2019</Year>
                <Month>3</Month>
                <Day>14</Day>
                <Hour>6</Hour>
                <Minute>0</Minute>
            </PubMedPubDate>
        </History>
        <PublicationStatus>ppublish</PublicationStatus>
        <ArticleIdList>
            <ArticleId IdType="pubmed">30865901</ArticleId>
            <ArticleId IdType="pii">S2211-1247(19)30232-3</ArticleId>
            <ArticleId IdType="doi">10.1016/j.celrep.2019.02.053</ArticleId>
        </ArticleIdList>
    </PubmedData>
</PubmedArticle>


<PubmedArticle>
    <MedlineCitation Status="In-Data-Review" Owner="NLM">
        <PMID Version="1">30865893</PMID>
        <DateRevised>
            <Year>2019</Year>
            <Month>03</Month>
            <Day>13</Day>
        </DateRevised>
        <Article PubModel="Print">
            <Journal>
                <ISSN IssnType="Electronic">2211-1247</ISSN>
                <JournalIssue CitedMedium="Internet">
                    <Volume>26</Volume>
                    <Issue>11</Issue>
                    <PubDate>
                        <Year>2019</Year>
                        <Month>Mar</Month>
                        <Day>12</Day>
                    </PubDate>
                </JournalIssue>
                <Title>Cell reports</Title>
                <ISOAbbreviation>Cell Rep</ISOAbbreviation>
            </Journal>
            <ArticleTitle>p53 Promotes Cancer Cell Adaptation to Glutamine Deprivation by Upregulating Slc7a3 to Increase Arginine Uptake.</ArticleTitle>
            <Pagination>
                <MedlinePgn>3051-3060.e4</MedlinePgn>
            </Pagination>
            <ELocationID EIdType="pii" ValidYN="Y">S2211-1247(19)30208-6</ELocationID>
            <ELocationID EIdType="doi" ValidYN="Y">10.1016/j.celrep.2019.02.037</ELocationID>
            <Abstract>
                <AbstractText>Cancer cells heavily depend on the amino acid glutamine to meet the demands associated with growth and proliferation. Due to the rapid consumption of glutamine, cancer cells frequently undergo glutamine starvation in vivo. We and others have shown that p53 is a critical regulator in metabolic stress resistance. To better understand the molecular mechanisms by which p53 activation promotes cancer cell adaptation to glutamine deprivation, we identified p53-dependent genes that are induced upon glutamine deprivation by using RNA-seq analysis. We show that Slc7a3, an arginine transporter, is significantly induced by p53. We also show that increased intracellular arginine levels following glutamine deprivation are dependent on p53. The influx of arginine has minimal effects on known metabolic pathways upon glutamine deprivation. Instead, we found arginine serves as an effector for mTORC1 activation to promote cell growth in response to glutamine starvation. Therefore, we identify a p53-inducible gene that contributes to the metabolic stress response.</AbstractText>
                <CopyrightInformation>Copyright © 2019 The Authors. Published by Elsevier Inc. All rights reserved.</CopyrightInformation>
            </Abstract>
            <AuthorList CompleteYN="Y">
                <Author ValidYN="Y">
                    <LastName>Lowman</LastName>
                    <ForeName>Xazmin H</ForeName>
                    <Initials>XH</Initials>
                    <AffiliationInfo>
                        <Affiliation>Department of Molecular Biology and Biochemistry; University of California, Irvine, Irvine, CA 92697, USA.</Affiliation>
                    </AffiliationInfo>
                </Author>
                <Author ValidYN="Y">
                    <LastName>Hanse</LastName>
                    <ForeName>Eric A</ForeName>
                    <Initials>EA</Initials>
                    <AffiliationInfo>
                        <Affiliation>Department of Molecular Biology and Biochemistry; University of California, Irvine, Irvine, CA 92697, USA.</Affiliation>
                    </AffiliationInfo>
                </Author>
                <Author ValidYN="Y">
                    <LastName>Yang</LastName>
                    <ForeName>Ying</ForeName>
                    <Initials>Y</Initials>
                    <AffiliationInfo>
                        <Affiliation>Department of Molecular Biology and Biochemistry; University of California, Irvine, Irvine, CA 92697, USA.</Affiliation>
                    </AffiliationInfo>
                </Author>
                <Author ValidYN="Y">
                    <LastName>Ishak Gabra</LastName>
                    <ForeName>Mari B</ForeName>
                    <Initials>MB</Initials>
                    <AffiliationInfo>
                        <Affiliation>Department of Molecular Biology and Biochemistry; University of California, Irvine, Irvine, CA 92697, USA.</Affiliation>
                    </AffiliationInfo>
                </Author>
                <Author ValidYN="Y">
                    <LastName>Tran</LastName>
                    <ForeName>Thai Q</ForeName>
                    <Initials>TQ</Initials>
                    <AffiliationInfo>
                        <Affiliation>Department of Molecular Biology and Biochemistry; University of California, Irvine, Irvine, CA 92697, USA.</Affiliation>
                    </AffiliationInfo>
                </Author>
                <Author ValidYN="Y">
                    <LastName>Li</LastName>
                    <ForeName>Haiqing</ForeName>
                    <Initials>H</Initials>
                    <AffiliationInfo>
                        <Affiliation>Center for Informatics, City of Hope National Medical Center, Duarte, CA 91010, USA; Department of Computational &amp; Quantitative Medicine, Beckman Research Institute, City of Hope National Medical Center, Duarte, CA 91010, USA.</Affiliation>
                    </AffiliationInfo>
                </Author>
                <Author ValidYN="Y">
                    <LastName>Kong</LastName>
                    <ForeName>Mei</ForeName>
                    <Initials>M</Initials>
                    <AffiliationInfo>
                        <Affiliation>Department of Molecular Biology and Biochemistry; University of California, Irvine, Irvine, CA 92697, USA. Electronic address: meik1@uci.edu.</Affiliation>
                    </AffiliationInfo>
                </Author>
            </AuthorList>
            <Language>eng</Language>
            <PublicationTypeList>
                <PublicationType UI="D016428">Journal Article</PublicationType>
            </PublicationTypeList>
        </Article>
        <MedlineJournalInfo>
            <Country>United States</Country>
            <MedlineTA>Cell Rep</MedlineTA>
            <NlmUniqueID>101573691</NlmUniqueID>
        </MedlineJournalInfo>
        <KeywordList Owner="NOTNLM">
            <Keyword MajorTopicYN="N">Slc7a3</Keyword>
            <Keyword MajorTopicYN="N">arginine</Keyword>
            <Keyword MajorTopicYN="N">glutamine deprivation</Keyword>
            <Keyword MajorTopicYN="N">p53 activation</Keyword>
        </KeywordList>
    </MedlineCitation>
    <PubmedData>
        <History>
            <PubMedPubDate PubStatus="received">
                <Year>2018</Year>
                <Month>05</Month>
                <Day>11</Day>
            </PubMedPubDate>
            <PubMedPubDate PubStatus="revised">
                <Year>2018</Year>
                <Month>11</Month>
                <Day>13</Day>
            </PubMedPubDate>
            <PubMedPubDate PubStatus="accepted">
                <Year>2019</Year>
                <Month>02</Month>
                <Day>11</Day>
            </PubMedPubDate>
            <PubMedPubDate PubStatus="entrez">
                <Year>2019</Year>
                <Month>3</Month>
                <Day>14</Day>
                <Hour>6</Hour>
                <Minute>0</Minute>
            </PubMedPubDate>
            <PubMedPubDate PubStatus="pubmed">
                <Year>2019</Year>
                <Month>3</Month>
                <Day>14</Day>
                <Hour>6</Hour>
                <Minute>0</Minute>
            </PubMedPubDate>
            <PubMedPubDate PubStatus="medline">
                <Year>2019</Year>
                <Month>3</Month>
                <Day>14</Day>
                <Hour>6</Hour>
                <Minute>0</Minute>
            </PubMedPubDate>
        </History>
        <PublicationStatus>ppublish</PublicationStatus>
        <ArticleIdList>
            <ArticleId IdType="pubmed">30865893</ArticleId>
            <ArticleId IdType="pii">S2211-1247(19)30208-6</ArticleId>
            <ArticleId IdType="doi">10.1016/j.celrep.2019.02.037</ArticleId>
        </ArticleIdList>
    </PubmedData>
</PubmedArticle>


<PubmedArticle>
    <MedlineCitation Status="Publisher" Owner="NLM">
        <PMID Version="1">30865774</PMID>
        <DateRevised>
            <Year>2019</Year>
            <Month>03</Month>
            <Day>13</Day>
        </DateRevised>
        <Article PubModel="Print-Electronic">
            <Journal>
                <ISSN IssnType="Electronic">1574-6968</ISSN>
                <JournalIssue CitedMedium="Internet">
                    <PubDate>
                        <Year>2019</Year>
                        <Month>Mar</Month>
                        <Day>13</Day>
                    </PubDate>
                </JournalIssue>
                <Title>FEMS microbiology letters</Title>
                <ISOAbbreviation>FEMS Microbiol. Lett.</ISOAbbreviation>
            </Journal>
            <ArticleTitle>VqsA controls exotoxin production by directly binding to the promoter of asp in the pathogen Vibrio alginolyticus.</ArticleTitle>
            <ELocationID EIdType="pii" ValidYN="Y">fnz056</ELocationID>
            <ELocationID EIdType="doi" ValidYN="Y">10.1093/femsle/fnz056</ELocationID>
            <Abstract>
                <AbstractText>Quorum sensing (QS) system is an important bacterial cell-to-cell signaling system controlling expression of various genes in response to cell densities. In vibrios, LuxR/AphA are two established master QS regulators (MQSRs), and VqsA is recently identified to be the third putative MQSR. As a novel LysR-type regulator, the regulon and the underlying regulation mechanisms of VqsA remains to be elucidated. Here our investigation indicated that the yields of alkaline serine protease (Asp), the exotoxin in V. alginolyticus was dependent on both LuxR and VqsA in growth phase dependent manner. Various in vivo and in vitro analyses including electrophoretic mobility shift assays (EMSA) along with DNase I footprinting investigations demonstrated that VqsA positively controls asp expression through directly binding to the partially palindromic 29 bp binding motif in the promoter region of asp. Moreover, RNA-seq analysis validated the regulatory roles of VqsA in various processes in the organism. Collectively, our data showed that VqsA positively regulates the expression of exotoxin and other virulence associated genes and is essential for the QS regulation in V. alginolyticus.</AbstractText>
                <CopyrightInformation>© FEMS 2019.</CopyrightInformation>
            </Abstract>
            <AuthorList CompleteYN="Y">
                <Author ValidYN="Y">
                    <LastName>Zhang</LastName>
                    <ForeName>Jun</ForeName>
                    <Initials>J</Initials>
                    <AffiliationInfo>
                        <Affiliation>State Key Laboratory of Bioreactor Engineering, East China University of Science and Technology, Shanghai 200237, China.</Affiliation>
                    </AffiliationInfo>
                </Author>
                <Author ValidYN="Y">
                    <LastName>Hao</LastName>
                    <ForeName>Yuan</ForeName>
                    <Initials>Y</Initials>
                    <AffiliationInfo>
                        <Affiliation>State Key Laboratory of Bioreactor Engineering, East China University of Science and Technology, Shanghai 200237, China.</Affiliation>
                    </AffiliationInfo>
                </Author>
                <Author ValidYN="Y">
                    <LastName>Yin</LastName>
                    <ForeName>Kaiyu</ForeName>
                    <Initials>K</Initials>
                    <AffiliationInfo>
                        <Affiliation>State Key Laboratory of Bioreactor Engineering, East China University of Science and Technology, Shanghai 200237, China.</Affiliation>
                    </AffiliationInfo>
                </Author>
                <Author ValidYN="Y">
                    <LastName>Mao</LastName>
                    <ForeName>Qiaoqiao</ForeName>
                    <Initials>Q</Initials>
                    <AffiliationInfo>
                        <Affiliation>State Key Laboratory of Bioreactor Engineering, East China University of Science and Technology, Shanghai 200237, China.</Affiliation>
                    </AffiliationInfo>
                </Author>
                <Author ValidYN="Y">
                    <LastName>Xu</LastName>
                    <ForeName>Rongjing</ForeName>
                    <Initials>R</Initials>
                    <AffiliationInfo>
                        <Affiliation>Yantai Tianyuan Aquatic Co. Ltd., Yantai, Shandong, China.</Affiliation>
                    </AffiliationInfo>
                </Author>
                <Author ValidYN="Y">
                    <LastName>Zhang</LastName>
                    <ForeName>Yuanxing</ForeName>
                    <Initials>Y</Initials>
                    <AffiliationInfo>
                        <Affiliation>State Key Laboratory of Bioreactor Engineering, East China University of Science and Technology, Shanghai 200237, China.</Affiliation>
                    </AffiliationInfo>
                    <AffiliationInfo>
                        <Affiliation>Shanghai Engineering Research Center of Maricultured Animal Vaccines, Shanghai 200237, China.</Affiliation>
                    </AffiliationInfo>
                </Author>
                <Author ValidYN="Y">
                    <LastName>Ma</LastName>
                    <ForeName>Yue</ForeName>
                    <Initials>Y</Initials>
                    <AffiliationInfo>
                        <Affiliation>State Key Laboratory of Bioreactor Engineering, East China University of Science and Technology, Shanghai 200237, China.</Affiliation>
                    </AffiliationInfo>
                    <AffiliationInfo>
                        <Affiliation>Shanghai Engineering Research Center of Maricultured Animal Vaccines, Shanghai 200237, China.</Affiliation>
                    </AffiliationInfo>
                </Author>
                <Author ValidYN="Y">
                    <LastName>Wang</LastName>
                    <ForeName>Qiyao</ForeName>
                    <Initials>Q</Initials>
                    <AffiliationInfo>
                        <Affiliation>State Key Laboratory of Bioreactor Engineering, East China University of Science and Technology, Shanghai 200237, China.</Affiliation>
                    </AffiliationInfo>
                    <AffiliationInfo>
                        <Affiliation>Shanghai Engineering Research Center of Maricultured Animal Vaccines, Shanghai 200237, China.</Affiliation>
                    </AffiliationInfo>
                </Author>
            </AuthorList>
            <Language>eng</Language>
            <PublicationTypeList>
                <PublicationType UI="D016428">Journal Article</PublicationType>
            </PublicationTypeList>
            <ArticleDate DateType="Electronic">
                <Year>2019</Year>
                <Month>03</Month>
                <Day>13</Day>
            </ArticleDate>
        </Article>
        <MedlineJournalInfo>
            <Country>England</Country>
            <MedlineTA>FEMS Microbiol Lett</MedlineTA>
            <NlmUniqueID>7705721</NlmUniqueID>
            <ISSNLinking>0378-1097</ISSNLinking>
        </MedlineJournalInfo>
        <KeywordList Owner="NOTNLM">
            <Keyword MajorTopicYN="N">
          Vibrio alginolyticus
        </Keyword>
            <Keyword MajorTopicYN="N">Asp</Keyword>
            <Keyword MajorTopicYN="N">QS</Keyword>
            <Keyword MajorTopicYN="N">VqsA</Keyword>
            <Keyword MajorTopicYN="N">virulence</Keyword>
        </KeywordList>
    </MedlineCitation>
    <PubmedData>
        <History>
            <PubMedPubDate PubStatus="entrez">
                <Year>2019</Year>
                <Month>3</Month>
                <Day>14</Day>
                <Hour>6</Hour>
                <Minute>0</Minute>
            </PubMedPubDate>
            <PubMedPubDate PubStatus="pubmed">
                <Year>2019</Year>
                <Month>3</Month>
                <Day>14</Day>
                <Hour>6</Hour>
                <Minute>0</Minute>
            </PubMedPubDate>
            <PubMedPubDate PubStatus="medline">
                <Year>2019</Year>
                <Month>3</Month>
                <Day>14</Day>
                <Hour>6</Hour>
                <Minute>0</Minute>
            </PubMedPubDate>
        </History>
        <PublicationStatus>aheadofprint</PublicationStatus>
        <ArticleIdList>
            <ArticleId IdType="pubmed">30865774</ArticleId>
            <ArticleId IdType="pii">5379279</ArticleId>
            <ArticleId IdType="doi">10.1093/femsle/fnz056</ArticleId>
        </ArticleIdList>
    </PubmedData>
</PubmedArticle>


<PubmedArticle>
    <MedlineCitation Status="In-Data-Review" Owner="NLM">
        <PMID Version="1">30865659</PMID>
        <DateRevised>
            <Year>2019</Year>
            <Month>03</Month>
            <Day>13</Day>
        </DateRevised>
        <Article PubModel="Electronic-eCollection">
            <Journal>
                <ISSN IssnType="Electronic">1932-6203</ISSN>
                <JournalIssue CitedMedium="Internet">
                    <Volume>14</Volume>
                    <Issue>3</Issue>
                    <PubDate>
                        <Year>2019</Year>
                    </PubDate>
                </JournalIssue>
                <Title>PloS one</Title>
                <ISOAbbreviation>PLoS ONE</ISOAbbreviation>
            </Journal>
            <ArticleTitle>Comparative transcriptome analyses revealed differential strategies of roots and leaves from methyl jasmonate treatment Baphicacanthus cusia (Nees) Bremek and differentially expressed genes involved in tryptophan biosynthesis.</ArticleTitle>
            <Pagination>
                <MedlinePgn>e0212863</MedlinePgn>
            </Pagination>
            <ELocationID EIdType="doi" ValidYN="Y">10.1371/journal.pone.0212863</ELocationID>
            <Abstract>
                <AbstractText>Baphicacanthus cusia (Nees) Bremek (B. cusia) is an effective herb for the treatment of acute promyelocytic leukemia and psoriasis in traditional Chinese medicine. Methyl jasmonate (MeJA) is a well-known signaling phytohormone that triggers gene expression in secondary metabolism. Currently, MeJA-mediated biosynthesis of indigo and indirubin in B. cusia is not well understood. In this study, we analyzed the content of indigo and indirubin in leaf and root tissues of B. cusia with high-performance liquid chromatography and measured photosynthetic characteristics of leaves treated by MeJA using FluorCam6 Fluorometer and chlorophyll fluorescence using the portable photosynthesis system CIRAS-2. We performed de novo RNA-seq of B. cusia leaf and root transcriptional profiles to investigate differentially expressed genes (DEGs) in response to exogenous MeJA application. The amount of indigo in MeJA-treated leaves were higher than that in controled leaves (p = 0.004), and the amounts of indigo in treated roots was higher than that in controlled roots (p = 0.048); Chlorophyll fluorescence of leaves treated with MeJA were significantly decreased. Leaves treated with MeJA showed lower photosynthetic rate compared to the control in the absence of MeJA. Functional annotation of DEGs showed the DEGs related to growth and development processes were down-regulated in the treated leaves, while most of the unigenes involved in the defense response were up-regulated in treated roots. This coincided with the effects of MeJA on photosynthetic characteristics and chlorophyll fluorescence. The qRT-PCR results showed that MeJA appears to down-regulate the gene expression of tryptophan synthase <U+03B2>-subunits (trpA-<U+03B2>) in leaves but increased the gene expression of anthranilate synthase (trp 3) in roots responsible for increased indigo content. The results showed that MeJA suppressed leaf photosynthesis for B. cusia and this growth-defense trade-off may contribute to the improved adaptability of B. cusia in changing environments.</AbstractText>
            </Abstract>
            <AuthorList CompleteYN="Y">
                <Author ValidYN="Y">
                    <LastName>Lin</LastName>
                    <ForeName>Wenjin</ForeName>
                    <Initials>W</Initials>
                    <AffiliationInfo>
                        <Affiliation>School of Life science, Fujian Agriculture and Forestry University, Fuzhou, Fujian, China.</Affiliation>
                    </AffiliationInfo>
                    <AffiliationInfo>
                        <Affiliation>Fujian Key Laboratory of Medical Measurement, Fujian Academy of Medical Sciences, Fuzhou, Fujian, China.</Affiliation>
                    </AffiliationInfo>
                </Author>
                <Author ValidYN="Y">
                    <LastName>Huang</LastName>
                    <ForeName>Wei</ForeName>
                    <Initials>W</Initials>
                    <AffiliationInfo>
                        <Affiliation>School of Life science, Fujian Agriculture and Forestry University, Fuzhou, Fujian, China.</Affiliation>
                    </AffiliationInfo>
                </Author>
                <Author ValidYN="Y">
                    <LastName>Ning</LastName>
                    <ForeName>Shuju</ForeName>
                    <Initials>S</Initials>
                    <AffiliationInfo>
                        <Affiliation>School of Crop science, Fujian Agriculture and Forestry University, Fuzhou, Fujian, China.</Affiliation>
                    </AffiliationInfo>
                </Author>
                <Author ValidYN="Y">
                    <LastName>Gong</LastName>
                    <ForeName>Xiaogui</ForeName>
                    <Initials>X</Initials>
                    <AffiliationInfo>
                        <Affiliation>School of Life science, Fujian Agriculture and Forestry University, Fuzhou, Fujian, China.</Affiliation>
                    </AffiliationInfo>
                </Author>
                <Author ValidYN="Y">
                    <LastName>Ye</LastName>
                    <ForeName>Qi</ForeName>
                    <Initials>Q</Initials>
                    <AffiliationInfo>
                        <Affiliation>School of Life science, Fujian Agriculture and Forestry University, Fuzhou, Fujian, China.</Affiliation>
                    </AffiliationInfo>
                </Author>
                <Author ValidYN="Y">
                    <LastName>Wei</LastName>
                    <ForeName>Daozhi</ForeName>
                    <Initials>D</Initials>
                    <Identifier Source="ORCID">http://orcid.org/0000-0002-3776-3023</Identifier>
                    <AffiliationInfo>
                        <Affiliation>School of Life science, Fujian Agriculture and Forestry University, Fuzhou, Fujian, China.</Affiliation>
                    </AffiliationInfo>
                </Author>
            </AuthorList>
            <Language>eng</Language>
            <PublicationTypeList>
                <PublicationType UI="D016428">Journal Article</PublicationType>
            </PublicationTypeList>
            <ArticleDate DateType="Electronic">
                <Year>2019</Year>
                <Month>03</Month>
                <Day>13</Day>
            </ArticleDate>
        </Article>
        <MedlineJournalInfo>
            <Country>United States</Country>
            <MedlineTA>PLoS One</MedlineTA>
            <NlmUniqueID>101285081</NlmUniqueID>
            <ISSNLinking>1932-6203</ISSNLinking>
        </MedlineJournalInfo>
        <CoiStatement>The authors have declared that no competing interests exist.</CoiStatement>
    </MedlineCitation>
    <PubmedData>
        <History>
            <PubMedPubDate PubStatus="received">
                <Year>2018</Year>
                <Month>07</Month>
                <Day>31</Day>
            </PubMedPubDate>
            <PubMedPubDate PubStatus="accepted">
                <Year>2019</Year>
                <Month>02</Month>
                <Day>11</Day>
            </PubMedPubDate>
            <PubMedPubDate PubStatus="entrez">
                <Year>2019</Year>
                <Month>3</Month>
                <Day>14</Day>
                <Hour>6</Hour>
                <Minute>0</Minute>
            </PubMedPubDate>
            <PubMedPubDate PubStatus="pubmed">
                <Year>2019</Year>
                <Month>3</Month>
                <Day>14</Day>
                <Hour>6</Hour>
                <Minute>0</Minute>
            </PubMedPubDate>
            <PubMedPubDate PubStatus="medline">
                <Year>2019</Year>
                <Month>3</Month>
                <Day>14</Day>
                <Hour>6</Hour>
                <Minute>0</Minute>
            </PubMedPubDate>
        </History>
        <PublicationStatus>epublish</PublicationStatus>
        <ArticleIdList>
            <ArticleId IdType="pubmed">30865659</ArticleId>
            <ArticleId IdType="doi">10.1371/journal.pone.0212863</ArticleId>
            <ArticleId IdType="pii">PONE-D-18-22608</ArticleId>
        </ArticleIdList>
    </PubmedData>
</PubmedArticle>


<PubmedArticle>
    <MedlineCitation Status="Publisher" Owner="NLM">
        <PMID Version="1">30865573</PMID>
        <DateRevised>
            <Year>2019</Year>
            <Month>03</Month>
            <Day>18</Day>
        </DateRevised>
        <Article PubModel="Print-Electronic">
            <Journal>
                <ISSN IssnType="Electronic">1527-3792</ISSN>
                <JournalIssue CitedMedium="Internet">
                    <PubDate>
                        <Year>2019</Year>
                        <Month>Mar</Month>
                        <Day>13</Day>
                    </PubDate>
                </JournalIssue>
                <Title>The Journal of urology</Title>
                <ISOAbbreviation>J. Urol.</ISOAbbreviation>
            </Journal>
            <ArticleTitle>Molecular Taxonomy of Interstitial Cystitis/Bladder Pain Syndrome Based on Whole Transcriptome Profiling by Next-Generation RNA Sequencing of Bladder Mucosal Biopsies.</ArticleTitle>
            <Pagination>
                <MedlinePgn>101097JU0000000000000234</MedlinePgn>
            </Pagination>
            <ELocationID EIdType="doi" ValidYN="Y">10.1097/JU.0000000000000234</ELocationID>
            <Abstract>
                <AbstractText Label="PURPOSE" NlmCategory="OBJECTIVE">Systematic characterization of gene expression, inflammation, and neovascularization in interstitial cystitis/bladder pain syndrome was performed to obtain biological evidence supporting diagnosis and classification.</AbstractText>
                <AbstractText Label="MATERIALS AND METHODS" NlmCategory="METHODS">RNA obtained from bladder mucosal biopsies from 33 patients with interstitial cystitis/bladder pain syndrome (three subtypes: 12 with Hunner lesions, 11 without Hunner lesions but with glomerulations, and ten with neither Hunner lesions nor glomerulations) and nine controls was sequenced. Differentially expressed genes for each subtype were searched to identify subtype-specific biological pathways and candidate genes important for pathogenesis. Candidate genes were validated by quantitative polymerase chain reaction and immunohistochemistry. Digital immunohistochemical quantification was performed to assess subepithelial lymphoplasmacytic cell and microvessel density. Relationships between overexpression of candidate genes and symptom severity were explored.</AbstractText>
                <AbstractText Label="RESULTS" NlmCategory="RESULTS">Patients with Hunner lesions showed a distinct gene expression profile associated with significant up-regulation of biological processes involving immune responses and infection, and an increase in subepithelial lymphoplasmacytic cell and microvessel densities. Overexpression of two candidate genes, VEGF and BAFF, correlated with symptom severity. Meanwhile, the gene expression profiles of patients with the two subtypes without Hunner lesions were similar to those of controls, and no discernible differences in biological pathways or subepithelial lymphoplasmacytic cell and microvessel densities were detected between these two subtypes and controls.</AbstractText>
                <AbstractText Label="CONCLUSIONS" NlmCategory="CONCLUSIONS">Interstitial cystitis/bladder pain syndrome with Hunner lesions exhibits distinct genomic and histological features associated with immune responses and infection. In addition, VEGF and BAFF are potential disease biomarkers/therapeutic targets. This subtype should be considered separate from the syndrome.</AbstractText>
            </Abstract>
            <AuthorList CompleteYN="Y">
                <Author ValidYN="Y">
                    <LastName>Akiyama</LastName>
                    <ForeName>Yoshiyuki</ForeName>
                    <Initials>Y</Initials>
                    <AffiliationInfo>
                        <Affiliation>Department of Urology, Graduate School of Medicine, The University of Tokyo , Tokyo , Japan.</Affiliation>
                    </AffiliationInfo>
                </Author>
                <Author ValidYN="Y">
                    <LastName>Daichi</LastName>
                    <ForeName>Maeda</ForeName>
                    <Initials>M</Initials>
                    <AffiliationInfo>
                        <Affiliation>Department of Clinical Genomics, Graduate School of Medicine, Osaka University , Osaka , Japan.</Affiliation>
                    </AffiliationInfo>
                </Author>
                <Author ValidYN="Y">
                    <LastName>Katoh</LastName>
                    <ForeName>Hiroto</ForeName>
                    <Initials>H</Initials>
                    <AffiliationInfo>
                        <Affiliation>Department of Genomic Pathology, Medical Research Institute, Tokyo Medical and Dental University , Tokyo, Japan.</Affiliation>
                    </AffiliationInfo>
                </Author>
                <Author ValidYN="Y">
                    <LastName>Morikawa</LastName>
                    <ForeName>Teppei</ForeName>
                    <Initials>T</Initials>
                    <AffiliationInfo>
                        <Affiliation>Department of Diagnostic Pathology, NTT Medical Center Tokyo , Tokyo , Japan.</Affiliation>
                    </AffiliationInfo>
                </Author>
                <Author ValidYN="Y">
                    <LastName>Niimi</LastName>
                    <ForeName>Aya</ForeName>
                    <Initials>A</Initials>
                    <AffiliationInfo>
                        <Affiliation>Department of Urology, National Center for Global Health and Medicine , Tokyo , Japan.</Affiliation>
                    </AffiliationInfo>
                </Author>
                <Author ValidYN="Y">
                    <LastName>Nomiya</LastName>
                    <ForeName>Akira</ForeName>
                    <Initials>A</Initials>
                    <AffiliationInfo>
                        <Affiliation>Department of Urology, Graduate School of Medicine, The University of Tokyo , Tokyo , Japan.</Affiliation>
                    </AffiliationInfo>
                </Author>
                <Author ValidYN="Y">
                    <LastName>Sato</LastName>
                    <ForeName>Yusuke</ForeName>
                    <Initials>Y</Initials>
                    <AffiliationInfo>
                        <Affiliation>Department of Urology, Graduate School of Medicine, The University of Tokyo , Tokyo , Japan.</Affiliation>
                    </AffiliationInfo>
                </Author>
                <Author ValidYN="Y">
                    <LastName>Kawai</LastName>
                    <ForeName>Taketo</ForeName>
                    <Initials>T</Initials>
                    <AffiliationInfo>
                        <Affiliation>Department of Urology, Graduate School of Medicine, The University of Tokyo , Tokyo , Japan.</Affiliation>
                    </AffiliationInfo>
                </Author>
                <Author ValidYN="Y">
                    <LastName>Goto</LastName>
                    <ForeName>Akiteru</ForeName>
                    <Initials>A</Initials>
                    <AffiliationInfo>
                        <Affiliation>Department of Cellular and Organ Pathology, Graduate School of Medicine , Akita University , Akita, Japan.</Affiliation>
                    </AffiliationInfo>
                </Author>
                <Author ValidYN="Y">
                    <LastName>Fujimura</LastName>
                    <ForeName>Tetsuya</ForeName>
                    <Initials>T</Initials>
                    <AffiliationInfo>
                        <Affiliation>Department of Urology, Jichi Medical University , Tochigi , Japan.</Affiliation>
                    </AffiliationInfo>
                </Author>
                <Author ValidYN="Y">
                    <LastName>Fukuhara</LastName>
                    <ForeName>Hiroshi</ForeName>
                    <Initials>H</Initials>
                    <AffiliationInfo>
                        <Affiliation>Department of Urology, Kyorin University School of Medicine , Tokyo , Japan.</Affiliation>
                    </AffiliationInfo>
                </Author>
                <Author ValidYN="Y">
                    <LastName>Nakagawa</LastName>
                    <ForeName>Tohru</ForeName>
                    <Initials>T</Initials>
                    <AffiliationInfo>
                        <Affiliation>Department of Urology, Teikyo University School of Medicine , Tokyo , Japan.</Affiliation>
                    </AffiliationInfo>
                </Author>
                <Author ValidYN="Y">
                    <LastName>Igawa</LastName>
                    <ForeName>Yasuhiko</ForeName>
                    <Initials>Y</Initials>
                    <AffiliationInfo>
                        <Affiliation>Department of Continence Medicine, Graduate School of Medicine, The University of Tokyo , Tokyo , Japan.</Affiliation>
                    </AffiliationInfo>
                </Author>
                <Author ValidYN="Y">
                    <LastName>Ishikawa</LastName>
                    <ForeName>Shumpei</ForeName>
                    <Initials>S</Initials>
                    <AffiliationInfo>
                        <Affiliation>Department of Genomic Pathology, Medical Research Institute, Tokyo Medical and Dental University , Tokyo, Japan.</Affiliation>
                    </AffiliationInfo>
                </Author>
                <Author ValidYN="Y">
                    <LastName>Fukayama</LastName>
                    <ForeName>Masashi</ForeName>
                    <Initials>M</Initials>
                    <AffiliationInfo>
                        <Affiliation>Department of Pathology, Graduate School of Medicine, The University of Tokyo , Tokyo , Japan.</Affiliation>
                    </AffiliationInfo>
                </Author>
                <Author ValidYN="Y">
                    <LastName>Kume</LastName>
                    <ForeName>Haruki</ForeName>
                    <Initials>H</Initials>
                    <AffiliationInfo>
                        <Affiliation>Department of Urology, Graduate School of Medicine, The University of Tokyo , Tokyo , Japan.</Affiliation>
                    </AffiliationInfo>
                </Author>
                <Author ValidYN="Y">
                    <LastName>Homma</LastName>
                    <ForeName>Yukio</ForeName>
                    <Initials>Y</Initials>
                    <AffiliationInfo>
                        <Affiliation>Japanese Red Cross Medical Center , Tokyo , Japan.</Affiliation>
                    </AffiliationInfo>
                </Author>
            </AuthorList>
            <Language>eng</Language>
            <PublicationTypeList>
                <PublicationType UI="D016428">Journal Article</PublicationType>
            </PublicationTypeList>
            <ArticleDate DateType="Electronic">
                <Year>2019</Year>
                <Month>03</Month>
                <Day>13</Day>
            </ArticleDate>
        </Article>
        <MedlineJournalInfo>
            <Country>United States</Country>
            <MedlineTA>J Urol</MedlineTA>
            <NlmUniqueID>0376374</NlmUniqueID>
            <ISSNLinking>0022-5347</ISSNLinking>
        </MedlineJournalInfo>
        <KeywordList Owner="NOTNLM">
            <Keyword MajorTopicYN="N">IC/BPS</Keyword>
            <Keyword MajorTopicYN="N">RNA-seq</Keyword>
            <Keyword MajorTopicYN="N">bladder pain syndrome</Keyword>
            <Keyword MajorTopicYN="N">interstitial cystitis</Keyword>
            <Keyword MajorTopicYN="N">painful bladder syndrome</Keyword>
            <Keyword MajorTopicYN="N">whole transcriptome analysis</Keyword>
        </KeywordList>
    </MedlineCitation>
    <PubmedData>
        <History>
            <PubMedPubDate PubStatus="pubmed">
                <Year>2019</Year>
                <Month>3</Month>
                <Day>14</Day>
                <Hour>6</Hour>
                <Minute>0</Minute>
            </PubMedPubDate>
            <PubMedPubDate PubStatus="medline">
                <Year>2019</Year>
                <Month>3</Month>
                <Day>14</Day>
                <Hour>6</Hour>
                <Minute>0</Minute>
            </PubMedPubDate>
            <PubMedPubDate PubStatus="entrez">
                <Year>2019</Year>
                <Month>3</Month>
                <Day>14</Day>
                <Hour>6</Hour>
                <Minute>0</Minute>
            </PubMedPubDate>
        </History>
        <PublicationStatus>aheadofprint</PublicationStatus>
        <ArticleIdList>
            <ArticleId IdType="pubmed">30865573</ArticleId>
            <ArticleId IdType="doi">10.1097/JU.0000000000000234</ArticleId>
        </ArticleIdList>
    </PubmedData>
</PubmedArticle>


<PubmedArticle>
    <MedlineCitation Status="Publisher" Owner="NLM">
        <PMID Version="1">30864667</PMID>
        <DateRevised>
            <Year>2019</Year>
            <Month>03</Month>
            <Day>13</Day>
        </DateRevised>
        <Article PubModel="Print-Electronic">
            <Journal>
                <ISSN IssnType="Electronic">1362-4962</ISSN>
                <JournalIssue CitedMedium="Internet">
                    <PubDate>
                        <Year>2019</Year>
                        <Month>Mar</Month>
                        <Day>13</Day>
                    </PubDate>
                </JournalIssue>
                <Title>Nucleic acids research</Title>
                <ISOAbbreviation>Nucleic Acids Res.</ISOAbbreviation>
            </Journal>
            <ArticleTitle>Cell-specific network constructed by single-cell RNA sequencing data.</ArticleTitle>
            <ELocationID EIdType="pii" ValidYN="Y">gkz172</ELocationID>
            <ELocationID EIdType="doi" ValidYN="Y">10.1093/nar/gkz172</ELocationID>
            <Abstract>
                <AbstractText>Single-cell RNA sequencing (scRNA-seq) is able to give an insight into the gene-gene associations or transcriptional networks among cell populations based on the sequencing of a large number of cells. However, traditional network methods are limited to the grouped cells instead of each single cell, and thus the heterogeneity of single cells will be erased. We present a new method to construct a cell-specific network (CSN) for each single cell from scRNA-seq data (i.e. one network for one cell), which transforms the data from 'unstable' gene expression form to 'stable' gene association form on a single-cell basis. In particular, it is for the first time that we can identify the gene associations/network at a single-cell resolution level. By CSN method, scRNA-seq data can be analyzed for clustering and pseudo-trajectory from network perspective by any existing method, which opens a new way to scRNA-seq data analyses. In addition, CSN is able to find differential gene associations for each single cell, and even 'dark' genes that play important roles at the network level but are generally ignored by traditional differential gene expression analyses. In addition, CSN can be applied to construct individual network of each sample bulk RNA-seq data. Experiments on various scRNA-seq datasets validated the effectiveness of CSN in terms of accuracy and robustness.</AbstractText>
                <CopyrightInformation>© The Author(s) 2019. Published by Oxford University Press on behalf of Nucleic Acids Research.</CopyrightInformation>
            </Abstract>
            <AuthorList CompleteYN="Y">
                <Author ValidYN="Y">
                    <LastName>Dai</LastName>
                    <ForeName>Hao</ForeName>
                    <Initials>H</Initials>
                    <AffiliationInfo>
                        <Affiliation>Center for Excellence in Molecular Cell Science, Institute of Biochemistry and Cell Biology, Chinese Academy of Sciences, Shanghai 200031, China.</Affiliation>
                    </AffiliationInfo>
                </Author>
                <Author ValidYN="Y">
                    <LastName>Li</LastName>
                    <ForeName>Lin</ForeName>
                    <Initials>L</Initials>
                    <AffiliationInfo>
                        <Affiliation>Center for Excellence in Molecular Cell Science, Institute of Biochemistry and Cell Biology, Chinese Academy of Sciences, Shanghai 200031, China.</Affiliation>
                    </AffiliationInfo>
                </Author>
                <Author ValidYN="Y">
                    <LastName>Zeng</LastName>
                    <ForeName>Tao</ForeName>
                    <Initials>T</Initials>
                    <AffiliationInfo>
                        <Affiliation>Center for Excellence in Molecular Cell Science, Institute of Biochemistry and Cell Biology, Chinese Academy of Sciences, Shanghai 200031, China.</Affiliation>
                    </AffiliationInfo>
                </Author>
                <Author ValidYN="Y">
                    <LastName>Chen</LastName>
                    <ForeName>Luonan</ForeName>
                    <Initials>L</Initials>
                    <AffiliationInfo>
                        <Affiliation>Center for Excellence in Molecular Cell Science, Institute of Biochemistry and Cell Biology, Chinese Academy of Sciences, Shanghai 200031, China.</Affiliation>
                    </AffiliationInfo>
                    <AffiliationInfo>
                        <Affiliation>Center for Excellence in Animal Evolution and Genetics, Chinese Academy of Sciences, Kunming 650223, China.</Affiliation>
                    </AffiliationInfo>
                    <AffiliationInfo>
                        <Affiliation>School of Life Science and Technology, ShanghaiTech University, Shanghai 201210, China.</Affiliation>
                    </AffiliationInfo>
                    <AffiliationInfo>
                        <Affiliation>Shanghai Research Center for Brain Science and Brain-Inspired Intelligence, Shanghai 201210, China.</Affiliation>
                    </AffiliationInfo>
                </Author>
            </AuthorList>
            <Language>eng</Language>
            <PublicationTypeList>
                <PublicationType UI="D016428">Journal Article</PublicationType>
            </PublicationTypeList>
            <ArticleDate DateType="Electronic">
                <Year>2019</Year>
                <Month>03</Month>
                <Day>13</Day>
            </ArticleDate>
        </Article>
        <MedlineJournalInfo>
            <Country>England</Country>
            <MedlineTA>Nucleic Acids Res</MedlineTA>
            <NlmUniqueID>0411011</NlmUniqueID>
            <ISSNLinking>0305-1048</ISSNLinking>
        </MedlineJournalInfo>
    </MedlineCitation>
    <PubmedData>
        <History>
            <PubMedPubDate PubStatus="accepted">
                <Year>2019</Year>
                <Month>03</Month>
                <Day>07</Day>
            </PubMedPubDate>
            <PubMedPubDate PubStatus="revised">
                <Year>2019</Year>
                <Month>02</Month>
                <Day>14</Day>
            </PubMedPubDate>
            <PubMedPubDate PubStatus="received">
                <Year>2018</Year>
                <Month>09</Month>
                <Day>06</Day>
            </PubMedPubDate>
            <PubMedPubDate PubStatus="entrez">
                <Year>2019</Year>
                <Month>3</Month>
                <Day>14</Day>
                <Hour>6</Hour>
                <Minute>0</Minute>
            </PubMedPubDate>
            <PubMedPubDate PubStatus="pubmed">
                <Year>2019</Year>
                <Month>3</Month>
                <Day>14</Day>
                <Hour>6</Hour>
                <Minute>0</Minute>
            </PubMedPubDate>
            <PubMedPubDate PubStatus="medline">
                <Year>2019</Year>
                <Month>3</Month>
                <Day>14</Day>
                <Hour>6</Hour>
                <Minute>0</Minute>
            </PubMedPubDate>
        </History>
        <PublicationStatus>aheadofprint</PublicationStatus>
        <ArticleIdList>
            <ArticleId IdType="pubmed">30864667</ArticleId>
            <ArticleId IdType="pii">5377474</ArticleId>
            <ArticleId IdType="doi">10.1093/nar/gkz172</ArticleId>
        </ArticleIdList>
    </PubmedData>
</PubmedArticle>


<PubmedArticle>
    <MedlineCitation Status="In-Data-Review" Owner="NLM">
        <PMID Version="1">30864335</PMID>
        <DateRevised>
            <Year>2019</Year>
            <Month>03</Month>
            <Day>13</Day>
        </DateRevised>
        <Article PubModel="Print">
            <Journal>
                <ISSN IssnType="Electronic">2335-6936</ISSN>
                <JournalIssue CitedMedium="Internet">
                    <Volume>24</Volume>
                    <PubDate>
                        <Year>2019</Year>
                    </PubDate>
                </JournalIssue>
                <Title>Pacific Symposium on Biocomputing. Pacific Symposium on Biocomputing</Title>
                <ISOAbbreviation>Pac Symp Biocomput</ISOAbbreviation>
            </Journal>
            <ArticleTitle>LISA: Accurate reconstruction of cell trajectory and pseudo-time for massive single cell RNA-seq data.</ArticleTitle>
            <Pagination>
                <MedlinePgn>338-349</MedlinePgn>
            </Pagination>
            <Abstract>
                <AbstractText>Cell trajectory reconstruction based on single cell RNA sequencing is important for obtaining the landscape of different cell types and discovering cell fate transitions. Despite intense effort, analyzing massive single cell RNA-seq datasets is still challenging. We propose a new method named Landmark Isomap for Single-cell Analysis (LISA). LISA is an unsupervised approach to build cell trajectory and compute pseudo-time in the isometric embedding based on geodesic distances. The advantages of LISA include: (1) It utilizes k-nearest-neighbor graph and hierarchical clustering to identify cell clusters, peaks and valleys in low-dimension representation of the data; (2) Based on Landmark Isomap, it constructs the main geometric structure of cell lineages; (3) It projects cells to the edges of the main cell trajectory to generate the global pseudo-time. Assessments on simulated and real datasets demonstrate the advantages of LISA on cell trajectory and pseudo-time reconstruction compared to Monocle2 and TSCAN. LISA is accurate, fast, and requires less memory usage, allowing its applications to massive single cell datasets generated from current experimental platforms.</AbstractText>
            </Abstract>
            <AuthorList CompleteYN="Y">
                <Author ValidYN="Y">
                    <LastName>Chen</LastName>
                    <ForeName>Yang</ForeName>
                    <Initials>Y</Initials>
                    <AffiliationInfo>
                        <Affiliation>The Jackson Laboratory for Genomic Medicine, Farmington, CT 06032, USA.</Affiliation>
                    </AffiliationInfo>
                </Author>
                <Author ValidYN="Y">
                    <LastName>Zhang</LastName>
                    <ForeName>Yuping</ForeName>
                    <Initials>Y</Initials>
                </Author>
                <Author ValidYN="Y">
                    <LastName>Ouyang</LastName>
                    <ForeName>Zhengqing</ForeName>
                    <Initials>Z</Initials>
                </Author>
            </AuthorList>
            <Language>eng</Language>
            <PublicationTypeList>
                <PublicationType UI="D016428">Journal Article</PublicationType>
            </PublicationTypeList>
        </Article>
        <MedlineJournalInfo>
            <Country>United States</Country>
            <MedlineTA>Pac Symp Biocomput</MedlineTA>
            <NlmUniqueID>9711271</NlmUniqueID>
            <ISSNLinking>2335-6928</ISSNLinking>
        </MedlineJournalInfo>
    </MedlineCitation>
    <PubmedData>
        <History>
            <PubMedPubDate PubStatus="entrez">
                <Year>2019</Year>
                <Month>3</Month>
                <Day>14</Day>
                <Hour>6</Hour>
                <Minute>0</Minute>
            </PubMedPubDate>
            <PubMedPubDate PubStatus="pubmed">
                <Year>2019</Year>
                <Month>3</Month>
                <Day>14</Day>
                <Hour>6</Hour>
                <Minute>0</Minute>
            </PubMedPubDate>
            <PubMedPubDate PubStatus="medline">
                <Year>2019</Year>
                <Month>3</Month>
                <Day>14</Day>
                <Hour>6</Hour>
                <Minute>0</Minute>
            </PubMedPubDate>
        </History>
        <PublicationStatus>ppublish</PublicationStatus>
        <ArticleIdList>
            <ArticleId IdType="pubmed">30864335</ArticleId>
            <ArticleId IdType="pii">9789813279827_0031</ArticleId>
        </ArticleIdList>
    </PubmedData>
</PubmedArticle>


<PubmedArticle>
    <MedlineCitation Status="In-Data-Review" Owner="NLM">
        <PMID Version="1">30864330</PMID>
        <DateRevised>
            <Year>2019</Year>
            <Month>03</Month>
            <Day>13</Day>
        </DateRevised>
        <Article PubModel="Print">
            <Journal>
                <ISSN IssnType="Electronic">2335-6936</ISSN>
                <JournalIssue CitedMedium="Internet">
                    <Volume>24</Volume>
                    <PubDate>
                        <Year>2019</Year>
                    </PubDate>
                </JournalIssue>
                <Title>Pacific Symposium on Biocomputing. Pacific Symposium on Biocomputing</Title>
                <ISOAbbreviation>Pac Symp Biocomput</ISOAbbreviation>
            </Journal>
            <ArticleTitle>Integrating RNA expression and visual features for immune infiltrate prediction.</ArticleTitle>
            <Pagination>
                <MedlinePgn>284-295</MedlinePgn>
            </Pagination>
            <Abstract>
                <AbstractText>Patient responses to cancer immunotherapy are shaped by their unique genomic landscape and tumor microenvironment. Clinical advances in immunotherapy are changing the treatment landscape by enhancing a patient's immune response to eliminate cancer cells. While this provides potentially beneficial treatment options for many patients, only a minority of these patients respond to immunotherapy. In this work, we examined RNA-seq data and digital pathology images from individual patient tumors to more accurately characterize the tumor-immune microenvironment. Several studies implicate an inflamed microenvironment and increased percentage of tumor infiltrating immune cells with better response to specific immunotherapies in certain cancer types. We developed NEXT (Neural-based models for integrating gene EXpression and visual Texture features) to more accurately model immune infiltration in solid tumors. To demonstrate the utility of the NEXT framework, we predicted immune infiltrates across four different cancer types and evaluated our predictions against expert pathology review. Our analyses demonstrate that integration of imaging features improves prediction of the immune infiltrate. Of note, this effect was preferentially observed for B cells and CD8 T cells. In sum, our work effectively integrates both RNA-seq and imaging data in a clinical setting and provides a more reliable and accurate prediction of the immune composition in individual patient tumors.</AbstractText>
            </Abstract>
            <AuthorList CompleteYN="Y">
                <Author ValidYN="Y">
                    <LastName>Reiman</LastName>
                    <ForeName>Derek</ForeName>
                    <Initials>D</Initials>
                    <AffiliationInfo>
                        <Affiliation>Tempus Labs, Chicago, IL 60654, USA.</Affiliation>
                    </AffiliationInfo>
                </Author>
                <Author ValidYN="Y">
                    <LastName>Sha</LastName>
                    <ForeName>Lingdao</ForeName>
                    <Initials>L</Initials>
                </Author>
                <Author ValidYN="Y">
                    <LastName>Ho</LastName>
                    <ForeName>Irvin</ForeName>
                    <Initials>I</Initials>
                </Author>
                <Author ValidYN="Y">
                    <LastName>Tan</LastName>
                    <ForeName>Timothy</ForeName>
                    <Initials>T</Initials>
                </Author>
                <Author ValidYN="Y">
                    <LastName>Lau</LastName>
                    <ForeName>Denise</ForeName>
                    <Initials>D</Initials>
                </Author>
                <Author ValidYN="Y">
                    <LastName>Khan</LastName>
                    <ForeName>Aly A</ForeName>
                    <Initials>AA</Initials>
                </Author>
            </AuthorList>
            <Language>eng</Language>
            <PublicationTypeList>
                <PublicationType UI="D016428">Journal Article</PublicationType>
            </PublicationTypeList>
        </Article>
        <MedlineJournalInfo>
            <Country>United States</Country>
            <MedlineTA>Pac Symp Biocomput</MedlineTA>
            <NlmUniqueID>9711271</NlmUniqueID>
            <ISSNLinking>2335-6928</ISSNLinking>
        </MedlineJournalInfo>
    </MedlineCitation>
    <PubmedData>
        <History>
            <PubMedPubDate PubStatus="entrez">
                <Year>2019</Year>
                <Month>3</Month>
                <Day>14</Day>
                <Hour>6</Hour>
                <Minute>0</Minute>
            </PubMedPubDate>
            <PubMedPubDate PubStatus="pubmed">
                <Year>2019</Year>
                <Month>3</Month>
                <Day>14</Day>
                <Hour>6</Hour>
                <Minute>0</Minute>
            </PubMedPubDate>
            <PubMedPubDate PubStatus="medline">
                <Year>2019</Year>
                <Month>3</Month>
                <Day>14</Day>
                <Hour>6</Hour>
                <Minute>0</Minute>
            </PubMedPubDate>
        </History>
        <PublicationStatus>ppublish</PublicationStatus>
        <ArticleIdList>
            <ArticleId IdType="pubmed">30864330</ArticleId>
            <ArticleId IdType="pii">9789813279827_0026</ArticleId>
        </ArticleIdList>
    </PubmedData>
</PubmedArticle>


<PubmedArticle>
    <MedlineCitation Status="In-Data-Review" Owner="NLM">
        <PMID Version="1">30864322</PMID>
        <DateRevised>
            <Year>2019</Year>
            <Month>03</Month>
            <Day>13</Day>
        </DateRevised>
        <Article PubModel="Print">
            <Journal>
                <ISSN IssnType="Electronic">2335-6936</ISSN>
                <JournalIssue CitedMedium="Internet">
                    <Volume>24</Volume>
                    <PubDate>
                        <Year>2019</Year>
                    </PubDate>
                </JournalIssue>
                <Title>Pacific Symposium on Biocomputing. Pacific Symposium on Biocomputing</Title>
                <ISOAbbreviation>Pac Symp Biocomput</ISOAbbreviation>
            </Journal>
            <ArticleTitle>Extracting allelic read counts from 250,000 human sequencing runs in Sequence Read Archive.</ArticleTitle>
            <Pagination>
                <MedlinePgn>196-207</MedlinePgn>
            </Pagination>
            <Abstract>
                <AbstractText>The Sequence Read Archive (SRA) contains over one million publicly available sequencing runs from various studies using a variety of sequencing library strategies. These data inherently contain information about underlying genomic sequence variants which we exploit to extract allelic read counts on an unprecedented scale. We reprocessed over 250,000 human sequencing runs (&gt;1000 TB data worth of raw sequence data) into a single unified dataset of allelic read counts for nearly 300,000 variants of biomedical relevance curated by NCBI dbSNP, where germline variants were detected in a median of 912 sequencing runs, and somatic variants were detected in a median of 4,876 sequencing runs, suggesting that this dataset facilitates identification of sequencing runs that harbor variants of interest. Allelic read counts obtained using a targeted alignment were very similar to read counts obtained from whole-genome alignment. Analyzing allelic read count data for matched DNA and RNA samples from tumors, we find that RNA-seq can also recover variants identified by Whole Exome Sequencing (WXS), suggesting that reprocessed allelic read counts can support variant detection across different library strategies in SRA. This study provides a rich database of known human variants across SRA samples that can support future meta-analyses of human sequence variation.</AbstractText>
            </Abstract>
            <AuthorList CompleteYN="Y">
                <Author ValidYN="Y">
                    <LastName>Tsui</LastName>
                    <ForeName>Brian</ForeName>
                    <Initials>B</Initials>
                    <AffiliationInfo>
                        <Affiliation>Department of Medicine, University of California San Diego, 9500 Gilman, San Diego, California 92093, USA.</Affiliation>
                    </AffiliationInfo>
                </Author>
                <Author ValidYN="Y">
                    <LastName>Dow</LastName>
                    <ForeName>Michelle</ForeName>
                    <Initials>M</Initials>
                </Author>
                <Author ValidYN="Y">
                    <LastName>Skola</LastName>
                    <ForeName>Dylan</ForeName>
                    <Initials>D</Initials>
                </Author>
                <Author ValidYN="Y">
                    <LastName>Carter</LastName>
                    <ForeName>Hannah</ForeName>
                    <Initials>H</Initials>
                </Author>
            </AuthorList>
            <Language>eng</Language>
            <PublicationTypeList>
                <PublicationType UI="D016428">Journal Article</PublicationType>
            </PublicationTypeList>
        </Article>
        <MedlineJournalInfo>
            <Country>United States</Country>
            <MedlineTA>Pac Symp Biocomput</MedlineTA>
            <NlmUniqueID>9711271</NlmUniqueID>
            <ISSNLinking>2335-6928</ISSNLinking>
        </MedlineJournalInfo>
    </MedlineCitation>
    <PubmedData>
        <History>
            <PubMedPubDate PubStatus="entrez">
                <Year>2019</Year>
                <Month>3</Month>
                <Day>14</Day>
                <Hour>6</Hour>
                <Minute>0</Minute>
            </PubMedPubDate>
            <PubMedPubDate PubStatus="pubmed">
                <Year>2019</Year>
                <Month>3</Month>
                <Day>14</Day>
                <Hour>6</Hour>
                <Minute>0</Minute>
            </PubMedPubDate>
            <PubMedPubDate PubStatus="medline">
                <Year>2019</Year>
                <Month>3</Month>
                <Day>14</Day>
                <Hour>6</Hour>
                <Minute>0</Minute>
            </PubMedPubDate>
        </History>
        <PublicationStatus>ppublish</PublicationStatus>
        <ArticleIdList>
            <ArticleId IdType="pubmed">30864322</ArticleId>
            <ArticleId IdType="pii">9789813279827_0018</ArticleId>
        </ArticleIdList>
    </PubmedData>
</PubmedArticle>


<PubmedArticle>
    <MedlineCitation Status="PubMed-not-MEDLINE" Owner="NLM">
        <PMID Version="1">30863721</PMID>
        <DateRevised>
            <Year>2019</Year>
            <Month>03</Month>
            <Day>13</Day>
        </DateRevised>
        <Article PubModel="Electronic-eCollection">
            <Journal>
                <ISSN IssnType="Print">2234-943X</ISSN>
                <JournalIssue CitedMedium="Print">
                    <Volume>9</Volume>
                    <PubDate>
                        <Year>2019</Year>
                    </PubDate>
                </JournalIssue>
                <Title>Frontiers in oncology</Title>
                <ISOAbbreviation>Front Oncol</ISOAbbreviation>
            </Journal>
            <ArticleTitle>Comparative STAT3-Regulated Gene Expression Profile in Renal Cell Carcinoma Subtypes.</ArticleTitle>
            <Pagination>
                <MedlinePgn>72</MedlinePgn>
            </Pagination>
            <ELocationID EIdType="doi" ValidYN="Y">10.3389/fonc.2019.00072</ELocationID>
            <Abstract>
                <AbstractText>Renal cell carcinomas (RCC) are heterogeneous and can be further classified into three major subtypes including clear cell, papillary and chromophobe. Signal transducer and activator of transcription 3 (STAT3) is commonly hyperactive in many cancers and is associated with cancer cell proliferation, invasion, migration, and angiogenesis. In renal cell carcinoma, increased STAT3 activation is associated with increased metastasis and worse survival outcomes, but clinical trials targeting the STAT3 signaling pathway have shown varying levels of success in different RCC subtypes. Using RNA-seq data from The Cancer Genome Atlas (TCGA), we compared expression of 32 STAT3 regulated genes in 3 RCC subtypes. Our results indicate that STAT3 activation plays the most significant role in clear cell RCC relative to the other subtypes, as half of the evaluated genes were upregulated in this subtype. <i>MMP9, BIRC5, and BCL2</i> were upregulated and <i>FOS</i> was downregulated in all three subtypes. Several genes including <i>VEGFA, VIM, MYC, ITGB4, ICAM1, MMP1, CCND1, STMN1, TWIST1</i>, and <i>PIM2</i> had variable expression in RCC subtypes and are potential therapeutic targets for personalized medicine.</AbstractText>
            </Abstract>
            <AuthorList CompleteYN="Y">
                <Author ValidYN="Y">
                    <LastName>Robinson</LastName>
                    <ForeName>Rebekah L</ForeName>
                    <Initials>RL</Initials>
                    <AffiliationInfo>
                        <Affiliation>Center for Biotechnology and Genomic Medicine, Medical College of Georgia, Augusta University, Augusta, GA, United States.</Affiliation>
                    </AffiliationInfo>
                </Author>
                <Author ValidYN="Y">
                    <LastName>Sharma</LastName>
                    <ForeName>Ashok</ForeName>
                    <Initials>A</Initials>
                    <AffiliationInfo>
                        <Affiliation>Center for Biotechnology and Genomic Medicine, Medical College of Georgia, Augusta University, Augusta, GA, United States.</Affiliation>
                    </AffiliationInfo>
                    <AffiliationInfo>
                        <Affiliation>Department of Population Health Sciences, Medical College of Georgia, Augusta University, Augusta, GA, United States.</Affiliation>
                    </AffiliationInfo>
                </Author>
                <Author ValidYN="Y">
                    <LastName>Bai</LastName>
                    <ForeName>Shan</ForeName>
                    <Initials>S</Initials>
                    <AffiliationInfo>
                        <Affiliation>Center for Biotechnology and Genomic Medicine, Medical College of Georgia, Augusta University, Augusta, GA, United States.</Affiliation>
                    </AffiliationInfo>
                </Author>
                <Author ValidYN="Y">
                    <LastName>Heneidi</LastName>
                    <ForeName>Saleh</ForeName>
                    <Initials>S</Initials>
                    <AffiliationInfo>
                        <Affiliation>Department of Pathology, Medical College of Georgia, Augusta University, Augusta, GA, United States.</Affiliation>
                    </AffiliationInfo>
                </Author>
                <Author ValidYN="Y">
                    <LastName>Lee</LastName>
                    <ForeName>Tae Jin</ForeName>
                    <Initials>TJ</Initials>
                    <AffiliationInfo>
                        <Affiliation>Center for Biotechnology and Genomic Medicine, Medical College of Georgia, Augusta University, Augusta, GA, United States.</Affiliation>
                    </AffiliationInfo>
                </Author>
                <Author ValidYN="Y">
                    <LastName>Kodeboyina</LastName>
                    <ForeName>Sai Karthik</ForeName>
                    <Initials>SK</Initials>
                    <AffiliationInfo>
                        <Affiliation>Center for Biotechnology and Genomic Medicine, Medical College of Georgia, Augusta University, Augusta, GA, United States.</Affiliation>
                    </AffiliationInfo>
                </Author>
                <Author ValidYN="Y">
                    <LastName>Patel</LastName>
                    <ForeName>Nikhil</ForeName>
                    <Initials>N</Initials>
                    <AffiliationInfo>
                        <Affiliation>Department of Pathology, Medical College of Georgia, Augusta University, Augusta, GA, United States.</Affiliation>
                    </AffiliationInfo>
                </Author>
                <Author ValidYN="Y">
                    <LastName>Sharma</LastName>
                    <ForeName>Shruti</ForeName>
                    <Initials>S</Initials>
                    <AffiliationInfo>
                        <Affiliation>Center for Biotechnology and Genomic Medicine, Medical College of Georgia, Augusta University, Augusta, GA, United States.</Affiliation>
                    </AffiliationInfo>
                    <AffiliationInfo>
                        <Affiliation>Department of Ophthalmology, Medical College of Georgia, Augusta University, Augusta, GA, United States.</Affiliation>
                    </AffiliationInfo>
                </Author>
            </AuthorList>
            <Language>eng</Language>
            <PublicationTypeList>
                <PublicationType UI="D016428">Journal Article</PublicationType>
            </PublicationTypeList>
            <ArticleDate DateType="Electronic">
                <Year>2019</Year>
                <Month>02</Month>
                <Day>26</Day>
            </ArticleDate>
        </Article>
        <MedlineJournalInfo>
            <Country>Switzerland</Country>
            <MedlineTA>Front Oncol</MedlineTA>
            <NlmUniqueID>101568867</NlmUniqueID>
            <ISSNLinking>2234-943X</ISSNLinking>
        </MedlineJournalInfo>
        <KeywordList Owner="NOTNLM">
            <Keyword MajorTopicYN="N">RNA-seq</Keyword>
            <Keyword MajorTopicYN="N">STAT3</Keyword>
            <Keyword MajorTopicYN="N">TCGA</Keyword>
            <Keyword MajorTopicYN="N">gene expression</Keyword>
            <Keyword MajorTopicYN="N">renal cell carcinoma</Keyword>
        </KeywordList>
    </MedlineCitation>
    <PubmedData>
        <History>
            <PubMedPubDate PubStatus="received">
                <Year>2018</Year>
                <Month>10</Month>
                <Day>23</Day>
            </PubMedPubDate>
            <PubMedPubDate PubStatus="accepted">
                <Year>2019</Year>
                <Month>01</Month>
                <Day>25</Day>
            </PubMedPubDate>
            <PubMedPubDate PubStatus="entrez">
                <Year>2019</Year>
                <Month>3</Month>
                <Day>14</Day>
                <Hour>6</Hour>
                <Minute>0</Minute>
            </PubMedPubDate>
            <PubMedPubDate PubStatus="pubmed">
                <Year>2019</Year>
                <Month>3</Month>
                <Day>14</Day>
                <Hour>6</Hour>
                <Minute>0</Minute>
            </PubMedPubDate>
            <PubMedPubDate PubStatus="medline">
                <Year>2019</Year>
                <Month>3</Month>
                <Day>14</Day>
                <Hour>6</Hour>
                <Minute>1</Minute>
            </PubMedPubDate>
        </History>
        <PublicationStatus>epublish</PublicationStatus>
        <ArticleIdList>
            <ArticleId IdType="pubmed">30863721</ArticleId>
            <ArticleId IdType="doi">10.3389/fonc.2019.00072</ArticleId>
            <ArticleId IdType="pmc">PMC6399114</ArticleId>
        </ArticleIdList>
    </PubmedData>
</PubmedArticle>


<PubmedArticle>
    <MedlineCitation Status="PubMed-not-MEDLINE" Owner="NLM">
        <PMID Version="1">30863321</PMID>
        <DateRevised>
            <Year>2019</Year>
            <Month>03</Month>
            <Day>13</Day>
        </DateRevised>
        <Article PubModel="Electronic-eCollection">
            <Journal>
                <ISSN IssnType="Print">1664-042X</ISSN>
                <JournalIssue CitedMedium="Print">
                    <Volume>10</Volume>
                    <PubDate>
                        <Year>2019</Year>
                    </PubDate>
                </JournalIssue>
                <Title>Frontiers in physiology</Title>
                <ISOAbbreviation>Front Physiol</ISOAbbreviation>
            </Journal>
            <ArticleTitle>The Protein-Protein Interaction Network of <i>Litopenaeus vannamei</i> Haemocytes.</ArticleTitle>
            <Pagination>
                <MedlinePgn>156</MedlinePgn>
            </Pagination>
            <ELocationID EIdType="doi" ValidYN="Y">10.3389/fphys.2019.00156</ELocationID>
            <Abstract>
                <AbstractText>Protein-protein interaction networks (PINs) have been constructed in various organisms and utilized to conduct evolutionary analyses and functional predictions. <i>Litopenaeus vannamei</i> is a high-valued commercial aquaculture species with an uncharacterized interactome. With the development of RNA-seq techniques and systems biology, it is possible to obtain genome-wide transcriptional information for <i>L. vannamei</i> and construct a systematic network based on these data. In this work, based on the RNA-seq of haemocytes we constructed the first <i>L. vannamei</i> PIN including 4,858 proteins and 104,187 interactions. The PIN constructed here is the first large-scale PIN for shrimp. The confidence scores of interactions in the PIN were evaluated on the basis of sequence homology and genetic relationships. The immune-specific sub-network was extracted from global PIN, and more than a third of proteins were found in signaling pathways in the sub-network, which indicates an inseparable relationship between signaling processes and immune mechanisms. Six selected signaling pathways were constructed at different age groups based on evolutionary analyses. Furthermore, we showed that the functions of the pathways' proteins were associated with their evolutionary history based on the evolutionary analyses combining with protein functional analyses. In addition, the functions of 1,955 unclassified proteins which were associated with 3,191 unigenes were assigned using the PIN, which account for approximately 70.3 and 44.9% of the previously unclassified proteins and unigenes in the network, respectively. The annotation of unclassified proteins and unigenes based on the PIN provides new candidates for further functional studies. The immune-specific sub-network and the pathways extracted from the PIN provide a novel information source for studying of immune mechanisms and disease resistances in shrimp.</AbstractText>
            </Abstract>
            <AuthorList CompleteYN="Y">
                <Author ValidYN="Y">
                    <LastName>Hao</LastName>
                    <ForeName>Tong</ForeName>
                    <Initials>T</Initials>
                    <AffiliationInfo>
                        <Affiliation>Tianjin Key Laboratory of Animal and Plant Resistance, College of Life Sciences, Tianjin Normal University, Tianjin, China.</Affiliation>
                    </AffiliationInfo>
                </Author>
                <Author ValidYN="Y">
                    <LastName>Zhao</LastName>
                    <ForeName>Lingxuan</ForeName>
                    <Initials>L</Initials>
                    <AffiliationInfo>
                        <Affiliation>Tianjin Key Laboratory of Animal and Plant Resistance, College of Life Sciences, Tianjin Normal University, Tianjin, China.</Affiliation>
                    </AffiliationInfo>
                </Author>
                <Author ValidYN="Y">
                    <LastName>Wu</LastName>
                    <ForeName>Dan</ForeName>
                    <Initials>D</Initials>
                    <AffiliationInfo>
                        <Affiliation>Tianjin Key Laboratory of Animal and Plant Resistance, College of Life Sciences, Tianjin Normal University, Tianjin, China.</Affiliation>
                    </AffiliationInfo>
                </Author>
                <Author ValidYN="Y">
                    <LastName>Wang</LastName>
                    <ForeName>Bin</ForeName>
                    <Initials>B</Initials>
                    <AffiliationInfo>
                        <Affiliation>Tianjin Key Laboratory of Animal and Plant Resistance, College of Life Sciences, Tianjin Normal University, Tianjin, China.</Affiliation>
                    </AffiliationInfo>
                </Author>
                <Author ValidYN="Y">
                    <LastName>Feng</LastName>
                    <ForeName>Xin</ForeName>
                    <Initials>X</Initials>
                    <AffiliationInfo>
                        <Affiliation>Tianjin Key Laboratory of Animal and Plant Resistance, College of Life Sciences, Tianjin Normal University, Tianjin, China.</Affiliation>
                    </AffiliationInfo>
                </Author>
                <Author ValidYN="Y">
                    <LastName>Wang</LastName>
                    <ForeName>Edwin</ForeName>
                    <Initials>E</Initials>
                    <AffiliationInfo>
                        <Affiliation>Tianjin Key Laboratory of Animal and Plant Resistance, College of Life Sciences, Tianjin Normal University, Tianjin, China.</Affiliation>
                    </AffiliationInfo>
                    <AffiliationInfo>
                        <Affiliation>Cumming School of Medicine, University of Calgary, Calgary, AB, Canada.</Affiliation>
                    </AffiliationInfo>
                </Author>
                <Author ValidYN="Y">
                    <LastName>Sun</LastName>
                    <ForeName>Jinsheng</ForeName>
                    <Initials>J</Initials>
                    <AffiliationInfo>
                        <Affiliation>Tianjin Key Laboratory of Animal and Plant Resistance, College of Life Sciences, Tianjin Normal University, Tianjin, China.</Affiliation>
                    </AffiliationInfo>
                </Author>
            </AuthorList>
            <Language>eng</Language>
            <PublicationTypeList>
                <PublicationType UI="D016428">Journal Article</PublicationType>
            </PublicationTypeList>
            <ArticleDate DateType="Electronic">
                <Year>2019</Year>
                <Month>02</Month>
                <Day>25</Day>
            </ArticleDate>
        </Article>
        <MedlineJournalInfo>
            <Country>Switzerland</Country>
            <MedlineTA>Front Physiol</MedlineTA>
            <NlmUniqueID>101549006</NlmUniqueID>
            <ISSNLinking>1664-042X</ISSNLinking>
        </MedlineJournalInfo>
        <KeywordList Owner="NOTNLM">
            <Keyword MajorTopicYN="N">Litopenaeus vannamei</Keyword>
            <Keyword MajorTopicYN="N">evolutionary analyses</Keyword>
            <Keyword MajorTopicYN="N">functional annotation</Keyword>
            <Keyword MajorTopicYN="N">haemocytes</Keyword>
            <Keyword MajorTopicYN="N">protein–protein interaction network</Keyword>
        </KeywordList>
    </MedlineCitation>
    <PubmedData>
        <History>
            <PubMedPubDate PubStatus="received">
                <Year>2018</Year>
                <Month>08</Month>
                <Day>13</Day>
            </PubMedPubDate>
            <PubMedPubDate PubStatus="accepted">
                <Year>2019</Year>
                <Month>02</Month>
                <Day>08</Day>
            </PubMedPubDate>
            <PubMedPubDate PubStatus="entrez">
                <Year>2019</Year>
                <Month>3</Month>
                <Day>14</Day>
                <Hour>6</Hour>
                <Minute>0</Minute>
            </PubMedPubDate>
            <PubMedPubDate PubStatus="pubmed">
                <Year>2019</Year>
                <Month>3</Month>
                <Day>14</Day>
                <Hour>6</Hour>
                <Minute>0</Minute>
            </PubMedPubDate>
            <PubMedPubDate PubStatus="medline">
                <Year>2019</Year>
                <Month>3</Month>
                <Day>14</Day>
                <Hour>6</Hour>
                <Minute>1</Minute>
            </PubMedPubDate>
        </History>
        <PublicationStatus>epublish</PublicationStatus>
        <ArticleIdList>
            <ArticleId IdType="pubmed">30863321</ArticleId>
            <ArticleId IdType="doi">10.3389/fphys.2019.00156</ArticleId>
            <ArticleId IdType="pmc">PMC6399580</ArticleId>
        </ArticleIdList>
    </PubmedData>
</PubmedArticle>


<PubmedArticle>
    <MedlineCitation Status="PubMed-not-MEDLINE" Owner="NLM">
        <PMID Version="1">30863149</PMID>
        <DateRevised>
            <Year>2019</Year>
            <Month>03</Month>
            <Day>13</Day>
        </DateRevised>
        <Article PubModel="Electronic-eCollection">
            <Journal>
                <ISSN IssnType="Print">1179-1322</ISSN>
                <JournalIssue CitedMedium="Print">
                    <Volume>11</Volume>
                    <PubDate>
                        <Year>2019</Year>
                    </PubDate>
                </JournalIssue>
                <Title>Cancer management and research</Title>
                <ISOAbbreviation>Cancer Manag Res</ISOAbbreviation>
            </Journal>
            <ArticleTitle>DNA methylation-mediated Klotho silencing is an independent prognostic biomarker of head and neck squamous carcinoma.</ArticleTitle>
            <Pagination>
                <MedlinePgn>1383-1390</MedlinePgn>
            </Pagination>
            <ELocationID EIdType="doi" ValidYN="Y">10.2147/CMAR.S188415</ELocationID>
            <Abstract>
                <AbstractText Label="Purpose" NlmCategory="UNASSIGNED">To study the prognostic value of <i>klotho (</i>KL) and its promoter DNA methylation in head and neck squamous cell carcinoma (HNSCC) and to assess their associations with the autophagy gene LC3 and the RNA transferase gene NSUN2.</AbstractText>
                <AbstractText Label="Materials and methods" NlmCategory="UNASSIGNED">Upper quartile normalized RNA-seq V2 RSEM values of KL mRNA and beta value for KL methylation were retrieved from The Cancer Genome Atlas HNSCC dataset. Kaplan-Meier survival curves were used to assess the associations of KL expression and methylation with patient survival; multivariate Cox proportional hazards regression models were used to estimate the HRs and their 95% CIs.</AbstractText>
                <AbstractText Label="Results" NlmCategory="UNASSIGNED">There is a negative relationship between KL gene expression and its promoter DNA methylation in HNSCC. KL gene expression was positively correlated with overall survival, while KL methylation was inversely correlated with the overall survival of HNSCC patients. Furthermore, KL methylation was significantly associated with gender (<i>P</i>=0.012), tumor grade (<i>P</i>=0.0009) and tumor site (<i>P</i>&lt;0.0001). Finally, HNSCC patients with high KL gene expression or low KL DNA methylation had high LC3 but low NSUN2.</AbstractText>
                <AbstractText Label="Conclusion" NlmCategory="UNASSIGNED">KL methylation silenced its gene expression in HNSCC. Low KL expression and high KL methylation can be potential biomarkers for worse prognosis in HNSCC. As the downstream targets, <i>LC3</i> and <i>NSUN2</i> could be responsible for the KL expression in HNSCC.</AbstractText>
            </Abstract>
            <AuthorList CompleteYN="Y">
                <Author ValidYN="Y">
                    <LastName>Zhu</LastName>
                    <ForeName>Yun</ForeName>
                    <Initials>Y</Initials>
                    <AffiliationInfo>
                        <Affiliation>Department of Otorhinolaryngology, Union Hospital, Tongji Medical College, Huazhong University of Science and Technology, Wuhan, Hubei 430022, China.</Affiliation>
                    </AffiliationInfo>
                </Author>
                <Author ValidYN="Y">
                    <LastName>Cao</LastName>
                    <ForeName>Xuehong</ForeName>
                    <Initials>X</Initials>
                    <AffiliationInfo>
                        <Affiliation>Department of Traditional Chinese Medicine, Medical College, Xiamen University, Xiamen, Fujian Province 361102, China.</Affiliation>
                    </AffiliationInfo>
                </Author>
                <Author ValidYN="Y">
                    <LastName>Zhang</LastName>
                    <ForeName>Xiaomeng</ForeName>
                    <Initials>X</Initials>
                    <AffiliationInfo>
                        <Affiliation>Department of Otorhinolaryngology, Union Hospital, Tongji Medical College, Huazhong University of Science and Technology, Wuhan, Hubei 430022, China.</Affiliation>
                    </AffiliationInfo>
                </Author>
                <Author ValidYN="Y">
                    <LastName>Chen</LastName>
                    <ForeName>Quan</ForeName>
                    <Initials>Q</Initials>
                    <AffiliationInfo>
                        <Affiliation>Department of Radiology, Union Hospital, Tongji Medical College, Huazhong University of Science and Technology, Wuhan, Hubei 430022, China.</Affiliation>
                    </AffiliationInfo>
                </Author>
                <Author ValidYN="Y">
                    <LastName>Wen</LastName>
                    <ForeName>Lei</ForeName>
                    <Initials>L</Initials>
                    <AffiliationInfo>
                        <Affiliation>Department of Traditional Chinese Medicine, Medical College, Xiamen University, Xiamen, Fujian Province 361102, China.</Affiliation>
                    </AffiliationInfo>
                </Author>
                <Author ValidYN="Y">
                    <LastName>Wang</LastName>
                    <ForeName>Ping</ForeName>
                    <Initials>P</Initials>
                    <AffiliationInfo>
                        <Affiliation>Department of Pediatrics, Union Hospital, Tongji Medical College, Huazhong University of Science and Technology, Wuhan 430022, China, wang_ping00@yahoo.com.</Affiliation>
                    </AffiliationInfo>
                </Author>
            </AuthorList>
            <Language>eng</Language>
            <PublicationTypeList>
                <PublicationType UI="D016428">Journal Article</PublicationType>
            </PublicationTypeList>
            <ArticleDate DateType="Electronic">
                <Year>2019</Year>
                <Month>02</Month>
                <Day>12</Day>
            </ArticleDate>
        </Article>
        <MedlineJournalInfo>
            <Country>New Zealand</Country>
            <MedlineTA>Cancer Manag Res</MedlineTA>
            <NlmUniqueID>101512700</NlmUniqueID>
            <ISSNLinking>1179-1322</ISSNLinking>
        </MedlineJournalInfo>
        <KeywordList Owner="NOTNLM">
            <Keyword MajorTopicYN="N">biomarkers</Keyword>
            <Keyword MajorTopicYN="N">gene silencing</Keyword>
            <Keyword MajorTopicYN="N">head neoplasms</Keyword>
            <Keyword MajorTopicYN="N">neck neoplasms</Keyword>
            <Keyword MajorTopicYN="N">predictive values</Keyword>
            <Keyword MajorTopicYN="N">prognosis</Keyword>
        </KeywordList>
        <CoiStatement>Disclosure The authors report no conflicts of interest in this work.</CoiStatement>
    </MedlineCitation>
    <PubmedData>
        <History>
            <PubMedPubDate PubStatus="entrez">
                <Year>2019</Year>
                <Month>3</Month>
                <Day>14</Day>
                <Hour>6</Hour>
                <Minute>0</Minute>
            </PubMedPubDate>
            <PubMedPubDate PubStatus="pubmed">
                <Year>2019</Year>
                <Month>3</Month>
                <Day>14</Day>
                <Hour>6</Hour>
                <Minute>0</Minute>
            </PubMedPubDate>
            <PubMedPubDate PubStatus="medline">
                <Year>2019</Year>
                <Month>3</Month>
                <Day>14</Day>
                <Hour>6</Hour>
                <Minute>1</Minute>
            </PubMedPubDate>
        </History>
        <PublicationStatus>epublish</PublicationStatus>
        <ArticleIdList>
            <ArticleId IdType="pubmed">30863149</ArticleId>
            <ArticleId IdType="doi">10.2147/CMAR.S188415</ArticleId>
            <ArticleId IdType="pii">cmar-11-1383</ArticleId>
            <ArticleId IdType="pmc">PMC6388988</ArticleId>
        </ArticleIdList>
    </PubmedData>
</PubmedArticle>


<PubmedArticle>
    <MedlineCitation Status="In-Data-Review" Owner="NLM">
        <PMID Version="1">30862864</PMID>
        <DateRevised>
            <Year>2019</Year>
            <Month>03</Month>
            <Day>13</Day>
        </DateRevised>
        <Article PubModel="Electronic">
            <Journal>
                <ISSN IssnType="Electronic">2045-2322</ISSN>
                <JournalIssue CitedMedium="Internet">
                    <Volume>9</Volume>
                    <Issue>1</Issue>
                    <PubDate>
                        <Year>2019</Year>
                        <Month>Mar</Month>
                        <Day>12</Day>
                    </PubDate>
                </JournalIssue>
                <Title>Scientific reports</Title>
                <ISOAbbreviation>Sci Rep</ISOAbbreviation>
            </Journal>
            <ArticleTitle>Transcriptome analysis of the curry tree (Bergera koenigii L., Rutaceae) during leaf development.</ArticleTitle>
            <Pagination>
                <MedlinePgn>4230</MedlinePgn>
            </Pagination>
            <ELocationID EIdType="doi" ValidYN="Y">10.1038/s41598-019-40227-z</ELocationID>
            <Abstract>
                <AbstractText>The curry tree (Bergera koenigii L.) is a widely cultivated plant used in South Asian cooking. Next-generation sequencing was used to generate the transcriptome of the curry leaf to detect changes in gene expression during leaf development, such as those genes involved in the production of oils which lend the leaf its characteristic taste, aroma, and medicinal properties. Using abundance estimation (RSEM) and differential expression analysis, genes that were significantly differentially expressed were identified. The transcriptome was annotated with BLASTx using the non-redundant (nr) protein database, and Gene Ontology (GO) terms were assigned based on the top BLAST hit using Blast2GO. Lastly, functional enrichment of the assigned GO terms was analyzed for genes that were significantly differentially expressed. Of the most enriched GO categories, pathways involved in cell wall, membrane, and lignin synthesis were found to be most upregulated in immature leaf tissue, possibly due to the growth and expansion of the leaf tissue. Terpene synthases, which synthesize monoterpenes and sesquiterpenes, which comprise much of the curry essential oil, were found to be significantly upregulated in mature leaf tissue, suggesting that oil production increases later in leaf development. Enzymes involved in pigment production were also significantly upregulated in mature leaves. The findings were based on computational estimates of gene expression from RNA-seq data, and further study is warranted to validate these results using targeted techniques, such as quantitative PCR.</AbstractText>
            </Abstract>
            <AuthorList CompleteYN="Y">
                <Author ValidYN="Y">
                    <LastName>Shivakumar</LastName>
                    <ForeName>Vikram S</ForeName>
                    <Initials>VS</Initials>
                    <AffiliationInfo>
                        <Affiliation>Department of Botany and Laboratories of Analytical Biology, National Museum of Natural History, Smithsonian Institution, PO Box 37012, Washington, DC, 20013-7012, USA. vshiv@berkeley.edu.</Affiliation>
                    </AffiliationInfo>
                    <AffiliationInfo>
                        <Affiliation>Thomas Jefferson High School for Science and Technology, 6560 Braddock Rd, Alexandria, VA, 22312, USA. vshiv@berkeley.edu.</Affiliation>
                    </AffiliationInfo>
                </Author>
                <Author ValidYN="Y">
                    <LastName>Johnson</LastName>
                    <ForeName>Gabriel</ForeName>
                    <Initials>G</Initials>
                    <AffiliationInfo>
                        <Affiliation>Department of Botany and Laboratories of Analytical Biology, National Museum of Natural History, Smithsonian Institution, PO Box 37012, Washington, DC, 20013-7012, USA.</Affiliation>
                    </AffiliationInfo>
                </Author>
                <Author ValidYN="Y">
                    <LastName>Zimmer</LastName>
                    <ForeName>Elizabeth A</ForeName>
                    <Initials>EA</Initials>
                    <AffiliationInfo>
                        <Affiliation>Department of Botany and Laboratories of Analytical Biology, National Museum of Natural History, Smithsonian Institution, PO Box 37012, Washington, DC, 20013-7012, USA. zimmerl@si.edu.</Affiliation>
                    </AffiliationInfo>
                </Author>
            </AuthorList>
            <Language>eng</Language>
            <PublicationTypeList>
                <PublicationType UI="D016428">Journal Article</PublicationType>
            </PublicationTypeList>
            <ArticleDate DateType="Electronic">
                <Year>2019</Year>
                <Month>03</Month>
                <Day>12</Day>
            </ArticleDate>
        </Article>
        <MedlineJournalInfo>
            <Country>England</Country>
            <MedlineTA>Sci Rep</MedlineTA>
            <NlmUniqueID>101563288</NlmUniqueID>
            <ISSNLinking>2045-2322</ISSNLinking>
        </MedlineJournalInfo>
    </MedlineCitation>
    <PubmedData>
        <History>
            <PubMedPubDate PubStatus="received">
                <Year>2017</Year>
                <Month>06</Month>
                <Day>05</Day>
            </PubMedPubDate>
            <PubMedPubDate PubStatus="accepted">
                <Year>2019</Year>
                <Month>02</Month>
                <Day>01</Day>
            </PubMedPubDate>
            <PubMedPubDate PubStatus="entrez">
                <Year>2019</Year>
                <Month>3</Month>
                <Day>14</Day>
                <Hour>6</Hour>
                <Minute>0</Minute>
            </PubMedPubDate>
            <PubMedPubDate PubStatus="pubmed">
                <Year>2019</Year>
                <Month>3</Month>
                <Day>14</Day>
                <Hour>6</Hour>
                <Minute>0</Minute>
            </PubMedPubDate>
            <PubMedPubDate PubStatus="medline">
                <Year>2019</Year>
                <Month>3</Month>
                <Day>14</Day>
                <Hour>6</Hour>
                <Minute>0</Minute>
            </PubMedPubDate>
        </History>
        <PublicationStatus>epublish</PublicationStatus>
        <ArticleIdList>
            <ArticleId IdType="pubmed">30862864</ArticleId>
            <ArticleId IdType="doi">10.1038/s41598-019-40227-z</ArticleId>
            <ArticleId IdType="pii">10.1038/s41598-019-40227-z</ArticleId>
        </ArticleIdList>
    </PubmedData>
</PubmedArticle>


<PubmedArticle>
    <MedlineCitation Status="In-Data-Review" Owner="NLM">
        <PMID Version="1">30862839</PMID>
        <DateRevised>
            <Year>2019</Year>
            <Month>03</Month>
            <Day>13</Day>
        </DateRevised>
        <Article PubModel="Electronic">
            <Journal>
                <ISSN IssnType="Electronic">2045-2322</ISSN>
                <JournalIssue CitedMedium="Internet">
                    <Volume>9</Volume>
                    <Issue>1</Issue>
                    <PubDate>
                        <Year>2019</Year>
                        <Month>Mar</Month>
                        <Day>12</Day>
                    </PubDate>
                </JournalIssue>
                <Title>Scientific reports</Title>
                <ISOAbbreviation>Sci Rep</ISOAbbreviation>
            </Journal>
            <ArticleTitle>Genome-wide Identification of Tebufenozide Resistant Genes in the smaller tea tortrix, Adoxophyes honmai (Lepidoptera: Tortricidae).</ArticleTitle>
            <Pagination>
                <MedlinePgn>4203</MedlinePgn>
            </Pagination>
            <ELocationID EIdType="doi" ValidYN="Y">10.1038/s41598-019-40863-5</ELocationID>
            <Abstract>
                <AbstractText>The smaller tea tortrix, Adoxophyes honmai, has developed strong resistance to tebufenozide, a diacylhydrazine-type (DAH) insecticide. Here, we investigated its mechanism by identifying genes responsible for the tebufenozide resistance using various next generation sequencing techniques. First, double-digest restriction site-associated DNA sequencing (ddRAD-seq) identified two candidate loci. Then, synteny analyses using A. honmai draft genome sequences revealed that one locus contained the ecdysone receptor gene (EcR) and the other multiple CYP9A subfamily P450 genes. RNA-seq and direct sequencing of EcR cDNAs found a single nucleotide polymorphism (SNP), which was tightly linked to tebufenozide resistance and generated an amino acid substitution in the ligand-binding domain. The binding affinity to tebufenozide was about 4 times lower in in vitro translated EcR of the resistant strain than in the susceptible strain. RNA-seq analyses identified commonly up-regulated genes in resistant strains, including CYP9A and choline/carboxylesterase (CCE) genes. RT-qPCR analysis and bioassays showed that the expression levels of several CYP9A and CCE genes were moderately correlated with tebufenozide resistance. Collectively, these results suggest that the reduced binding affinity of EcR is the main factor and the enhanced detoxification activity by some CYP9As and CCEs plays a supplementary role in tebufenozide resistance in A. honmai.</AbstractText>
            </Abstract>
            <AuthorList CompleteYN="Y">
                <Author ValidYN="Y">
                    <LastName>Uchibori-Asano</LastName>
                    <ForeName>Miwa</ForeName>
                    <Initials>M</Initials>
                    <AffiliationInfo>
                        <Affiliation>Institute of Agrobiological Sciences, National Agriculture and Food Research Organization (NARO), Tsukuba, Ibaraki, 305-8634, Japan.</Affiliation>
                    </AffiliationInfo>
                </Author>
                <Author ValidYN="Y">
                    <LastName>Jouraku</LastName>
                    <ForeName>Akiya</ForeName>
                    <Initials>A</Initials>
                    <AffiliationInfo>
                        <Affiliation>Institute of Agrobiological Sciences, National Agriculture and Food Research Organization (NARO), Tsukuba, Ibaraki, 305-8634, Japan.</Affiliation>
                    </AffiliationInfo>
                </Author>
                <Author ValidYN="Y">
                    <LastName>Uchiyama</LastName>
                    <ForeName>Toru</ForeName>
                    <Initials>T</Initials>
                    <AffiliationInfo>
                        <Affiliation>Tea Research Center, Shizuoka Research Institute of Agriculture and Forestry, Kurasawa, Kikugawa, Shizuoka, 439-0002, Japan.</Affiliation>
                    </AffiliationInfo>
                </Author>
                <Author ValidYN="Y">
                    <LastName>Yokoi</LastName>
                    <ForeName>Kakeru</ForeName>
                    <Initials>K</Initials>
                    <AffiliationInfo>
                        <Affiliation>Institute of Agrobiological Sciences, National Agriculture and Food Research Organization (NARO), Tsukuba, Ibaraki, 305-8634, Japan.</Affiliation>
                    </AffiliationInfo>
                </Author>
                <Author ValidYN="Y">
                    <LastName>Akiduki</LastName>
                    <ForeName>Gaku</ForeName>
                    <Initials>G</Initials>
                    <AffiliationInfo>
                        <Affiliation>Kyushu Okinawa Agricultural Research Center, National Agriculture and Food Research Organization (NARO), Kumamoto, 861-1192, Japan.</Affiliation>
                    </AffiliationInfo>
                </Author>
                <Author ValidYN="Y">
                    <LastName>Suetsugu</LastName>
                    <ForeName>Yoshitaka</ForeName>
                    <Initials>Y</Initials>
                    <AffiliationInfo>
                        <Affiliation>Institute of Agrobiological Sciences, National Agriculture and Food Research Organization (NARO), Tsukuba, Ibaraki, 305-8634, Japan.</Affiliation>
                    </AffiliationInfo>
                </Author>
                <Author ValidYN="Y">
                    <LastName>Kobayashi</LastName>
                    <ForeName>Tetsuya</ForeName>
                    <Initials>T</Initials>
                    <AffiliationInfo>
                        <Affiliation>Institute of Agrobiological Sciences, National Agriculture and Food Research Organization (NARO), Tsukuba, Ibaraki, 305-8634, Japan.</Affiliation>
                    </AffiliationInfo>
                </Author>
                <Author ValidYN="Y">
                    <LastName>Ozawa</LastName>
                    <ForeName>Akihito</ForeName>
                    <Initials>A</Initials>
                    <AffiliationInfo>
                        <Affiliation>Tea Research Center, Shizuoka Research Institute of Agriculture and Forestry, Kurasawa, Kikugawa, Shizuoka, 439-0002, Japan.</Affiliation>
                    </AffiliationInfo>
                </Author>
                <Author ValidYN="Y">
                    <LastName>Minami</LastName>
                    <ForeName>Saki</ForeName>
                    <Initials>S</Initials>
                    <AffiliationInfo>
                        <Affiliation>Division of Applied Life Sciences, Graduate School of Agriculture, Kyoto University, Kitashirakawa Oiwake-cho, Sakyo-ku, Kyoto, 606-8502, Japan.</Affiliation>
                    </AffiliationInfo>
                </Author>
                <Author ValidYN="Y">
                    <LastName>Ishizuka</LastName>
                    <ForeName>Chiharu</ForeName>
                    <Initials>C</Initials>
                    <AffiliationInfo>
                        <Affiliation>Division of Applied Life Sciences, Graduate School of Agriculture, Kyoto University, Kitashirakawa Oiwake-cho, Sakyo-ku, Kyoto, 606-8502, Japan.</Affiliation>
                    </AffiliationInfo>
                </Author>
                <Author ValidYN="Y">
                    <LastName>Nakagawa</LastName>
                    <ForeName>Yoshiaki</ForeName>
                    <Initials>Y</Initials>
                    <AffiliationInfo>
                        <Affiliation>Division of Applied Life Sciences, Graduate School of Agriculture, Kyoto University, Kitashirakawa Oiwake-cho, Sakyo-ku, Kyoto, 606-8502, Japan.</Affiliation>
                    </AffiliationInfo>
                </Author>
                <Author ValidYN="Y">
                    <LastName>Daimon</LastName>
                    <ForeName>Takaaki</ForeName>
                    <Initials>T</Initials>
                    <AffiliationInfo>
                        <Affiliation>Institute of Agrobiological Sciences, National Agriculture and Food Research Organization (NARO), Tsukuba, Ibaraki, 305-8634, Japan.</Affiliation>
                    </AffiliationInfo>
                    <AffiliationInfo>
                        <Affiliation>Department of Applied Biosciences, Graduate School of Agriculture, Kyoto University, Kitashirakawa Oiwake-cho, Sakyo-ku, Kyoto, 606-8502, Japan.</Affiliation>
                    </AffiliationInfo>
                </Author>
                <Author ValidYN="Y">
                    <LastName>Shinoda</LastName>
                    <ForeName>Tetsuro</ForeName>
                    <Initials>T</Initials>
                    <AffiliationInfo>
                        <Affiliation>Institute of Agrobiological Sciences, National Agriculture and Food Research Organization (NARO), Tsukuba, Ibaraki, 305-8634, Japan. shinoda@affrc.go.jp.</Affiliation>
                    </AffiliationInfo>
                </Author>
            </AuthorList>
            <Language>eng</Language>
            <GrantList CompleteYN="Y">
                <Grant>
                    <GrantID>Genomics-based Technology for Agricultural Improvement; PRM02</GrantID>
                    <Agency>Ministry of Agriculture, Forestry and Fisheries (Ministry of Agriculture, Forestry and Fisheries of Japan)</Agency>
                    <Country/>
                </Grant>
                <Grant>
                    <GrantID>Genomics-based Technology for Agricultural Improvement; PRM02</GrantID>
                    <Agency>Ministry of Agriculture, Forestry and Fisheries (Ministry of Agriculture, Forestry and Fisheries of Japan)</Agency>
                    <Country/>
                </Grant>
                <Grant>
                    <GrantID>Genomics-based Technology for Agricultural Improvement; PRM02</GrantID>
                    <Agency>Ministry of Agriculture, Forestry and Fisheries (Ministry of Agriculture, Forestry and Fisheries of Japan)</Agency>
                    <Country/>
                </Grant>
                <Grant>
                    <GrantID>Genomics-based Technology for Agricultural Improvement; PRM02</GrantID>
                    <Agency>Ministry of Agriculture, Forestry and Fisheries (Ministry of Agriculture, Forestry and Fisheries of Japan)</Agency>
                    <Country/>
                </Grant>
                <Grant>
                    <GrantID>Genomics-based Technology for Agricultural Improvement; PRM02</GrantID>
                    <Agency>Ministry of Agriculture, Forestry and Fisheries (Ministry of Agriculture, Forestry and Fisheries of Japan)</Agency>
                    <Country/>
                </Grant>
                <Grant>
                    <GrantID>Genomics-based Technology for Agricultural Improvement; PRM02</GrantID>
                    <Agency>Ministry of Agriculture, Forestry and Fisheries (Ministry of Agriculture, Forestry and Fisheries of Japan)</Agency>
                    <Country/>
                </Grant>
            </GrantList>
            <PublicationTypeList>
                <PublicationType UI="D016428">Journal Article</PublicationType>
            </PublicationTypeList>
            <ArticleDate DateType="Electronic">
                <Year>2019</Year>
                <Month>03</Month>
                <Day>12</Day>
            </ArticleDate>
        </Article>
        <MedlineJournalInfo>
            <Country>England</Country>
            <MedlineTA>Sci Rep</MedlineTA>
            <NlmUniqueID>101563288</NlmUniqueID>
            <ISSNLinking>2045-2322</ISSNLinking>
        </MedlineJournalInfo>
    </MedlineCitation>
    <PubmedData>
        <History>
            <PubMedPubDate PubStatus="received">
                <Year>2018</Year>
                <Month>09</Month>
                <Day>03</Day>
            </PubMedPubDate>
            <PubMedPubDate PubStatus="accepted">
                <Year>2019</Year>
                <Month>02</Month>
                <Day>25</Day>
            </PubMedPubDate>
            <PubMedPubDate PubStatus="entrez">
                <Year>2019</Year>
                <Month>3</Month>
                <Day>14</Day>
                <Hour>6</Hour>
                <Minute>0</Minute>
            </PubMedPubDate>
            <PubMedPubDate PubStatus="pubmed">
                <Year>2019</Year>
                <Month>3</Month>
                <Day>14</Day>
                <Hour>6</Hour>
                <Minute>0</Minute>
            </PubMedPubDate>
            <PubMedPubDate PubStatus="medline">
                <Year>2019</Year>
                <Month>3</Month>
                <Day>14</Day>
                <Hour>6</Hour>
                <Minute>0</Minute>
            </PubMedPubDate>
        </History>
        <PublicationStatus>epublish</PublicationStatus>
        <ArticleIdList>
            <ArticleId IdType="pubmed">30862839</ArticleId>
            <ArticleId IdType="doi">10.1038/s41598-019-40863-5</ArticleId>
            <ArticleId IdType="pii">10.1038/s41598-019-40863-5</ArticleId>
        </ArticleIdList>
    </PubmedData>
</PubmedArticle>


<PubmedArticle>
    <MedlineCitation Status="In-Data-Review" Owner="NLM">
        <PMID Version="1">30862775</PMID>
        <DateRevised>
            <Year>2019</Year>
            <Month>03</Month>
            <Day>13</Day>
        </DateRevised>
        <Article PubModel="Electronic">
            <Journal>
                <ISSN IssnType="Electronic">2158-3188</ISSN>
                <JournalIssue CitedMedium="Internet">
                    <Volume>9</Volume>
                    <Issue>1</Issue>
                    <PubDate>
                        <Year>2019</Year>
                        <Month>Mar</Month>
                        <Day>12</Day>
                    </PubDate>
                </JournalIssue>
                <Title>Translational psychiatry</Title>
                <ISOAbbreviation>Transl Psychiatry</ISOAbbreviation>
            </Journal>
            <ArticleTitle>Alcohol-responsive genes identified in human iPSC-derived neural cultures.</ArticleTitle>
            <Pagination>
                <MedlinePgn>96</MedlinePgn>
            </Pagination>
            <ELocationID EIdType="doi" ValidYN="Y">10.1038/s41398-019-0426-5</ELocationID>
            <Abstract>
                <AbstractText>Alcohol use contributes to numerous diseases and injuries. The nervous system is affected by alcohol in diverse ways, though the molecular mechanisms of these effects are not clearly understood. Using human-induced pluripotent stem cells (iPSCs), we developed a neural cell culture model to identify the mechanisms of alcohol's effects. iPSCs were generated from fibroblasts and differentiated into forebrain neural cells cultures that were treated with 50<U+2009>mM alcohol or sham conditions (same media lacking alcohol) for 7 days. We analyzed gene expression using total RNA sequencing (RNA-seq) for 34 samples derived from 10 subjects and for 10 samples from 5 subjects in an independent experiment that had intermittent exposure to the same dose of alcohol. We also analyzed genetic effects on gene expression and conducted a weighted correlation network analysis. We found that differentiated neural cell cultures have the capacity to recapitulate gene regulatory effects previously observed in specific primary neural tissues and identified 226 genes that were differentially expressed (FDR<U+2009>&lt;<U+2009>0.1) after alcohol treatment. The effects on expression included decreases in INSIG1 and LDLR, two genes involved in cholesterol homeostasis. We also identified a module of 58 co-expressed genes that were uniformly decreased following alcohol exposure. The majority of these effects were supported in independent alcohol exposure experiments. Enrichment analysis linked the alcohol responsive genes to cell cycle, notch signaling, and cholesterol biosynthesis pathways, which are disrupted in several neurological disorders. Our findings suggest that there is convergence between these disorders and the effects of alcohol exposure.</AbstractText>
            </Abstract>
            <AuthorList CompleteYN="Y">
                <Author ValidYN="Y">
                    <LastName>Jensen</LastName>
                    <ForeName>Kevin P</ForeName>
                    <Initials>KP</Initials>
                    <AffiliationInfo>
                        <Affiliation>Department of Psychiatry, Yale University School of Medicine, New Haven, CT, 06511, USA.</Affiliation>
                    </AffiliationInfo>
                    <AffiliationInfo>
                        <Affiliation>VA Connecticut Healthcare System, West Haven, CT, 06516, USA.</Affiliation>
                    </AffiliationInfo>
                </Author>
                <Author ValidYN="Y">
                    <LastName>Lieberman</LastName>
                    <ForeName>Richard</ForeName>
                    <Initials>R</Initials>
                    <AffiliationInfo>
                        <Affiliation>Alcohol Research Center, Department of Psychiatry, University of Connecticut School of Medicine, Farmington, CT, 06030-1410, USA.</Affiliation>
                    </AffiliationInfo>
                </Author>
                <Author ValidYN="Y">
                    <LastName>Kranzler</LastName>
                    <ForeName>Henry R</ForeName>
                    <Initials>HR</Initials>
                    <Identifier Source="ORCID">http://orcid.org/0000-0002-1018-0450</Identifier>
                    <AffiliationInfo>
                        <Affiliation>Center for Studies of Addiction, Department of Psychiatry, Perelman School of Medicine of the University of Pennsylvania, Philadelphia, PA, 19104, USA.</Affiliation>
                    </AffiliationInfo>
                    <AffiliationInfo>
                        <Affiliation>VISN4 MIRECC, Crescenz VAMC, Philadelphia, PA, 19104, USA.</Affiliation>
                    </AffiliationInfo>
                </Author>
                <Author ValidYN="Y">
                    <LastName>Gelernter</LastName>
                    <ForeName>Joel</ForeName>
                    <Initials>J</Initials>
                    <Identifier Source="ORCID">http://orcid.org/0000-0002-4067-1859</Identifier>
                    <AffiliationInfo>
                        <Affiliation>Department of Psychiatry, Yale University School of Medicine, New Haven, CT, 06511, USA.</Affiliation>
                    </AffiliationInfo>
                    <AffiliationInfo>
                        <Affiliation>VA Connecticut Healthcare System, West Haven, CT, 06516, USA.</Affiliation>
                    </AffiliationInfo>
                </Author>
                <Author ValidYN="Y">
                    <LastName>Clinton</LastName>
                    <ForeName>Kaitlin</ForeName>
                    <Initials>K</Initials>
                    <AffiliationInfo>
                        <Affiliation>Alcohol Research Center, Department of Psychiatry, University of Connecticut School of Medicine, Farmington, CT, 06030-1410, USA.</Affiliation>
                    </AffiliationInfo>
                </Author>
                <Author ValidYN="Y">
                    <LastName>Covault</LastName>
                    <ForeName>Jonathan</ForeName>
                    <Initials>J</Initials>
                    <AffiliationInfo>
                        <Affiliation>Alcohol Research Center, Department of Psychiatry, University of Connecticut School of Medicine, Farmington, CT, 06030-1410, USA. jocovault@uchc.edu.</Affiliation>
                    </AffiliationInfo>
                    <AffiliationInfo>
                        <Affiliation>Institute for Systems Genomics, University of Connecticut, Storrs, CT, 06269, USA. jocovault@uchc.edu.</Affiliation>
                    </AffiliationInfo>
                </Author>
            </AuthorList>
            <Language>eng</Language>
            <GrantList CompleteYN="Y">
                <Grant>
                    <GrantID>AA03510</GrantID>
                    <Agency>U.S. Department of Health &amp; Human Services | NIH | National Institute on Alcohol Abuse and Alcoholism (NIAAA)</Agency>
                    <Country/>
                </Grant>
                <Grant>
                    <GrantID>AA015606</GrantID>
                    <Agency>U.S. Department of Health &amp; Human Services | NIH | National Institute on Alcohol Abuse and Alcoholism (NIAAA)</Agency>
                    <Country/>
                </Grant>
                <Grant>
                    <GrantID>AA23192</GrantID>
                    <Agency>U.S. Department of Health &amp; Human Services | NIH | National Institute on Alcohol Abuse and Alcoholism (NIAAA)</Agency>
                    <Country/>
                </Grant>
                <Grant>
                    <GrantID>RR06192</GrantID>
                    <Agency>U.S. Department of Health &amp; Human Services | NIH | National Center for Research Resources (NCRR)</Agency>
                    <Country/>
                </Grant>
                <Grant>
                    <GrantID>CT Department of Public Health</GrantID>
                    <Agency>State of Connecticut Department of Public Health (Connecticut Department of Public Health)</Agency>
                    <Country/>
                </Grant>
            </GrantList>
            <PublicationTypeList>
                <PublicationType UI="D016428">Journal Article</PublicationType>
            </PublicationTypeList>
            <ArticleDate DateType="Electronic">
                <Year>2019</Year>
                <Month>03</Month>
                <Day>12</Day>
            </ArticleDate>
        </Article>
        <MedlineJournalInfo>
            <Country>United States</Country>
            <MedlineTA>Transl Psychiatry</MedlineTA>
            <NlmUniqueID>101562664</NlmUniqueID>
            <ISSNLinking>2158-3188</ISSNLinking>
        </MedlineJournalInfo>
    </MedlineCitation>
    <PubmedData>
        <History>
            <PubMedPubDate PubStatus="received">
                <Year>2018</Year>
                <Month>07</Month>
                <Day>27</Day>
            </PubMedPubDate>
            <PubMedPubDate PubStatus="accepted">
                <Year>2019</Year>
                <Month>01</Month>
                <Day>26</Day>
            </PubMedPubDate>
            <PubMedPubDate PubStatus="revised">
                <Year>2019</Year>
                <Month>01</Month>
                <Day>22</Day>
            </PubMedPubDate>
            <PubMedPubDate PubStatus="entrez">
                <Year>2019</Year>
                <Month>3</Month>
                <Day>14</Day>
                <Hour>6</Hour>
                <Minute>0</Minute>
            </PubMedPubDate>
            <PubMedPubDate PubStatus="pubmed">
                <Year>2019</Year>
                <Month>3</Month>
                <Day>14</Day>
                <Hour>6</Hour>
                <Minute>0</Minute>
            </PubMedPubDate>
            <PubMedPubDate PubStatus="medline">
                <Year>2019</Year>
                <Month>3</Month>
                <Day>14</Day>
                <Hour>6</Hour>
                <Minute>0</Minute>
            </PubMedPubDate>
        </History>
        <PublicationStatus>epublish</PublicationStatus>
        <ArticleIdList>
            <ArticleId IdType="pubmed">30862775</ArticleId>
            <ArticleId IdType="doi">10.1038/s41398-019-0426-5</ArticleId>
            <ArticleId IdType="pii">10.1038/s41398-019-0426-5</ArticleId>
        </ArticleIdList>
    </PubmedData>
</PubmedArticle>


<PubmedArticle>
    <MedlineCitation Status="In-Data-Review" Owner="NLM">
        <PMID Version="1">30862750</PMID>
        <DateRevised>
            <Year>2019</Year>
            <Month>03</Month>
            <Day>13</Day>
        </DateRevised>
        <Article PubModel="Electronic">
            <Journal>
                <ISSN IssnType="Electronic">2150-7511</ISSN>
                <JournalIssue CitedMedium="Internet">
                    <Volume>10</Volume>
                    <Issue>2</Issue>
                    <PubDate>
                        <Year>2019</Year>
                        <Month>Mar</Month>
                        <Day>12</Day>
                    </PubDate>
                </JournalIssue>
                <Title>mBio</Title>
                <ISOAbbreviation>MBio</ISOAbbreviation>
            </Journal>
            <ArticleTitle>AtrR Is an Essential Determinant of Azole Resistance in Aspergillus fumigatus.</ArticleTitle>
            <ELocationID EIdType="pii" ValidYN="Y">e02563-18</ELocationID>
            <ELocationID EIdType="doi" ValidYN="Y">10.1128/mBio.02563-18</ELocationID>
            <Abstract>
                <AbstractText>Aspergillosis associated with azole-resistant <i>Aspergillus fumigatus</i> has a mortality rate that can approach 90% in certain patient populations. The best-understood avenue for azole resistance involves changes in the <i>cyp51A</i> gene that encodes the target of azole drugs, lanosterol <U+03B1>-14 demethylase. The most common azole resistance allele currently described is a linked change corresponding to a change in the coding sequence of <i>cyp51A</i> and a duplication of a 34-bp region in the promoter leading to a tandem repeat (TR). Our previous studies identified a positively acting transcription factor called AtrR that binds to the promoter of <i>cyp51A</i> as well as that of an important membrane transporter protein gene called <i>abcG1</i> In this work, we characterize two different mutant alleles of <i>atrR</i>, either an overproducing or an epitope-tagged form, causing constitutive activation of this factor. Using an epitope-tagged allele of <i>atrR</i> for chromatin immunoprecipitation coupled with high-throughput sequencing (ChIP-seq), the genomic binding sites for AtrR were determined. Close to 900 genes were found to have an AtrR response element (ATRE) in their promoter regions. Transcriptome evaluation by RNA sequencing (RNA-seq) indicated that both alleles led to elevated transcription of a subset of target genes. An electrophoretic mobility shift assay and DNase I protection mapping localized the ATREs in both the <i>abcG1</i> and <i>cyp51A</i> promoters. The ATRE in <i>cyp51A</i> was located within the 34-bp repeat element. Virulence in a murine model was compromised when AtrR was either deleted or overproduced, indicating that the proper dosage of this factor is key for pathogenesis.<b>IMPORTANCE</b><i>Aspergillus fumigatus</i> is the major filamentous fungal pathogen in humans. Infections associated with <i>A. fumigatus</i> are often treated with azole drugs, but resistance to these antifungal agents is increasing. Mortality from aspergillosis associated with azole-resistant fungi is extremely high. Previous work has identified transcriptional control of the azole drug target-encoding gene <i>cyp51A</i> as an important contributor to resistance in <i>A. fumigatus</i> Here, we demonstrate that the transcription factor AtrR binds to a region in the <i>cyp51A</i> promoter that is associated with alleles of this gene conferring clinically important azole resistance. Using high-throughput genomic technologies, we also uncover a large suite of target genes controlled by AtrR. These data indicate that AtrR coordinately regulates many different processes involved in drug resistance, metabolism, and virulence. Our new understanding of AtrR function provides important new insight into the pathogenesis of <i>A. fumigatus</i>.</AbstractText>
                <CopyrightInformation>Copyright © 2019 Paul et al.</CopyrightInformation>
            </Abstract>
            <AuthorList CompleteYN="Y">
                <Author ValidYN="Y">
                    <LastName>Paul</LastName>
                    <ForeName>Sanjoy</ForeName>
                    <Initials>S</Initials>
                    <AffiliationInfo>
                        <Affiliation>Department of Molecular Physiology and Biophysics, Carver College of Medicine, University of Iowa, Iowa City, Iowa, USA.</Affiliation>
                    </AffiliationInfo>
                </Author>
                <Author ValidYN="Y">
                    <LastName>Stamnes</LastName>
                    <ForeName>Mark</ForeName>
                    <Initials>M</Initials>
                    <AffiliationInfo>
                        <Affiliation>Department of Molecular Physiology and Biophysics, Carver College of Medicine, University of Iowa, Iowa City, Iowa, USA.</Affiliation>
                    </AffiliationInfo>
                </Author>
                <Author ValidYN="Y">
                    <LastName>Thomas</LastName>
                    <ForeName>Grace Heredge</ForeName>
                    <Initials>GH</Initials>
                    <AffiliationInfo>
                        <Affiliation>Department of Molecular Physiology and Biophysics, Carver College of Medicine, University of Iowa, Iowa City, Iowa, USA.</Affiliation>
                    </AffiliationInfo>
                </Author>
                <Author ValidYN="Y">
                    <LastName>Liu</LastName>
                    <ForeName>Hong</ForeName>
                    <Initials>H</Initials>
                    <AffiliationInfo>
                        <Affiliation>Division of Infectious Diseases, Los Angeles Biomedical Research Institute at Harbor-UCLA Medical Center, Torrance, California, USA.</Affiliation>
                    </AffiliationInfo>
                </Author>
                <Author ValidYN="Y">
                    <LastName>Hagiwara</LastName>
                    <ForeName>Daisuke</ForeName>
                    <Initials>D</Initials>
                    <AffiliationInfo>
                        <Affiliation>Faculty of Life and Environmental Sciences, University of Tsukuba, Ibaraki, Japan.</Affiliation>
                    </AffiliationInfo>
                </Author>
                <Author ValidYN="Y">
                    <LastName>Gomi</LastName>
                    <ForeName>Katsuya</ForeName>
                    <Initials>K</Initials>
                    <Identifier Source="ORCID">https://orcid.org/0000-0003-3463-8072</Identifier>
                    <AffiliationInfo>
                        <Affiliation>Graduate School of Agricultural Science, Tohoku University, Sendai, Japan.</Affiliation>
                    </AffiliationInfo>
                </Author>
                <Author ValidYN="Y">
                    <LastName>Filler</LastName>
                    <ForeName>Scott G</ForeName>
                    <Initials>SG</Initials>
                    <Identifier Source="ORCID">https://orcid.org/0000-0001-7278-3700</Identifier>
                    <AffiliationInfo>
                        <Affiliation>Division of Infectious Diseases, Los Angeles Biomedical Research Institute at Harbor-UCLA Medical Center, Torrance, California, USA.</Affiliation>
                    </AffiliationInfo>
                    <AffiliationInfo>
                        <Affiliation>David Geffen School of Medicine at UCLA, Los Angeles, California, USA.</Affiliation>
                    </AffiliationInfo>
                </Author>
                <Author ValidYN="Y">
                    <LastName>Moye-Rowley</LastName>
                    <ForeName>W Scott</ForeName>
                    <Initials>WS</Initials>
                    <Identifier Source="ORCID">https://orcid.org/0000-0002-7163-1120</Identifier>
                    <AffiliationInfo>
                        <Affiliation>Department of Molecular Physiology and Biophysics, Carver College of Medicine, University of Iowa, Iowa City, Iowa, USA scott-moye-rowley@uiowa.edu.</Affiliation>
                    </AffiliationInfo>
                </Author>
            </AuthorList>
            <Language>eng</Language>
            <PublicationTypeList>
                <PublicationType UI="D016428">Journal Article</PublicationType>
            </PublicationTypeList>
            <ArticleDate DateType="Electronic">
                <Year>2019</Year>
                <Month>03</Month>
                <Day>12</Day>
            </ArticleDate>
        </Article>
        <MedlineJournalInfo>
            <Country>United States</Country>
            <MedlineTA>MBio</MedlineTA>
            <NlmUniqueID>101519231</NlmUniqueID>
        </MedlineJournalInfo>
        <KeywordList Owner="NOTNLM">
            <Keyword MajorTopicYN="N">ABC transporters</Keyword>
            <Keyword MajorTopicYN="N">Aspergillus fumigatus
</Keyword>
            <Keyword MajorTopicYN="N">antifungal resistance</Keyword>
            <Keyword MajorTopicYN="N">molecular genetics</Keyword>
            <Keyword MajorTopicYN="N">transcriptional regulation</Keyword>
        </KeywordList>
    </MedlineCitation>
    <PubmedData>
        <History>
            <PubMedPubDate PubStatus="entrez">
                <Year>2019</Year>
                <Month>3</Month>
                <Day>14</Day>
                <Hour>6</Hour>
                <Minute>0</Minute>
            </PubMedPubDate>
            <PubMedPubDate PubStatus="pubmed">
                <Year>2019</Year>
                <Month>3</Month>
                <Day>14</Day>
                <Hour>6</Hour>
                <Minute>0</Minute>
            </PubMedPubDate>
            <PubMedPubDate PubStatus="medline">
                <Year>2019</Year>
                <Month>3</Month>
                <Day>14</Day>
                <Hour>6</Hour>
                <Minute>0</Minute>
            </PubMedPubDate>
        </History>
        <PublicationStatus>epublish</PublicationStatus>
        <ArticleIdList>
            <ArticleId IdType="pubmed">30862750</ArticleId>
            <ArticleId IdType="pii">mBio.02563-18</ArticleId>
            <ArticleId IdType="doi">10.1128/mBio.02563-18</ArticleId>
        </ArticleIdList>
    </PubmedData>
</PubmedArticle>


<PubmedArticle>
    <MedlineCitation Status="Publisher" Owner="NLM">
        <PMID Version="1">30862609</PMID>
        <DateRevised>
            <Year>2019</Year>
            <Month>03</Month>
            <Day>13</Day>
        </DateRevised>
        <Article PubModel="Print-Electronic">
            <Journal>
                <ISSN IssnType="Electronic">2373-2873</ISSN>
                <JournalIssue CitedMedium="Internet">
                    <PubDate>
                        <Year>2019</Year>
                        <Month>Mar</Month>
                        <Day>12</Day>
                    </PubDate>
                </JournalIssue>
                <Title>Cold Spring Harbor molecular case studies</Title>
                <ISOAbbreviation>Cold Spring Harb Mol Case Stud</ISOAbbreviation>
            </Journal>
            <ArticleTitle>Integrative genomic analysis of peritoneal malignant mesothelioma: Understanding a case with extraordinary chemotherapy response.</ArticleTitle>
            <ELocationID EIdType="pii" ValidYN="Y">mcs.a003566</ELocationID>
            <ELocationID EIdType="doi" ValidYN="Y">10.1101/mcs.a003566</ELocationID>
            <Abstract>
                <AbstractText>Peritoneal malignant mesothelioma is a rare disease with a generally poor prognosis and poor response to chemotherapy. To improve survival there is a need for increased molecular understanding of the disease, including chemotherapy sensitivity and resistance. We here present an unusual case concerning a young woman with extensive peritoneal mesothelioma who had a remarkable response to palliative chemotherapy (platinum/pemetrexed). Tumor samples collected at surgery before and after treatment were analyzed on the genomic and transcriptional levels (exome sequencing, RNA-seq and smallRNA-seq). Integrative analysis of single nucleotide and copy-number variants, mutational signatures and gene expression was performed to provide a comprehensive picture of the disease. LATS1/2 were identified as the main mutational drivers together with homozygous loss of BAP1 and PBRM1, which also may have contributed to the extraordinary chemotherapy response. The presence of the S3 mutational signature is consistent with homologous recombination DNA repair defects due to BAP1 loss. Up-regulation of the PI3K/AKT/mTOR pathway after treatment, supported by de-activated PTEN through miRNA regulation, is associated with cancer progression and could explain chemotherapy resistance. The molecular profile suggests potential benefit from experimental targeting of PARP, EZH2, the PI3K/AKT/mTOR pathway, and possibly also from immune checkpoint inhibition. In addition to providing the molecular background for this unusual case of peritoneal mesothelioma, the results show the potential value of integrative genomic analysis in precision medicine.</AbstractText>
                <CopyrightInformation>Cold Spring Harbor Laboratory Press.</CopyrightInformation>
            </Abstract>
            <AuthorList CompleteYN="Y">
                <Author ValidYN="Y">
                    <LastName>Lund-Andersen</LastName>
                    <ForeName>Christin</ForeName>
                    <Initials>C</Initials>
                    <AffiliationInfo>
                        <Affiliation>Oslo University Hospital, Institute for Cancer Research.</Affiliation>
                    </AffiliationInfo>
                </Author>
                <Author ValidYN="Y">
                    <LastName>Nakken</LastName>
                    <ForeName>Sigve</ForeName>
                    <Initials>S</Initials>
                    <AffiliationInfo>
                        <Affiliation>Oslo University Hospital, Institute for Cancer Research.</Affiliation>
                    </AffiliationInfo>
                </Author>
                <Author ValidYN="Y">
                    <LastName>Nyg<U+00E5>rd</LastName>
                    <ForeName>St<U+00E5>le</ForeName>
                    <Initials>S</Initials>
                    <AffiliationInfo>
                        <Affiliation>University of Oslo, Department of Informatics. Oslo University Hospital, Institute for Medical Informatics.</Affiliation>
                    </AffiliationInfo>
                </Author>
                <Author ValidYN="Y">
                    <LastName>Fromm</LastName>
                    <ForeName>Bastian</ForeName>
                    <Initials>B</Initials>
                    <AffiliationInfo>
                        <Affiliation>Oslo University Hospital, Institute for Cancer Research.</Affiliation>
                    </AffiliationInfo>
                </Author>
                <Author ValidYN="Y">
                    <LastName>Aasheim</LastName>
                    <ForeName>Lars Birger</ForeName>
                    <Initials>LB</Initials>
                    <AffiliationInfo>
                        <Affiliation>Oslo University Hospital, Institute for Cancer Research.</Affiliation>
                    </AffiliationInfo>
                </Author>
                <Author ValidYN="Y">
                    <LastName>Davidson</LastName>
                    <ForeName>Ben</ForeName>
                    <Initials>B</Initials>
                    <AffiliationInfo>
                        <Affiliation>Oslo University Hospital, Department of Pathology.</Affiliation>
                    </AffiliationInfo>
                </Author>
                <Author ValidYN="Y">
                    <LastName>Julsrud</LastName>
                    <ForeName>Lars</ForeName>
                    <Initials>L</Initials>
                    <AffiliationInfo>
                        <Affiliation>Oslo University Hospital, Department of Radiology.</Affiliation>
                    </AffiliationInfo>
                </Author>
                <Author ValidYN="Y">
                    <LastName>Abrahamsen</LastName>
                    <ForeName>Torveig Weum</ForeName>
                    <Initials>TW</Initials>
                    <AffiliationInfo>
                        <Affiliation>Oslo University Hospital, Institute for Cancer Research.</Affiliation>
                    </AffiliationInfo>
                </Author>
                <Author ValidYN="Y">
                    <LastName>Kristensen</LastName>
                    <ForeName>Annette Torgunrud</ForeName>
                    <Initials>AT</Initials>
                    <AffiliationInfo>
                        <Affiliation>Oslo University Hospital, Institute for Cancer Research.</Affiliation>
                    </AffiliationInfo>
                </Author>
                <Author ValidYN="Y">
                    <LastName>Dybdahl</LastName>
                    <ForeName>Brit</ForeName>
                    <Initials>B</Initials>
                    <AffiliationInfo>
                        <Affiliation>Oslo University Hospital, Department of Oncology.</Affiliation>
                    </AffiliationInfo>
                </Author>
                <Author ValidYN="Y">
                    <LastName>Larsen</LastName>
                    <ForeName>Stein Gunnar</ForeName>
                    <Initials>SG</Initials>
                    <AffiliationInfo>
                        <Affiliation>Oslo University Hospital, Department of Gastroenterological Surgery.</Affiliation>
                    </AffiliationInfo>
                </Author>
                <Author ValidYN="Y">
                    <LastName>Hovig</LastName>
                    <ForeName>Eivind</ForeName>
                    <Initials>E</Initials>
                    <AffiliationInfo>
                        <Affiliation>Oslo University Hospital, Institute for Cancer Research. University of Oslo, Department of Informatics.</Affiliation>
                    </AffiliationInfo>
                </Author>
                <Author ValidYN="Y">
                    <LastName>Flatmark</LastName>
                    <ForeName>Kjersti</ForeName>
                    <Initials>K</Initials>
                    <AffiliationInfo>
                        <Affiliation>Oslo University Hospital, Department of Gastroenterological Surgery. Oslo University Hospital, Institute for Cancer Research. University of Oslo, Institute of clinical Medicine kjersti.flatmark@rr-research.no.</Affiliation>
                    </AffiliationInfo>
                </Author>
            </AuthorList>
            <Language>eng</Language>
            <PublicationTypeList>
                <PublicationType UI="D016428">Journal Article</PublicationType>
            </PublicationTypeList>
            <ArticleDate DateType="Electronic">
                <Year>2019</Year>
                <Month>03</Month>
                <Day>12</Day>
            </ArticleDate>
        </Article>
        <MedlineJournalInfo>
            <Country>United States</Country>
            <MedlineTA>Cold Spring Harb Mol Case Stud</MedlineTA>
            <NlmUniqueID>101660017</NlmUniqueID>
            <ISSNLinking>2373-2873</ISSNLinking>
        </MedlineJournalInfo>
        <KeywordList Owner="NOTNLM">
            <Keyword MajorTopicYN="N">Peritoneal mesothelioma</Keyword>
        </KeywordList>
    </MedlineCitation>
    <PubmedData>
        <History>
            <PubMedPubDate PubStatus="received">
                <Year>2018</Year>
                <Month>10</Month>
                <Day>10</Day>
            </PubMedPubDate>
            <PubMedPubDate PubStatus="accepted">
                <Year>2019</Year>
                <Month>02</Month>
                <Day>17</Day>
            </PubMedPubDate>
            <PubMedPubDate PubStatus="entrez">
                <Year>2019</Year>
                <Month>3</Month>
                <Day>14</Day>
                <Hour>6</Hour>
                <Minute>0</Minute>
            </PubMedPubDate>
            <PubMedPubDate PubStatus="pubmed">
                <Year>2019</Year>
                <Month>3</Month>
                <Day>14</Day>
                <Hour>6</Hour>
                <Minute>0</Minute>
            </PubMedPubDate>
            <PubMedPubDate PubStatus="medline">
                <Year>2019</Year>
                <Month>3</Month>
                <Day>14</Day>
                <Hour>6</Hour>
                <Minute>0</Minute>
            </PubMedPubDate>
        </History>
        <PublicationStatus>aheadofprint</PublicationStatus>
        <ArticleIdList>
            <ArticleId IdType="pubmed">30862609</ArticleId>
            <ArticleId IdType="pii">mcs.a003566</ArticleId>
            <ArticleId IdType="doi">10.1101/mcs.a003566</ArticleId>
        </ArticleIdList>
    </PubmedData>
</PubmedArticle>


<PubmedArticle>
    <MedlineCitation Status="Publisher" Owner="NLM">
        <PMID Version="1">30861459</PMID>
        <DateRevised>
            <Year>2019</Year>
            <Month>03</Month>
            <Day>19</Day>
        </DateRevised>
        <Article PubModel="Print-Electronic">
            <Journal>
                <ISSN IssnType="Electronic">1878-0407</ISSN>
                <JournalIssue CitedMedium="Internet">
                    <Volume>30</Volume>
                    <PubDate>
                        <Year>2019</Year>
                        <Month>Feb</Month>
                        <Day>23</Day>
                    </PubDate>
                </JournalIssue>
                <Title>Comparative biochemistry and physiology. Part D, Genomics &amp; proteomics</Title>
                <ISOAbbreviation>Comp. Biochem. Physiol. Part D Genomics Proteomics</ISOAbbreviation>
            </Journal>
            <ArticleTitle>RNA-seq reveals temporal differences in the transcriptome response to acute heat stress in the Atlantic salmon (Salmo salar).</ArticleTitle>
            <Pagination>
                <MedlinePgn>169-178</MedlinePgn>
            </Pagination>
            <ELocationID EIdType="pii" ValidYN="Y">S1744-117X(18)30102-3</ELocationID>
            <ELocationID EIdType="doi" ValidYN="Y">10.1016/j.cbd.2018.12.011</ELocationID>
            <Abstract>
                <AbstractText>Acute heat stress is common in aquaculture and can affect diverse physiological processes in fish; however, different species of fish have various mechanisms for heat stress adaptation. In this study, we profiled the transcriptome responses of the Atlantic salmon (Salmo salar) to heat stress at 23<U+202F>°C for 6 or 24<U+202F>h, compared with that of fish at a normal temperature of 13<U+202F>°C. The liver was selected as the target tissue for this analysis. A total of 243 and 88 genes were differentially expressed after 6 and 24<U+202F>h of heat stress, respectively. Of these, only 22 were common to both time points, and most of these common genes were molecular chaperones such as heat shock cognate 71<U+202F>kDa protein and heat shock protein 90-alpha. Genes such as activating transcription factor 6, calreticulin, protein disulfide isomerase A3, and protein kinase R-like endoplasmic reticulum kinase-eukaryotic initiation factor 2-alpha were only up-regulated after 6<U+202F>h of heat stress; most of these genes are involved in the endoplasmic reticulum stress pathway. Indeed, endoplasmic reticulum stress was identified at 6<U+202F>h but not at 24<U+202F>h, suggesting that stress response plays an important role in the adaptation of Atlantic salmon to acute heat stress. Other up-regulated genes at 6<U+202F>h were related to the insulin and nucleotide oligomerization domain-like receptor signaling pathways, which directly eliminate misfolded proteins and sustain sugar and lipid homeostasis. At 24<U+202F>h, heat stress influenced the expression of steroid and terpenoid backbone biosynthesis, which may influence the sexual development and differentiation of Atlantic salmon. Overall, our results elucidate the transcriptome mechanisms that contribute to short-term heat tolerance in the liver of Atlantic salmon.</AbstractText>
                <CopyrightInformation>Copyright © 2019 Elsevier Inc. All rights reserved.</CopyrightInformation>
            </Abstract>
            <AuthorList CompleteYN="Y">
                <Author ValidYN="Y">
                    <LastName>Shi</LastName>
                    <ForeName>Kun-Peng</ForeName>
                    <Initials>KP</Initials>
                    <AffiliationInfo>
                        <Affiliation>Key Laboratory of Mariculture, Ministry of Education, Ocean University of China, Qingdao 266003, China.</Affiliation>
                    </AffiliationInfo>
                </Author>
                <Author ValidYN="Y">
                    <LastName>Dong</LastName>
                    <ForeName>Shuang-Lin</ForeName>
                    <Initials>SL</Initials>
                    <AffiliationInfo>
                        <Affiliation>Key Laboratory of Mariculture, Ministry of Education, Ocean University of China, Qingdao 266003, China; Function Laboratory for Marine Fisheries Science and Food Production Processes, Qingdao National Laboratory for Marine Science and Technology, Qingdao 266237, China. Electronic address: Dongsl@ouc.edu.cn.</Affiliation>
                    </AffiliationInfo>
                </Author>
                <Author ValidYN="Y">
                    <LastName>Zhou</LastName>
                    <ForeName>Yan-Gen</ForeName>
                    <Initials>YG</Initials>
                    <AffiliationInfo>
                        <Affiliation>Key Laboratory of Mariculture, Ministry of Education, Ocean University of China, Qingdao 266003, China.</Affiliation>
                    </AffiliationInfo>
                </Author>
                <Author ValidYN="Y">
                    <LastName>Li</LastName>
                    <ForeName>Yun</ForeName>
                    <Initials>Y</Initials>
                    <AffiliationInfo>
                        <Affiliation>Key Laboratory of Mariculture, Ministry of Education, Ocean University of China, Qingdao 266003, China.</Affiliation>
                    </AffiliationInfo>
                </Author>
                <Author ValidYN="Y">
                    <LastName>Gao</LastName>
                    <ForeName>Qin-Feng</ForeName>
                    <Initials>QF</Initials>
                    <AffiliationInfo>
                        <Affiliation>Key Laboratory of Mariculture, Ministry of Education, Ocean University of China, Qingdao 266003, China.</Affiliation>
                    </AffiliationInfo>
                </Author>
                <Author ValidYN="Y">
                    <LastName>Sun</LastName>
                    <ForeName>Da-Jiang</ForeName>
                    <Initials>DJ</Initials>
                    <AffiliationInfo>
                        <Affiliation>Key Laboratory of Mariculture, Ministry of Education, Ocean University of China, Qingdao 266003, China.</Affiliation>
                    </AffiliationInfo>
                </Author>
            </AuthorList>
            <Language>eng</Language>
            <PublicationTypeList>
                <PublicationType UI="D016428">Journal Article</PublicationType>
            </PublicationTypeList>
            <ArticleDate DateType="Electronic">
                <Year>2019</Year>
                <Month>02</Month>
                <Day>23</Day>
            </ArticleDate>
        </Article>
        <MedlineJournalInfo>
            <Country>Netherlands</Country>
            <MedlineTA>Comp Biochem Physiol Part D Genomics Proteomics</MedlineTA>
            <NlmUniqueID>101270611</NlmUniqueID>
            <ISSNLinking>1744-117X</ISSNLinking>
        </MedlineJournalInfo>
        <KeywordList Owner="NOTNLM">
            <Keyword MajorTopicYN="N">Acute heat stress</Keyword>
            <Keyword MajorTopicYN="N">Atlantic salmon</Keyword>
            <Keyword MajorTopicYN="N">Endoplasmic reticulum stress</Keyword>
            <Keyword MajorTopicYN="N">Molecular chaperones</Keyword>
            <Keyword MajorTopicYN="N">Salmo salar</Keyword>
            <Keyword MajorTopicYN="N">mRNA expression</Keyword>
        </KeywordList>
    </MedlineCitation>
    <PubmedData>
        <History>
            <PubMedPubDate PubStatus="received">
                <Year>2018</Year>
                <Month>10</Month>
                <Day>08</Day>
            </PubMedPubDate>
            <PubMedPubDate PubStatus="revised">
                <Year>2018</Year>
                <Month>12</Month>
                <Day>28</Day>
            </PubMedPubDate>
            <PubMedPubDate PubStatus="accepted">
                <Year>2018</Year>
                <Month>12</Month>
                <Day>28</Day>
            </PubMedPubDate>
            <PubMedPubDate PubStatus="pubmed">
                <Year>2019</Year>
                <Month>3</Month>
                <Day>13</Day>
                <Hour>6</Hour>
                <Minute>0</Minute>
            </PubMedPubDate>
            <PubMedPubDate PubStatus="medline">
                <Year>2019</Year>
                <Month>3</Month>
                <Day>13</Day>
                <Hour>6</Hour>
                <Minute>0</Minute>
            </PubMedPubDate>
            <PubMedPubDate PubStatus="entrez">
                <Year>2019</Year>
                <Month>3</Month>
                <Day>13</Day>
                <Hour>6</Hour>
                <Minute>0</Minute>
            </PubMedPubDate>
        </History>
        <PublicationStatus>aheadofprint</PublicationStatus>
        <ArticleIdList>
            <ArticleId IdType="pubmed">30861459</ArticleId>
            <ArticleId IdType="pii">S1744-117X(18)30102-3</ArticleId>
            <ArticleId IdType="doi">10.1016/j.cbd.2018.12.011</ArticleId>
        </ArticleIdList>
    </PubmedData>
</PubmedArticle>


<PubmedArticle>
    <MedlineCitation Status="In-Process" Owner="NLM">
        <PMID Version="1">30861353</PMID>
        <DateRevised>
            <Year>2019</Year>
            <Month>03</Month>
            <Day>12</Day>
        </DateRevised>
        <Article PubModel="Print">
            <Journal>
                <ISSN IssnType="Electronic">2169-141X</ISSN>
                <JournalIssue CitedMedium="Internet">
                    <Volume>47</Volume>
                    <Issue>1</Issue>
                    <PubDate>
                        <Year>2019</Year>
                        <Month>Dec</Month>
                    </PubDate>
                </JournalIssue>
                <Title>Artificial cells, nanomedicine, and biotechnology</Title>
                <ISOAbbreviation>Artif Cells Nanomed Biotechnol</ISOAbbreviation>
            </Journal>
            <ArticleTitle>MiR-483-3p regulates oxaliplatin resistance by targeting FAM171B in human colorectal cancer cells.</ArticleTitle>
            <Pagination>
                <MedlinePgn>725-736</MedlinePgn>
            </Pagination>
            <ELocationID EIdType="doi" ValidYN="Y">10.1080/21691401.2019.1569530</ELocationID>
            <Abstract>
                <AbstractText>Oxaliplatin resistance limits the efficiency of treatment for colorectal cancer (CRC). Studies have shown that abnormal expression of microRNAs (miRNAs) were associated with tumorigenesis, cancer development and chemoresistance. The purpose of this study was to identify potential miRNAs related to oxaliplatin resistance in CRC cells. In this work, using small RNA sequencing (small RNA-Seq) and transcriptome sequencing (RNA-Seq), we found that down-regulated miR-483-3p was concurrent with up-regulated FAM171B in oxaliplatin-resistant colorectal cancer cell line HCT116/L as compared with its parental cell line HCT116. Transient transfection of miR-483-3p mimics markedly decreased the levels of FAM171B and restored oxaliplatin responsiveness of HCT116/L cells, and this alteration enhanced cell apoptosis and weakened cell migration. Whereas miR-483-3p inhibitor dramatically promoted the expression of FAM171B and enhanced oxaliplatin resistance of HCT116 cells by repressing cell apoptosis. Furthermore, knockdown of FAM171B in HCT116/L cells could also sensitize its reaction of the treatment with oxaliplatin, which was verified by the reduced cell migration. These findings demonstrate that FAM171B is a functional target of miR-483-3p in the regulation of oxaliplatin resistance in human CRC cells.</AbstractText>
            </Abstract>
            <AuthorList CompleteYN="Y">
                <Author ValidYN="Y">
                    <LastName>Liang</LastName>
                    <ForeName>Hui</ForeName>
                    <Initials>H</Initials>
                    <AffiliationInfo>
                        <Affiliation>a National Engineering Research Center for Miniaturized Detection Systems, School of Life Sciences , Northwest University , Xi'an , China.</Affiliation>
                    </AffiliationInfo>
                </Author>
                <Author ValidYN="Y">
                    <LastName>Xu</LastName>
                    <ForeName>Yisong</ForeName>
                    <Initials>Y</Initials>
                    <AffiliationInfo>
                        <Affiliation>a National Engineering Research Center for Miniaturized Detection Systems, School of Life Sciences , Northwest University , Xi'an , China.</Affiliation>
                    </AffiliationInfo>
                </Author>
                <Author ValidYN="Y">
                    <LastName>Zhang</LastName>
                    <ForeName>Qiang</ForeName>
                    <Initials>Q</Initials>
                    <AffiliationInfo>
                        <Affiliation>a National Engineering Research Center for Miniaturized Detection Systems, School of Life Sciences , Northwest University , Xi'an , China.</Affiliation>
                    </AffiliationInfo>
                </Author>
                <Author ValidYN="Y">
                    <LastName>Yang</LastName>
                    <ForeName>Yu</ForeName>
                    <Initials>Y</Initials>
                    <AffiliationInfo>
                        <Affiliation>a National Engineering Research Center for Miniaturized Detection Systems, School of Life Sciences , Northwest University , Xi'an , China.</Affiliation>
                    </AffiliationInfo>
                </Author>
                <Author ValidYN="Y">
                    <LastName>Mou</LastName>
                    <ForeName>Yueyang</ForeName>
                    <Initials>Y</Initials>
                    <AffiliationInfo>
                        <Affiliation>a National Engineering Research Center for Miniaturized Detection Systems, School of Life Sciences , Northwest University , Xi'an , China.</Affiliation>
                    </AffiliationInfo>
                </Author>
                <Author ValidYN="Y">
                    <LastName>Gao</LastName>
                    <ForeName>Yingchun</ForeName>
                    <Initials>Y</Initials>
                    <AffiliationInfo>
                        <Affiliation>a National Engineering Research Center for Miniaturized Detection Systems, School of Life Sciences , Northwest University , Xi'an , China.</Affiliation>
                    </AffiliationInfo>
                </Author>
                <Author ValidYN="Y">
                    <LastName>Chen</LastName>
                    <ForeName>Rui</ForeName>
                    <Initials>R</Initials>
                    <AffiliationInfo>
                        <Affiliation>a National Engineering Research Center for Miniaturized Detection Systems, School of Life Sciences , Northwest University , Xi'an , China.</Affiliation>
                    </AffiliationInfo>
                </Author>
                <Author ValidYN="Y">
                    <LastName>Chen</LastName>
                    <ForeName>Chao</ForeName>
                    <Initials>C</Initials>
                    <AffiliationInfo>
                        <Affiliation>a National Engineering Research Center for Miniaturized Detection Systems, School of Life Sciences , Northwest University , Xi'an , China.</Affiliation>
                    </AffiliationInfo>
                </Author>
                <Author ValidYN="Y">
                    <LastName>Dai</LastName>
                    <ForeName>Penggao</ForeName>
                    <Initials>P</Initials>
                    <AffiliationInfo>
                        <Affiliation>a National Engineering Research Center for Miniaturized Detection Systems, School of Life Sciences , Northwest University , Xi'an , China.</Affiliation>
                    </AffiliationInfo>
                </Author>
            </AuthorList>
            <Language>eng</Language>
            <PublicationTypeList>
                <PublicationType UI="D016428">Journal Article</PublicationType>
            </PublicationTypeList>
        </Article>
        <MedlineJournalInfo>
            <Country>England</Country>
            <MedlineTA>Artif Cells Nanomed Biotechnol</MedlineTA>
            <NlmUniqueID>101594777</NlmUniqueID>
            <ISSNLinking>2169-1401</ISSNLinking>
        </MedlineJournalInfo>
        <KeywordList Owner="NOTNLM">
            <Keyword MajorTopicYN="N">Colorectal cancer</Keyword>
            <Keyword MajorTopicYN="N">FAM171B</Keyword>
            <Keyword MajorTopicYN="N">chemoresistance</Keyword>
            <Keyword MajorTopicYN="N">miR-483-3p</Keyword>
            <Keyword MajorTopicYN="N">oxaliplatin</Keyword>
        </KeywordList>
    </MedlineCitation>
    <PubmedData>
        <History>
            <PubMedPubDate PubStatus="entrez">
                <Year>2019</Year>
                <Month>3</Month>
                <Day>13</Day>
                <Hour>6</Hour>
                <Minute>0</Minute>
            </PubMedPubDate>
            <PubMedPubDate PubStatus="pubmed">
                <Year>2019</Year>
                <Month>3</Month>
                <Day>13</Day>
                <Hour>6</Hour>
                <Minute>0</Minute>
            </PubMedPubDate>
            <PubMedPubDate PubStatus="medline">
                <Year>2019</Year>
                <Month>3</Month>
                <Day>13</Day>
                <Hour>6</Hour>
                <Minute>0</Minute>
            </PubMedPubDate>
        </History>
        <PublicationStatus>ppublish</PublicationStatus>
        <ArticleIdList>
            <ArticleId IdType="pubmed">30861353</ArticleId>
            <ArticleId IdType="doi">10.1080/21691401.2019.1569530</ArticleId>
        </ArticleIdList>
    </PubmedData>
</PubmedArticle>


<PubmedArticle>
    <MedlineCitation Status="In-Data-Review" Owner="NLM">
        <PMID Version="1">30861003</PMID>
        <DateRevised>
            <Year>2019</Year>
            <Month>03</Month>
            <Day>12</Day>
        </DateRevised>
        <Article PubModel="Electronic-eCollection">
            <Journal>
                <ISSN IssnType="Electronic">1932-6203</ISSN>
                <JournalIssue CitedMedium="Internet">
                    <Volume>14</Volume>
                    <Issue>3</Issue>
                    <PubDate>
                        <Year>2019</Year>
                    </PubDate>
                </JournalIssue>
                <Title>PloS one</Title>
                <ISOAbbreviation>PLoS ONE</ISOAbbreviation>
            </Journal>
            <ArticleTitle>Why does the zebrafish cloche mutant develop lens cataract?</ArticleTitle>
            <Pagination>
                <MedlinePgn>e0211399</MedlinePgn>
            </Pagination>
            <ELocationID EIdType="doi" ValidYN="Y">10.1371/journal.pone.0211399</ELocationID>
            <Abstract>
                <AbstractText>The zebrafish has become a valuable model for examining ocular lens development, physiology and disease. The zebrafish cloche mutant, first described for its loss of hematopoiesis, also shows reduced eye and lens size, interruption in lens cell differentiation and a cataract likely caused by abnormal protein aggregation. To facilitate the use of the cloche mutant for studies on cataract development and prevention we characterized variation in the lens phenotype, quantified changes in gene expression by qRT-PCR and RNA-Seq and compared the ability of two promoters to drive expression of introduced proteins into the cloche lens. We found that the severity of cloche embryo lens cataract varied, while the decrease in lens diameter and retention of nuclei in differentiating lens fiber cells was constant. We found very low expression of both <U+03B1>B-crystallin genes (cryaba and cryabb) at 4 days post fertilization (dpf) by both qRT-PCR and RNA-Seq in cloche, cloche sibling and wildtype embryos and no significant difference in <U+03B1>A-crystallin (cryaa) expression. RNA-Seq analysis of 4 dpf embryos identified transcripts from 25,281 genes, with 1,329 showing statistically significantly different expression between cloche and wildtype samples. Downregulation of eight lens <U+03B2>- and <U+03B3>M-crystallin genes and 22 retinal related genes may reflect a general reduction in eye development and growth. Six stress response genes were upregulated. We did not find misregulation of any known components of lens development gene regulatory networks. These results suggest that the cloche lens cataract is not caused by loss of <U+03B1>A-crystallin or changes to lens gene regulatory networks. Instead, we propose that the cataract results from general physiological stress related to loss of hematopoiesis. Our finding that the zebrafish <U+03B1>A-crystallin promoter drove strong GFP expression in the cloche lens demonstrates its use as a tool for examining the effects of introduced proteins on lens crystallin aggregation and cataract prevention.</AbstractText>
            </Abstract>
            <AuthorList CompleteYN="Y">
                <Author ValidYN="Y">
                    <LastName>Posner</LastName>
                    <ForeName>Mason</ForeName>
                    <Initials>M</Initials>
                    <Identifier Source="ORCID">http://orcid.org/0000-0003-2817-3395</Identifier>
                    <AffiliationInfo>
                        <Affiliation>Department of Biology, Ashland University, Ashland, Ohio, United States of America.</Affiliation>
                    </AffiliationInfo>
                </Author>
                <Author ValidYN="Y">
                    <LastName>McDonald</LastName>
                    <ForeName>Matthew S</ForeName>
                    <Initials>MS</Initials>
                    <AffiliationInfo>
                        <Affiliation>Department of Biology, Ashland University, Ashland, Ohio, United States of America.</Affiliation>
                    </AffiliationInfo>
                </Author>
                <Author ValidYN="Y">
                    <LastName>Murray</LastName>
                    <ForeName>Kelly L</ForeName>
                    <Initials>KL</Initials>
                    <Identifier Source="ORCID">http://orcid.org/0000-0002-4748-997X</Identifier>
                    <AffiliationInfo>
                        <Affiliation>Department of Biology, Ashland University, Ashland, Ohio, United States of America.</Affiliation>
                    </AffiliationInfo>
                </Author>
                <Author ValidYN="Y">
                    <LastName>Kiss</LastName>
                    <ForeName>Andor J</ForeName>
                    <Initials>AJ</Initials>
                    <AffiliationInfo>
                        <Affiliation>Center for Bioinformatics &amp; Functional Genomics, Miami University, Oxford, Ohio, United States of America.</Affiliation>
                    </AffiliationInfo>
                </Author>
            </AuthorList>
            <Language>eng</Language>
            <PublicationTypeList>
                <PublicationType UI="D016428">Journal Article</PublicationType>
            </PublicationTypeList>
            <ArticleDate DateType="Electronic">
                <Year>2019</Year>
                <Month>03</Month>
                <Day>12</Day>
            </ArticleDate>
        </Article>
        <MedlineJournalInfo>
            <Country>United States</Country>
            <MedlineTA>PLoS One</MedlineTA>
            <NlmUniqueID>101285081</NlmUniqueID>
            <ISSNLinking>1932-6203</ISSNLinking>
        </MedlineJournalInfo>
        <CoiStatement>The authors have declared that no competing interests exist.</CoiStatement>
    </MedlineCitation>
    <PubmedData>
        <History>
            <PubMedPubDate PubStatus="received">
                <Year>2019</Year>
                <Month>01</Month>
                <Day>11</Day>
            </PubMedPubDate>
            <PubMedPubDate PubStatus="accepted">
                <Year>2019</Year>
                <Month>02</Month>
                <Day>05</Day>
            </PubMedPubDate>
            <PubMedPubDate PubStatus="entrez">
                <Year>2019</Year>
                <Month>3</Month>
                <Day>13</Day>
                <Hour>6</Hour>
                <Minute>0</Minute>
            </PubMedPubDate>
            <PubMedPubDate PubStatus="pubmed">
                <Year>2019</Year>
                <Month>3</Month>
                <Day>13</Day>
                <Hour>6</Hour>
                <Minute>0</Minute>
            </PubMedPubDate>
            <PubMedPubDate PubStatus="medline">
                <Year>2019</Year>
                <Month>3</Month>
                <Day>13</Day>
                <Hour>6</Hour>
                <Minute>0</Minute>
            </PubMedPubDate>
        </History>
        <PublicationStatus>epublish</PublicationStatus>
        <ArticleIdList>
            <ArticleId IdType="pubmed">30861003</ArticleId>
            <ArticleId IdType="doi">10.1371/journal.pone.0211399</ArticleId>
            <ArticleId IdType="pii">PONE-D-19-01029</ArticleId>
        </ArticleIdList>
    </PubmedData>
</PubmedArticle>


<PubmedArticle>
    <MedlineCitation Status="Publisher" Owner="NLM">
        <PMID Version="1">30860641</PMID>
        <DateRevised>
            <Year>2019</Year>
            <Month>03</Month>
            <Day>12</Day>
        </DateRevised>
        <Article PubModel="Print-Electronic">
            <Journal>
                <ISSN IssnType="Electronic">1550-7408</ISSN>
                <JournalIssue CitedMedium="Internet">
                    <PubDate>
                        <Year>2019</Year>
                        <Month>Mar</Month>
                        <Day>12</Day>
                    </PubDate>
                </JournalIssue>
                <Title>The Journal of eukaryotic microbiology</Title>
                <ISOAbbreviation>J. Eukaryot. Microbiol.</ISOAbbreviation>
            </Journal>
            <ArticleTitle>Differential Gene Expression Supports a Resource-Intensive, Defensive Role for Colony Production in the Bloom-Forming Haptophyte, Phaeocystis globosa.</ArticleTitle>
            <ELocationID EIdType="doi" ValidYN="Y">10.1111/jeu.12727</ELocationID>
            <Abstract>
                <AbstractText>Phaeocystis globosa forms dense, monospecific blooms in temperate, northern waters. Blooms are usually dominated by the colonial morphotype-non-flagellated cells embedded in a secreted mucilaginous mass. Colonial Phaeocystis blooms significantly affect food-web structure and function and negatively impact fisheries and aquaculture, but factors regulating colony formation remain enigmatic. Destructive P. globosa blooms have been reported in tropical and subtropical regions more recently and warm-water blooms could become more common with continued climate change and coastal eutrophication. We therefore assessed genetic pathways associated with colony formation by investigating differential gene expression between colonial and solitary cells of a warm-water Phaeocystis globosa strain. Our results illustrate a transcriptional shift in colonial cells with most of the differentially expressed genes downregulated, supporting a reallocation of resources associated with forming and maintaining colonies. Dimethylsulfide and acrylate production and pathogen interaction pathways were upregulated in colonial cells, suggesting a defensive role for producing colonies. We identify several protein kinase signaling pathways that may influence the transition between morphotypes, providing targets for future research into factors affecting colony formation. This study provides novel insights into genetic mechanisms involved in Phaeocystis colony formation and provides new evidence supporting a defensive role for Phaeocystis colonies. This article is protected by copyright. All rights reserved.</AbstractText>
                <CopyrightInformation>This article is protected by copyright. All rights reserved.</CopyrightInformation>
            </Abstract>
            <AuthorList CompleteYN="Y">
                <Author ValidYN="Y">
                    <LastName>Mars Brisbin</LastName>
                    <ForeName>Margaret</ForeName>
                    <Initials>M</Initials>
                    <AffiliationInfo>
                        <Affiliation>Marine Biophysics Unit, Okinawa Institute of Science and Technology Graduate University, Okinawa, Japan.</Affiliation>
                    </AffiliationInfo>
                </Author>
                <Author ValidYN="Y">
                    <LastName>Mitarai</LastName>
                    <ForeName>Satoshi</ForeName>
                    <Initials>S</Initials>
                    <AffiliationInfo>
                        <Affiliation>Marine Biophysics Unit, Okinawa Institute of Science and Technology Graduate University, Okinawa, Japan.</Affiliation>
                    </AffiliationInfo>
                </Author>
            </AuthorList>
            <Language>eng</Language>
            <PublicationTypeList>
                <PublicationType UI="D016428">Journal Article</PublicationType>
            </PublicationTypeList>
            <ArticleDate DateType="Electronic">
                <Year>2019</Year>
                <Month>03</Month>
                <Day>12</Day>
            </ArticleDate>
        </Article>
        <MedlineJournalInfo>
            <Country>United States</Country>
            <MedlineTA>J Eukaryot Microbiol</MedlineTA>
            <NlmUniqueID>9306405</NlmUniqueID>
            <ISSNLinking>1066-5234</ISSNLinking>
        </MedlineJournalInfo>
        <KeywordList Owner="NOTNLM">
            <Keyword MajorTopicYN="N">
DMS
</Keyword>
            <Keyword MajorTopicYN="N">
DMSP
</Keyword>
            <Keyword MajorTopicYN="N">Plankton</Keyword>
            <Keyword MajorTopicYN="N">RNA-seq</Keyword>
            <Keyword MajorTopicYN="N">algae bloom</Keyword>
            <Keyword MajorTopicYN="N">algal bloom</Keyword>
            <Keyword MajorTopicYN="N">colonial morphotype</Keyword>
            <Keyword MajorTopicYN="N">phytoplankton</Keyword>
            <Keyword MajorTopicYN="N">transcriptome</Keyword>
            <Keyword MajorTopicYN="N">transcriptomics</Keyword>
        </KeywordList>
    </MedlineCitation>
    <PubmedData>
        <History>
            <PubMedPubDate PubStatus="entrez">
                <Year>2019</Year>
                <Month>3</Month>
                <Day>13</Day>
                <Hour>6</Hour>
                <Minute>0</Minute>
            </PubMedPubDate>
            <PubMedPubDate PubStatus="pubmed">
                <Year>2019</Year>
                <Month>3</Month>
                <Day>13</Day>
                <Hour>6</Hour>
                <Minute>0</Minute>
            </PubMedPubDate>
            <PubMedPubDate PubStatus="medline">
                <Year>2019</Year>
                <Month>3</Month>
                <Day>13</Day>
                <Hour>6</Hour>
                <Minute>0</Minute>
            </PubMedPubDate>
        </History>
        <PublicationStatus>aheadofprint</PublicationStatus>
        <ArticleIdList>
            <ArticleId IdType="pubmed">30860641</ArticleId>
            <ArticleId IdType="doi">10.1111/jeu.12727</ArticleId>
        </ArticleIdList>
    </PubmedData>
</PubmedArticle>


<PubmedArticle>
    <MedlineCitation Status="Publisher" Owner="NLM">
        <PMID Version="1">30860479</PMID>
        <DateRevised>
            <Year>2019</Year>
            <Month>03</Month>
            <Day>12</Day>
        </DateRevised>
        <Article PubModel="Print-Electronic">
            <Journal>
                <ISSN IssnType="Electronic">2050-084X</ISSN>
                <JournalIssue CitedMedium="Internet">
                    <Volume>8</Volume>
                    <PubDate>
                        <Year>2019</Year>
                        <Month>Mar</Month>
                        <Day>12</Day>
                    </PubDate>
                </JournalIssue>
                <Title>eLife</Title>
                <ISOAbbreviation>Elife</ISOAbbreviation>
            </Journal>
            <ArticleTitle>Single cell RNA-seq identifies the origins of heterogeneity in efficient cell transdifferentiation and reprogramming.</ArticleTitle>
            <ELocationID EIdType="doi" ValidYN="Y">10.7554/eLife.41627</ELocationID>
            <ELocationID EIdType="pii" ValidYN="Y">e41627</ELocationID>
            <Abstract>
                <AbstractText>Forced transcription factor expression can transdifferentiate somatic cells into other specialized cell types or reprogram them into induced pluripotent stem cells (iPSCs) with variable efficiency. To better understand the heterogeneity of these processes, we used single-cell RNA sequencing to follow the transdifferentation of murine pre-B cells into macrophages as well as their reprogramming into iPSCs. Even in these highly efficient systems, there was substantial variation in the speed and path of fate conversion. We predicted and validated that these differences are inversely coupled and arise in the starting cell population, with Myc<sup>high</sup> large pre-BII cells transdifferentiating slowly but reprogramming efficiently and Myc<sup>low</sup> small pre-BII cells transdifferentiating rapidly but failing to reprogram. Strikingly, differences in Myc activity predict the efficiency of reprogramming across a wide range of somatic cell types. These results illustrate how single cell expression and computational analyses can identify the origins of heterogeneity in cell fate conversion processes.</AbstractText>
                <CopyrightInformation>© 2019, Francesconi et al.</CopyrightInformation>
            </Abstract>
            <AuthorList CompleteYN="Y">
                <Author ValidYN="Y">
                    <LastName>Francesconi</LastName>
                    <ForeName>Mirko</ForeName>
                    <Initials>M</Initials>
                    <AffiliationInfo>
                        <Affiliation>Systems Biology Program, Center for Genomic Regulation, Barcelona, Spain.</Affiliation>
                    </AffiliationInfo>
                </Author>
                <Author ValidYN="Y">
                    <LastName>Di Stefano</LastName>
                    <ForeName>Bruno</ForeName>
                    <Initials>B</Initials>
                    <Identifier Source="ORCID">http://orcid.org/0000-0003-2532-3087</Identifier>
                    <AffiliationInfo>
                        <Affiliation>Department of Stem Cell and Regenerative Biology, Harvard University, Boston, United States.</Affiliation>
                    </AffiliationInfo>
                </Author>
                <Author ValidYN="Y">
                    <LastName>Berenguer</LastName>
                    <ForeName>Clara</ForeName>
                    <Initials>C</Initials>
                    <AffiliationInfo>
                        <Affiliation>Gene Regulation, Stem Cells and Cancer Program, Center for Genomic Regulation, Barcelona, Spain.</Affiliation>
                    </AffiliationInfo>
                </Author>
                <Author ValidYN="Y">
                    <LastName>de Andr<U+00E9>s-Aguayo</LastName>
                    <ForeName>Luisa</ForeName>
                    <Initials>L</Initials>
                    <AffiliationInfo>
                        <Affiliation>Gene Regulation, Stem Cells and Cancer Program, Center for Genomic Regulation, Barcelona, Spain.</Affiliation>
                    </AffiliationInfo>
                </Author>
                <Author ValidYN="Y">
                    <LastName>Plana-Carmona</LastName>
                    <ForeName>Marcos</ForeName>
                    <Initials>M</Initials>
                    <Identifier Source="ORCID">http://orcid.org/0000-0002-1976-7506</Identifier>
                    <AffiliationInfo>
                        <Affiliation>Gene Regulation, Stem Cells and Cancer Program, Center for Genomic Regulation, Barcelona, Spain.</Affiliation>
                    </AffiliationInfo>
                </Author>
                <Author ValidYN="Y">
                    <LastName>Mendez-Lago</LastName>
                    <ForeName>Maria</ForeName>
                    <Initials>M</Initials>
                    <AffiliationInfo>
                        <Affiliation>Centre for Genomic Regulation, Centro Nacional de An<U+00E1>lisis Gen<U+00F3>mico, Barcelona, Spain.</Affiliation>
                    </AffiliationInfo>
                </Author>
                <Author ValidYN="Y">
                    <LastName>Guillaumet-Adkins</LastName>
                    <ForeName>Amy</ForeName>
                    <Initials>A</Initials>
                    <AffiliationInfo>
                        <Affiliation>Centre for Genomic Regulation, Centro Nacional de An<U+00E1>lisis Gen<U+00F3>mico, Barcelona, Spain.</Affiliation>
                    </AffiliationInfo>
                </Author>
                <Author ValidYN="Y">
                    <LastName>Rodriguez-Esteban</LastName>
                    <ForeName>Gustavo</ForeName>
                    <Initials>G</Initials>
                    <AffiliationInfo>
                        <Affiliation>Center for Genomic Regulation, Centro Nacional de An<U+00E1>lisis Gen<U+00F3>mico, Barcelona, Spain.</Affiliation>
                    </AffiliationInfo>
                </Author>
                <Author ValidYN="Y">
                    <LastName>Gut</LastName>
                    <ForeName>Marta</ForeName>
                    <Initials>M</Initials>
                    <AffiliationInfo>
                        <Affiliation>Center for Genomic Regulation, Centro Nacional d'An<U+00E0>lisi Gen<U+00F2>mica, Barcelona, Spain.</Affiliation>
                    </AffiliationInfo>
                </Author>
                <Author ValidYN="Y">
                    <LastName>Gut</LastName>
                    <ForeName>Ivo G</ForeName>
                    <Initials>IG</Initials>
                    <Identifier Source="ORCID">http://orcid.org/0000-0001-7219-632X</Identifier>
                    <AffiliationInfo>
                        <Affiliation>Center for Genomic Regulation, Centro Nacional d'An<U+00E0>lisi Gen<U+00F2>mica, Barcelona, Spain.</Affiliation>
                    </AffiliationInfo>
                </Author>
                <Author ValidYN="Y">
                    <LastName>Heyn</LastName>
                    <ForeName>Holger</ForeName>
                    <Initials>H</Initials>
                    <AffiliationInfo>
                        <Affiliation>Center for Genomic Regulation, Centro Nacional d'An<U+00E0>lisi Gen<U+00F2>mica, Barcelona, Spain.</Affiliation>
                    </AffiliationInfo>
                </Author>
                <Author ValidYN="Y">
                    <LastName>Lehner</LastName>
                    <ForeName>Ben</ForeName>
                    <Initials>B</Initials>
                    <Identifier Source="ORCID">http://orcid.org/0000-0002-8817-1124</Identifier>
                    <AffiliationInfo>
                        <Affiliation>Systems Biology Program, Center for Genomic Regulation, Barcelona, Spain.</Affiliation>
                    </AffiliationInfo>
                </Author>
                <Author ValidYN="Y">
                    <LastName>Graf</LastName>
                    <ForeName>Thomas</ForeName>
                    <Initials>T</Initials>
                    <Identifier Source="ORCID">http://orcid.org/0000-0003-2774-4117</Identifier>
                    <AffiliationInfo>
                        <Affiliation>Gene Regulation, Stem Cells and Cancer Program, Center for Genomic Regulation, Barcelona, Spain.</Affiliation>
                    </AffiliationInfo>
                </Author>
            </AuthorList>
            <Language>eng</Language>
            <PublicationTypeList>
                <PublicationType UI="D016428">Journal Article</PublicationType>
            </PublicationTypeList>
            <ArticleDate DateType="Electronic">
                <Year>2019</Year>
                <Month>03</Month>
                <Day>12</Day>
            </ArticleDate>
        </Article>
        <MedlineJournalInfo>
            <Country>England</Country>
            <MedlineTA>Elife</MedlineTA>
            <NlmUniqueID>101579614</NlmUniqueID>
            <ISSNLinking>2050-084X</ISSNLinking>
        </MedlineJournalInfo>
        <KeywordList Owner="NOTNLM">
            <Keyword MajorTopicYN="N">computational biology</Keyword>
            <Keyword MajorTopicYN="N">mouse</Keyword>
            <Keyword MajorTopicYN="N">regenerative medicine</Keyword>
            <Keyword MajorTopicYN="N">stem cells</Keyword>
            <Keyword MajorTopicYN="N">systems biology</Keyword>
        </KeywordList>
        <CoiStatement>MF, BD, CB, Ld, MP, MM, AG, GR, MG, IG, HH, BL, TG The authors declare that no competing interests exist.</CoiStatement>
    </MedlineCitation>
    <PubmedData>
        <History>
            <PubMedPubDate PubStatus="received">
                <Year>2018</Year>
                <Month>09</Month>
                <Day>01</Day>
            </PubMedPubDate>
            <PubMedPubDate PubStatus="accepted">
                <Year>2019</Year>
                <Month>03</Month>
                <Day>11</Day>
            </PubMedPubDate>
            <PubMedPubDate PubStatus="entrez">
                <Year>2019</Year>
                <Month>3</Month>
                <Day>13</Day>
                <Hour>6</Hour>
                <Minute>0</Minute>
            </PubMedPubDate>
            <PubMedPubDate PubStatus="pubmed">
                <Year>2019</Year>
                <Month>3</Month>
                <Day>13</Day>
                <Hour>6</Hour>
                <Minute>0</Minute>
            </PubMedPubDate>
            <PubMedPubDate PubStatus="medline">
                <Year>2019</Year>
                <Month>3</Month>
                <Day>13</Day>
                <Hour>6</Hour>
                <Minute>0</Minute>
            </PubMedPubDate>
        </History>
        <PublicationStatus>aheadofprint</PublicationStatus>
        <ArticleIdList>
            <ArticleId IdType="pubmed">30860479</ArticleId>
            <ArticleId IdType="doi">10.7554/eLife.41627</ArticleId>
            <ArticleId IdType="pii">41627</ArticleId>
        </ArticleIdList>
    </PubmedData>
</PubmedArticle>


<PubmedArticle>
    <MedlineCitation Status="Publisher" Owner="NLM">
        <PMID Version="1">30859176</PMID>
        <DateRevised>
            <Year>2019</Year>
            <Month>03</Month>
            <Day>12</Day>
        </DateRevised>
        <Article PubModel="Print-Electronic">
            <Journal>
                <ISSN IssnType="Electronic">1367-4811</ISSN>
                <JournalIssue CitedMedium="Internet">
                    <PubDate>
                        <Year>2019</Year>
                        <Month>Mar</Month>
                        <Day>11</Day>
                    </PubDate>
                </JournalIssue>
                <Title>Bioinformatics (Oxford, England)</Title>
                <ISOAbbreviation>Bioinformatics</ISOAbbreviation>
            </Journal>
            <ArticleTitle>Holistic optimization of an RNA-seq workflow for multi-threaded environments.</ArticleTitle>
            <ELocationID EIdType="pii" ValidYN="Y">btz169</ELocationID>
            <ELocationID EIdType="doi" ValidYN="Y">10.1093/bioinformatics/btz169</ELocationID>
            <Abstract>
                <AbstractText Label="SUMMARY" NlmCategory="CONCLUSIONS">For many next-generation sequencing pipelines, the most computationally intensive step is the alignment of reads to a reference sequence. As a result, alignment software such as the Burrows-Wheeler Aligner (BWA) is optimized for speed and is often executed in parallel on the cloud. However, there are other less demanding steps that can also be optimized to significantly increase the speed especially when using many threads. We demonstrate this using a unique molecular identifier (UMI) RNA sequencing pipeline consisting of 3 steps: split, align, and merge. Optimization of all three steps yields a 40% increase in speed when executed using a single thread. However, when executed using 16 threads, we observe a 4-fold improvement over the original parallel implementation and more than an 8-fold improvement over the original single-threaded implementation. In contrast, optimizing only the alignment step results in just a 13% improvement over the original parallel workflow using 16 threads.</AbstractText>
                <AbstractText Label="AVAILABILITY" NlmCategory="BACKGROUND">Code (M.I.T. license), supporting scripts and Dockerfiles are available at https://github.com/BioDepot/LINCS_RNAseq_cpp and Docker images at https://hub.docker.com/r/biodepot/rnaseq-umi-cpp/.</AbstractText>
                <AbstractText Label="SUPPLEMENTARY INFORMATION" NlmCategory="BACKGROUND">Supplementary data are available at Bioinformatics online.</AbstractText>
                <CopyrightInformation>© The Author(s) (2019). Published by Oxford University Press. All rights reserved. For Permissions, please email: journals.permissions@oup.com.</CopyrightInformation>
            </Abstract>
            <AuthorList CompleteYN="Y">
                <Author ValidYN="Y">
                    <LastName>Hung</LastName>
                    <ForeName>Ling-Hong</ForeName>
                    <Initials>LH</Initials>
                    <AffiliationInfo>
                        <Affiliation>Institute of Technology, University of Washington, Tacoma, WA, USA.</Affiliation>
                    </AffiliationInfo>
                </Author>
                <Author ValidYN="Y">
                    <LastName>Lloyd</LastName>
                    <ForeName>Wes</ForeName>
                    <Initials>W</Initials>
                    <AffiliationInfo>
                        <Affiliation>Institute of Technology, University of Washington, Tacoma, WA, USA.</Affiliation>
                    </AffiliationInfo>
                </Author>
                <Author ValidYN="Y">
                    <LastName>Agumbe Sridhar</LastName>
                    <ForeName>Radhika</ForeName>
                    <Initials>R</Initials>
                    <AffiliationInfo>
                        <Affiliation>Institute of Technology, University of Washington, Tacoma, WA, USA.</Affiliation>
                    </AffiliationInfo>
                </Author>
                <Author ValidYN="Y">
                    <LastName>Devi Athmalingam Ravishankar</LastName>
                    <ForeName>Saranya</ForeName>
                    <Initials>S</Initials>
                    <AffiliationInfo>
                        <Affiliation>Institute of Technology, University of Washington, Tacoma, WA, USA.</Affiliation>
                    </AffiliationInfo>
                </Author>
                <Author ValidYN="Y">
                    <LastName>Xiong</LastName>
                    <ForeName>Yuguang</ForeName>
                    <Initials>Y</Initials>
                    <AffiliationInfo>
                        <Affiliation>Ichahn School of Medicine at Mount Sinai, 1468 Madison Ave, New York, NY, US.</Affiliation>
                    </AffiliationInfo>
                </Author>
                <Author ValidYN="Y">
                    <LastName>Sobie</LastName>
                    <ForeName>Eric</ForeName>
                    <Initials>E</Initials>
                    <AffiliationInfo>
                        <Affiliation>Ichahn School of Medicine at Mount Sinai, 1468 Madison Ave, New York, NY, US.</Affiliation>
                    </AffiliationInfo>
                </Author>
                <Author ValidYN="Y">
                    <LastName>Yeung</LastName>
                    <ForeName>Ka Yee</ForeName>
                    <Initials>KY</Initials>
                    <AffiliationInfo>
                        <Affiliation>Institute of Technology, University of Washington, Tacoma, WA, USA.</Affiliation>
                    </AffiliationInfo>
                </Author>
            </AuthorList>
            <Language>eng</Language>
            <PublicationTypeList>
                <PublicationType UI="D016428">Journal Article</PublicationType>
            </PublicationTypeList>
            <ArticleDate DateType="Electronic">
                <Year>2019</Year>
                <Month>03</Month>
                <Day>11</Day>
            </ArticleDate>
        </Article>
        <MedlineJournalInfo>
            <Country>England</Country>
            <MedlineTA>Bioinformatics</MedlineTA>
            <NlmUniqueID>9808944</NlmUniqueID>
            <ISSNLinking>1367-4803</ISSNLinking>
        </MedlineJournalInfo>
    </MedlineCitation>
    <PubmedData>
        <History>
            <PubMedPubDate PubStatus="received">
                <Year>2018</Year>
                <Month>06</Month>
                <Day>19</Day>
            </PubMedPubDate>
            <PubMedPubDate PubStatus="revised">
                <Year>2019</Year>
                <Month>02</Month>
                <Day>01</Day>
            </PubMedPubDate>
            <PubMedPubDate PubStatus="accepted">
                <Year>2019</Year>
                <Month>03</Month>
                <Day>07</Day>
            </PubMedPubDate>
            <PubMedPubDate PubStatus="entrez">
                <Year>2019</Year>
                <Month>3</Month>
                <Day>13</Day>
                <Hour>6</Hour>
                <Minute>0</Minute>
            </PubMedPubDate>
            <PubMedPubDate PubStatus="pubmed">
                <Year>2019</Year>
                <Month>3</Month>
                <Day>13</Day>
                <Hour>6</Hour>
                <Minute>0</Minute>
            </PubMedPubDate>
            <PubMedPubDate PubStatus="medline">
                <Year>2019</Year>
                <Month>3</Month>
                <Day>13</Day>
                <Hour>6</Hour>
                <Minute>0</Minute>
            </PubMedPubDate>
        </History>
        <PublicationStatus>aheadofprint</PublicationStatus>
        <ArticleIdList>
            <ArticleId IdType="pubmed">30859176</ArticleId>
            <ArticleId IdType="pii">5374759</ArticleId>
            <ArticleId IdType="doi">10.1093/bioinformatics/btz169</ArticleId>
        </ArticleIdList>
    </PubmedData>
</PubmedArticle>


<PubmedArticle>
    <MedlineCitation Status="Publisher" Owner="NLM">
        <PMID Version="1">30858548</PMID>
        <DateRevised>
            <Year>2019</Year>
            <Month>03</Month>
            <Day>12</Day>
        </DateRevised>
        <Article PubModel="Print-Electronic">
            <Journal>
                <ISSN IssnType="Electronic">1476-5551</ISSN>
                <JournalIssue CitedMedium="Internet">
                    <PubDate>
                        <Year>2019</Year>
                        <Month>Mar</Month>
                        <Day>11</Day>
                    </PubDate>
                </JournalIssue>
                <Title>Leukemia</Title>
                <ISOAbbreviation>Leukemia</ISOAbbreviation>
            </Journal>
            <ArticleTitle>Expression and functional relevance of long non-coding RNAs in acute myeloid leukemia stem cells.</ArticleTitle>
            <ELocationID EIdType="doi" ValidYN="Y">10.1038/s41375-019-0429-5</ELocationID>
            <Abstract>
                <AbstractText>In acute myeloid leukemia (AML), novel therapies are needed to target not only the rapidly dividing AML blasts but also the distinct population of leukemia stem cells (LSCs), which have abnormal self-renewal capacity and increased chemotherapy resistance. Elucidation of the expression and function of deregulated genes in LSCs is critical to specifically target LSCs and may consequently lead to improving outcomes of AML patients. Here, we correlated long non-coding RNA (lncRNA) expression profiles obtained from two RNA-seq datasets of 375 younger (aged &lt;60 years) 76 older (<U+2265>60 years) adults with cytogenetically normal AML with a 'core enriched' (CE) gene expression signature (GES) associated with LSCs. We identified a LSC-specific signature of 111 lncRNAs that correlated strongly with the CE-GES. Among the top upregulated LSC-associated lncRNAs, we identified the lncRNA DANCR. Further experiments confirmed that DANCR is upregulated in functionally validated LSC-enriched populations. DANCR knock-down in LSCs resulted in decreased stem-cell renewal and quiescence. Furthermore, we showed that targeting Dancr in vivo using a primary murine model of AML (expressing both Mll partial tandem duplication/Flt3 internal tandem duplication) prolonged the survival of mice after serial transplantation. Our data suggest that LSCs have a distinct lncRNA signature with functional relevance and therapeutic potential.</AbstractText>
            </Abstract>
            <AuthorList CompleteYN="Y">
                <Author ValidYN="Y">
                    <LastName>Bill</LastName>
                    <ForeName>Marius</ForeName>
                    <Initials>M</Initials>
                    <AffiliationInfo>
                        <Affiliation>The Ohio State University Comprehensive Cancer Center, Columbus, OH, USA.</Affiliation>
                    </AffiliationInfo>
                </Author>
                <Author ValidYN="Y">
                    <LastName>Papaioannou</LastName>
                    <ForeName>Dimitrios</ForeName>
                    <Initials>D</Initials>
                    <AffiliationInfo>
                        <Affiliation>The Ohio State University Comprehensive Cancer Center, Columbus, OH, USA.</Affiliation>
                    </AffiliationInfo>
                </Author>
                <Author ValidYN="Y">
                    <LastName>Karunasiri</LastName>
                    <ForeName>Malith</ForeName>
                    <Initials>M</Initials>
                    <AffiliationInfo>
                        <Affiliation>The Ohio State University Comprehensive Cancer Center, Columbus, OH, USA.</Affiliation>
                    </AffiliationInfo>
                    <AffiliationInfo>
                        <Affiliation>Division of Hematology, Department of Internal Medicine, The Ohio State University, Columbus, OH, USA.</Affiliation>
                    </AffiliationInfo>
                </Author>
                <Author ValidYN="Y">
                    <LastName>Kohlschmidt</LastName>
                    <ForeName>Jessica</ForeName>
                    <Initials>J</Initials>
                    <AffiliationInfo>
                        <Affiliation>The Ohio State University Comprehensive Cancer Center, Columbus, OH, USA.</Affiliation>
                    </AffiliationInfo>
                </Author>
                <Author ValidYN="Y">
                    <LastName>Pepe</LastName>
                    <ForeName>Felice</ForeName>
                    <Initials>F</Initials>
                    <AffiliationInfo>
                        <Affiliation>The Ohio State University Comprehensive Cancer Center, Columbus, OH, USA.</Affiliation>
                    </AffiliationInfo>
                </Author>
                <Author ValidYN="Y">
                    <LastName>Walker</LastName>
                    <ForeName>Christopher J</ForeName>
                    <Initials>CJ</Initials>
                    <AffiliationInfo>
                        <Affiliation>The Ohio State University Comprehensive Cancer Center, Columbus, OH, USA.</Affiliation>
                    </AffiliationInfo>
                </Author>
                <Author ValidYN="Y">
                    <LastName>Walker</LastName>
                    <ForeName>Allison E</ForeName>
                    <Initials>AE</Initials>
                    <AffiliationInfo>
                        <Affiliation>The Ohio State University Comprehensive Cancer Center, Columbus, OH, USA.</Affiliation>
                    </AffiliationInfo>
                </Author>
                <Author ValidYN="Y">
                    <LastName>Brannan</LastName>
                    <ForeName>Zachary</ForeName>
                    <Initials>Z</Initials>
                    <AffiliationInfo>
                        <Affiliation>The Ohio State University Comprehensive Cancer Center, Columbus, OH, USA.</Affiliation>
                    </AffiliationInfo>
                </Author>
                <Author ValidYN="Y">
                    <LastName>Pathmanathan</LastName>
                    <ForeName>Aparna</ForeName>
                    <Initials>A</Initials>
                    <AffiliationInfo>
                        <Affiliation>The Ohio State University Comprehensive Cancer Center, Columbus, OH, USA.</Affiliation>
                    </AffiliationInfo>
                </Author>
                <Author ValidYN="Y">
                    <LastName>Zhang</LastName>
                    <ForeName>Xiaoli</ForeName>
                    <Initials>X</Initials>
                    <AffiliationInfo>
                        <Affiliation>Department of Biomedical Informatics, The Ohio State University, Columbus, OH, USA.</Affiliation>
                    </AffiliationInfo>
                </Author>
                <Author ValidYN="Y">
                    <LastName>Mr<U+00F3>zek</LastName>
                    <ForeName>Krzysztof</ForeName>
                    <Initials>K</Initials>
                    <AffiliationInfo>
                        <Affiliation>The Ohio State University Comprehensive Cancer Center, Columbus, OH, USA.</Affiliation>
                    </AffiliationInfo>
                </Author>
                <Author ValidYN="Y">
                    <LastName>LaRocco</LastName>
                    <ForeName>Allison</ForeName>
                    <Initials>A</Initials>
                    <AffiliationInfo>
                        <Affiliation>The Ohio State University Comprehensive Cancer Center, Columbus, OH, USA.</Affiliation>
                    </AffiliationInfo>
                </Author>
                <Author ValidYN="Y">
                    <LastName>Volinia</LastName>
                    <ForeName>Stefano</ForeName>
                    <Initials>S</Initials>
                    <AffiliationInfo>
                        <Affiliation>Department of Morphology, Surgery and Experimental Medicine, University of Ferrara, Ferrara, Italy.</Affiliation>
                    </AffiliationInfo>
                </Author>
                <Author ValidYN="Y">
                    <LastName>Bloomfield</LastName>
                    <ForeName>Clara D</ForeName>
                    <Initials>CD</Initials>
                    <AffiliationInfo>
                        <Affiliation>The Ohio State University Comprehensive Cancer Center, Columbus, OH, USA.</Affiliation>
                    </AffiliationInfo>
                    <AffiliationInfo>
                        <Affiliation>Division of Hematology, Department of Internal Medicine, The Ohio State University, Columbus, OH, USA.</Affiliation>
                    </AffiliationInfo>
                </Author>
                <Author ValidYN="Y">
                    <LastName>Garzon</LastName>
                    <ForeName>Ramiro</ForeName>
                    <Initials>R</Initials>
                    <AffiliationInfo>
                        <Affiliation>The Ohio State University Comprehensive Cancer Center, Columbus, OH, USA. ramiro.garzon@osumc.edu.</Affiliation>
                    </AffiliationInfo>
                    <AffiliationInfo>
                        <Affiliation>Division of Hematology, Department of Internal Medicine, The Ohio State University, Columbus, OH, USA. ramiro.garzon@osumc.edu.</Affiliation>
                    </AffiliationInfo>
                </Author>
                <Author ValidYN="Y">
                    <LastName>Dorrance</LastName>
                    <ForeName>Adrienne M</ForeName>
                    <Initials>AM</Initials>
                    <AffiliationInfo>
                        <Affiliation>The Ohio State University Comprehensive Cancer Center, Columbus, OH, USA. adrienne.dorrance@osumc.edu.</Affiliation>
                    </AffiliationInfo>
                    <AffiliationInfo>
                        <Affiliation>Division of Hematology, Department of Internal Medicine, The Ohio State University, Columbus, OH, USA. adrienne.dorrance@osumc.edu.</Affiliation>
                    </AffiliationInfo>
                </Author>
            </AuthorList>
            <Language>eng</Language>
            <PublicationTypeList>
                <PublicationType UI="D016428">Journal Article</PublicationType>
            </PublicationTypeList>
            <ArticleDate DateType="Electronic">
                <Year>2019</Year>
                <Month>03</Month>
                <Day>11</Day>
            </ArticleDate>
        </Article>
        <MedlineJournalInfo>
            <Country>England</Country>
            <MedlineTA>Leukemia</MedlineTA>
            <NlmUniqueID>8704895</NlmUniqueID>
            <ISSNLinking>0887-6924</ISSNLinking>
        </MedlineJournalInfo>
    </MedlineCitation>
    <PubmedData>
        <History>
            <PubMedPubDate PubStatus="received">
                <Year>2018</Year>
                <Month>08</Month>
                <Day>02</Day>
            </PubMedPubDate>
            <PubMedPubDate PubStatus="accepted">
                <Year>2019</Year>
                <Month>02</Month>
                <Day>01</Day>
            </PubMedPubDate>
            <PubMedPubDate PubStatus="revised">
                <Year>2019</Year>
                <Month>01</Month>
                <Day>28</Day>
            </PubMedPubDate>
            <PubMedPubDate PubStatus="entrez">
                <Year>2019</Year>
                <Month>3</Month>
                <Day>13</Day>
                <Hour>6</Hour>
                <Minute>0</Minute>
            </PubMedPubDate>
            <PubMedPubDate PubStatus="pubmed">
                <Year>2019</Year>
                <Month>3</Month>
                <Day>13</Day>
                <Hour>6</Hour>
                <Minute>0</Minute>
            </PubMedPubDate>
            <PubMedPubDate PubStatus="medline">
                <Year>2019</Year>
                <Month>3</Month>
                <Day>13</Day>
                <Hour>6</Hour>
                <Minute>0</Minute>
            </PubMedPubDate>
        </History>
        <PublicationStatus>aheadofprint</PublicationStatus>
        <ArticleIdList>
            <ArticleId IdType="pubmed">30858548</ArticleId>
            <ArticleId IdType="doi">10.1038/s41375-019-0429-5</ArticleId>
            <ArticleId IdType="pii">10.1038/s41375-019-0429-5</ArticleId>
        </ArticleIdList>
    </PubmedData>
</PubmedArticle>


<PubmedArticle>
    <MedlineCitation Status="In-Data-Review" Owner="NLM">
        <PMID Version="1">30858471</PMID>
        <DateRevised>
            <Year>2019</Year>
            <Month>03</Month>
            <Day>12</Day>
        </DateRevised>
        <Article PubModel="Electronic">
            <Journal>
                <ISSN IssnType="Electronic">2045-2322</ISSN>
                <JournalIssue CitedMedium="Internet">
                    <Volume>9</Volume>
                    <Issue>1</Issue>
                    <PubDate>
                        <Year>2019</Year>
                        <Month>Mar</Month>
                        <Day>11</Day>
                    </PubDate>
                </JournalIssue>
                <Title>Scientific reports</Title>
                <ISOAbbreviation>Sci Rep</ISOAbbreviation>
            </Journal>
            <ArticleTitle>Characterisation of genes differentially expressed in macrophages by virulent and attenuated Mycobacterium tuberculosis through RNA-Seq analysis.</ArticleTitle>
            <Pagination>
                <MedlinePgn>4027</MedlinePgn>
            </Pagination>
            <ELocationID EIdType="doi" ValidYN="Y">10.1038/s41598-019-40814-0</ELocationID>
            <Abstract>
                <AbstractText>Tuberculosis (TB) remains a global healthcare issue. Understanding the host-pathogen interactions in TB is vital to develop strategies and therapeutic tools for the control of Mycobacterium tuberculosis (Mtb). In this study, transcriptome analyses of macrophages infected with either the virulent Mtb strain H37Rv (Rv) or the avirulent Mtb strain H37Ra (Ra) were carried out and 750 differentially expressed genes (DEGs) were identified. As expected, the DEGs were mainly involved in the induction of innate immune responses against mycobacterial infections. Among the DEGs, solute carrier family 7 member 2 (Slc7a2) was more strongly expressed in Ra-infected macrophages. Induction of SLC7A2 was important for macrophages to control the intracellular survival of Mtb. Our results imply that SLC7A2 plays an important role in macrophages during Mtb infection. Our findings could prove useful for the development of new therapeutic strategies to control TB infection.</AbstractText>
            </Abstract>
            <AuthorList CompleteYN="Y">
                <Author ValidYN="Y">
                    <LastName>Lee</LastName>
                    <ForeName>Junghwan</ForeName>
                    <Initials>J</Initials>
                    <AffiliationInfo>
                        <Affiliation>Department of Microbiology, College of Medicine, Chungnam National University, Daejeon, 35015, South Korea.</Affiliation>
                    </AffiliationInfo>
                    <AffiliationInfo>
                        <Affiliation>Department of Medical Science, College of Medicine, Chungnam National University, Daejeon, 35015, South Korea.</Affiliation>
                    </AffiliationInfo>
                </Author>
                <Author ValidYN="Y">
                    <LastName>Lee</LastName>
                    <ForeName>Sung-Gwon</ForeName>
                    <Initials>SG</Initials>
                    <AffiliationInfo>
                        <Affiliation>School of Biological Sciences and Technology, Chonnam National University, Gwangju, 61186, South Korea.</Affiliation>
                    </AffiliationInfo>
                </Author>
                <Author ValidYN="Y">
                    <LastName>Kim</LastName>
                    <ForeName>Kee K</ForeName>
                    <Initials>KK</Initials>
                    <AffiliationInfo>
                        <Affiliation>Department of Biochemistry, College of Natural Sciences, Chungnam National University, Daejeon, 34134, South Korea.</Affiliation>
                    </AffiliationInfo>
                </Author>
                <Author ValidYN="Y">
                    <LastName>Lim</LastName>
                    <ForeName>Yun-Ji</ForeName>
                    <Initials>YJ</Initials>
                    <AffiliationInfo>
                        <Affiliation>Department of Microbiology, College of Medicine, Chungnam National University, Daejeon, 35015, South Korea.</Affiliation>
                    </AffiliationInfo>
                    <AffiliationInfo>
                        <Affiliation>Department of Medical Science, College of Medicine, Chungnam National University, Daejeon, 35015, South Korea.</Affiliation>
                    </AffiliationInfo>
                    <AffiliationInfo>
                        <Affiliation>Research Institute for Medical Sciences, College of Medicine, Chungnam National University, Daejeon, 35015, South Korea.</Affiliation>
                    </AffiliationInfo>
                </Author>
                <Author ValidYN="Y">
                    <LastName>Choi</LastName>
                    <ForeName>Ji-Ae</ForeName>
                    <Initials>JA</Initials>
                    <AffiliationInfo>
                        <Affiliation>Department of Microbiology, College of Medicine, Chungnam National University, Daejeon, 35015, South Korea.</Affiliation>
                    </AffiliationInfo>
                    <AffiliationInfo>
                        <Affiliation>Department of Medical Science, College of Medicine, Chungnam National University, Daejeon, 35015, South Korea.</Affiliation>
                    </AffiliationInfo>
                    <AffiliationInfo>
                        <Affiliation>Research Institute for Medical Sciences, College of Medicine, Chungnam National University, Daejeon, 35015, South Korea.</Affiliation>
                    </AffiliationInfo>
                </Author>
                <Author ValidYN="Y">
                    <LastName>Cho</LastName>
                    <ForeName>Soo-Na</ForeName>
                    <Initials>SN</Initials>
                    <AffiliationInfo>
                        <Affiliation>Department of Microbiology, College of Medicine, Chungnam National University, Daejeon, 35015, South Korea.</Affiliation>
                    </AffiliationInfo>
                    <AffiliationInfo>
                        <Affiliation>Department of Medical Science, College of Medicine, Chungnam National University, Daejeon, 35015, South Korea.</Affiliation>
                    </AffiliationInfo>
                </Author>
                <Author ValidYN="Y">
                    <LastName>Park</LastName>
                    <ForeName>Chungoo</ForeName>
                    <Initials>C</Initials>
                    <AffiliationInfo>
                        <Affiliation>School of Biological Sciences and Technology, Chonnam National University, Gwangju, 61186, South Korea. chungoo@jnu.ac.kr.</Affiliation>
                    </AffiliationInfo>
                </Author>
                <Author ValidYN="Y">
                    <LastName>Song</LastName>
                    <ForeName>Chang-Hwa</ForeName>
                    <Initials>CH</Initials>
                    <AffiliationInfo>
                        <Affiliation>Department of Microbiology, College of Medicine, Chungnam National University, Daejeon, 35015, South Korea. songch@cnu.ac.kr.</Affiliation>
                    </AffiliationInfo>
                    <AffiliationInfo>
                        <Affiliation>Department of Medical Science, College of Medicine, Chungnam National University, Daejeon, 35015, South Korea. songch@cnu.ac.kr.</Affiliation>
                    </AffiliationInfo>
                    <AffiliationInfo>
                        <Affiliation>Research Institute for Medical Sciences, College of Medicine, Chungnam National University, Daejeon, 35015, South Korea. songch@cnu.ac.kr.</Affiliation>
                    </AffiliationInfo>
                </Author>
            </AuthorList>
            <Language>eng</Language>
            <GrantList CompleteYN="Y">
                <Grant>
                    <GrantID>NRF-2016R1A2B2008178</GrantID>
                    <Agency>National Research Foundation of Korea (NRF)</Agency>
                    <Country/>
                </Grant>
            </GrantList>
            <PublicationTypeList>
                <PublicationType UI="D016428">Journal Article</PublicationType>
            </PublicationTypeList>
            <ArticleDate DateType="Electronic">
                <Year>2019</Year>
                <Month>03</Month>
                <Day>11</Day>
            </ArticleDate>
        </Article>
        <MedlineJournalInfo>
            <Country>England</Country>
            <MedlineTA>Sci Rep</MedlineTA>
            <NlmUniqueID>101563288</NlmUniqueID>
            <ISSNLinking>2045-2322</ISSNLinking>
        </MedlineJournalInfo>
    </MedlineCitation>
    <PubmedData>
        <History>
            <PubMedPubDate PubStatus="received">
                <Year>2018</Year>
                <Month>10</Month>
                <Day>22</Day>
            </PubMedPubDate>
            <PubMedPubDate PubStatus="accepted">
                <Year>2019</Year>
                <Month>02</Month>
                <Day>21</Day>
            </PubMedPubDate>
            <PubMedPubDate PubStatus="entrez">
                <Year>2019</Year>
                <Month>3</Month>
                <Day>13</Day>
                <Hour>6</Hour>
                <Minute>0</Minute>
            </PubMedPubDate>
            <PubMedPubDate PubStatus="pubmed">
                <Year>2019</Year>
                <Month>3</Month>
                <Day>13</Day>
                <Hour>6</Hour>
                <Minute>0</Minute>
            </PubMedPubDate>
            <PubMedPubDate PubStatus="medline">
                <Year>2019</Year>
                <Month>3</Month>
                <Day>13</Day>
                <Hour>6</Hour>
                <Minute>0</Minute>
            </PubMedPubDate>
        </History>
        <PublicationStatus>epublish</PublicationStatus>
        <ArticleIdList>
            <ArticleId IdType="pubmed">30858471</ArticleId>
            <ArticleId IdType="doi">10.1038/s41598-019-40814-0</ArticleId>
            <ArticleId IdType="pii">10.1038/s41598-019-40814-0</ArticleId>
        </ArticleIdList>
    </PubmedData>
</PubmedArticle>


<PubmedArticle>
    <MedlineCitation Status="In-Data-Review" Owner="NLM">
        <PMID Version="1">30858446</PMID>
        <DateRevised>
            <Year>2019</Year>
            <Month>03</Month>
            <Day>12</Day>
        </DateRevised>
        <Article PubModel="Electronic">
            <Journal>
                <ISSN IssnType="Electronic">2045-2322</ISSN>
                <JournalIssue CitedMedium="Internet">
                    <Volume>9</Volume>
                    <Issue>1</Issue>
                    <PubDate>
                        <Year>2019</Year>
                        <Month>Mar</Month>
                        <Day>11</Day>
                    </PubDate>
                </JournalIssue>
                <Title>Scientific reports</Title>
                <ISOAbbreviation>Sci Rep</ISOAbbreviation>
            </Journal>
            <ArticleTitle>Loss of Neogenin1 in human colorectal carcinoma cells causes a partial EMT and wound-healing response.</ArticleTitle>
            <Pagination>
                <MedlinePgn>4110</MedlinePgn>
            </Pagination>
            <ELocationID EIdType="doi" ValidYN="Y">10.1038/s41598-019-40886-y</ELocationID>
            <Abstract>
                <AbstractText>Neogenin1 (NEO1) is a receptor of the Deleted in Colorectal Carcinoma (DCC)/Frazzled/UNC-40 family, which regulates axon guidance but can also stabilize epithelial adherens junctions. NEO1 and DCC are also tumor suppressors that can inhibit metastasis by acting as dependence receptors. Given the role of NEO1 in maintaining adherens junctions we tested whether loss of NEO1 also promoted metastasis via an epithelial mesenchymal transition (EMT). Loss of NEO1 disrupted zonula adherens but tight junctions were unaffected. Neo1-depleted epithelial cells exhibited a more migratory morphology, had reduced F-actin rich stress-fibres and more basal lamellipodia. Microtubule density was decreased while microtubule outgrowth was faster. Live imaging showed that Neo1-depleted epithelial islands had increased lateral movement. Western blots and immunostaining revealed increased expression of mesenchymal markers such as Fibronectin and MMP1. Furthermore, RNA-seq analysis showed a striking decrease in expression of genes associated with oxidative phosphorylation, and increased expression of genes associated with EMT, locomotion, and wound-healing. In summary, loss of NEO1 in intestinal epithelial cells produces a partial EMT response, based on gene expression, cellular morphology and behaviour and cytoskeletal distribution. These results suggest that loss of NEO1 in carcinomas may contribute to metastasis by promoting a partial EMT and increased motility.</AbstractText>
            </Abstract>
            <AuthorList CompleteYN="Y">
                <Author ValidYN="Y">
                    <LastName>Chaturvedi</LastName>
                    <ForeName>Vishal</ForeName>
                    <Initials>V</Initials>
                    <AffiliationInfo>
                        <Affiliation>School of Biosciences, The University of Melbourne, Melbourne, Victoria, 3010, Australia.</Affiliation>
                    </AffiliationInfo>
                </Author>
                <Author ValidYN="Y">
                    <LastName>Fournier-Level</LastName>
                    <ForeName>Alexandre</ForeName>
                    <Initials>A</Initials>
                    <AffiliationInfo>
                        <Affiliation>School of Biosciences, The University of Melbourne, Melbourne, Victoria, 3010, Australia.</Affiliation>
                    </AffiliationInfo>
                </Author>
                <Author ValidYN="Y">
                    <LastName>Cooper</LastName>
                    <ForeName>Helen M</ForeName>
                    <Initials>HM</Initials>
                    <AffiliationInfo>
                        <Affiliation>The University of Queensland, Queensland Brain Institute, Brisbane, Queensland, 4072, Australia.</Affiliation>
                    </AffiliationInfo>
                </Author>
                <Author ValidYN="Y">
                    <LastName>Murray</LastName>
                    <ForeName>Michael J</ForeName>
                    <Initials>MJ</Initials>
                    <AffiliationInfo>
                        <Affiliation>School of Biosciences, The University of Melbourne, Melbourne, Victoria, 3010, Australia. murraym@unimelb.edu.au.</Affiliation>
                    </AffiliationInfo>
                </Author>
            </AuthorList>
            <Language>eng</Language>
            <PublicationTypeList>
                <PublicationType UI="D016428">Journal Article</PublicationType>
            </PublicationTypeList>
            <ArticleDate DateType="Electronic">
                <Year>2019</Year>
                <Month>03</Month>
                <Day>11</Day>
            </ArticleDate>
        </Article>
        <MedlineJournalInfo>
            <Country>England</Country>
            <MedlineTA>Sci Rep</MedlineTA>
            <NlmUniqueID>101563288</NlmUniqueID>
            <ISSNLinking>2045-2322</ISSNLinking>
        </MedlineJournalInfo>
    </MedlineCitation>
    <PubmedData>
        <History>
            <PubMedPubDate PubStatus="received">
                <Year>2018</Year>
                <Month>10</Month>
                <Day>19</Day>
            </PubMedPubDate>
            <PubMedPubDate PubStatus="accepted">
                <Year>2019</Year>
                <Month>02</Month>
                <Day>15</Day>
            </PubMedPubDate>
            <PubMedPubDate PubStatus="entrez">
                <Year>2019</Year>
                <Month>3</Month>
                <Day>13</Day>
                <Hour>6</Hour>
                <Minute>0</Minute>
            </PubMedPubDate>
            <PubMedPubDate PubStatus="pubmed">
                <Year>2019</Year>
                <Month>3</Month>
                <Day>13</Day>
                <Hour>6</Hour>
                <Minute>0</Minute>
            </PubMedPubDate>
            <PubMedPubDate PubStatus="medline">
                <Year>2019</Year>
                <Month>3</Month>
                <Day>13</Day>
                <Hour>6</Hour>
                <Minute>0</Minute>
            </PubMedPubDate>
        </History>
        <PublicationStatus>epublish</PublicationStatus>
        <ArticleIdList>
            <ArticleId IdType="pubmed">30858446</ArticleId>
            <ArticleId IdType="doi">10.1038/s41598-019-40886-y</ArticleId>
            <ArticleId IdType="pii">10.1038/s41598-019-40886-y</ArticleId>
        </ArticleIdList>
    </PubmedData>
</PubmedArticle>


<PubmedArticle>
    <MedlineCitation Status="Publisher" Owner="NLM">
        <PMID Version="1">30858341</PMID>
        <DateRevised>
            <Year>2019</Year>
            <Month>03</Month>
            <Day>12</Day>
        </DateRevised>
        <Article PubModel="Print-Electronic">
            <Journal>
                <ISSN IssnType="Electronic">1098-5522</ISSN>
                <JournalIssue CitedMedium="Internet">
                    <PubDate>
                        <Year>2019</Year>
                        <Month>Mar</Month>
                        <Day>11</Day>
                    </PubDate>
                </JournalIssue>
                <Title>Infection and immunity</Title>
                <ISOAbbreviation>Infect. Immun.</ISOAbbreviation>
            </Journal>
            <ArticleTitle>Transcriptional analysis shows a robust host response to <i>Toxoplasma gondii</i> during early and late chronic infection in both male and female mice.</ArticleTitle>
            <ELocationID EIdType="pii" ValidYN="Y">IAI.00024-19</ELocationID>
            <ELocationID EIdType="doi" ValidYN="Y">10.1128/IAI.00024-19</ELocationID>
            <Abstract>
                <AbstractText>The long-term host effects caused by the protozoan parasite <i>Toxoplasma gondii</i> are poorly understood. RNA-seq analysis previously determined that the host response in the brain was higher and more complex at 28 versus 10 days postinfection. Here, we analyzed the host transcriptional profile of age- and sex- matched mice during very early (21 days), early (28 days), mid (3 months) and late (6 months) chronic infection. We found that a majority of the host genes which increase in abundance at day 21 postinfection are still increased 6 months postinfection for both male and female mice. While most of the differentially expressed genes were similar between sexes, females have far fewer genes that are significantly less abundant, which may lead to the slight increased cyst burden in males. Transcripts for C-X-C Motif Chemokine Ligand 13 and a C-C Motif Chemokine Receptor 2 (CCR2) were significantly higher in females compared to males during infection. As <i>T. gondii</i> chronic infection and profilin (PRF) confer resistance to <i>Listeria monocytogenes</i> infection in a CCR2 dependent manner, the differences in CCR2 expression lead us to re-test the protection of PRF in both sexes. Chronic infection and PRF were nearly as effective at reducing the bacterial burden between sexes in mice. These data show that most of the host genes differentially expressed in response to <i>T. gondii</i> infection are similar between males and females. While differences exist between sexes, these differences do not result in biological changes to the way the host responds to <i>T. gondii</i> infection.</AbstractText>
                <CopyrightInformation>Copyright © 2019 American Society for Microbiology.</CopyrightInformation>
            </Abstract>
            <AuthorList CompleteYN="Y">
                <Author ValidYN="Y">
                    <LastName>Garfoot</LastName>
                    <ForeName>Andrew L</ForeName>
                    <Initials>AL</Initials>
                    <AffiliationInfo>
                        <Affiliation>Department of Medical Microbiology and Immunology, University of Wisconsin - Madison, 1550 Linden Drive, Madison, WI 53706.</Affiliation>
                    </AffiliationInfo>
                </Author>
                <Author ValidYN="Y">
                    <LastName>Cervantes</LastName>
                    <ForeName>Patrick W</ForeName>
                    <Initials>PW</Initials>
                    <AffiliationInfo>
                        <Affiliation>Department of Medical Microbiology and Immunology, University of Wisconsin - Madison, 1550 Linden Drive, Madison, WI 53706.</Affiliation>
                    </AffiliationInfo>
                </Author>
                <Author ValidYN="Y">
                    <LastName>Knoll</LastName>
                    <ForeName>Laura J</ForeName>
                    <Initials>LJ</Initials>
                    <AffiliationInfo>
                        <Affiliation>Department of Medical Microbiology and Immunology, University of Wisconsin - Madison, 1550 Linden Drive, Madison, WI 53706 ljknoll@wisc.edu.</Affiliation>
                    </AffiliationInfo>
                </Author>
            </AuthorList>
            <Language>eng</Language>
            <PublicationTypeList>
                <PublicationType UI="D016428">Journal Article</PublicationType>
            </PublicationTypeList>
            <ArticleDate DateType="Electronic">
                <Year>2019</Year>
                <Month>03</Month>
                <Day>11</Day>
            </ArticleDate>
        </Article>
        <MedlineJournalInfo>
            <Country>United States</Country>
            <MedlineTA>Infect Immun</MedlineTA>
            <NlmUniqueID>0246127</NlmUniqueID>
            <ISSNLinking>0019-9567</ISSNLinking>
        </MedlineJournalInfo>
    </MedlineCitation>
    <PubmedData>
        <History>
            <PubMedPubDate PubStatus="entrez">
                <Year>2019</Year>
                <Month>3</Month>
                <Day>13</Day>
                <Hour>6</Hour>
                <Minute>0</Minute>
            </PubMedPubDate>
            <PubMedPubDate PubStatus="pubmed">
                <Year>2019</Year>
                <Month>3</Month>
                <Day>13</Day>
                <Hour>6</Hour>
                <Minute>0</Minute>
            </PubMedPubDate>
            <PubMedPubDate PubStatus="medline">
                <Year>2019</Year>
                <Month>3</Month>
                <Day>13</Day>
                <Hour>6</Hour>
                <Minute>0</Minute>
            </PubMedPubDate>
        </History>
        <PublicationStatus>aheadofprint</PublicationStatus>
        <ArticleIdList>
            <ArticleId IdType="pubmed">30858341</ArticleId>
            <ArticleId IdType="pii">IAI.00024-19</ArticleId>
            <ArticleId IdType="doi">10.1128/IAI.00024-19</ArticleId>
        </ArticleIdList>
    </PubmedData>
</PubmedArticle>


<PubmedArticle>
    <MedlineCitation Status="In-Process" Owner="NLM">
        <PMID Version="1">30857310</PMID>
        <DateRevised>
            <Year>2019</Year>
            <Month>03</Month>
            <Day>12</Day>
        </DateRevised>
        <Article PubModel="Electronic">
            <Journal>
                <ISSN IssnType="Electronic">1422-0067</ISSN>
                <JournalIssue CitedMedium="Internet">
                    <Volume>20</Volume>
                    <Issue>5</Issue>
                    <PubDate>
                        <Year>2019</Year>
                        <Month>Mar</Month>
                        <Day>09</Day>
                    </PubDate>
                </JournalIssue>
                <Title>International journal of molecular sciences</Title>
                <ISOAbbreviation>Int J Mol Sci</ISOAbbreviation>
            </Journal>
            <ArticleTitle>Transcriptomic Changes in <i>Medicago truncatula</i> and <i>Lotus japonicus</i> Root Nodules during Drought Stress.</ArticleTitle>
            <ELocationID EIdType="pii" ValidYN="Y">E1204</ELocationID>
            <ELocationID EIdType="doi" ValidYN="Y">10.3390/ijms20051204</ELocationID>
            <Abstract>
                <AbstractText>Drought is one of the major environmental factors limiting biomass and seed yield production in agriculture. In this research, we focused on plants from the Fabaceae family, which has a unique ability for the establishment of symbiosis with nitrogen-fixing bacteria, and are relatively susceptible to water limitation. We have presented the changes in nitrogenase activity and global gene expression occurring in <i>Medicago</i><i>truncatula</i> and <i>Lotus</i><i>japonicus</i> root nodules during water deficit. Our results proved a decrease in the efficiency of nitrogen fixation, as well as extensive changes in plant and bacterial transcriptomes, shortly after watering cessation. We showed for the first time that not only symbiotic plant components but also <i>Sinorhizobium</i><i>meliloti</i> and <i>Mesorhizobium</i><i>loti</i> bacteria residing in the root nodules of <i>M. truncatula</i> and <i>L. japonicus</i>, respectively, adjust their gene expression in response to water shortage. Although our results demonstrated that both <i>M. truncatula</i> and <i>L.</i><i>japonicus</i> root nodules were susceptible to water deprivation, they indicated significant differences in plant and bacterial response to drought between the tested species, which might be related to the various types of root nodules formed by these species.</AbstractText>
            </Abstract>
            <AuthorList CompleteYN="Y">
                <Author ValidYN="Y">
                    <LastName>Sa<U+0144>ko-Sawczenko</LastName>
                    <ForeName>Izabela</ForeName>
                    <Initials>I</Initials>
                    <AffiliationInfo>
                        <Affiliation>Department of Botany, Faculty of Agriculture and Biology, Warsaw University of Life Sciences, Nowoursynowska 159, 02-776 Warsaw, Poland. izabela_sanko_sawczenko@sggw.pl.</Affiliation>
                    </AffiliationInfo>
                </Author>
                <Author ValidYN="Y">
                    <LastName><U+0141>otocka</LastName>
                    <ForeName>Barbara</ForeName>
                    <Initials>B</Initials>
                    <Identifier Source="ORCID">0000-0001-5913-8424</Identifier>
                    <AffiliationInfo>
                        <Affiliation>Department of Botany, Faculty of Agriculture and Biology, Warsaw University of Life Sciences, Nowoursynowska 159, 02-776 Warsaw, Poland. barbara_lotocka@sggw.pl.</Affiliation>
                    </AffiliationInfo>
                </Author>
                <Author ValidYN="Y">
                    <LastName>Mielecki</LastName>
                    <ForeName>Jakub</ForeName>
                    <Initials>J</Initials>
                    <AffiliationInfo>
                        <Affiliation>Department of Plant Genetics, Breeding and Biotechnology, Faculty of Horticulture, Biotechnology and Landscape Architecture, Warsaw University of Life Sciences, Nowoursynowska 159, 02-776 Warsaw, Poland. jakub_mielecki@sggw.pl.</Affiliation>
                    </AffiliationInfo>
                </Author>
                <Author ValidYN="Y">
                    <LastName>Rekosz-Burlaga</LastName>
                    <ForeName>Hanna</ForeName>
                    <Initials>H</Initials>
                    <Identifier Source="ORCID">0000-0002-5412-5365</Identifier>
                    <AffiliationInfo>
                        <Affiliation>Department of Microbial Biology, Faculty of Agriculture and Biology, Warsaw University of Life Sciences, Nowoursynowska 159, 02-776 Warsaw, Poland. hanna_rekosz_burlaga@sggw.pl.</Affiliation>
                    </AffiliationInfo>
                </Author>
                <Author ValidYN="Y">
                    <LastName>Czarnocka</LastName>
                    <ForeName>Weronika</ForeName>
                    <Initials>W</Initials>
                    <Identifier Source="ORCID">0000-0003-4062-0370</Identifier>
                    <AffiliationInfo>
                        <Affiliation>Department of Botany, Faculty of Agriculture and Biology, Warsaw University of Life Sciences, Nowoursynowska 159, 02-776 Warsaw, Poland. weronika_czarnocka@sggw.pl.</Affiliation>
                    </AffiliationInfo>
                </Author>
            </AuthorList>
            <Language>eng</Language>
            <GrantList CompleteYN="Y">
                <Grant>
                    <GrantID>0512/IP1/2015/73</GrantID>
                    <Agency>Ministerstwo Nauki i Szkolnictwa Wyzszego</Agency>
                    <Country/>
                </Grant>
            </GrantList>
            <PublicationTypeList>
                <PublicationType UI="D016428">Journal Article</PublicationType>
            </PublicationTypeList>
            <ArticleDate DateType="Electronic">
                <Year>2019</Year>
                <Month>03</Month>
                <Day>09</Day>
            </ArticleDate>
        </Article>
        <MedlineJournalInfo>
            <Country>Switzerland</Country>
            <MedlineTA>Int J Mol Sci</MedlineTA>
            <NlmUniqueID>101092791</NlmUniqueID>
            <ISSNLinking>1422-0067</ISSNLinking>
        </MedlineJournalInfo>
        <KeywordList Owner="NOTNLM">
            <Keyword MajorTopicYN="N">Fabaceae</Keyword>
            <Keyword MajorTopicYN="N">RNA-Seq</Keyword>
            <Keyword MajorTopicYN="N">abiotic stress</Keyword>
            <Keyword MajorTopicYN="N">drought</Keyword>
            <Keyword MajorTopicYN="N">nodules</Keyword>
            <Keyword MajorTopicYN="N">rhizobia</Keyword>
        </KeywordList>
    </MedlineCitation>
    <PubmedData>
        <History>
            <PubMedPubDate PubStatus="received">
                <Year>2019</Year>
                <Month>01</Month>
                <Day>25</Day>
            </PubMedPubDate>
            <PubMedPubDate PubStatus="revised">
                <Year>2019</Year>
                <Month>03</Month>
                <Day>04</Day>
            </PubMedPubDate>
            <PubMedPubDate PubStatus="accepted">
                <Year>2019</Year>
                <Month>03</Month>
                <Day>06</Day>
            </PubMedPubDate>
            <PubMedPubDate PubStatus="entrez">
                <Year>2019</Year>
                <Month>3</Month>
                <Day>13</Day>
                <Hour>6</Hour>
                <Minute>0</Minute>
            </PubMedPubDate>
            <PubMedPubDate PubStatus="pubmed">
                <Year>2019</Year>
                <Month>3</Month>
                <Day>13</Day>
                <Hour>6</Hour>
                <Minute>0</Minute>
            </PubMedPubDate>
            <PubMedPubDate PubStatus="medline">
                <Year>2019</Year>
                <Month>3</Month>
                <Day>13</Day>
                <Hour>6</Hour>
                <Minute>0</Minute>
            </PubMedPubDate>
        </History>
        <PublicationStatus>epublish</PublicationStatus>
        <ArticleIdList>
            <ArticleId IdType="pubmed">30857310</ArticleId>
            <ArticleId IdType="pii">ijms20051204</ArticleId>
            <ArticleId IdType="doi">10.3390/ijms20051204</ArticleId>
        </ArticleIdList>
    </PubmedData>
</PubmedArticle>


<PubmedArticle>
    <MedlineCitation Status="In-Data-Review" Owner="NLM">
        <PMID Version="1">30857280</PMID>
        <DateRevised>
            <Year>2019</Year>
            <Month>03</Month>
            <Day>12</Day>
        </DateRevised>
        <Article PubModel="Electronic">
            <Journal>
                <ISSN IssnType="Electronic">2072-6651</ISSN>
                <JournalIssue CitedMedium="Internet">
                    <Volume>11</Volume>
                    <Issue>3</Issue>
                    <PubDate>
                        <Year>2019</Year>
                        <Month>Mar</Month>
                        <Day>09</Day>
                    </PubDate>
                </JournalIssue>
                <Title>Toxins</Title>
                <ISOAbbreviation>Toxins (Basel)</ISOAbbreviation>
            </Journal>
            <ArticleTitle>Quercetin Inhibits the Proliferation and Aflatoxins Biosynthesis of <i>Aspergillus flavus</i>.</ArticleTitle>
            <ELocationID EIdType="pii" ValidYN="Y">E154</ELocationID>
            <ELocationID EIdType="doi" ValidYN="Y">10.3390/toxins11030154</ELocationID>
            <Abstract>
                <AbstractText>In this work of quercetin's anti-proliferation action on <i>A. flavus</i>, we revealed that quercetin can effectively hamper the proliferation of <i>A. flavus</i> in dose-effect and time-effect relationships. We tested whether quercetin induced apoptosis in <i>A. flavus</i> via various detection methods, such as phosphatidylserine externalization and Hoechst 33342 staining. The results showed that quercetin had no effect on phosphatidylserine externalization and cell nucleus in <i>A. flavus</i>. Simultaneously, quercetin reduced the levels of reactive oxygen species (ROS). For a better understanding of the molecular mechanism of the <i>A. flavus</i> response to quercetin, the RNA-Seq was used to explore the transcriptomic profiles of <i>A. flavus</i>. According to transcriptome sequencing data, quercetin inhibits the proliferation and aflatoxin biosynthesis by regulating the expression of development-related genes and aflatoxin production-related genes. These results will provide some theoretical basis for quercetin as an anti-mildew agent resource.</AbstractText>
            </Abstract>
            <AuthorList CompleteYN="Y">
                <Author ValidYN="Y">
                    <LastName>Li</LastName>
                    <ForeName>Xiu-Mei</ForeName>
                    <Initials>XM</Initials>
                    <AffiliationInfo>
                        <Affiliation>Key Laboratory of Feed Biotechnology, Ministry of Agriculture and Rural Affairs, Feed Research Institute, Chinese Academy of Agricultural Sciences, Beijing 100081, China. lixiumei@caas.cn.</Affiliation>
                    </AffiliationInfo>
                    <AffiliationInfo>
                        <Affiliation>National Engineering Research Center of Biological Feed, Beijing 100081, China. lixiumei@caas.cn.</Affiliation>
                    </AffiliationInfo>
                </Author>
                <Author ValidYN="Y">
                    <LastName>Li</LastName>
                    <ForeName>Zhong-Yuan</ForeName>
                    <Initials>ZY</Initials>
                    <AffiliationInfo>
                        <Affiliation>State Key Laboratory of Food Nutrition and Safety, Key Laboratory of Industrial Fermentation Microbiology of Ministry of Education &amp; Tianjin Key Laboratory of Industrial Microbiology, College of Biotechnology, Tianjin University of Science and Technology, Tianjin 300457, China. lizhongyuan@tust.edu.cn.</Affiliation>
                    </AffiliationInfo>
                </Author>
                <Author ValidYN="Y">
                    <LastName>Wang</LastName>
                    <ForeName>Ya-Dong</ForeName>
                    <Initials>YD</Initials>
                    <AffiliationInfo>
                        <Affiliation>State Key Laboratory of Food Nutrition and Safety, Key Laboratory of Industrial Fermentation Microbiology of Ministry of Education &amp; Tianjin Key Laboratory of Industrial Microbiology, College of Biotechnology, Tianjin University of Science and Technology, Tianjin 300457, China. wangyadong1209@163.com.</Affiliation>
                    </AffiliationInfo>
                </Author>
                <Author ValidYN="Y">
                    <LastName>Wang</LastName>
                    <ForeName>Jin-Quan</ForeName>
                    <Initials>JQ</Initials>
                    <AffiliationInfo>
                        <Affiliation>Key Laboratory of Feed Biotechnology, Ministry of Agriculture and Rural Affairs, Feed Research Institute, Chinese Academy of Agricultural Sciences, Beijing 100081, China. wangjinquan@caas.cn.</Affiliation>
                    </AffiliationInfo>
                </Author>
                <Author ValidYN="Y">
                    <LastName>Yang</LastName>
                    <ForeName>Pei-Long</ForeName>
                    <Initials>PL</Initials>
                    <AffiliationInfo>
                        <Affiliation>Key Laboratory of Feed Biotechnology, Ministry of Agriculture and Rural Affairs, Feed Research Institute, Chinese Academy of Agricultural Sciences, Beijing 100081, China. yangpeilong@caas.cn.</Affiliation>
                    </AffiliationInfo>
                    <AffiliationInfo>
                        <Affiliation>National Engineering Research Center of Biological Feed, Beijing 100081, China. yangpeilong@caas.cn.</Affiliation>
                    </AffiliationInfo>
                </Author>
            </AuthorList>
            <Language>eng</Language>
            <GrantList CompleteYN="Y">
                <Grant>
                    <GrantID>2016YFE0113300</GrantID>
                    <Agency>National Key Research and Development Program of China</Agency>
                    <Country/>
                </Grant>
                <Grant>
                    <GrantID>2016M591306</GrantID>
                    <Agency>China Postdoctoral Science Foundation</Agency>
                    <Country/>
                </Grant>
                <Grant>
                    <GrantID>ASTIP-FRI07</GrantID>
                    <Agency>Agricultural Science and Technology Innovation Program</Agency>
                    <Country/>
                </Grant>
                <Grant>
                    <GrantID>1610382018003</GrantID>
                    <Agency>Fundamental Research Funds for Central Non-profit Scientific Institution</Agency>
                    <Country/>
                </Grant>
                <Grant>
                    <GrantID>2017KF002</GrantID>
                    <Agency>Foundation of Key Laboratory of Industrial Fermentation Microbiology of Ministry of Education and Tianjin Key Lab of Industrial Microbiology</Agency>
                    <Country/>
                </Grant>
            </GrantList>
            <PublicationTypeList>
                <PublicationType UI="D016428">Journal Article</PublicationType>
            </PublicationTypeList>
            <ArticleDate DateType="Electronic">
                <Year>2019</Year>
                <Month>03</Month>
                <Day>09</Day>
            </ArticleDate>
        </Article>
        <MedlineJournalInfo>
            <Country>Switzerland</Country>
            <MedlineTA>Toxins (Basel)</MedlineTA>
            <NlmUniqueID>101530765</NlmUniqueID>
            <ISSNLinking>2072-6651</ISSNLinking>
        </MedlineJournalInfo>
        <KeywordList Owner="NOTNLM">
            <Keyword MajorTopicYN="N">Aspergillus flavus</Keyword>
            <Keyword MajorTopicYN="N">RNA-seq</Keyword>
            <Keyword MajorTopicYN="N">aflatoxin</Keyword>
            <Keyword MajorTopicYN="N">quercetin</Keyword>
            <Keyword MajorTopicYN="N">transcriptome</Keyword>
        </KeywordList>
    </MedlineCitation>
    <PubmedData>
        <History>
            <PubMedPubDate PubStatus="received">
                <Year>2019</Year>
                <Month>02</Month>
                <Day>13</Day>
            </PubMedPubDate>
            <PubMedPubDate PubStatus="revised">
                <Year>2019</Year>
                <Month>03</Month>
                <Day>03</Day>
            </PubMedPubDate>
            <PubMedPubDate PubStatus="accepted">
                <Year>2019</Year>
                <Month>03</Month>
                <Day>05</Day>
            </PubMedPubDate>
            <PubMedPubDate PubStatus="entrez">
                <Year>2019</Year>
                <Month>3</Month>
                <Day>13</Day>
                <Hour>6</Hour>
                <Minute>0</Minute>
            </PubMedPubDate>
            <PubMedPubDate PubStatus="pubmed">
                <Year>2019</Year>
                <Month>3</Month>
                <Day>13</Day>
                <Hour>6</Hour>
                <Minute>0</Minute>
            </PubMedPubDate>
            <PubMedPubDate PubStatus="medline">
                <Year>2019</Year>
                <Month>3</Month>
                <Day>13</Day>
                <Hour>6</Hour>
                <Minute>0</Minute>
            </PubMedPubDate>
        </History>
        <PublicationStatus>epublish</PublicationStatus>
        <ArticleIdList>
            <ArticleId IdType="pubmed">30857280</ArticleId>
            <ArticleId IdType="pii">toxins11030154</ArticleId>
            <ArticleId IdType="doi">10.3390/toxins11030154</ArticleId>
        </ArticleIdList>
    </PubmedData>
</PubmedArticle>


<PubmedArticle>
    <MedlineCitation Status="Publisher" Owner="NLM">
        <PMID Version="1">30856174</PMID>
        <DateRevised>
            <Year>2019</Year>
            <Month>03</Month>
            <Day>11</Day>
        </DateRevised>
        <Article PubModel="Print-Electronic">
            <Journal>
                <ISSN IssnType="Electronic">1553-7358</ISSN>
                <JournalIssue CitedMedium="Internet">
                    <Volume>15</Volume>
                    <Issue>3</Issue>
                    <PubDate>
                        <Year>2019</Year>
                        <Month>Mar</Month>
                        <Day>11</Day>
                    </PubDate>
                </JournalIssue>
                <Title>PLoS computational biology</Title>
                <ISOAbbreviation>PLoS Comput. Biol.</ISOAbbreviation>
            </Journal>
            <ArticleTitle>A complete statistical model for calibration of RNA-seq counts using external spike-ins and maximum likelihood theory.</ArticleTitle>
            <Pagination>
                <MedlinePgn>e1006794</MedlinePgn>
            </Pagination>
            <ELocationID EIdType="doi" ValidYN="Y">10.1371/journal.pcbi.1006794</ELocationID>
            <Abstract>
                <AbstractText>A fundamental assumption, common to the vast majority of high-throughput transcriptome analyses, is that the expression of most genes is unchanged among samples and that total cellular RNA remains constant. As the number of analyzed experimental systems increases however, different independent studies demonstrate that this assumption is often violated. We present a calibration method using RNA spike-ins that allows for the measurement of absolute cellular abundance of RNA molecules. We apply the method to pooled RNA from cell populations of known sizes. For each transcript, we compute a nominal abundance that can be converted to absolute by dividing by a scale factor determined in separate experiments: the yield coefficient of the transcript relative to that of a reference spike-in measured with the same protocol. The method is derived by maximum likelihood theory in the context is a complete statistical model for sequencing counts contributed by cellular RNA and spike-ins. The counts are based on a sample from a fixed number of cells to which a fixed population of spike-in molecules has been added. We illustrate and evaluate the method with applications to two global expression data sets, one from the model eukaryote Saccharomyces cerevisiae, proliferating at different growth rates, and differentiating cardiopharyngeal cell lineages in the chordate Ciona robusta. We tested the method in a technical replicate dilution study, and in a k-fold validation study.</AbstractText>
            </Abstract>
            <AuthorList CompleteYN="Y">
                <Author ValidYN="Y">
                    <LastName>Athanasiadou</LastName>
                    <ForeName>Rodoniki</ForeName>
                    <Initials>R</Initials>
                    <AffiliationInfo>
                        <Affiliation>Center for Genomics and Systems Biology, Department of Biology, New York University, New York, New York, United States of America.</Affiliation>
                    </AffiliationInfo>
                </Author>
                <Author ValidYN="Y">
                    <LastName>Neymotin</LastName>
                    <ForeName>Benjamin</ForeName>
                    <Initials>B</Initials>
                    <AffiliationInfo>
                        <Affiliation>Center for Genomics and Systems Biology, Department of Biology, New York University, New York, New York, United States of America.</Affiliation>
                    </AffiliationInfo>
                </Author>
                <Author ValidYN="Y">
                    <LastName>Brandt</LastName>
                    <ForeName>Nathan</ForeName>
                    <Initials>N</Initials>
                    <Identifier Source="ORCID">http://orcid.org/0000-0002-7774-7749</Identifier>
                    <AffiliationInfo>
                        <Affiliation>Center for Genomics and Systems Biology, Department of Biology, New York University, New York, New York, United States of America.</Affiliation>
                    </AffiliationInfo>
                </Author>
                <Author ValidYN="Y">
                    <LastName>Wang</LastName>
                    <ForeName>Wei</ForeName>
                    <Initials>W</Initials>
                    <Identifier Source="ORCID">http://orcid.org/0000-0002-0480-671X</Identifier>
                    <AffiliationInfo>
                        <Affiliation>Center for Developmental Genetics, Department of Biology, New York University, New York, New York, United States of America.</Affiliation>
                    </AffiliationInfo>
                </Author>
                <Author ValidYN="Y">
                    <LastName>Christiaen</LastName>
                    <ForeName>Lionel</ForeName>
                    <Initials>L</Initials>
                    <AffiliationInfo>
                        <Affiliation>Center for Developmental Genetics, Department of Biology, New York University, New York, New York, United States of America.</Affiliation>
                    </AffiliationInfo>
                </Author>
                <Author ValidYN="Y">
                    <LastName>Gresham</LastName>
                    <ForeName>David</ForeName>
                    <Initials>D</Initials>
                    <AffiliationInfo>
                        <Affiliation>Center for Genomics and Systems Biology, Department of Biology, New York University, New York, New York, United States of America.</Affiliation>
                    </AffiliationInfo>
                </Author>
                <Author ValidYN="Y">
                    <LastName>Tranchina</LastName>
                    <ForeName>Daniel</ForeName>
                    <Initials>D</Initials>
                    <Identifier Source="ORCID">http://orcid.org/0000-0002-0439-8349</Identifier>
                    <AffiliationInfo>
                        <Affiliation>Department of Biology, New York University, New York, New York, United States of America.</Affiliation>
                    </AffiliationInfo>
                    <AffiliationInfo>
                        <Affiliation>Courant Institute of Mathematical Sciences, New York University, New York, New York, United States of America.</Affiliation>
                    </AffiliationInfo>
                </Author>
            </AuthorList>
            <Language>eng</Language>
            <PublicationTypeList>
                <PublicationType UI="D016428">Journal Article</PublicationType>
            </PublicationTypeList>
            <ArticleDate DateType="Electronic">
                <Year>2019</Year>
                <Month>03</Month>
                <Day>11</Day>
            </ArticleDate>
        </Article>
        <MedlineJournalInfo>
            <Country>United States</Country>
            <MedlineTA>PLoS Comput Biol</MedlineTA>
            <NlmUniqueID>101238922</NlmUniqueID>
            <ISSNLinking>1553-734X</ISSNLinking>
        </MedlineJournalInfo>
        <CoiStatement>The authors have declared that no competing interests exist.</CoiStatement>
    </MedlineCitation>
    <PubmedData>
        <History>
            <PubMedPubDate PubStatus="received">
                <Year>2018</Year>
                <Month>08</Month>
                <Day>07</Day>
            </PubMedPubDate>
            <PubMedPubDate PubStatus="accepted">
                <Year>2019</Year>
                <Month>01</Month>
                <Day>16</Day>
            </PubMedPubDate>
            <PubMedPubDate PubStatus="entrez">
                <Year>2019</Year>
                <Month>3</Month>
                <Day>12</Day>
                <Hour>6</Hour>
                <Minute>0</Minute>
            </PubMedPubDate>
            <PubMedPubDate PubStatus="pubmed">
                <Year>2019</Year>
                <Month>3</Month>
                <Day>12</Day>
                <Hour>6</Hour>
                <Minute>0</Minute>
            </PubMedPubDate>
            <PubMedPubDate PubStatus="medline">
                <Year>2019</Year>
                <Month>3</Month>
                <Day>12</Day>
                <Hour>6</Hour>
                <Minute>0</Minute>
            </PubMedPubDate>
        </History>
        <PublicationStatus>aheadofprint</PublicationStatus>
        <ArticleIdList>
            <ArticleId IdType="pubmed">30856174</ArticleId>
            <ArticleId IdType="doi">10.1371/journal.pcbi.1006794</ArticleId>
            <ArticleId IdType="pii">PCOMPBIOL-D-18-01339</ArticleId>
        </ArticleIdList>
    </PubmedData>
</PubmedArticle>


<PubmedArticle>
    <MedlineCitation Status="In-Data-Review" Owner="NLM">
        <PMID Version="1">30855576</PMID>
        <DateRevised>
            <Year>2019</Year>
            <Month>03</Month>
            <Day>11</Day>
        </DateRevised>
        <Article PubModel="Electronic">
            <Journal>
                <ISSN IssnType="Electronic">1940-087X</ISSN>
                <JournalIssue CitedMedium="Internet">
                    <Issue>144</Issue>
                    <PubDate>
                        <Year>2019</Year>
                        <Month>Feb</Month>
                        <Day>19</Day>
                    </PubDate>
                </JournalIssue>
                <Title>Journal of visualized experiments : JoVE</Title>
                <ISOAbbreviation>J Vis Exp</ISOAbbreviation>
            </Journal>
            <ArticleTitle>A Fluorescence-based Method to Study Bacterial Gene Regulation in Infected Tissues.</ArticleTitle>
            <ELocationID EIdType="doi" ValidYN="Y">10.3791/59055</ELocationID>
            <Abstract>
                <AbstractText>Bacterial virulence genes are often regulated at the transcriptional level by multiple factors that respond to different environmental signals. Some factors act directly on virulence genes; others control pathogenesis by adjusting the expression of downstream regulators or the accumulation of signals that affect regulator activity. While regulation has been studied extensively during in vitro growth, relatively little is known about how gene expression is adjusted during infection. Such information is important when a particular gene product is a candidate for therapeutic intervention. Transcriptional approaches like quantitative, real-time RT-PCR and RNA-Seq are powerful ways to examine gene expression on a global level but suffer from many technical challenges including low abundance of bacterial RNA compared to host RNA, and sample degradation by RNases. Evaluating regulation using fluorescent reporters is relatively easy and can be multiplexed with fluorescent proteins with unique spectral properties. The method allows for single-cell, spatiotemporal analysis of gene expression in tissues that exhibit complex three-dimensional architecture and physiochemical gradients that affect bacterial regulatory networks. Such information is lost when data are averaged over the bulk population. Herein, we describe a method for quantifying gene expression in bacterial pathogens in situ. The method is based on simple tissue processing and direct observation of fluorescence from reporter proteins. We demonstrate the utility of this system by examining the expression of Staphylococcus aureus thermonuclease (nuc), whose gene product is required for immune evasion and full virulence ex vivo and in vivo. We show that nuc-gfp is strongly expressed in renal abscesses and reveal heterogeneous gene expression due in part to apparent spatial regulation of nuc promoter activity in abscesses fully engaged with the immune response. The method can be applied to any bacterium with a manipulatable genetic system and any infection model, providing valuable information for preclinical studies and drug development.</AbstractText>
            </Abstract>
            <AuthorList CompleteYN="Y">
                <Author ValidYN="Y">
                    <LastName>Behera</LastName>
                    <ForeName>Ranjan K</ForeName>
                    <Initials>RK</Initials>
                    <AffiliationInfo>
                        <Affiliation>Department of Biology, Georgetown University.</Affiliation>
                    </AffiliationInfo>
                </Author>
                <Author ValidYN="Y">
                    <LastName>Mlynek</LastName>
                    <ForeName>Kevin D</ForeName>
                    <Initials>KD</Initials>
                    <AffiliationInfo>
                        <Affiliation>Department of Biology, Georgetown University.</Affiliation>
                    </AffiliationInfo>
                </Author>
                <Author ValidYN="Y">
                    <LastName>Linz</LastName>
                    <ForeName>Matthew S</ForeName>
                    <Initials>MS</Initials>
                    <AffiliationInfo>
                        <Affiliation>Department of Biology, Georgetown University.</Affiliation>
                    </AffiliationInfo>
                </Author>
                <Author ValidYN="Y">
                    <LastName>Brinsmade</LastName>
                    <ForeName>Shaun R</ForeName>
                    <Initials>SR</Initials>
                    <AffiliationInfo>
                        <Affiliation>Department of Biology, Georgetown University; sb1344@georgetown.edu.</Affiliation>
                    </AffiliationInfo>
                </Author>
            </AuthorList>
            <Language>eng</Language>
            <PublicationTypeList>
                <PublicationType UI="D016428">Journal Article</PublicationType>
                <PublicationType UI="D059040">Video-Audio Media</PublicationType>
            </PublicationTypeList>
            <ArticleDate DateType="Electronic">
                <Year>2019</Year>
                <Month>02</Month>
                <Day>19</Day>
            </ArticleDate>
        </Article>
        <MedlineJournalInfo>
            <Country>United States</Country>
            <MedlineTA>J Vis Exp</MedlineTA>
            <NlmUniqueID>101313252</NlmUniqueID>
            <ISSNLinking>1940-087X</ISSNLinking>
        </MedlineJournalInfo>
    </MedlineCitation>
    <PubmedData>
        <History>
            <PubMedPubDate PubStatus="entrez">
                <Year>2019</Year>
                <Month>3</Month>
                <Day>12</Day>
                <Hour>6</Hour>
                <Minute>0</Minute>
            </PubMedPubDate>
            <PubMedPubDate PubStatus="pubmed">
                <Year>2019</Year>
                <Month>3</Month>
                <Day>12</Day>
                <Hour>6</Hour>
                <Minute>0</Minute>
            </PubMedPubDate>
            <PubMedPubDate PubStatus="medline">
                <Year>2019</Year>
                <Month>3</Month>
                <Day>12</Day>
                <Hour>6</Hour>
                <Minute>0</Minute>
            </PubMedPubDate>
        </History>
        <PublicationStatus>epublish</PublicationStatus>
        <ArticleIdList>
            <ArticleId IdType="pubmed">30855576</ArticleId>
            <ArticleId IdType="doi">10.3791/59055</ArticleId>
        </ArticleIdList>
    </PubmedData>
</PubmedArticle>


<PubmedArticle>
    <MedlineCitation Status="In-Data-Review" Owner="NLM">
        <PMID Version="1">30855280</PMID>
        <DateRevised>
            <Year>2019</Year>
            <Month>03</Month>
            <Day>11</Day>
        </DateRevised>
        <Article PubModel="Electronic-eCollection">
            <Journal>
                <ISSN IssnType="Electronic">1558-8238</ISSN>
                <JournalIssue CitedMedium="Internet">
                    <Volume>130</Volume>
                    <PubDate>
                        <Year>2019</Year>
                        <Month>Mar</Month>
                        <Day>11</Day>
                    </PubDate>
                </JournalIssue>
                <Title>The Journal of clinical investigation</Title>
                <ISOAbbreviation>J. Clin. Invest.</ISOAbbreviation>
            </Journal>
            <ArticleTitle>Endothelial miR-30c suppresses tumor growth via inhibition of TGF-<U+03B2>-induced Serpine1.</ArticleTitle>
            <ELocationID EIdType="doi" ValidYN="Y">10.1172/JCI123106</ELocationID>
            <ELocationID EIdType="pii" ValidYN="Y">123106</ELocationID>
            <Abstract>
                <AbstractText>In tumors, extravascular fibrin forms provisional scaffolds for endothelial cell (EC) growth and motility during angiogenesis. We report that fibrin-mediated angiogenesis was inhibited and tumor growth delayed following postnatal deletion of Tgfbr2 in the endothelium of Cdh5-CreERT2 Tgfbr2fl/fl mice (Tgfbr2iECKO mice). ECs from Tgfbr2iECKO mice failed to upregulate the fibrinolysis inhibitor plasminogen activator inhibitor 1 (Serpine1, also known as PAI-1), due in part to uncoupled TGF-<U+03B2>-mediated suppression of miR-30c. Bypassing TGF-<U+03B2> signaling with vascular tropic nanoparticles that deliver miR-30c antagomiRs promoted PAI-1-dependent tumor growth and increased fibrin abundance, whereas miR-30c mimics inhibited tumor growth and promoted vascular-directed fibrinolysis in vivo. Using single-cell RNA-Seq and a NanoString miRNA array, we also found that subtypes of ECs in tumors showed spectrums of Serpine1 and miR-30c expression levels, suggesting functional diversity in ECs at the level of individual cells; indeed, fresh EC isolates from lung and mammary tumor models had differential abilities to degrade fibrin and launch new vessel sprouts, a finding that was linked to their inverse expression patterns of miR-30c and Serpine1 (i.e., miR-30chi Serpine1lo ECs were poorly angiogenic and miR-30clo Serpine1hi ECs were highly angiogenic). Thus, by balancing Serpine1 expression in ECs downstream of TGF-<U+03B2>, miR-30c functions as a tumor suppressor in the tumor microenvironment through its ability to promote fibrin degradation and inhibit blood vessel formation.</AbstractText>
            </Abstract>
            <AuthorList CompleteYN="Y">
                <Author ValidYN="Y">
                    <LastName>McCann</LastName>
                    <ForeName>James V</ForeName>
                    <Initials>JV</Initials>
                    <AffiliationInfo>
                        <Affiliation>Department of Cell Biology and Physiology, University of North Carolina (UNC) at Chapel Hill, Chapel Hill, North Carolina, USA.</Affiliation>
                    </AffiliationInfo>
                </Author>
                <Author ValidYN="Y">
                    <LastName>Xiao</LastName>
                    <ForeName>Lin</ForeName>
                    <Initials>L</Initials>
                    <AffiliationInfo>
                        <Affiliation>Children's Cancer Institute, Kensington, New South Wales, Australia.</Affiliation>
                    </AffiliationInfo>
                </Author>
                <Author ValidYN="Y">
                    <LastName>Kim</LastName>
                    <ForeName>Dae Joong</ForeName>
                    <Initials>DJ</Initials>
                    <AffiliationInfo>
                        <Affiliation>Department of Microbiology, Immunology, and Cancer Biology, The University of Virginia, Charlottesville, Virginia, USA.</Affiliation>
                    </AffiliationInfo>
                </Author>
                <Author ValidYN="Y">
                    <LastName>Khan</LastName>
                    <ForeName>Omar F</ForeName>
                    <Initials>OF</Initials>
                    <AffiliationInfo>
                        <Affiliation>David H. Koch Institute for Integrative Cancer Research, Massachusetts Institute of Technology (MIT).</Affiliation>
                    </AffiliationInfo>
                    <AffiliationInfo>
                        <Affiliation>Department of Chemical Engineering.</Affiliation>
                    </AffiliationInfo>
                </Author>
                <Author ValidYN="Y">
                    <LastName>Kowalski</LastName>
                    <ForeName>Piotr S</ForeName>
                    <Initials>PS</Initials>
                    <AffiliationInfo>
                        <Affiliation>David H. Koch Institute for Integrative Cancer Research, Massachusetts Institute of Technology (MIT).</Affiliation>
                    </AffiliationInfo>
                </Author>
                <Author ValidYN="Y">
                    <LastName>Anderson</LastName>
                    <ForeName>Daniel G</ForeName>
                    <Initials>DG</Initials>
                    <AffiliationInfo>
                        <Affiliation>David H. Koch Institute for Integrative Cancer Research, Massachusetts Institute of Technology (MIT).</Affiliation>
                    </AffiliationInfo>
                    <AffiliationInfo>
                        <Affiliation>Department of Chemical Engineering.</Affiliation>
                    </AffiliationInfo>
                    <AffiliationInfo>
                        <Affiliation>Harvard-MIT Division of Health Sciences and Technology, and.</Affiliation>
                    </AffiliationInfo>
                    <AffiliationInfo>
                        <Affiliation>Institute for Medical Engineering and Science, MIT, Cambridge, Massachusetts, USA.</Affiliation>
                    </AffiliationInfo>
                </Author>
                <Author ValidYN="Y">
                    <LastName>Pecot</LastName>
                    <ForeName>Chad V</ForeName>
                    <Initials>CV</Initials>
                    <AffiliationInfo>
                        <Affiliation>Lineberger Comprehensive Cancer Center.</Affiliation>
                    </AffiliationInfo>
                    <AffiliationInfo>
                        <Affiliation>School of Medicine.</Affiliation>
                    </AffiliationInfo>
                </Author>
                <Author ValidYN="Y">
                    <LastName>Azam</LastName>
                    <ForeName>Salma H</ForeName>
                    <Initials>SH</Initials>
                    <AffiliationInfo>
                        <Affiliation>Department of Genetics, and.</Affiliation>
                    </AffiliationInfo>
                </Author>
                <Author ValidYN="Y">
                    <LastName>Parker</LastName>
                    <ForeName>Joel S</ForeName>
                    <Initials>JS</Initials>
                    <AffiliationInfo>
                        <Affiliation>Lineberger Comprehensive Cancer Center.</Affiliation>
                    </AffiliationInfo>
                    <AffiliationInfo>
                        <Affiliation>School of Medicine.</Affiliation>
                    </AffiliationInfo>
                    <AffiliationInfo>
                        <Affiliation>Department of Genetics, and.</Affiliation>
                    </AffiliationInfo>
                </Author>
                <Author ValidYN="Y">
                    <LastName>Tsai</LastName>
                    <ForeName>Yihsuan S</ForeName>
                    <Initials>YS</Initials>
                    <AffiliationInfo>
                        <Affiliation>Lineberger Comprehensive Cancer Center.</Affiliation>
                    </AffiliationInfo>
                </Author>
                <Author ValidYN="Y">
                    <LastName>Wolberg</LastName>
                    <ForeName>Alisa S</ForeName>
                    <Initials>AS</Initials>
                    <AffiliationInfo>
                        <Affiliation>Department of Pathology and Laboratory Medicine, UNC McAllister Heart Institute, UNC at Chapel Hill, Chapel Hill, North Carolina, USA.</Affiliation>
                    </AffiliationInfo>
                </Author>
                <Author ValidYN="Y">
                    <LastName>Turner</LastName>
                    <ForeName>Stephen D</ForeName>
                    <Initials>SD</Initials>
                    <AffiliationInfo>
                        <Affiliation>Department of Public Health Sciences, and.</Affiliation>
                    </AffiliationInfo>
                    <AffiliationInfo>
                        <Affiliation>Bioinformatics Core, University of Virginia School of Medicine, Charlottesville Virginia, USA.</Affiliation>
                    </AffiliationInfo>
                </Author>
                <Author ValidYN="Y">
                    <LastName>Tatsumi</LastName>
                    <ForeName>Kohei</ForeName>
                    <Initials>K</Initials>
                    <AffiliationInfo>
                        <Affiliation>Department of Medicine, Division of Hematology and Oncology, UNC McAllister Heart Institute, UNC at Chapel Hill, Chapel Hill, North Carolina, USA.</Affiliation>
                    </AffiliationInfo>
                </Author>
                <Author ValidYN="Y">
                    <LastName>Mackman</LastName>
                    <ForeName>Nigel</ForeName>
                    <Initials>N</Initials>
                    <AffiliationInfo>
                        <Affiliation>Department of Medicine, Division of Hematology and Oncology, UNC McAllister Heart Institute, UNC at Chapel Hill, Chapel Hill, North Carolina, USA.</Affiliation>
                    </AffiliationInfo>
                </Author>
                <Author ValidYN="Y">
                    <LastName>Dudley</LastName>
                    <ForeName>Andrew C</ForeName>
                    <Initials>AC</Initials>
                    <AffiliationInfo>
                        <Affiliation>Department of Microbiology, Immunology, and Cancer Biology, The University of Virginia, Charlottesville, Virginia, USA.</Affiliation>
                    </AffiliationInfo>
                    <AffiliationInfo>
                        <Affiliation>Emily Couric Cancer Center, The University of Virginia, Charlottesville, Virginia, USA.</Affiliation>
                    </AffiliationInfo>
                </Author>
            </AuthorList>
            <Language>eng</Language>
            <PublicationTypeList>
                <PublicationType UI="D016428">Journal Article</PublicationType>
            </PublicationTypeList>
            <ArticleDate DateType="Electronic">
                <Year>2019</Year>
                <Month>03</Month>
                <Day>11</Day>
            </ArticleDate>
        </Article>
        <MedlineJournalInfo>
            <Country>United States</Country>
            <MedlineTA>J Clin Invest</MedlineTA>
            <NlmUniqueID>7802877</NlmUniqueID>
            <ISSNLinking>0021-9738</ISSNLinking>
        </MedlineJournalInfo>
        <KeywordList Owner="NOTNLM">
            <Keyword MajorTopicYN="N">Breast cancer</Keyword>
            <Keyword MajorTopicYN="N">Extracellular matrix</Keyword>
            <Keyword MajorTopicYN="N">Oncology</Keyword>
            <Keyword MajorTopicYN="N">Vascular Biology</Keyword>
            <Keyword MajorTopicYN="N">endothelial cells</Keyword>
        </KeywordList>
    </MedlineCitation>
    <PubmedData>
        <History>
            <PubMedPubDate PubStatus="received">
                <Year>2018</Year>
                <Month>06</Month>
                <Day>25</Day>
            </PubMedPubDate>
            <PubMedPubDate PubStatus="accepted">
                <Year>2019</Year>
                <Month>02</Month>
                <Day>01</Day>
            </PubMedPubDate>
            <PubMedPubDate PubStatus="entrez">
                <Year>2019</Year>
                <Month>3</Month>
                <Day>12</Day>
                <Hour>6</Hour>
                <Minute>0</Minute>
            </PubMedPubDate>
            <PubMedPubDate PubStatus="pubmed">
                <Year>2019</Year>
                <Month>3</Month>
                <Day>12</Day>
                <Hour>6</Hour>
                <Minute>0</Minute>
            </PubMedPubDate>
            <PubMedPubDate PubStatus="medline">
                <Year>2019</Year>
                <Month>3</Month>
                <Day>12</Day>
                <Hour>6</Hour>
                <Minute>0</Minute>
            </PubMedPubDate>
        </History>
        <PublicationStatus>epublish</PublicationStatus>
        <ArticleIdList>
            <ArticleId IdType="pubmed">30855280</ArticleId>
            <ArticleId IdType="pii">123106</ArticleId>
            <ArticleId IdType="doi">10.1172/JCI123106</ArticleId>
        </ArticleIdList>
    </PubmedData>
</PubmedArticle>


<PubmedArticle>
    <MedlineCitation Status="In-Data-Review" Owner="NLM">
        <PMID Version="1">30855275</PMID>
        <DateRevised>
            <Year>2019</Year>
            <Month>03</Month>
            <Day>11</Day>
        </DateRevised>
        <Article PubModel="Electronic-eCollection">
            <Journal>
                <ISSN IssnType="Electronic">1558-8238</ISSN>
                <JournalIssue CitedMedium="Internet">
                    <Volume>130</Volume>
                    <PubDate>
                        <Year>2019</Year>
                        <Month>Mar</Month>
                        <Day>11</Day>
                    </PubDate>
                </JournalIssue>
                <Title>The Journal of clinical investigation</Title>
                <ISOAbbreviation>J. Clin. Invest.</ISOAbbreviation>
            </Journal>
            <ArticleTitle>Human colon mucosal biofilms from healthy or colon cancer hosts are carcinogenic.</ArticleTitle>
            <ELocationID EIdType="doi" ValidYN="Y">10.1172/JCI124196</ELocationID>
            <ELocationID EIdType="pii" ValidYN="Y">124196</ELocationID>
            <Abstract>
                <AbstractText>Mucus-invasive bacterial biofilms are identified on the colon mucosa of approximately 50% of colorectal cancer (CRC) patients and approximately 13% of healthy subjects. Here, we test the hypothesis that human colon biofilms comprise microbial communities that are carcinogenic in CRC mouse models. Homogenates of human biofilm-positive colon mucosa were prepared from tumor patients (tumor and paired normal tissues from surgical resections) or biofilm-positive biopsies from healthy individuals undergoing screening colonoscopy; homogenates of biofilm-negative colon biopsies from healthy individuals undergoing screening colonoscopy served as controls. After 12 weeks, biofilm-positive, but not biofilm-negative, human colon mucosal homogenates induced colon tumor formation in 3 mouse colon tumor models (germ-free ApcMin<U+0394>850/+;Il10-/- or ApcMin<U+0394>850/+ and specific pathogen-free ApcMin<U+0394>716/+ mice). Remarkably, biofilm-positive communities from healthy colonoscopy biopsies induced colon inflammation and tumors similarly to biofilm-positive tumor tissues. By 1 week, biofilm-positive human tumor homogenates, but not healthy biopsies, displayed consistent bacterial mucus invasion and biofilm formation in mouse colons. 16S rRNA gene sequencing and RNA-Seq analyses identified compositional and functional microbiota differences between mice colonized with biofilm-positive and biofilm-negative communities. These results suggest human colon mucosal biofilms, whether from tumor hosts or healthy individuals undergoing screening colonoscopy, are carcinogenic in murine models of CRC.</AbstractText>
            </Abstract>
            <AuthorList CompleteYN="Y">
                <Author ValidYN="Y">
                    <LastName>Tomkovich</LastName>
                    <ForeName>Sarah</ForeName>
                    <Initials>S</Initials>
                    <AffiliationInfo>
                        <Affiliation>Department of Medicine, University of Florida, Gainesville, Florida, USA.</Affiliation>
                    </AffiliationInfo>
                </Author>
                <Author ValidYN="Y">
                    <LastName>Dejea</LastName>
                    <ForeName>Christine M</ForeName>
                    <Initials>CM</Initials>
                    <AffiliationInfo>
                        <Affiliation>Bloomberg-Kimmel Institute for Immunotherapy, Departments of Oncology and Medicine and the Sidney Kimmel Comprehensive Cancer Center, Johns Hopkins School of Medicine, Johns Hopkins Medical Institutions, Baltimore, Maryland, USA.</Affiliation>
                    </AffiliationInfo>
                </Author>
                <Author ValidYN="Y">
                    <LastName>Winglee</LastName>
                    <ForeName>Kathryn</ForeName>
                    <Initials>K</Initials>
                    <AffiliationInfo>
                        <Affiliation>Department of Bioinformatics and Genomics, University of North Carolina at Charlotte, Charlotte, North Carolina, USA.</Affiliation>
                    </AffiliationInfo>
                </Author>
                <Author ValidYN="Y">
                    <LastName>Drewes</LastName>
                    <ForeName>Julia L</ForeName>
                    <Initials>JL</Initials>
                    <AffiliationInfo>
                        <Affiliation>Bloomberg-Kimmel Institute for Immunotherapy, Departments of Oncology and Medicine and the Sidney Kimmel Comprehensive Cancer Center, Johns Hopkins School of Medicine, Johns Hopkins Medical Institutions, Baltimore, Maryland, USA.</Affiliation>
                    </AffiliationInfo>
                </Author>
                <Author ValidYN="Y">
                    <LastName>Chung</LastName>
                    <ForeName>Liam</ForeName>
                    <Initials>L</Initials>
                    <AffiliationInfo>
                        <Affiliation>Bloomberg-Kimmel Institute for Immunotherapy, Departments of Oncology and Medicine and the Sidney Kimmel Comprehensive Cancer Center, Johns Hopkins School of Medicine, Johns Hopkins Medical Institutions, Baltimore, Maryland, USA.</Affiliation>
                    </AffiliationInfo>
                </Author>
                <Author ValidYN="Y">
                    <LastName>Housseau</LastName>
                    <ForeName>Franck</ForeName>
                    <Initials>F</Initials>
                    <AffiliationInfo>
                        <Affiliation>Bloomberg-Kimmel Institute for Immunotherapy, Departments of Oncology and Medicine and the Sidney Kimmel Comprehensive Cancer Center, Johns Hopkins School of Medicine, Johns Hopkins Medical Institutions, Baltimore, Maryland, USA.</Affiliation>
                    </AffiliationInfo>
                </Author>
                <Author ValidYN="Y">
                    <LastName>Pope</LastName>
                    <ForeName>Jillian L</ForeName>
                    <Initials>JL</Initials>
                    <AffiliationInfo>
                        <Affiliation>Department of Medicine, University of Florida, Gainesville, Florida, USA.</Affiliation>
                    </AffiliationInfo>
                </Author>
                <Author ValidYN="Y">
                    <LastName>Gauthier</LastName>
                    <ForeName>Josee</ForeName>
                    <Initials>J</Initials>
                    <AffiliationInfo>
                        <Affiliation>Department of Medicine, University of Florida, Gainesville, Florida, USA.</Affiliation>
                    </AffiliationInfo>
                </Author>
                <Author ValidYN="Y">
                    <LastName>Sun</LastName>
                    <ForeName>Xiaolun</ForeName>
                    <Initials>X</Initials>
                    <AffiliationInfo>
                        <Affiliation>Department of Medicine, University of Florida, Gainesville, Florida, USA.</Affiliation>
                    </AffiliationInfo>
                </Author>
                <Author ValidYN="Y">
                    <LastName>M<U+00FC>hlbauer</LastName>
                    <ForeName>Marcus</ForeName>
                    <Initials>M</Initials>
                    <AffiliationInfo>
                        <Affiliation>Department of Medicine, University of Florida, Gainesville, Florida, USA.</Affiliation>
                    </AffiliationInfo>
                </Author>
                <Author ValidYN="Y">
                    <LastName>Liu</LastName>
                    <ForeName>Xiuli</ForeName>
                    <Initials>X</Initials>
                    <AffiliationInfo>
                        <Affiliation>Department of Pathology, Immunology and Laboratory Medicine, University of Florida, Gainesville, Florida, USA.</Affiliation>
                    </AffiliationInfo>
                </Author>
                <Author ValidYN="Y">
                    <LastName>Fathi</LastName>
                    <ForeName>Payam</ForeName>
                    <Initials>P</Initials>
                    <AffiliationInfo>
                        <Affiliation>Bloomberg-Kimmel Institute for Immunotherapy, Departments of Oncology and Medicine and the Sidney Kimmel Comprehensive Cancer Center, Johns Hopkins School of Medicine, Johns Hopkins Medical Institutions, Baltimore, Maryland, USA.</Affiliation>
                    </AffiliationInfo>
                </Author>
                <Author ValidYN="Y">
                    <LastName>Anders</LastName>
                    <ForeName>Robert A</ForeName>
                    <Initials>RA</Initials>
                    <AffiliationInfo>
                        <Affiliation>Department of Pathology, Johns Hopkins University, Baltimore, Maryland, USA.</Affiliation>
                    </AffiliationInfo>
                </Author>
                <Author ValidYN="Y">
                    <LastName>Besharati</LastName>
                    <ForeName>Sepideh</ForeName>
                    <Initials>S</Initials>
                    <AffiliationInfo>
                        <Affiliation>Department of Pathology, Johns Hopkins University, Baltimore, Maryland, USA.</Affiliation>
                    </AffiliationInfo>
                </Author>
                <Author ValidYN="Y">
                    <LastName>Perez-Chanona</LastName>
                    <ForeName>Ernesto</ForeName>
                    <Initials>E</Initials>
                    <AffiliationInfo>
                        <Affiliation>Department of Medicine, University of Florida, Gainesville, Florida, USA.</Affiliation>
                    </AffiliationInfo>
                </Author>
                <Author ValidYN="Y">
                    <LastName>Yang</LastName>
                    <ForeName>Ye</ForeName>
                    <Initials>Y</Initials>
                    <AffiliationInfo>
                        <Affiliation>Department of Medicine, University of Florida, Gainesville, Florida, USA.</Affiliation>
                    </AffiliationInfo>
                </Author>
                <Author ValidYN="Y">
                    <LastName>Ding</LastName>
                    <ForeName>Hua</ForeName>
                    <Initials>H</Initials>
                    <AffiliationInfo>
                        <Affiliation>Bloomberg-Kimmel Institute for Immunotherapy, Departments of Oncology and Medicine and the Sidney Kimmel Comprehensive Cancer Center, Johns Hopkins School of Medicine, Johns Hopkins Medical Institutions, Baltimore, Maryland, USA.</Affiliation>
                    </AffiliationInfo>
                </Author>
                <Author ValidYN="Y">
                    <LastName>Wu</LastName>
                    <ForeName>Xinqun</ForeName>
                    <Initials>X</Initials>
                    <AffiliationInfo>
                        <Affiliation>Bloomberg-Kimmel Institute for Immunotherapy, Departments of Oncology and Medicine and the Sidney Kimmel Comprehensive Cancer Center, Johns Hopkins School of Medicine, Johns Hopkins Medical Institutions, Baltimore, Maryland, USA.</Affiliation>
                    </AffiliationInfo>
                </Author>
                <Author ValidYN="Y">
                    <LastName>Wu</LastName>
                    <ForeName>Shaoguang</ForeName>
                    <Initials>S</Initials>
                    <AffiliationInfo>
                        <Affiliation>Bloomberg-Kimmel Institute for Immunotherapy, Departments of Oncology and Medicine and the Sidney Kimmel Comprehensive Cancer Center, Johns Hopkins School of Medicine, Johns Hopkins Medical Institutions, Baltimore, Maryland, USA.</Affiliation>
                    </AffiliationInfo>
                </Author>
                <Author ValidYN="Y">
                    <LastName>White</LastName>
                    <ForeName>James R</ForeName>
                    <Initials>JR</Initials>
                    <AffiliationInfo>
                        <Affiliation>Resphera Biosciences, Baltimore, Maryland, USA.</Affiliation>
                    </AffiliationInfo>
                </Author>
                <Author ValidYN="Y">
                    <LastName>Gharaibeh</LastName>
                    <ForeName>Raad Z</ForeName>
                    <Initials>RZ</Initials>
                    <AffiliationInfo>
                        <Affiliation>Department of Medicine, University of Florida, Gainesville, Florida, USA.</Affiliation>
                    </AffiliationInfo>
                </Author>
                <Author ValidYN="Y">
                    <LastName>Fodor</LastName>
                    <ForeName>Anthony A</ForeName>
                    <Initials>AA</Initials>
                    <AffiliationInfo>
                        <Affiliation>Department of Bioinformatics and Genomics, University of North Carolina at Charlotte, Charlotte, North Carolina, USA.</Affiliation>
                    </AffiliationInfo>
                </Author>
                <Author ValidYN="Y">
                    <LastName>Wang</LastName>
                    <ForeName>Hao</ForeName>
                    <Initials>H</Initials>
                    <AffiliationInfo>
                        <Affiliation>Bloomberg-Kimmel Institute for Immunotherapy, Departments of Oncology and Medicine and the Sidney Kimmel Comprehensive Cancer Center, Johns Hopkins School of Medicine, Johns Hopkins Medical Institutions, Baltimore, Maryland, USA.</Affiliation>
                    </AffiliationInfo>
                </Author>
                <Author ValidYN="Y">
                    <LastName>Pardoll</LastName>
                    <ForeName>Drew M</ForeName>
                    <Initials>DM</Initials>
                    <AffiliationInfo>
                        <Affiliation>Bloomberg-Kimmel Institute for Immunotherapy, Departments of Oncology and Medicine and the Sidney Kimmel Comprehensive Cancer Center, Johns Hopkins School of Medicine, Johns Hopkins Medical Institutions, Baltimore, Maryland, USA.</Affiliation>
                    </AffiliationInfo>
                </Author>
                <Author ValidYN="Y">
                    <LastName>Jobin</LastName>
                    <ForeName>Christian</ForeName>
                    <Initials>C</Initials>
                    <AffiliationInfo>
                        <Affiliation>Department of Medicine, University of Florida, Gainesville, Florida, USA.</Affiliation>
                    </AffiliationInfo>
                    <AffiliationInfo>
                        <Affiliation>Department of Infectious Diseases and Immunology, University of Florida, Gainesville, Florida, USA.</Affiliation>
                    </AffiliationInfo>
                </Author>
                <Author ValidYN="Y">
                    <LastName>Sears</LastName>
                    <ForeName>Cynthia L</ForeName>
                    <Initials>CL</Initials>
                    <AffiliationInfo>
                        <Affiliation>Bloomberg-Kimmel Institute for Immunotherapy, Departments of Oncology and Medicine and the Sidney Kimmel Comprehensive Cancer Center, Johns Hopkins School of Medicine, Johns Hopkins Medical Institutions, Baltimore, Maryland, USA.</Affiliation>
                    </AffiliationInfo>
                </Author>
            </AuthorList>
            <Language>eng</Language>
            <PublicationTypeList>
                <PublicationType UI="D016428">Journal Article</PublicationType>
            </PublicationTypeList>
            <ArticleDate DateType="Electronic">
                <Year>2019</Year>
                <Month>03</Month>
                <Day>11</Day>
            </ArticleDate>
        </Article>
        <MedlineJournalInfo>
            <Country>United States</Country>
            <MedlineTA>J Clin Invest</MedlineTA>
            <NlmUniqueID>7802877</NlmUniqueID>
            <ISSNLinking>0021-9738</ISSNLinking>
        </MedlineJournalInfo>
        <KeywordList Owner="NOTNLM">
            <Keyword MajorTopicYN="N">Bacterial infections</Keyword>
            <Keyword MajorTopicYN="N">Colorectal cancer</Keyword>
            <Keyword MajorTopicYN="N">Microbiology</Keyword>
            <Keyword MajorTopicYN="N">Mouse models</Keyword>
            <Keyword MajorTopicYN="N">Oncology</Keyword>
        </KeywordList>
    </MedlineCitation>
    <PubmedData>
        <History>
            <PubMedPubDate PubStatus="received">
                <Year>2018</Year>
                <Month>08</Month>
                <Day>14</Day>
            </PubMedPubDate>
            <PubMedPubDate PubStatus="accepted">
                <Year>2019</Year>
                <Month>02</Month>
                <Day>01</Day>
            </PubMedPubDate>
            <PubMedPubDate PubStatus="entrez">
                <Year>2019</Year>
                <Month>3</Month>
                <Day>12</Day>
                <Hour>6</Hour>
                <Minute>0</Minute>
            </PubMedPubDate>
            <PubMedPubDate PubStatus="pubmed">
                <Year>2019</Year>
                <Month>3</Month>
                <Day>12</Day>
                <Hour>6</Hour>
                <Minute>0</Minute>
            </PubMedPubDate>
            <PubMedPubDate PubStatus="medline">
                <Year>2019</Year>
                <Month>3</Month>
                <Day>12</Day>
                <Hour>6</Hour>
                <Minute>0</Minute>
            </PubMedPubDate>
        </History>
        <PublicationStatus>epublish</PublicationStatus>
        <ArticleIdList>
            <ArticleId IdType="pubmed">30855275</ArticleId>
            <ArticleId IdType="pii">124196</ArticleId>
            <ArticleId IdType="doi">10.1172/JCI124196</ArticleId>
        </ArticleIdList>
    </PubmedData>
</PubmedArticle>


<PubmedArticle>
    <MedlineCitation Status="PubMed-not-MEDLINE" Owner="NLM">
        <PMID Version="1">30854414</PMID>
        <DateRevised>
            <Year>2019</Year>
            <Month>03</Month>
            <Day>11</Day>
        </DateRevised>
        <Article PubModel="Electronic">
            <Journal>
                <ISSN IssnType="Print">2352-3727</ISSN>
                <JournalIssue CitedMedium="Print">
                    <Volume>5</Volume>
                    <Issue>1</Issue>
                    <PubDate>
                        <Year>2019</Year>
                        <Month>Jan</Month>
                        <Day>31</Day>
                    </PubDate>
                </JournalIssue>
                <Title>Bladder cancer (Amsterdam, Netherlands)</Title>
                <ISOAbbreviation>Bladder Cancer</ISOAbbreviation>
            </Journal>
            <ArticleTitle>Immune Checkpoint B7x (B7-H4/B7S1/VTCN1) is Over Expressed in Spontaneous Canine Bladder Cancer: The First Report and its Implications in a Preclinical Model.</ArticleTitle>
            <Pagination>
                <MedlinePgn>63-71</MedlinePgn>
            </Pagination>
            <ELocationID EIdType="doi" ValidYN="Y">10.3233/BLC-180204</ELocationID>
            <Abstract>
                <AbstractText Label="Background" NlmCategory="UNASSIGNED">B7x (B7-H4/B7S1/VTCN1), an inhibitory immune checkpoint molecule is a potential therapeutic target owing to its immunosuppressive effect and well-known expression in cancers. Immune checkpoints in canine bladder cancer are largely undefined. Here, we report the first evaluation on expression of B7x in spontaneous canine invasive bladder cancer, a novel model system for the study of invasive human urothelial carcinoma.</AbstractText>
                <AbstractText Label="Objective" NlmCategory="UNASSIGNED">This work aims to study expression of immune checkpoint B7x in spontaneous canine invasive bladder cancer.</AbstractText>
                <AbstractText Label="Methods" NlmCategory="UNASSIGNED">RNA-seq analysis was performed to determine B7x expression in tumor versus normal bladder. Gene ontology (GO) study was used to explore the biological role of B7x. B7x protein expression was evaluated by immunohistochemistry (IHC). TCGA and GTEx were used to examine B7x expression in 599 human bladder urothelial carcinoma (BLCA).</AbstractText>
                <AbstractText Label="Results" NlmCategory="UNASSIGNED">RNA-seq analysis indicated 5.72 and 7.04 fold up regulation of B7x in tumors, using DESeq2 and edge R respectively (<i>p</i><U+200A>&lt;<U+200A>0.00008). B7x was closely associated with immune processes in GO analysis. IHC results revealed 60% of cases as B7x positive. B7x intensity was scored as negative in 40% (<i>n</i><U+200A>=<U+200A>20/50), low in 24% (<i>n</i><U+200A>=<U+200A>12/50), medium in 14% (<i>n</i><U+200A>=<U+200A>7/50) and high in 22% (<i>n</i><U+200A>=<U+200A>11/50) of cases. In human BLCA, B7x expression was significantly associated with worse overall survival (<i>p</i><U+200A>=<U+200A>0.02).</AbstractText>
                <AbstractText Label="Conclusions" NlmCategory="UNASSIGNED">Our results suggest that B7x is over expressed in canine bladder cancer. Thus canine model can be vital in advancing the translational research on B7x, a new potential therapeutic target in human bladder cancer.</AbstractText>
            </Abstract>
            <AuthorList CompleteYN="Y">
                <Author ValidYN="Y">
                    <LastName>Chand</LastName>
                    <ForeName>Damini</ForeName>
                    <Initials>D</Initials>
                    <AffiliationInfo>
                        <Affiliation>Department of Microbiology and Immunology, Albert Einstein College of Medicine, Bronx, NY, USA.</Affiliation>
                    </AffiliationInfo>
                    <AffiliationInfo>
                        <Affiliation>Department of Urology, Montefiore Medical Center and Albert Einstein College of Medicine, Bronx, NY, USA.</Affiliation>
                    </AffiliationInfo>
                </Author>
                <Author ValidYN="Y">
                    <LastName>Dhawan</LastName>
                    <ForeName>Deepika</ForeName>
                    <Initials>D</Initials>
                    <AffiliationInfo>
                        <Affiliation>Department of Veterinary Clinical Sciences, Purdue University, West Lafayette, IN, USA.</Affiliation>
                    </AffiliationInfo>
                </Author>
                <Author ValidYN="Y">
                    <LastName>Sankin</LastName>
                    <ForeName>Alexander</ForeName>
                    <Initials>A</Initials>
                    <AffiliationInfo>
                        <Affiliation>Department of Urology, Montefiore Medical Center and Albert Einstein College of Medicine, Bronx, NY, USA.</Affiliation>
                    </AffiliationInfo>
                </Author>
                <Author ValidYN="Y">
                    <LastName>Ren</LastName>
                    <ForeName>Xiaoxin</ForeName>
                    <Initials>X</Initials>
                    <AffiliationInfo>
                        <Affiliation>Department of Microbiology and Immunology, Albert Einstein College of Medicine, Bronx, NY, USA.</Affiliation>
                    </AffiliationInfo>
                </Author>
                <Author ValidYN="Y">
                    <LastName>Lin</LastName>
                    <ForeName>Juan</ForeName>
                    <Initials>J</Initials>
                    <AffiliationInfo>
                        <Affiliation>Department of Epidemiology &amp; Population Health, Albert Einstein College of Medicine, Bronx, NY, USA.</Affiliation>
                    </AffiliationInfo>
                </Author>
                <Author ValidYN="Y">
                    <LastName>Schoenberg</LastName>
                    <ForeName>Mark</ForeName>
                    <Initials>M</Initials>
                    <AffiliationInfo>
                        <Affiliation>Department of Urology, Montefiore Medical Center and Albert Einstein College of Medicine, Bronx, NY, USA.</Affiliation>
                    </AffiliationInfo>
                </Author>
                <Author ValidYN="Y">
                    <LastName>Knapp</LastName>
                    <ForeName>Deborah W</ForeName>
                    <Initials>DW</Initials>
                    <AffiliationInfo>
                        <Affiliation>Department of Veterinary Clinical Sciences, Purdue University, West Lafayette, IN, USA.</Affiliation>
                    </AffiliationInfo>
                    <AffiliationInfo>
                        <Affiliation>Purdue University Center for Cancer Research, West Lafayette, IN, USA.</Affiliation>
                    </AffiliationInfo>
                </Author>
                <Author ValidYN="Y">
                    <LastName>Zang</LastName>
                    <ForeName>Xingxing</ForeName>
                    <Initials>X</Initials>
                    <AffiliationInfo>
                        <Affiliation>Department of Microbiology and Immunology, Albert Einstein College of Medicine, Bronx, NY, USA.</Affiliation>
                    </AffiliationInfo>
                    <AffiliationInfo>
                        <Affiliation>Department of Urology, Montefiore Medical Center and Albert Einstein College of Medicine, Bronx, NY, USA.</Affiliation>
                    </AffiliationInfo>
                </Author>
            </AuthorList>
            <Language>eng</Language>
            <PublicationTypeList>
                <PublicationType UI="D016428">Journal Article</PublicationType>
            </PublicationTypeList>
            <ArticleDate DateType="Electronic">
                <Year>2019</Year>
                <Month>01</Month>
                <Day>31</Day>
            </ArticleDate>
        </Article>
        <MedlineJournalInfo>
            <Country>Netherlands</Country>
            <MedlineTA>Bladder Cancer</MedlineTA>
            <NlmUniqueID>101668567</NlmUniqueID>
        </MedlineJournalInfo>
        <KeywordList Owner="NOTNLM">
            <Keyword MajorTopicYN="N">Canine bladder cancer</Keyword>
            <Keyword MajorTopicYN="N">human bladder urothelial carcinoma</Keyword>
            <Keyword MajorTopicYN="N">immune checkpoint</Keyword>
            <Keyword MajorTopicYN="N">immunotherapy</Keyword>
        </KeywordList>
        <CoiStatement>X. Zang is an inventor on patent number US 9447186 B2, which covers the topic of cancer immunotherapy targeting B7x. The remaining authors declare no competing financial interests.</CoiStatement>
    </MedlineCitation>
    <PubmedData>
        <History>
            <PubMedPubDate PubStatus="entrez">
                <Year>2019</Year>
                <Month>3</Month>
                <Day>12</Day>
                <Hour>6</Hour>
                <Minute>0</Minute>
            </PubMedPubDate>
            <PubMedPubDate PubStatus="pubmed">
                <Year>2019</Year>
                <Month>3</Month>
                <Day>12</Day>
                <Hour>6</Hour>
                <Minute>0</Minute>
            </PubMedPubDate>
            <PubMedPubDate PubStatus="medline">
                <Year>2019</Year>
                <Month>3</Month>
                <Day>12</Day>
                <Hour>6</Hour>
                <Minute>1</Minute>
            </PubMedPubDate>
        </History>
        <PublicationStatus>epublish</PublicationStatus>
        <ArticleIdList>
            <ArticleId IdType="pubmed">30854414</ArticleId>
            <ArticleId IdType="doi">10.3233/BLC-180204</ArticleId>
            <ArticleId IdType="pii">BLC180204</ArticleId>
            <ArticleId IdType="pmc">PMC6401562</ArticleId>
        </ArticleIdList>
        <?pmcsd?>
    </PubmedData>
</PubmedArticle>


<PubmedArticle>
    <MedlineCitation Status="PubMed-not-MEDLINE" Owner="NLM">
        <PMID Version="1">30854394</PMID>
        <DateRevised>
            <Year>2019</Year>
            <Month>03</Month>
            <Day>11</Day>
        </DateRevised>
        <Article PubModel="Electronic">
            <Journal>
                <ISSN IssnType="Print">2311-2638</ISSN>
                <JournalIssue CitedMedium="Print">
                    <Volume>6</Volume>
                    <Issue>3</Issue>
                    <PubDate>
                        <Year>2019</Year>
                        <Month>Jan</Month>
                        <Day>24</Day>
                    </PubDate>
                </JournalIssue>
                <Title>Microbial cell (Graz, Austria)</Title>
                <ISOAbbreviation>Microb Cell</ISOAbbreviation>
            </Journal>
            <ArticleTitle>Simultaneous profiling of sexually transmitted bacterial pathogens, microbiome, and concordant host response in cervical samples using whole transcriptome sequencing analysis.</ArticleTitle>
            <Pagination>
                <MedlinePgn>177-183</MedlinePgn>
            </Pagination>
            <ELocationID EIdType="doi" ValidYN="Y">10.15698/mic2019.03.672</ELocationID>
            <Abstract>
                <AbstractText>Pelvic inflammatory disease (PID) is a female upper genital tract inflammatory disorder that arises after sexually transmitted bacterial infections (STI). Factors modulating risk for reproductive sequelae include co-infection, microbiota, host genetics and physiology. In a pilot study of cervical samples obtained from women at high risk for STIs, we examined the potential for unbiased characterization of host, pathogen and microbiome interactions using whole transcriptome sequencing analysis of ribosomal RNA-depleted total RNAs (Total RNA-Seq). Only samples from women with STI infection contained pathogen-specific sequences (3 to 38% transcriptome coverage). Simultaneously, we identified and quantified their active microbial communities. After integration with host-derived reads from the same data, we detected clustering of host transcriptional profiles that reflected microbiome differences and STI infection. Together, our study suggests that total RNA profiling will advance understanding of the interplay of pathogen, host and microbiota during natural infection and may reveal novel, outcome-relevant biomarkers.</AbstractText>
            </Abstract>
            <AuthorList CompleteYN="Y">
                <Author ValidYN="Y">
                    <LastName>O'Connell</LastName>
                    <ForeName>Catherine M</ForeName>
                    <Initials>CM</Initials>
                    <AffiliationInfo>
                        <Affiliation>Department of Pediatrics, University of North Carolina at Chapel Hill, Chapel Hill, North Carolina, USA.</Affiliation>
                    </AffiliationInfo>
                </Author>
                <Author ValidYN="Y">
                    <LastName>Brochu</LastName>
                    <ForeName>Hayden</ForeName>
                    <Initials>H</Initials>
                    <AffiliationInfo>
                        <Affiliation>Department of Molecular Biomedical Sciences, North Carolina State University, Raleigh, North Carolina, USA.</Affiliation>
                    </AffiliationInfo>
                </Author>
                <Author ValidYN="Y">
                    <LastName>Girardi</LastName>
                    <ForeName>Jenna</ForeName>
                    <Initials>J</Initials>
                    <AffiliationInfo>
                        <Affiliation>Department of Pediatrics, University of North Carolina at Chapel Hill, Chapel Hill, North Carolina, USA.</Affiliation>
                    </AffiliationInfo>
                </Author>
                <Author ValidYN="Y">
                    <LastName>Harrell</LastName>
                    <ForeName>Erin</ForeName>
                    <Initials>E</Initials>
                    <AffiliationInfo>
                        <Affiliation>Department of Molecular Biomedical Sciences, North Carolina State University, Raleigh, North Carolina, USA.</Affiliation>
                    </AffiliationInfo>
                </Author>
                <Author ValidYN="Y">
                    <LastName>Jones</LastName>
                    <ForeName>Aiden</ForeName>
                    <Initials>A</Initials>
                    <AffiliationInfo>
                        <Affiliation>Department of Molecular Biomedical Sciences, North Carolina State University, Raleigh, North Carolina, USA.</Affiliation>
                    </AffiliationInfo>
                </Author>
                <Author ValidYN="Y">
                    <LastName>Darville</LastName>
                    <ForeName>Toni</ForeName>
                    <Initials>T</Initials>
                    <AffiliationInfo>
                        <Affiliation>Department of Pediatrics, University of North Carolina at Chapel Hill, Chapel Hill, North Carolina, USA.</Affiliation>
                    </AffiliationInfo>
                </Author>
                <Author ValidYN="Y">
                    <LastName>Se<U+00F1>a</LastName>
                    <ForeName>Arlene C</ForeName>
                    <Initials>AC</Initials>
                    <AffiliationInfo>
                        <Affiliation>Department of Medicine, University of North Carolina at Chapel Hill, Chapel Hill, North Carolina, USA.</Affiliation>
                    </AffiliationInfo>
                </Author>
                <Author ValidYN="Y">
                    <LastName>Peng</LastName>
                    <ForeName>Xinxia</ForeName>
                    <Initials>X</Initials>
                    <AffiliationInfo>
                        <Affiliation>Department of Molecular Biomedical Sciences, North Carolina State University, Raleigh, North Carolina, USA.</Affiliation>
                    </AffiliationInfo>
                    <AffiliationInfo>
                        <Affiliation>Bioinformatics Research Center, North Carolina State University, Raleigh, North Carolina, USA.</Affiliation>
                    </AffiliationInfo>
                </Author>
            </AuthorList>
            <Language>eng</Language>
            <PublicationTypeList>
                <PublicationType UI="D016428">Journal Article</PublicationType>
            </PublicationTypeList>
            <ArticleDate DateType="Electronic">
                <Year>2019</Year>
                <Month>01</Month>
                <Day>24</Day>
            </ArticleDate>
        </Article>
        <MedlineJournalInfo>
            <Country>Austria</Country>
            <MedlineTA>Microb Cell</MedlineTA>
            <NlmUniqueID>101632887</NlmUniqueID>
            <ISSNLinking>2311-2638</ISSNLinking>
        </MedlineJournalInfo>
        <KeywordList Owner="NOTNLM">
            <Keyword MajorTopicYN="N">RNA-seq</Keyword>
            <Keyword MajorTopicYN="N">chlamydia</Keyword>
            <Keyword MajorTopicYN="N">gonorrhea</Keyword>
            <Keyword MajorTopicYN="N">microbiome</Keyword>
            <Keyword MajorTopicYN="N">natural infection</Keyword>
        </KeywordList>
        <CoiStatement>Conflict of interest: None.</CoiStatement>
    </MedlineCitation>
    <PubmedData>
        <History>
            <PubMedPubDate PubStatus="entrez">
                <Year>2019</Year>
                <Month>3</Month>
                <Day>12</Day>
                <Hour>6</Hour>
                <Minute>0</Minute>
            </PubMedPubDate>
            <PubMedPubDate PubStatus="pubmed">
                <Year>2019</Year>
                <Month>3</Month>
                <Day>12</Day>
                <Hour>6</Hour>
                <Minute>0</Minute>
            </PubMedPubDate>
            <PubMedPubDate PubStatus="medline">
                <Year>2019</Year>
                <Month>3</Month>
                <Day>12</Day>
                <Hour>6</Hour>
                <Minute>1</Minute>
            </PubMedPubDate>
        </History>
        <PublicationStatus>epublish</PublicationStatus>
        <ArticleIdList>
            <ArticleId IdType="pubmed">30854394</ArticleId>
            <ArticleId IdType="doi">10.15698/mic2019.03.672</ArticleId>
            <ArticleId IdType="pii">MIC0178E161</ArticleId>
            <ArticleId IdType="pmc">PMC6402362</ArticleId>
        </ArticleIdList>
    </PubmedData>
</PubmedArticle>


<PubmedArticle>
    <MedlineCitation Status="PubMed-not-MEDLINE" Owner="NLM">
        <PMID Version="1">30854209</PMID>
        <DateRevised>
            <Year>2019</Year>
            <Month>03</Month>
            <Day>11</Day>
        </DateRevised>
        <Article PubModel="Electronic-eCollection">
            <Journal>
                <ISSN IssnType="Print">2052-7276</ISSN>
                <JournalIssue CitedMedium="Print">
                    <Volume>6</Volume>
                    <PubDate>
                        <Year>2019</Year>
                    </PubDate>
                </JournalIssue>
                <Title>Horticulture research</Title>
                <ISOAbbreviation>Hortic Res</ISOAbbreviation>
            </Journal>
            <ArticleTitle>Wide transcriptional investigation unravel novel insights of the on-tree maturation and postharvest ripening of 'Abate Fetel' pear fruit.</ArticleTitle>
            <Pagination>
                <MedlinePgn>32</MedlinePgn>
            </Pagination>
            <ELocationID EIdType="doi" ValidYN="Y">10.1038/s41438-018-0115-1</ELocationID>
            <Abstract>
                <AbstractText>To decipher the transcriptomic regulation of the on-tree fruit maturation in pear cv. 'Abate Fetel', a RNA-seq transcription analysis identified 8939 genes differentially expressed across four harvesting stages. These genes were grouped into 11 SOTA clusters based on their transcriptional pattern, of which three included genes upregulated while the other four were represented by downregulated genes. Fruit ripening was furthermore investigated after 1 month of postharvest cold storage. The most important variation in fruit firmness, production of ethylene and volatile organic compounds were observed after 5 days of shelf-life at room temperature following cold storage. The role of ethylene in controlling the ripening of 'Abate Fetel' pears was furthermore investigated through the application of 1-methylcyclopropene, which efficiently delayed the progression of ripening by reducing fruit softening and repressing both ethylene and volatile production. The physiological response of the interference at the ethylene receptor level was moreover unraveled investigating the expression pattern of 12 candidate genes, initially selected to validate the RNA-seq profile. This analysis confirmed the effective role of the ethylene competitor in downregulating the expression of cell wall (PG) and ethylene-related genes (ACS, ACO, ERS1, and ERS2), as well as inducing one element involved in the auxin signaling pathway (Aux/IAA), highlighting a possible cross-talk between these two hormones. The expression patterns of these six elements suggest their use as molecular toolkit to monitor at molecular level the progression of the fruit on-tree maturation and postharvest ripening.</AbstractText>
            </Abstract>
            <AuthorList CompleteYN="Y">
                <Author ValidYN="Y">
                    <LastName>Busatto</LastName>
                    <ForeName>Nicola</ForeName>
                    <Initials>N</Initials>
                    <AffiliationInfo>
                        <Affiliation>1Department of Genomics and Biology of Fruit Crops, Research and Innovation Centre, Fondazione Edmund Mach (FEM), Via E. Mach 1, 38010 San Michele all'Adige, Italy.</Affiliation>
                        <Identifier Source="ISNI">0000 0004 1755 6224</Identifier>
                        <Identifier Source="GRID">grid.424414.3</Identifier>
                    </AffiliationInfo>
                </Author>
                <Author ValidYN="Y">
                    <LastName>Farneti</LastName>
                    <ForeName>Brian</ForeName>
                    <Initials>B</Initials>
                    <AffiliationInfo>
                        <Affiliation>1Department of Genomics and Biology of Fruit Crops, Research and Innovation Centre, Fondazione Edmund Mach (FEM), Via E. Mach 1, 38010 San Michele all'Adige, Italy.</Affiliation>
                        <Identifier Source="ISNI">0000 0004 1755 6224</Identifier>
                        <Identifier Source="GRID">grid.424414.3</Identifier>
                    </AffiliationInfo>
                </Author>
                <Author ValidYN="Y">
                    <LastName>Tadiello</LastName>
                    <ForeName>Alice</ForeName>
                    <Initials>A</Initials>
                    <AffiliationInfo>
                        <Affiliation>1Department of Genomics and Biology of Fruit Crops, Research and Innovation Centre, Fondazione Edmund Mach (FEM), Via E. Mach 1, 38010 San Michele all'Adige, Italy.</Affiliation>
                        <Identifier Source="ISNI">0000 0004 1755 6224</Identifier>
                        <Identifier Source="GRID">grid.424414.3</Identifier>
                    </AffiliationInfo>
                    <AffiliationInfo>
                        <Affiliation>2Department of Biology, University of Padova, Via G. Colombo 3, 35121 Padova, Italy.</Affiliation>
                        <Identifier Source="ISNI">0000 0004 1757 3470</Identifier>
                        <Identifier Source="GRID">grid.5608.b</Identifier>
                    </AffiliationInfo>
                </Author>
                <Author ValidYN="Y">
                    <LastName>Oberkofler</LastName>
                    <ForeName>Vicky</ForeName>
                    <Initials>V</Initials>
                    <AffiliationInfo>
                        <Affiliation>1Department of Genomics and Biology of Fruit Crops, Research and Innovation Centre, Fondazione Edmund Mach (FEM), Via E. Mach 1, 38010 San Michele all'Adige, Italy.</Affiliation>
                        <Identifier Source="ISNI">0000 0004 1755 6224</Identifier>
                        <Identifier Source="GRID">grid.424414.3</Identifier>
                    </AffiliationInfo>
                    <AffiliationInfo>
                        <Affiliation>Institute for Biochemistry and Biology, Karl-Liebknecht-Str. 24-25, 14476 Potsdam, Germany.</Affiliation>
                    </AffiliationInfo>
                </Author>
                <Author ValidYN="Y">
                    <LastName>Cellini</LastName>
                    <ForeName>Antonio</ForeName>
                    <Initials>A</Initials>
                    <AffiliationInfo>
                        <Affiliation>4Department of Agricultural and Food Science, University of Bologna, Via Fanin 46, 40127 Bologna, Italy.</Affiliation>
                        <Identifier Source="ISNI">0000 0004 1757 1758</Identifier>
                        <Identifier Source="GRID">grid.6292.f</Identifier>
                    </AffiliationInfo>
                </Author>
                <Author ValidYN="Y">
                    <LastName>Biasioli</LastName>
                    <ForeName>Franco</ForeName>
                    <Initials>F</Initials>
                    <AffiliationInfo>
                        <Affiliation>5Department of Food Quality and Nutrition, Research and Innovation Centre, Fondazione Edmund Mach (FEM), Via E. Mach 1, 38010 San Michele all'Adige, Italy.</Affiliation>
                        <Identifier Source="ISNI">0000 0004 1755 6224</Identifier>
                        <Identifier Source="GRID">grid.424414.3</Identifier>
                    </AffiliationInfo>
                </Author>
                <Author ValidYN="Y">
                    <LastName>Delledonne</LastName>
                    <ForeName>Massimo</ForeName>
                    <Initials>M</Initials>
                    <AffiliationInfo>
                        <Affiliation>6Department of Biotecnology, University of Verona, Strada le Grazie 15, C<U+00E0> Vignal 1, 37134 Verona, Italy.</Affiliation>
                        <Identifier Source="ISNI">0000 0004 1763 1124</Identifier>
                        <Identifier Source="GRID">grid.5611.3</Identifier>
                    </AffiliationInfo>
                </Author>
                <Author ValidYN="Y">
                    <LastName>Cestaro</LastName>
                    <ForeName>Alessandro</ForeName>
                    <Initials>A</Initials>
                    <AffiliationInfo>
                        <Affiliation>7Unit of Computational Biology, Research and Innovation Centre, Fondazione Edmund Mach (FEM), Via E. Mach 1, 38010 San Michele all'Adige, Italy.</Affiliation>
                        <Identifier Source="ISNI">0000 0004 1755 6224</Identifier>
                        <Identifier Source="GRID">grid.424414.3</Identifier>
                    </AffiliationInfo>
                </Author>
                <Author ValidYN="Y">
                    <LastName>Noutsos</LastName>
                    <ForeName>Christos</ForeName>
                    <Initials>C</Initials>
                    <AffiliationInfo>
                        <Affiliation>8Biology Department, SUNY College at Old Westbury, Old Westbury, NY 11568 USA.</Affiliation>
                        <Identifier Source="ISNI">0000 0000 9827 7702</Identifier>
                        <Identifier Source="GRID">grid.264271.4</Identifier>
                    </AffiliationInfo>
                </Author>
                <Author ValidYN="Y">
                    <LastName>Costa</LastName>
                    <ForeName>Fabrizio</ForeName>
                    <Initials>F</Initials>
                    <Identifier Source="ORCID">0000-0003-1416-1078</Identifier>
                    <AffiliationInfo>
                        <Affiliation>1Department of Genomics and Biology of Fruit Crops, Research and Innovation Centre, Fondazione Edmund Mach (FEM), Via E. Mach 1, 38010 San Michele all'Adige, Italy.</Affiliation>
                        <Identifier Source="ISNI">0000 0004 1755 6224</Identifier>
                        <Identifier Source="GRID">grid.424414.3</Identifier>
                    </AffiliationInfo>
                </Author>
            </AuthorList>
            <Language>eng</Language>
            <PublicationTypeList>
                <PublicationType UI="D016428">Journal Article</PublicationType>
            </PublicationTypeList>
            <ArticleDate DateType="Electronic">
                <Year>2019</Year>
                <Month>03</Month>
                <Day>01</Day>
            </ArticleDate>
        </Article>
        <MedlineJournalInfo>
            <Country>England</Country>
            <MedlineTA>Hortic Res</MedlineTA>
            <NlmUniqueID>101655540</NlmUniqueID>
            <ISSNLinking>2052-7276</ISSNLinking>
        </MedlineJournalInfo>
        <CoiStatement>Compliance with ethical standardsThe authors declare that they have no conflict of interest.</CoiStatement>
    </MedlineCitation>
    <PubmedData>
        <History>
            <PubMedPubDate PubStatus="received">
                <Year>2018</Year>
                <Month>09</Month>
                <Day>12</Day>
            </PubMedPubDate>
            <PubMedPubDate PubStatus="revised">
                <Year>2018</Year>
                <Month>12</Month>
                <Day>19</Day>
            </PubMedPubDate>
            <PubMedPubDate PubStatus="accepted">
                <Year>2018</Year>
                <Month>12</Month>
                <Day>20</Day>
            </PubMedPubDate>
            <PubMedPubDate PubStatus="entrez">
                <Year>2019</Year>
                <Month>3</Month>
                <Day>12</Day>
                <Hour>6</Hour>
                <Minute>0</Minute>
            </PubMedPubDate>
            <PubMedPubDate PubStatus="pubmed">
                <Year>2019</Year>
                <Month>3</Month>
                <Day>12</Day>
                <Hour>6</Hour>
                <Minute>0</Minute>
            </PubMedPubDate>
            <PubMedPubDate PubStatus="medline">
                <Year>2019</Year>
                <Month>3</Month>
                <Day>12</Day>
                <Hour>6</Hour>
                <Minute>1</Minute>
            </PubMedPubDate>
        </History>
        <PublicationStatus>epublish</PublicationStatus>
        <ArticleIdList>
            <ArticleId IdType="pubmed">30854209</ArticleId>
            <ArticleId IdType="doi">10.1038/s41438-018-0115-1</ArticleId>
            <ArticleId IdType="pii">115</ArticleId>
            <ArticleId IdType="pmc">PMC6395599</ArticleId>
        </ArticleIdList>
    </PubmedData>
</PubmedArticle>


<PubmedArticle>
    <MedlineCitation Status="PubMed-not-MEDLINE" Owner="NLM">
        <PMID Version="1">30854037</PMID>
        <DateRevised>
            <Year>2019</Year>
            <Month>03</Month>
            <Day>11</Day>
        </DateRevised>
        <Article PubModel="Print-Electronic">
            <Journal>
                <ISSN IssnType="Print">1792-1074</ISSN>
                <JournalIssue CitedMedium="Print">
                    <Volume>17</Volume>
                    <Issue>3</Issue>
                    <PubDate>
                        <Year>2019</Year>
                        <Month>Mar</Month>
                    </PubDate>
                </JournalIssue>
                <Title>Oncology letters</Title>
                <ISOAbbreviation>Oncol Lett</ISOAbbreviation>
            </Journal>
            <ArticleTitle>Identification and characterization of dysregulated P-element induced wimpy testis-interacting RNAs in head and neck squamous cell carcinoma.</ArticleTitle>
            <Pagination>
                <MedlinePgn>2615-2622</MedlinePgn>
            </Pagination>
            <ELocationID EIdType="doi" ValidYN="Y">10.3892/ol.2019.9913</ELocationID>
            <Abstract>
                <AbstractText>It is clear that alcohol consumption is a major risk factor in the pathogenesis of head and neck squamous cell carcinoma (HNSCC); however, the molecular mechanism underlying the pathogenesis of alcohol-associated HNSCC remains poorly understood. The aim of the present study was to identify and characterize P-element-induced wimpy testis (PIWI)-interacting RNAs (piRNAs) and PIWI proteins dysregulated in alcohol-associated HNSCC to elucidate their function in the development of this cancer. Using next generation RNA-sequencing (RNA-seq) data obtained from 40 HNSCC patients, the piRNA and PIWI protein expression of HNSCC samples was compared between alcohol drinkers and non-drinkers. A separate piRNA expression RNA-seq analysis of 18 non-smoker HNSCC patients was also conducted. To verify piRNA expression, reverse transcription-quantitative polymerase chain reaction (RT-qPCR) was performed on the most differentially expressed alcohol-associated piRNAs in ethanol and acetaldehyde-treated normal oral keratinocytes. The correlation between piRNA expression and patient survival was analyzed using Kaplan-Meier estimators and multivariate Cox proportional hazard models. A comparison between alcohol drinking and non-drinking HNSCC patients demonstrated that a panel of 3,223 piRNA transcripts were consistently detected and differentially expressed. RNA-seq analysis and <i>in vitro</i> RT-qPCR verification revealed that 4 of these piRNAs, piR-35373, piR-266308, piR-58510 and piR-38034, were significantly dysregulated between drinking and non-drinking cohorts. Of these four piRNAs, low expression of piR-58510 and piR-35373 significantly correlated with improved patient survival. Furthermore, human PIWI-like protein 4 was consistently upregulated in ethanol and acetaldehyde-treated normal oral keratinocytes. These results demonstrate that alcohol consumption may cause dysregulation of piRNA expression in HNSCC and <i>in vitro</i> verifications identified 4 piRNAs that may be involved in the pathogenesis of alcohol-associated HNSCC.</AbstractText>
            </Abstract>
            <AuthorList CompleteYN="Y">
                <Author ValidYN="Y">
                    <LastName>Saad</LastName>
                    <ForeName>Maarouf A</ForeName>
                    <Initials>MA</Initials>
                    <AffiliationInfo>
                        <Affiliation>School of Medicine, Yale University, New Haven, CT 06510, USA.</Affiliation>
                    </AffiliationInfo>
                </Author>
                <Author ValidYN="Y">
                    <LastName>Ku</LastName>
                    <ForeName>Jonjei</ForeName>
                    <Initials>J</Initials>
                    <AffiliationInfo>
                        <Affiliation>Division of Otolaryngology-Head and Neck Surgery, Department of Surgery, University of California, San Diego, La Jolla, CA 92093, USA.</Affiliation>
                    </AffiliationInfo>
                </Author>
                <Author ValidYN="Y">
                    <LastName>Kuo</LastName>
                    <ForeName>Selena Z</ForeName>
                    <Initials>SZ</Initials>
                    <AffiliationInfo>
                        <Affiliation>School of Medicine, University of California, San Francisco, CA 94143, USA.</Affiliation>
                    </AffiliationInfo>
                </Author>
                <Author ValidYN="Y">
                    <LastName>Li</LastName>
                    <ForeName>Pin Xue</ForeName>
                    <Initials>PX</Initials>
                    <AffiliationInfo>
                        <Affiliation>Division of Otolaryngology-Head and Neck Surgery, Department of Surgery, University of California, San Diego, La Jolla, CA 92093, USA.</Affiliation>
                    </AffiliationInfo>
                </Author>
                <Author ValidYN="Y">
                    <LastName>Zheng</LastName>
                    <ForeName>Hao</ForeName>
                    <Initials>H</Initials>
                    <AffiliationInfo>
                        <Affiliation>Division of Otolaryngology-Head and Neck Surgery, Department of Surgery, University of California, San Diego, La Jolla, CA 92093, USA.</Affiliation>
                    </AffiliationInfo>
                </Author>
                <Author ValidYN="Y">
                    <LastName>Yu</LastName>
                    <ForeName>Michael Andrew</ForeName>
                    <Initials>MA</Initials>
                    <AffiliationInfo>
                        <Affiliation>Division of Otolaryngology-Head and Neck Surgery, Department of Surgery, University of California, San Diego, La Jolla, CA 92093, USA.</Affiliation>
                    </AffiliationInfo>
                </Author>
                <Author ValidYN="Y">
                    <LastName>Wang-Rodriguez</LastName>
                    <ForeName>Jessica</ForeName>
                    <Initials>J</Initials>
                    <AffiliationInfo>
                        <Affiliation>Veterans Administration Medical Center and Department of Pathology, University of California, San Diego, La Jolla, CA 92161, USA.</Affiliation>
                    </AffiliationInfo>
                </Author>
                <Author ValidYN="Y">
                    <LastName>Ongkeko</LastName>
                    <ForeName>Weg M</ForeName>
                    <Initials>WM</Initials>
                    <AffiliationInfo>
                        <Affiliation>Division of Otolaryngology-Head and Neck Surgery, Department of Surgery, University of California, San Diego, La Jolla, CA 92093, USA.</Affiliation>
                    </AffiliationInfo>
                </Author>
            </AuthorList>
            <Language>eng</Language>
            <PublicationTypeList>
                <PublicationType UI="D016428">Journal Article</PublicationType>
            </PublicationTypeList>
            <ArticleDate DateType="Electronic">
                <Year>2019</Year>
                <Month>01</Month>
                <Day>09</Day>
            </ArticleDate>
        </Article>
        <MedlineJournalInfo>
            <Country>Greece</Country>
            <MedlineTA>Oncol Lett</MedlineTA>
            <NlmUniqueID>101531236</NlmUniqueID>
            <ISSNLinking>1792-1074</ISSNLinking>
        </MedlineJournalInfo>
        <KeywordList Owner="NOTNLM">
            <Keyword MajorTopicYN="N">alcohol</Keyword>
            <Keyword MajorTopicYN="N">epigenetics</Keyword>
            <Keyword MajorTopicYN="N">head and neck squamous cell carcinoma</Keyword>
            <Keyword MajorTopicYN="N">piwi-interacting RNA</Keyword>
        </KeywordList>
    </MedlineCitation>
    <PubmedData>
        <History>
            <PubMedPubDate PubStatus="received">
                <Year>2017</Year>
                <Month>12</Month>
                <Day>11</Day>
            </PubMedPubDate>
            <PubMedPubDate PubStatus="accepted">
                <Year>2018</Year>
                <Month>06</Month>
                <Day>20</Day>
            </PubMedPubDate>
            <PubMedPubDate PubStatus="entrez">
                <Year>2019</Year>
                <Month>3</Month>
                <Day>12</Day>
                <Hour>6</Hour>
                <Minute>0</Minute>
            </PubMedPubDate>
            <PubMedPubDate PubStatus="pubmed">
                <Year>2019</Year>
                <Month>3</Month>
                <Day>12</Day>
                <Hour>6</Hour>
                <Minute>0</Minute>
            </PubMedPubDate>
            <PubMedPubDate PubStatus="medline">
                <Year>2019</Year>
                <Month>3</Month>
                <Day>12</Day>
                <Hour>6</Hour>
                <Minute>1</Minute>
            </PubMedPubDate>
        </History>
        <PublicationStatus>ppublish</PublicationStatus>
        <ArticleIdList>
            <ArticleId IdType="pubmed">30854037</ArticleId>
            <ArticleId IdType="doi">10.3892/ol.2019.9913</ArticleId>
            <ArticleId IdType="pii">OL-0-0-9913</ArticleId>
            <ArticleId IdType="pmc">PMC6365962</ArticleId>
        </ArticleIdList>
        <?pmcsd?>
    </PubmedData>
</PubmedArticle>


<PubmedArticle>
    <MedlineCitation Status="PubMed-not-MEDLINE" Owner="NLM">
        <PMID Version="1">30853980</PMID>
        <DateRevised>
            <Year>2019</Year>
            <Month>03</Month>
            <Day>11</Day>
        </DateRevised>
        <Article PubModel="Electronic-eCollection">
            <Journal>
                <ISSN IssnType="Print">1687-8450</ISSN>
                <JournalIssue CitedMedium="Print">
                    <Volume>2019</Volume>
                    <PubDate>
                        <Year>2019</Year>
                    </PubDate>
                </JournalIssue>
                <Title>Journal of oncology</Title>
                <ISOAbbreviation>J Oncol</ISOAbbreviation>
            </Journal>
            <ArticleTitle>Low GAS5 Levels as a Predictor of Poor Survival in Patients with Lower-Grade Gliomas.</ArticleTitle>
            <Pagination>
                <MedlinePgn>1785042</MedlinePgn>
            </Pagination>
            <ELocationID EIdType="doi" ValidYN="Y">10.1155/2019/1785042</ELocationID>
            <Abstract>
                <AbstractText Label="Introduction" NlmCategory="UNASSIGNED">Gliomas are infiltrative neoplasms of a highly invasive nature. Different stages of gliomas feature distinct genomic, genetic, and epigenetic changes. The long noncoding RNA Growth Arrest Specific Transcript 5 (GAS5) is an identified tumour suppressor involved in several cancers. However, the underlying roles of the GAS5 gene in lower-grade glioma (LGG) patients are not clear.</AbstractText>
                <AbstractText Label="Methods" NlmCategory="UNASSIGNED">Via bioinformatic analysis based on TCGA-LGG and TCGA-GBM data, we explored the mechanisms of GAS5 expression in LGG (grades II and III) and high-grade glioma (glioblastoma multiforme, grade IV). The log-rank test and multivariate Cox analysis were performed to find the association between GAS5 and overall survival (OS) in LGG patients. Weighted gene coexpression network analysis (WGCNA) and RNA-Seq analysis were applied to find the key gene network associated with GAS5.</AbstractText>
                <AbstractText Label="Results" NlmCategory="UNASSIGNED">We found that GAS5 expression was downregulated in both LGG and glioblastoma multiforme (GBM) compared with normal brain tissue. Low methylation in the GAS5 promoter region was detected in both LGG and GBM tissues. The amplification type was the predominant type of GAS5 gene alteration in both LGG and GBM. High GAS5 expression was more associated with long overall survival (OS) in LGG patients than in GBM patients. The multivariate survival analysis of GAS5 and clinical and molecular characteristics in LGG patients further confirmed the association between GAS5 and OS in LGG patients. We then developed a nomogram for clinical use. WGCNA and RNA-Seq analysis indicated that ribosomal biogenesis and translation initiation were the predominant events regulated by GAS5 in LGG patients.</AbstractText>
                <AbstractText Label="Conclusion" NlmCategory="UNASSIGNED">Taken together, these results demonstrate that GAS5 expression is associated with OS in LGG patients and that its underlying roles involve the regulation of ribosomal biogenesis and translation initiation, which may aid in identifying a new target for the treatment of LGG.</AbstractText>
            </Abstract>
            <AuthorList CompleteYN="Y">
                <Author ValidYN="Y">
                    <LastName>Wang</LastName>
                    <ForeName>Yanfang</ForeName>
                    <Initials>Y</Initials>
                    <Identifier Source="ORCID">0000-0002-8256-1180</Identifier>
                    <AffiliationInfo>
                        <Affiliation>Ludwig-Maximilians-Universit<U+00E4>t M<U+00FC>nchen (LMU), 80539 Munich, Germany.</Affiliation>
                    </AffiliationInfo>
                </Author>
                <Author ValidYN="Y">
                    <LastName>Xin</LastName>
                    <ForeName>Shan</ForeName>
                    <Initials>S</Initials>
                    <AffiliationInfo>
                        <Affiliation>Ludwig-Maximilians-Universit<U+00E4>t M<U+00FC>nchen (LMU), 80539 Munich, Germany.</Affiliation>
                    </AffiliationInfo>
                </Author>
                <Author ValidYN="Y">
                    <LastName>Zhang</LastName>
                    <ForeName>Kai</ForeName>
                    <Initials>K</Initials>
                    <AffiliationInfo>
                        <Affiliation>Department of Cardiology, Sir Run Run Shaw Hospital, Zhejiang University School of Medicine, 310016 Hangzhou, China.</Affiliation>
                    </AffiliationInfo>
                </Author>
                <Author ValidYN="Y">
                    <LastName>Shi</LastName>
                    <ForeName>Run</ForeName>
                    <Initials>R</Initials>
                    <Identifier Source="ORCID">0000-0003-4667-4812</Identifier>
                    <AffiliationInfo>
                        <Affiliation>Ludwig-Maximilians-Universit<U+00E4>t M<U+00FC>nchen (LMU), 80539 Munich, Germany.</Affiliation>
                    </AffiliationInfo>
                </Author>
                <Author ValidYN="Y">
                    <LastName>Bao</LastName>
                    <ForeName>Xuanwen</ForeName>
                    <Initials>X</Initials>
                    <Identifier Source="ORCID">0000-0002-6232-3783</Identifier>
                    <AffiliationInfo>
                        <Affiliation>Institute of Radiation Biology, Helmholtz Center Munich, German Research Center for Environmental Health, 85764 Neuherberg, Germany.</Affiliation>
                    </AffiliationInfo>
                    <AffiliationInfo>
                        <Affiliation>Technical University Munich (TUM), 80333 Munich, Germany.</Affiliation>
                    </AffiliationInfo>
                </Author>
            </AuthorList>
            <Language>eng</Language>
            <PublicationTypeList>
                <PublicationType UI="D016428">Journal Article</PublicationType>
            </PublicationTypeList>
            <ArticleDate DateType="Electronic">
                <Year>2019</Year>
                <Month>02</Month>
                <Day>03</Day>
            </ArticleDate>
        </Article>
        <MedlineJournalInfo>
            <Country>Egypt</Country>
            <MedlineTA>J Oncol</MedlineTA>
            <NlmUniqueID>101496537</NlmUniqueID>
            <ISSNLinking>1687-8450</ISSNLinking>
        </MedlineJournalInfo>
    </MedlineCitation>
    <PubmedData>
        <History>
            <PubMedPubDate PubStatus="received">
                <Year>2018</Year>
                <Month>10</Month>
                <Day>01</Day>
            </PubMedPubDate>
            <PubMedPubDate PubStatus="revised">
                <Year>2018</Year>
                <Month>12</Month>
                <Day>18</Day>
            </PubMedPubDate>
            <PubMedPubDate PubStatus="accepted">
                <Year>2019</Year>
                <Month>01</Month>
                <Day>03</Day>
            </PubMedPubDate>
            <PubMedPubDate PubStatus="entrez">
                <Year>2019</Year>
                <Month>3</Month>
                <Day>12</Day>
                <Hour>6</Hour>
                <Minute>0</Minute>
            </PubMedPubDate>
            <PubMedPubDate PubStatus="pubmed">
                <Year>2019</Year>
                <Month>3</Month>
                <Day>12</Day>
                <Hour>6</Hour>
                <Minute>0</Minute>
            </PubMedPubDate>
            <PubMedPubDate PubStatus="medline">
                <Year>2019</Year>
                <Month>3</Month>
                <Day>12</Day>
                <Hour>6</Hour>
                <Minute>1</Minute>
            </PubMedPubDate>
        </History>
        <PublicationStatus>epublish</PublicationStatus>
        <ArticleIdList>
            <ArticleId IdType="pubmed">30853980</ArticleId>
            <ArticleId IdType="doi">10.1155/2019/1785042</ArticleId>
            <ArticleId IdType="pmc">PMC6377997</ArticleId>
        </ArticleIdList>
    </PubmedData>
</PubmedArticle>


<PubmedArticle>
    <MedlineCitation Status="PubMed-not-MEDLINE" Owner="NLM">
        <PMID Version="1">30853964</PMID>
        <DateRevised>
            <Year>2019</Year>
            <Month>03</Month>
            <Day>11</Day>
        </DateRevised>
        <Article PubModel="Electronic-eCollection">
            <Journal>
                <ISSN IssnType="Print">1664-462X</ISSN>
                <JournalIssue CitedMedium="Print">
                    <Volume>10</Volume>
                    <PubDate>
                        <Year>2019</Year>
                    </PubDate>
                </JournalIssue>
                <Title>Frontiers in plant science</Title>
                <ISOAbbreviation>Front Plant Sci</ISOAbbreviation>
            </Journal>
            <ArticleTitle>Global Responses of Resistant and Susceptible Sorghum (<i>Sorghum bicolor</i>) to Sugarcane Aphid (<i>Melanaphis sacchari</i>).</ArticleTitle>
            <Pagination>
                <MedlinePgn>145</MedlinePgn>
            </Pagination>
            <ELocationID EIdType="doi" ValidYN="Y">10.3389/fpls.2019.00145</ELocationID>
            <Abstract>
                <AbstractText>The sugarcane aphid (<i>Melanaphis sacchari</i>) has emerged as a significant pest for sorghum. The use of sugarcane aphid-resistant sorghum germplasm with integrated pest management strategies appears to be an excellent solution to this problem. In this study, a resistant line (RTx2783) and a susceptible line (A/BCK60) were used to characterize the differences in plant responses to the sugarcane aphid through a series of experiments, which examined global sorghum gene expression, aphid feeding behavior and inheritance of aphid resistance. The global transcriptomic responses to sugarcane aphids in resistant and susceptible plants were identified using RNA-seq and compared to the expression profiles of uninfested plants at 5, 10, and 15 days post-infestation. The expression of genes from several functional categories were altered in aphid-infested susceptible plants, which included genes related to cell wall modification, photosynthesis and phytohormone biosynthesis. In the resistant line, only 31 genes were differentially expressed in the infested plants relative to uninfested plants over the same timecourse. However, network analysis of these transcriptomes identified a co-expression module where the expression of multiple sugar and starch associated genes were repressed in infested resistant plants at 5 and 10 days. Several nucleotide-binding-site, leucine-rich repeat (NBS-LRR) and disease resistance genes similar to aphid resistance genes identified in other plants are identified in the current study which may be involved in sugarcane aphid resistance. The electrical penetration graph (EPG) results indicated that sugarcane aphid spent approximately twice as long in non-probing phase, and approximately a quarter of time in phloem ingestion phase on the resistant and F<sub>1</sub> plants compared to susceptible plant. Additionally, network analysis identified a phloem protein 2 gene expressed in both susceptible and resistant plants early (day 5) of infestation, which may contribute to defense against aphid feeding within sieve elements. The resistant line RTx2783 displayed both antixenosis and antibiosis modes of resistance based on EPG and choice bioassays between susceptible, resistant and F<sub>1</sub> plants. Aphid resistance from RTx2783 segregated as a single dominant locus in the F<sub>2</sub> generation, which will enable breeders to rapidly develop sugarcane aphid-resistant hybrids using RTx2783 as the male parent.</AbstractText>
            </Abstract>
            <AuthorList CompleteYN="Y">
                <Author ValidYN="Y">
                    <LastName>Tetreault</LastName>
                    <ForeName>Hannah M</ForeName>
                    <Initials>HM</Initials>
                    <AffiliationInfo>
                        <Affiliation>Wheat, Sorghum and Forage Research Unit, USDA-ARS, Lincoln, NE, United States.</Affiliation>
                    </AffiliationInfo>
                    <AffiliationInfo>
                        <Affiliation>Department of Agronomy and Horticulture, University of Nebraska-Lincoln, Lincoln, NE, United States.</Affiliation>
                    </AffiliationInfo>
                </Author>
                <Author ValidYN="Y">
                    <LastName>Grover</LastName>
                    <ForeName>Sajjan</ForeName>
                    <Initials>S</Initials>
                    <AffiliationInfo>
                        <Affiliation>Department of Entomology, University of Nebraska-Lincoln, Lincoln, NE, United States.</Affiliation>
                    </AffiliationInfo>
                </Author>
                <Author ValidYN="Y">
                    <LastName>Scully</LastName>
                    <ForeName>Erin D</ForeName>
                    <Initials>ED</Initials>
                    <AffiliationInfo>
                        <Affiliation>Wheat, Sorghum and Forage Research Unit, USDA-ARS, Lincoln, NE, United States.</Affiliation>
                    </AffiliationInfo>
                    <AffiliationInfo>
                        <Affiliation>Department of Agronomy and Horticulture, University of Nebraska-Lincoln, Lincoln, NE, United States.</Affiliation>
                    </AffiliationInfo>
                </Author>
                <Author ValidYN="Y">
                    <LastName>Gries</LastName>
                    <ForeName>Tammy</ForeName>
                    <Initials>T</Initials>
                    <AffiliationInfo>
                        <Affiliation>Wheat, Sorghum and Forage Research Unit, USDA-ARS, Lincoln, NE, United States.</Affiliation>
                    </AffiliationInfo>
                </Author>
                <Author ValidYN="Y">
                    <LastName>Palmer</LastName>
                    <ForeName>Nathan A</ForeName>
                    <Initials>NA</Initials>
                    <AffiliationInfo>
                        <Affiliation>Wheat, Sorghum and Forage Research Unit, USDA-ARS, Lincoln, NE, United States.</Affiliation>
                    </AffiliationInfo>
                    <AffiliationInfo>
                        <Affiliation>Department of Agronomy and Horticulture, University of Nebraska-Lincoln, Lincoln, NE, United States.</Affiliation>
                    </AffiliationInfo>
                </Author>
                <Author ValidYN="Y">
                    <LastName>Sarath</LastName>
                    <ForeName>Gautam</ForeName>
                    <Initials>G</Initials>
                    <AffiliationInfo>
                        <Affiliation>Wheat, Sorghum and Forage Research Unit, USDA-ARS, Lincoln, NE, United States.</Affiliation>
                    </AffiliationInfo>
                    <AffiliationInfo>
                        <Affiliation>Department of Agronomy and Horticulture, University of Nebraska-Lincoln, Lincoln, NE, United States.</Affiliation>
                    </AffiliationInfo>
                </Author>
                <Author ValidYN="Y">
                    <LastName>Louis</LastName>
                    <ForeName>Joe</ForeName>
                    <Initials>J</Initials>
                    <AffiliationInfo>
                        <Affiliation>Department of Entomology, University of Nebraska-Lincoln, Lincoln, NE, United States.</Affiliation>
                    </AffiliationInfo>
                </Author>
                <Author ValidYN="Y">
                    <LastName>Sattler</LastName>
                    <ForeName>Scott E</ForeName>
                    <Initials>SE</Initials>
                    <AffiliationInfo>
                        <Affiliation>Wheat, Sorghum and Forage Research Unit, USDA-ARS, Lincoln, NE, United States.</Affiliation>
                    </AffiliationInfo>
                    <AffiliationInfo>
                        <Affiliation>Department of Agronomy and Horticulture, University of Nebraska-Lincoln, Lincoln, NE, United States.</Affiliation>
                    </AffiliationInfo>
                </Author>
            </AuthorList>
            <Language>eng</Language>
            <PublicationTypeList>
                <PublicationType UI="D016428">Journal Article</PublicationType>
            </PublicationTypeList>
            <ArticleDate DateType="Electronic">
                <Year>2019</Year>
                <Month>02</Month>
                <Day>22</Day>
            </ArticleDate>
        </Article>
        <MedlineJournalInfo>
            <Country>Switzerland</Country>
            <MedlineTA>Front Plant Sci</MedlineTA>
            <NlmUniqueID>101568200</NlmUniqueID>
            <ISSNLinking>1664-462X</ISSNLinking>
        </MedlineJournalInfo>
        <KeywordList Owner="NOTNLM">
            <Keyword MajorTopicYN="N">Melanaphis sacchari</Keyword>
            <Keyword MajorTopicYN="N">Sorghum bicolor</Keyword>
            <Keyword MajorTopicYN="N">plant–insect interactions</Keyword>
            <Keyword MajorTopicYN="N">sorghum</Keyword>
            <Keyword MajorTopicYN="N">sugarcane aphid</Keyword>
        </KeywordList>
    </MedlineCitation>
    <PubmedData>
        <History>
            <PubMedPubDate PubStatus="received">
                <Year>2018</Year>
                <Month>09</Month>
                <Day>24</Day>
            </PubMedPubDate>
            <PubMedPubDate PubStatus="accepted">
                <Year>2019</Year>
                <Month>01</Month>
                <Day>28</Day>
            </PubMedPubDate>
            <PubMedPubDate PubStatus="entrez">
                <Year>2019</Year>
                <Month>3</Month>
                <Day>12</Day>
                <Hour>6</Hour>
                <Minute>0</Minute>
            </PubMedPubDate>
            <PubMedPubDate PubStatus="pubmed">
                <Year>2019</Year>
                <Month>3</Month>
                <Day>12</Day>
                <Hour>6</Hour>
                <Minute>0</Minute>
            </PubMedPubDate>
            <PubMedPubDate PubStatus="medline">
                <Year>2019</Year>
                <Month>3</Month>
                <Day>12</Day>
                <Hour>6</Hour>
                <Minute>1</Minute>
            </PubMedPubDate>
        </History>
        <PublicationStatus>epublish</PublicationStatus>
        <ArticleIdList>
            <ArticleId IdType="pubmed">30853964</ArticleId>
            <ArticleId IdType="doi">10.3389/fpls.2019.00145</ArticleId>
            <ArticleId IdType="pmc">PMC6396740</ArticleId>
        </ArticleIdList>
    </PubmedData>
</PubmedArticle>


<PubmedArticle>
    <MedlineCitation Status="Publisher" Owner="NLM">
        <PMID Version="1">30851504</PMID>
        <DateRevised>
            <Year>2019</Year>
            <Month>03</Month>
            <Day>19</Day>
        </DateRevised>
        <Article PubModel="Print-Electronic">
            <Journal>
                <ISSN IssnType="Electronic">1878-0407</ISSN>
                <JournalIssue CitedMedium="Internet">
                    <Volume>30</Volume>
                    <PubDate>
                        <Year>2019</Year>
                        <Month>Feb</Month>
                        <Day>27</Day>
                    </PubDate>
                </JournalIssue>
                <Title>Comparative biochemistry and physiology. Part D, Genomics &amp; proteomics</Title>
                <ISOAbbreviation>Comp. Biochem. Physiol. Part D Genomics Proteomics</ISOAbbreviation>
            </Journal>
            <ArticleTitle>Transcriptome analysis provides insights into the molecular mechanisms responsible for evisceration behavior in the sea cucumber Apostichopus japonicus.</ArticleTitle>
            <Pagination>
                <MedlinePgn>143-157</MedlinePgn>
            </Pagination>
            <ELocationID EIdType="pii" ValidYN="Y">S1744-117X(19)30005-X</ELocationID>
            <ELocationID EIdType="doi" ValidYN="Y">10.1016/j.cbd.2019.02.008</ELocationID>
            <Abstract>
                <AbstractText>The sea cucumber Apostichopus japonicus (Selenka) is a valuable economic species in Southeast Asia. It has many fascinating behavioral characteristics, such as autolysis, aestivation, regeneration, and evisceration, thus it is a notable species for studies of special behaviors. Evisceration and autotomy are controlled by the neural network and involve a complicated physiological process. The occurrence of evisceration behavior in sea cucumbers is strongly related to their environment, and it negatively impacts their economic value. Evisceration behavior plays a pivotal role in the survival of A. japonicus, and when it is induced by dramatic changes in the coastal ecological environment and the aquaculture setting it can strongly affect the economic performance of this species. Although numerous studies have focused on intestinal regeneration of A. japonicus, less is known about evisceration behavior, especially its underlying molecular mechanisms. Thus, identification of genes that regulate evisceration in the sea cucumber likely will provide a scientific explanation for this significant specific behavior. In this study, Illumina sequencing (RNA-Seq) was performed on A. japonicus specimens in three states: normal (TCQ), eviscerating (TCZ), and 3<U+202F>h after evisceration (TCH). In total, 129,905 unigenes were generated with an N50 length of 2651 base pairs, and 54,787 unigenes were annotated from seven functional databases (KEGG, KOG, GO, NR, NT, Interpro, and Swiss-Prot). Additionally, 190, 191, and 320 genes were identified as differentially expressed genes (DEGs) in the comparisons of TCQ vs. TCZ, TCZ vs. TCH, and TCQ vs. TCH, respectively. These DEGs mapped to 157, 113, and 190 signaling pathways in the KEGG database, respectively. KEGG analyses also revealed that potential DEGs enriched in the categories of &quot;environmental information processing,&quot; &quot;organismal system,&quot; &quot;metabolism,&quot; and &quot;cellular processes,&quot; and they were involved in evisceration behavior in A. japonicus. These DEGs are related to muscle contraction, hormone and neurotransmitter secretion, nerve and muscle damage, energy support, cellular stress, and apoptosis. In conclusion, through our comparative analysis of A. japonicus in different stages, we identified many candidate evisceration-related genes and signaling pathways that likely are involved in evisceration behavior. These results should help further elucidate the mechanisms underlying evisceration behavior in sea cucumbers.</AbstractText>
                <CopyrightInformation>Copyright © 2019. Published by Elsevier Inc.</CopyrightInformation>
            </Abstract>
            <AuthorList CompleteYN="Y">
                <Author ValidYN="Y">
                    <LastName>Ding</LastName>
                    <ForeName>Kui</ForeName>
                    <Initials>K</Initials>
                    <AffiliationInfo>
                        <Affiliation>CAS Key Laboratory of Marine Ecology and Environmental Sciences, Institute of Oceanology, Chinese Academy of Sciences, Qingdao 266071, China; Laboratory for Marine Ecology and Environmental Science, Qingdao National Laboratory for Marine Science and Technology, Qingdao 266237, China; University of Chinese Academy of Sciences, Beijing 100049, China; Center for Ocean Mega-Science, Chinese Academy of Sciences, Qingdao 266071, China.</Affiliation>
                    </AffiliationInfo>
                </Author>
                <Author ValidYN="Y">
                    <LastName>Zhang</LastName>
                    <ForeName>Libin</ForeName>
                    <Initials>L</Initials>
                    <AffiliationInfo>
                        <Affiliation>CAS Key Laboratory of Marine Ecology and Environmental Sciences, Institute of Oceanology, Chinese Academy of Sciences, Qingdao 266071, China; Laboratory for Marine Ecology and Environmental Science, Qingdao National Laboratory for Marine Science and Technology, Qingdao 266237, China; University of Chinese Academy of Sciences, Beijing 100049, China; Center for Ocean Mega-Science, Chinese Academy of Sciences, Qingdao 266071, China. Electronic address: zhanglibin@qdio.ac.cn.</Affiliation>
                    </AffiliationInfo>
                </Author>
                <Author ValidYN="Y">
                    <LastName>Sun</LastName>
                    <ForeName>Lina</ForeName>
                    <Initials>L</Initials>
                    <AffiliationInfo>
                        <Affiliation>CAS Key Laboratory of Marine Ecology and Environmental Sciences, Institute of Oceanology, Chinese Academy of Sciences, Qingdao 266071, China; Laboratory for Marine Ecology and Environmental Science, Qingdao National Laboratory for Marine Science and Technology, Qingdao 266237, China; Center for Ocean Mega-Science, Chinese Academy of Sciences, Qingdao 266071, China.</Affiliation>
                    </AffiliationInfo>
                </Author>
                <Author ValidYN="Y">
                    <LastName>Lin</LastName>
                    <ForeName>Chenggang</ForeName>
                    <Initials>C</Initials>
                    <AffiliationInfo>
                        <Affiliation>CAS Key Laboratory of Marine Ecology and Environmental Sciences, Institute of Oceanology, Chinese Academy of Sciences, Qingdao 266071, China; Laboratory for Marine Ecology and Environmental Science, Qingdao National Laboratory for Marine Science and Technology, Qingdao 266237, China; Center for Ocean Mega-Science, Chinese Academy of Sciences, Qingdao 266071, China.</Affiliation>
                    </AffiliationInfo>
                </Author>
                <Author ValidYN="Y">
                    <LastName>Feng</LastName>
                    <ForeName>Qiming</ForeName>
                    <Initials>Q</Initials>
                    <AffiliationInfo>
                        <Affiliation>CAS Key Laboratory of Marine Ecology and Environmental Sciences, Institute of Oceanology, Chinese Academy of Sciences, Qingdao 266071, China; Laboratory for Marine Ecology and Environmental Science, Qingdao National Laboratory for Marine Science and Technology, Qingdao 266237, China; University of Chinese Academy of Sciences, Beijing 100049, China; Center for Ocean Mega-Science, Chinese Academy of Sciences, Qingdao 266071, China.</Affiliation>
                    </AffiliationInfo>
                </Author>
                <Author ValidYN="Y">
                    <LastName>Zhang</LastName>
                    <ForeName>Shuangyan</ForeName>
                    <Initials>S</Initials>
                    <AffiliationInfo>
                        <Affiliation>CAS Key Laboratory of Marine Ecology and Environmental Sciences, Institute of Oceanology, Chinese Academy of Sciences, Qingdao 266071, China; Laboratory for Marine Ecology and Environmental Science, Qingdao National Laboratory for Marine Science and Technology, Qingdao 266237, China; University of Chinese Academy of Sciences, Beijing 100049, China; Center for Ocean Mega-Science, Chinese Academy of Sciences, Qingdao 266071, China.</Affiliation>
                    </AffiliationInfo>
                </Author>
                <Author ValidYN="Y">
                    <LastName>Yang</LastName>
                    <ForeName>Hongsheng</ForeName>
                    <Initials>H</Initials>
                    <AffiliationInfo>
                        <Affiliation>CAS Key Laboratory of Marine Ecology and Environmental Sciences, Institute of Oceanology, Chinese Academy of Sciences, Qingdao 266071, China; Laboratory for Marine Ecology and Environmental Science, Qingdao National Laboratory for Marine Science and Technology, Qingdao 266237, China; University of Chinese Academy of Sciences, Beijing 100049, China; Center for Ocean Mega-Science, Chinese Academy of Sciences, Qingdao 266071, China. Electronic address: hshyang@qdio.ac.cn.</Affiliation>
                    </AffiliationInfo>
                </Author>
                <Author ValidYN="Y">
                    <LastName>Brinkman</LastName>
                    <ForeName>Richard</ForeName>
                    <Initials>R</Initials>
                    <AffiliationInfo>
                        <Affiliation>Australian Institute of Marine Science, Townsville, Queensland 4810, Australia.</Affiliation>
                    </AffiliationInfo>
                </Author>
                <Author ValidYN="Y">
                    <LastName>Lin</LastName>
                    <ForeName>Gang</ForeName>
                    <Initials>G</Initials>
                    <AffiliationInfo>
                        <Affiliation>The Public Service Platform for Industrialization Development Technology of Marine Biological Medicine and Product of State Oceanic Administration, College of Life Sciences, Fujian Normal University, Fuzhou 350117, China.</Affiliation>
                    </AffiliationInfo>
                </Author>
                <Author ValidYN="Y">
                    <LastName>Huang</LastName>
                    <ForeName>Zhen</ForeName>
                    <Initials>Z</Initials>
                    <AffiliationInfo>
                        <Affiliation>The Public Service Platform for Industrialization Development Technology of Marine Biological Medicine and Product of State Oceanic Administration, College of Life Sciences, Fujian Normal University, Fuzhou 350117, China.</Affiliation>
                    </AffiliationInfo>
                </Author>
            </AuthorList>
            <Language>eng</Language>
            <PublicationTypeList>
                <PublicationType UI="D016428">Journal Article</PublicationType>
            </PublicationTypeList>
            <ArticleDate DateType="Electronic">
                <Year>2019</Year>
                <Month>02</Month>
                <Day>27</Day>
            </ArticleDate>
        </Article>
        <MedlineJournalInfo>
            <Country>Netherlands</Country>
            <MedlineTA>Comp Biochem Physiol Part D Genomics Proteomics</MedlineTA>
            <NlmUniqueID>101270611</NlmUniqueID>
            <ISSNLinking>1744-117X</ISSNLinking>
        </MedlineJournalInfo>
        <KeywordList Owner="NOTNLM">
            <Keyword MajorTopicYN="N">Evisceration behavior</Keyword>
            <Keyword MajorTopicYN="N">Evisceration-related genes</Keyword>
            <Keyword MajorTopicYN="N">Sea cucumber</Keyword>
            <Keyword MajorTopicYN="N">Transcriptome</Keyword>
        </KeywordList>
    </MedlineCitation>
    <PubmedData>
        <History>
            <PubMedPubDate PubStatus="received">
                <Year>2019</Year>
                <Month>01</Month>
                <Day>07</Day>
            </PubMedPubDate>
            <PubMedPubDate PubStatus="revised">
                <Year>2019</Year>
                <Month>02</Month>
                <Day>25</Day>
            </PubMedPubDate>
            <PubMedPubDate PubStatus="accepted">
                <Year>2019</Year>
                <Month>02</Month>
                <Day>26</Day>
            </PubMedPubDate>
            <PubMedPubDate PubStatus="pubmed">
                <Year>2019</Year>
                <Month>3</Month>
                <Day>10</Day>
                <Hour>6</Hour>
                <Minute>0</Minute>
            </PubMedPubDate>
            <PubMedPubDate PubStatus="medline">
                <Year>2019</Year>
                <Month>3</Month>
                <Day>10</Day>
                <Hour>6</Hour>
                <Minute>0</Minute>
            </PubMedPubDate>
            <PubMedPubDate PubStatus="entrez">
                <Year>2019</Year>
                <Month>3</Month>
                <Day>10</Day>
                <Hour>6</Hour>
                <Minute>0</Minute>
            </PubMedPubDate>
        </History>
        <PublicationStatus>aheadofprint</PublicationStatus>
        <ArticleIdList>
            <ArticleId IdType="pubmed">30851504</ArticleId>
            <ArticleId IdType="pii">S1744-117X(19)30005-X</ArticleId>
            <ArticleId IdType="doi">10.1016/j.cbd.2019.02.008</ArticleId>
        </ArticleIdList>
    </PubmedData>
</PubmedArticle>


<PubmedArticle>
    <MedlineCitation Status="Publisher" Owner="NLM">
        <PMID Version="1">30851423</PMID>
        <DateRevised>
            <Year>2019</Year>
            <Month>03</Month>
            <Day>15</Day>
        </DateRevised>
        <Article PubModel="Print-Electronic">
            <Journal>
                <ISSN IssnType="Electronic">1879-0038</ISSN>
                <JournalIssue CitedMedium="Internet">
                    <Volume>698</Volume>
                    <PubDate>
                        <Year>2019</Year>
                        <Month>Mar</Month>
                        <Day>06</Day>
                    </PubDate>
                </JournalIssue>
                <Title>Gene</Title>
                <ISOAbbreviation>Gene</ISOAbbreviation>
            </Journal>
            <ArticleTitle>lnc TINCR induced by NOD1 mediates inflammatory response in 3T3-L1 adipocytes.</ArticleTitle>
            <Pagination>
                <MedlinePgn>150-156</MedlinePgn>
            </Pagination>
            <ELocationID EIdType="pii" ValidYN="Y">S0378-1119(19)30179-9</ELocationID>
            <ELocationID EIdType="doi" ValidYN="Y">10.1016/j.gene.2019.02.047</ELocationID>
            <Abstract>
                <AbstractText Label="OBJECTIVE" NlmCategory="OBJECTIVE">Investigating the expression of the lnc RNAs screened above between normal and insulin resistant 3T3-L1 adipocytes. Addressing the mechanism underlying the regulation of inflammation response by lnc TINCR.</AbstractText>
                <AbstractText Label="METHODS" NlmCategory="METHODS">3T3-L1 preadipocytes were induced to differentiate into mature adipocytes. Oil red O staining was used to find the fat droplets in mature adipocytes. Mature adipocytes were randomized to normal control group and Tri-DAP (NOD1 ligand) group. After the establishment of insulin resistance model, we used deep RNA sequencing(RNA-Seq) to identify lncRNAs that are regulated during NODI activation in mouse adipocytes. Real-time PCR was used to analyze the expression of lnc TINCR, proinflammatory IL-6, TNF-<U+03B1>, Cxcl1 and RIPK2 in the presence or absence of Tri-DAP(10<U+202F><U+03BC>g/ml). We employed siRNA against lnc TINCR to confirm its effects in inflammatory response.</AbstractText>
                <AbstractText Label="RESULTS" NlmCategory="RESULTS">Deep RNA sequencing identified 81 lncRNAs and 167 coding genes that were significantly up-related while 78 lncRNAs and 82 coding genes that were significantly down-related greater than twofold during NOD1 activation in adipocytes. We discovered that lnc TINCR, termed lnc TINCR(Tri-DAP-inducible non-protein coding RNA) is greatly upregulated in Tri-DAP activated adipocytes. Moreover knockdown of lnc TINCR dampens the proinflammatory response (P<U+202F>&lt;<U+202F>0.05; in adipocytes).</AbstractText>
                <AbstractText Label="CONCLUSIONS" NlmCategory="CONCLUSIONS">lnc TINCR is a positive regulator of inflammation-induced insulin resistance presumably via activation of NOD1 signaling pathways.</AbstractText>
                <CopyrightInformation>Copyright © 2019 Elsevier B.V. All rights reserved.</CopyrightInformation>
            </Abstract>
            <AuthorList CompleteYN="Y">
                <Author ValidYN="Y">
                    <LastName>Fang</LastName>
                    <ForeName>Ying-Xin</ForeName>
                    <Initials>YX</Initials>
                    <AffiliationInfo>
                        <Affiliation>Department of Endocrinology and Metabolism, Fourth Affiliated Hospital, China Medical University, Shenyang, Liaoning, China.</Affiliation>
                    </AffiliationInfo>
                </Author>
                <Author ValidYN="Y">
                    <LastName>Zou</LastName>
                    <ForeName>Yun</ForeName>
                    <Initials>Y</Initials>
                    <AffiliationInfo>
                        <Affiliation>Department of Endocrinology and Metabolism, Fourth Affiliated Hospital, China Medical University, Shenyang, Liaoning, China.</Affiliation>
                    </AffiliationInfo>
                </Author>
                <Author ValidYN="Y">
                    <LastName>Wang</LastName>
                    <ForeName>Guang-Ting</ForeName>
                    <Initials>GT</Initials>
                    <AffiliationInfo>
                        <Affiliation>Department of Endocrinology and Metabolism, Fourth Affiliated Hospital, China Medical University, Shenyang, Liaoning, China.</Affiliation>
                    </AffiliationInfo>
                </Author>
                <Author ValidYN="Y">
                    <LastName>Huang</LastName>
                    <ForeName>Shao-Hua</ForeName>
                    <Initials>SH</Initials>
                    <AffiliationInfo>
                        <Affiliation>Department of Endocrinology and Metabolism, Fourth Affiliated Hospital, China Medical University, Shenyang, Liaoning, China.</Affiliation>
                    </AffiliationInfo>
                </Author>
                <Author ValidYN="Y">
                    <LastName>Zhou</LastName>
                    <ForeName>Yan-Jun</ForeName>
                    <Initials>YJ</Initials>
                    <AffiliationInfo>
                        <Affiliation>Department of Endocrinology and Metabolism, Fourth Affiliated Hospital, China Medical University, Shenyang, Liaoning, China.</Affiliation>
                    </AffiliationInfo>
                </Author>
                <Author ValidYN="Y">
                    <LastName>Zhou</LastName>
                    <ForeName>Yi-Jun</ForeName>
                    <Initials>YJ</Initials>
                    <AffiliationInfo>
                        <Affiliation>Department of Endocrinology and Metabolism, Fourth Affiliated Hospital, China Medical University, Shenyang, Liaoning, China. Electronic address: zhou-yijun@hotmail.com.</Affiliation>
                    </AffiliationInfo>
                </Author>
            </AuthorList>
            <Language>eng</Language>
            <PublicationTypeList>
                <PublicationType UI="D016428">Journal Article</PublicationType>
            </PublicationTypeList>
            <ArticleDate DateType="Electronic">
                <Year>2019</Year>
                <Month>03</Month>
                <Day>06</Day>
            </ArticleDate>
        </Article>
        <MedlineJournalInfo>
            <Country>Netherlands</Country>
            <MedlineTA>Gene</MedlineTA>
            <NlmUniqueID>7706761</NlmUniqueID>
            <ISSNLinking>0378-1119</ISSNLinking>
        </MedlineJournalInfo>
        <KeywordList Owner="NOTNLM">
            <Keyword MajorTopicYN="N">Inflammation</Keyword>
            <Keyword MajorTopicYN="N">Insulin resistance</Keyword>
            <Keyword MajorTopicYN="N">NOD1</Keyword>
            <Keyword MajorTopicYN="N">lnc RNAs</Keyword>
        </KeywordList>
    </MedlineCitation>
    <PubmedData>
        <History>
            <PubMedPubDate PubStatus="received">
                <Year>2018</Year>
                <Month>10</Month>
                <Day>21</Day>
            </PubMedPubDate>
            <PubMedPubDate PubStatus="revised">
                <Year>2019</Year>
                <Month>01</Month>
                <Day>06</Day>
            </PubMedPubDate>
            <PubMedPubDate PubStatus="accepted">
                <Year>2019</Year>
                <Month>02</Month>
                <Day>11</Day>
            </PubMedPubDate>
            <PubMedPubDate PubStatus="pubmed">
                <Year>2019</Year>
                <Month>3</Month>
                <Day>10</Day>
                <Hour>6</Hour>
                <Minute>0</Minute>
            </PubMedPubDate>
            <PubMedPubDate PubStatus="medline">
                <Year>2019</Year>
                <Month>3</Month>
                <Day>10</Day>
                <Hour>6</Hour>
                <Minute>0</Minute>
            </PubMedPubDate>
            <PubMedPubDate PubStatus="entrez">
                <Year>2019</Year>
                <Month>3</Month>
                <Day>10</Day>
                <Hour>6</Hour>
                <Minute>0</Minute>
            </PubMedPubDate>
        </History>
        <PublicationStatus>aheadofprint</PublicationStatus>
        <ArticleIdList>
            <ArticleId IdType="pubmed">30851423</ArticleId>
            <ArticleId IdType="pii">S0378-1119(19)30179-9</ArticleId>
            <ArticleId IdType="doi">10.1016/j.gene.2019.02.047</ArticleId>
        </ArticleIdList>
    </PubmedData>
</PubmedArticle>


<PubmedArticle>
    <MedlineCitation Status="Publisher" Owner="NLM">
        <PMID Version="1">30851211</PMID>
        <DateRevised>
            <Year>2019</Year>
            <Month>03</Month>
            <Day>09</Day>
        </DateRevised>
        <Article PubModel="Print-Electronic">
            <Journal>
                <ISSN IssnType="Electronic">1365-313X</ISSN>
                <JournalIssue CitedMedium="Internet">
                    <PubDate>
                        <Year>2019</Year>
                        <Month>Mar</Month>
                        <Day>09</Day>
                    </PubDate>
                </JournalIssue>
                <Title>The Plant journal : for cell and molecular biology</Title>
                <ISOAbbreviation>Plant J.</ISOAbbreviation>
            </Journal>
            <ArticleTitle>TsHD1 and TsNAC1 cooperatively play roles in the plant growth and abiotic stress resistance of T. halophile.</ArticleTitle>
            <ELocationID EIdType="doi" ValidYN="Y">10.1111/tpj.14310</ELocationID>
            <Abstract>
                <AbstractText>T. HALOPHILA HOMEOBOX PROTEIN 1(TsHD1) cloned from the halophyte Thellungiella halophila is a homeodomain (HD) transcription factor gene and functions as a collaborator of TsNAC1. TsHD1 can form heterodimers with TsNAC1 via the interaction between its Zinc finger (ZF) domain and the A subdomain of TsNAC1. The overexpression of TsHD1 improved the heat stress resistance of T. halophila and retarded its vegetative growth slightly. The co-overexpression of TsHD1 and TsNAC1 highly improved the heat and drought stress resistance by increasing the accumulation of heat shock proteins (HSPs) and enhancing the expression levels of drought stress response genes, such as MYB DOMAIN PROTEIN 77&amp;96 (MYB77&amp;96) and SALT TOLERANCE ZINC FINGER 10&amp;18 (ZAT10&amp;18), but seriously retarded the vegetative growth of T. halophila by restraining cell expansion. The heterodimer of TsHD1 and TsNAC1 has higher transcriptional activation activity and higher stability compared to the homodimer of TsHD1 or TsNAC1. The binding sites of the TsHD1 and TsNAC1 heterodimers were found to exist in the promoters of most up-expressed genes in Cauliflower mosaic virus 35S promoter (P35S)::TsHD1&amp; P35S::TsNAC1 transgene lines compared to the wild type (WT) by using RNA-Seq and genomic data analyses. Moreover, the binding sites in the promoter region of the most down-expressed genes were located in the vicinity of the TATA-box. This study reveals that TsNAC1 and TsHD1 play roles in plant growth and abiotic stress resistance synergistically, and the effects depend on the heterodimers binding to the specific target sites in the promoter region. This article is protected by copyright. All rights reserved.</AbstractText>
                <CopyrightInformation>This article is protected by copyright. All rights reserved.</CopyrightInformation>
            </Abstract>
            <AuthorList CompleteYN="Y">
                <Author ValidYN="Y">
                    <LastName>Liu</LastName>
                    <ForeName>Can</ForeName>
                    <Initials>C</Initials>
                    <AffiliationInfo>
                        <Affiliation>School of Life Sciences, Shandong University, Qingdao, Shandong, China.</Affiliation>
                    </AffiliationInfo>
                </Author>
                <Author ValidYN="Y">
                    <LastName>Ma</LastName>
                    <ForeName>Haizhen</ForeName>
                    <Initials>H</Initials>
                    <AffiliationInfo>
                        <Affiliation>School of Life Sciences, Shandong University, Qingdao, Shandong, China.</Affiliation>
                    </AffiliationInfo>
                </Author>
                <Author ValidYN="Y">
                    <LastName>Zhou</LastName>
                    <ForeName>Jie</ForeName>
                    <Initials>J</Initials>
                    <AffiliationInfo>
                        <Affiliation>School of Life Sciences, Shandong University, Qingdao, Shandong, China.</Affiliation>
                    </AffiliationInfo>
                </Author>
                <Author ValidYN="Y">
                    <LastName>Li</LastName>
                    <ForeName>Zhaoxia</ForeName>
                    <Initials>Z</Initials>
                    <AffiliationInfo>
                        <Affiliation>School of Life Sciences, Shandong University, Qingdao, Shandong, China.</Affiliation>
                    </AffiliationInfo>
                </Author>
                <Author ValidYN="Y">
                    <LastName>Peng</LastName>
                    <ForeName>Zhenghua</ForeName>
                    <Initials>Z</Initials>
                    <AffiliationInfo>
                        <Affiliation>School of Life Sciences, Shandong University, Qingdao, Shandong, China.</Affiliation>
                    </AffiliationInfo>
                </Author>
                <Author ValidYN="Y">
                    <LastName>Guo</LastName>
                    <ForeName>Fei</ForeName>
                    <Initials>F</Initials>
                    <AffiliationInfo>
                        <Affiliation>School of Computer Science and Technology, Tianjin University, Tianjin, China.</Affiliation>
                    </AffiliationInfo>
                </Author>
                <Author ValidYN="Y">
                    <LastName>Zhang</LastName>
                    <ForeName>Juren</ForeName>
                    <Initials>J</Initials>
                    <AffiliationInfo>
                        <Affiliation>School of Life Sciences, Shandong University, Qingdao, Shandong, China.</Affiliation>
                    </AffiliationInfo>
                </Author>
            </AuthorList>
            <Language>eng</Language>
            <PublicationTypeList>
                <PublicationType UI="D016428">Journal Article</PublicationType>
            </PublicationTypeList>
            <ArticleDate DateType="Electronic">
                <Year>2019</Year>
                <Month>03</Month>
                <Day>09</Day>
            </ArticleDate>
        </Article>
        <MedlineJournalInfo>
            <Country>England</Country>
            <MedlineTA>Plant J</MedlineTA>
            <NlmUniqueID>9207397</NlmUniqueID>
            <ISSNLinking>0960-7412</ISSNLinking>
        </MedlineJournalInfo>
        <KeywordList Owner="NOTNLM">
            <Keyword MajorTopicYN="N">
T. halophila
</Keyword>
            <Keyword MajorTopicYN="N">Heat and drought stresses</Keyword>
            <Keyword MajorTopicYN="N">Heterodimer</Keyword>
            <Keyword MajorTopicYN="N">Plant growth</Keyword>
            <Keyword MajorTopicYN="N">TsHD1 transcription factor</Keyword>
        </KeywordList>
    </MedlineCitation>
    <PubmedData>
        <History>
            <PubMedPubDate PubStatus="entrez">
                <Year>2019</Year>
                <Month>3</Month>
                <Day>10</Day>
                <Hour>6</Hour>
                <Minute>0</Minute>
            </PubMedPubDate>
            <PubMedPubDate PubStatus="pubmed">
                <Year>2019</Year>
                <Month>3</Month>
                <Day>10</Day>
                <Hour>6</Hour>
                <Minute>0</Minute>
            </PubMedPubDate>
            <PubMedPubDate PubStatus="medline">
                <Year>2019</Year>
                <Month>3</Month>
                <Day>10</Day>
                <Hour>6</Hour>
                <Minute>0</Minute>
            </PubMedPubDate>
        </History>
        <PublicationStatus>aheadofprint</PublicationStatus>
        <ArticleIdList>
            <ArticleId IdType="pubmed">30851211</ArticleId>
            <ArticleId IdType="doi">10.1111/tpj.14310</ArticleId>
        </ArticleIdList>
    </PubmedData>
</PubmedArticle>


<PubmedArticle>
    <MedlineCitation Status="In-Data-Review" Owner="NLM">
        <PMID Version="1">30850723</PMID>
        <DateRevised>
            <Year>2019</Year>
            <Month>03</Month>
            <Day>09</Day>
        </DateRevised>
        <Article PubModel="Electronic">
            <Journal>
                <ISSN IssnType="Electronic">2045-2322</ISSN>
                <JournalIssue CitedMedium="Internet">
                    <Volume>9</Volume>
                    <Issue>1</Issue>
                    <PubDate>
                        <Year>2019</Year>
                        <Month>Mar</Month>
                        <Day>08</Day>
                    </PubDate>
                </JournalIssue>
                <Title>Scientific reports</Title>
                <ISOAbbreviation>Sci Rep</ISOAbbreviation>
            </Journal>
            <ArticleTitle>RNA-seq of Isolated Chromaffin Cells Highlights the Role of Sex-Linked and Imprinted Genes in Adrenal Medulla Development.</ArticleTitle>
            <Pagination>
                <MedlinePgn>3929</MedlinePgn>
            </Pagination>
            <ELocationID EIdType="doi" ValidYN="Y">10.1038/s41598-019-40501-0</ELocationID>
            <Abstract>
                <AbstractText>Adrenal chromaffin cells and sympathetic neurons synthesize and release catecholamines, and both cell types are derived from neural crest precursors. However, they have different developmental histories, with sympathetic neurons derived directly from neural crest precursors while adrenal chromaffin cells arise from neural crest-derived cells that express Schwann cell markers. We have sought to identify the genes, including imprinted genes, which regulate the development of the two cell types in mice. We developed a method of separating the two cell types as early as E12.5, using differences in expression of enhanced yellow fluorescent protein driven from the tyrosine hydroxylase gene, and then used RNA sequencing to confirm the characteristic molecular signatures of the two cell types. We identified genes differentially expressed by adrenal chromaffin cells and sympathetic neurons. Deletion of a gene highly expressed by adrenal chromaffin cells, NIK-related kinase, a gene on the X-chromosome, results in reduced expression of adrenaline-synthesizing enzyme, phenyl-N-methyl transferase, by adrenal chromaffin cells and changes in cell cycle dynamics. Finally, many imprinted genes are up-regulated in chromaffin cells and may play key roles in their development.</AbstractText>
            </Abstract>
            <AuthorList CompleteYN="Y">
                <Author ValidYN="Y">
                    <LastName>Chan</LastName>
                    <ForeName>Wing Hei</ForeName>
                    <Initials>WH</Initials>
                    <AffiliationInfo>
                        <Affiliation>Department of Anatomy and Neuroscience, University of Melbourne, Melbourne, Australia. horace.chan@monash.edu.</Affiliation>
                    </AffiliationInfo>
                </Author>
                <Author ValidYN="Y">
                    <LastName>Komada</LastName>
                    <ForeName>Masayuki</ForeName>
                    <Initials>M</Initials>
                    <AffiliationInfo>
                        <Affiliation>Cell Biology Center, Institute of Innovative Research, Tokyo Institute of Technology, Tokyo, Japan.</Affiliation>
                    </AffiliationInfo>
                </Author>
                <Author ValidYN="Y">
                    <LastName>Fukushima</LastName>
                    <ForeName>Toshiaki</ForeName>
                    <Initials>T</Initials>
                    <AffiliationInfo>
                        <Affiliation>Cell Biology Center, Institute of Innovative Research, Tokyo Institute of Technology, Tokyo, Japan.</Affiliation>
                    </AffiliationInfo>
                </Author>
                <Author ValidYN="Y">
                    <LastName>Southard-Smith</LastName>
                    <ForeName>E Michelle</ForeName>
                    <Initials>EM</Initials>
                    <AffiliationInfo>
                        <Affiliation>Department of Medicine, Vanderbilt University School of Medicine, Nashville, Tennessee, USA.</Affiliation>
                    </AffiliationInfo>
                </Author>
                <Author ValidYN="Y">
                    <LastName>Anderson</LastName>
                    <ForeName>Colin R</ForeName>
                    <Initials>CR</Initials>
                    <AffiliationInfo>
                        <Affiliation>Department of Anatomy and Neuroscience, University of Melbourne, Melbourne, Australia.</Affiliation>
                    </AffiliationInfo>
                </Author>
                <Author ValidYN="Y">
                    <LastName>Wakefield</LastName>
                    <ForeName>Matthew J</ForeName>
                    <Initials>MJ</Initials>
                    <Identifier Source="ORCID">http://orcid.org/0000-0001-6624-4698</Identifier>
                    <AffiliationInfo>
                        <Affiliation>Melbourne Bioinformatics, University of Melbourne, Melbourne, Australia. wakefield@wehi.edu.au.</Affiliation>
                    </AffiliationInfo>
                    <AffiliationInfo>
                        <Affiliation>Walter and Eliza Hall Institute, Parkville, Australia. wakefield@wehi.edu.au.</Affiliation>
                    </AffiliationInfo>
                </Author>
            </AuthorList>
            <Language>eng</Language>
            <GrantList CompleteYN="Y">
                <Grant>
                    <GrantID>1063822</GrantID>
                    <Agency>Department of Health | National Health and Medical Research Council (NHMRC)</Agency>
                    <Country/>
                </Grant>
            </GrantList>
            <PublicationTypeList>
                <PublicationType UI="D016428">Journal Article</PublicationType>
            </PublicationTypeList>
            <ArticleDate DateType="Electronic">
                <Year>2019</Year>
                <Month>03</Month>
                <Day>08</Day>
            </ArticleDate>
        </Article>
        <MedlineJournalInfo>
            <Country>England</Country>
            <MedlineTA>Sci Rep</MedlineTA>
            <NlmUniqueID>101563288</NlmUniqueID>
            <ISSNLinking>2045-2322</ISSNLinking>
        </MedlineJournalInfo>
    </MedlineCitation>
    <PubmedData>
        <History>
            <PubMedPubDate PubStatus="received">
                <Year>2018</Year>
                <Month>09</Month>
                <Day>13</Day>
            </PubMedPubDate>
            <PubMedPubDate PubStatus="accepted">
                <Year>2019</Year>
                <Month>02</Month>
                <Day>15</Day>
            </PubMedPubDate>
            <PubMedPubDate PubStatus="entrez">
                <Year>2019</Year>
                <Month>3</Month>
                <Day>10</Day>
                <Hour>6</Hour>
                <Minute>0</Minute>
            </PubMedPubDate>
            <PubMedPubDate PubStatus="pubmed">
                <Year>2019</Year>
                <Month>3</Month>
                <Day>10</Day>
                <Hour>6</Hour>
                <Minute>0</Minute>
            </PubMedPubDate>
            <PubMedPubDate PubStatus="medline">
                <Year>2019</Year>
                <Month>3</Month>
                <Day>10</Day>
                <Hour>6</Hour>
                <Minute>0</Minute>
            </PubMedPubDate>
        </History>
        <PublicationStatus>epublish</PublicationStatus>
        <ArticleIdList>
            <ArticleId IdType="pubmed">30850723</ArticleId>
            <ArticleId IdType="doi">10.1038/s41598-019-40501-0</ArticleId>
            <ArticleId IdType="pii">10.1038/s41598-019-40501-0</ArticleId>
        </ArticleIdList>
    </PubmedData>
</PubmedArticle>


<PubmedArticle>
    <MedlineCitation Status="In-Data-Review" Owner="NLM">
        <PMID Version="1">30850678</PMID>
        <DateRevised>
            <Year>2019</Year>
            <Month>03</Month>
            <Day>09</Day>
        </DateRevised>
        <Article PubModel="Electronic">
            <Journal>
                <ISSN IssnType="Electronic">2045-2322</ISSN>
                <JournalIssue CitedMedium="Internet">
                    <Volume>9</Volume>
                    <Issue>1</Issue>
                    <PubDate>
                        <Year>2019</Year>
                        <Month>Mar</Month>
                        <Day>08</Day>
                    </PubDate>
                </JournalIssue>
                <Title>Scientific reports</Title>
                <ISOAbbreviation>Sci Rep</ISOAbbreviation>
            </Journal>
            <ArticleTitle>CHD7 promotes glioblastoma cell motility and invasiveness through transcriptional modulation of an invasion signature.</ArticleTitle>
            <Pagination>
                <MedlinePgn>3952</MedlinePgn>
            </Pagination>
            <ELocationID EIdType="doi" ValidYN="Y">10.1038/s41598-019-39564-w</ELocationID>
            <Abstract>
                <AbstractText>Chromatin remodeler proteins exert an important function in promoting dynamic modifications in the chromatin architecture, performing a central role in regulating gene transcription. Deregulation of these molecular machines may lead to striking perturbations in normal cell function. The CHD7 gene is a member of the chromodomain helicase DNA-binding family and, when mutated, has been shown to be the cause of the CHARGE syndrome, a severe developmental human disorder. Moreover, CHD7 has been described to be essential for neural stem cells and it is also highly expressed or mutated in a number of human cancers. However, its potential role in glioblastoma has not yet been tested. Here, we show that CHD7 is up-regulated in human glioma tissues and we demonstrate that CHD7 knockout (KO) in LN-229 glioblastoma cells suppresses anchorage-independent growth and spheroid invasion in vitro. Additionally, CHD7 KO impairs tumor growth and increases overall survival in an orthotopic mouse xenograft model. Conversely, ectopic overexpression of CHD7 in LN-428 and A172 glioblastoma cell lines increases cell motility and invasiveness in vitro and promotes LN-428 tumor growth in vivo. Finally, RNA-seq analysis revealed that CHD7 modulates a specific transcriptional signature of invasion-related target genes. Further studies should explore clinical-translational implications for glioblastoma treatment.</AbstractText>
            </Abstract>
            <AuthorList CompleteYN="Y">
                <Author ValidYN="Y">
                    <LastName>Machado</LastName>
                    <ForeName>Raquel A C</ForeName>
                    <Initials>RAC</Initials>
                    <AffiliationInfo>
                        <Affiliation>Department of Biochemistry, Chemistry Institute, University of S<U+00E3>o Paulo, S<U+00E3>o Paulo 05508-000 SP, Brazil.</Affiliation>
                    </AffiliationInfo>
                    <AffiliationInfo>
                        <Affiliation>Cell and Molecular Therapy Center (NUCEL), Internal Medicine Department, School of Medicine, University of S<U+00E3>o Paulo, S<U+00E3>o Paulo 05360-130 SP, Brazil.</Affiliation>
                    </AffiliationInfo>
                </Author>
                <Author ValidYN="Y">
                    <LastName>Schneider</LastName>
                    <ForeName>Hannah</ForeName>
                    <Initials>H</Initials>
                    <AffiliationInfo>
                        <Affiliation>Laboratory of Molecular Neuro-Oncology, Department of Neurology, University Hospital and University of Zurich, Zurich, Switzerland.</Affiliation>
                    </AffiliationInfo>
                </Author>
                <Author ValidYN="Y">
                    <LastName>DeOcesano-Pereira</LastName>
                    <ForeName>Carlos</ForeName>
                    <Initials>C</Initials>
                    <AffiliationInfo>
                        <Affiliation>Cell and Molecular Therapy Center (NUCEL), Internal Medicine Department, School of Medicine, University of S<U+00E3>o Paulo, S<U+00E3>o Paulo 05360-130 SP, Brazil.</Affiliation>
                    </AffiliationInfo>
                    <AffiliationInfo>
                        <Affiliation>Centre of Excellence in New Target Discovery (CENTD), Butantan Institute, S<U+00E3>o Paulo, SP, Brazil.</Affiliation>
                    </AffiliationInfo>
                </Author>
                <Author ValidYN="Y">
                    <LastName>Lichtenstein</LastName>
                    <ForeName>Flavio</ForeName>
                    <Initials>F</Initials>
                    <AffiliationInfo>
                        <Affiliation>Centre of Excellence in New Target Discovery (CENTD), Butantan Institute, S<U+00E3>o Paulo, SP, Brazil.</Affiliation>
                    </AffiliationInfo>
                </Author>
                <Author ValidYN="Y">
                    <LastName>Andrade</LastName>
                    <ForeName>Fernando</ForeName>
                    <Initials>F</Initials>
                    <AffiliationInfo>
                        <Affiliation>Department of Computer Science, Institute of Mathematics and Statistics, University of S<U+00E3>o Paulo, S<U+00E3>o Paulo, Brazil.</Affiliation>
                    </AffiliationInfo>
                </Author>
                <Author ValidYN="Y">
                    <LastName>Fujita</LastName>
                    <ForeName>Andr<U+00E9></ForeName>
                    <Initials>A</Initials>
                    <AffiliationInfo>
                        <Affiliation>Department of Computer Science, Institute of Mathematics and Statistics, University of S<U+00E3>o Paulo, S<U+00E3>o Paulo, Brazil.</Affiliation>
                    </AffiliationInfo>
                </Author>
                <Author ValidYN="Y">
                    <LastName>Trombetta-Lima</LastName>
                    <ForeName>Marina</ForeName>
                    <Initials>M</Initials>
                    <AffiliationInfo>
                        <Affiliation>Cell and Molecular Therapy Center (NUCEL), Internal Medicine Department, School of Medicine, University of S<U+00E3>o Paulo, S<U+00E3>o Paulo 05360-130 SP, Brazil.</Affiliation>
                    </AffiliationInfo>
                </Author>
                <Author ValidYN="Y">
                    <LastName>Weller</LastName>
                    <ForeName>Michael</ForeName>
                    <Initials>M</Initials>
                    <AffiliationInfo>
                        <Affiliation>Laboratory of Molecular Neuro-Oncology, Department of Neurology, University Hospital and University of Zurich, Zurich, Switzerland.</Affiliation>
                    </AffiliationInfo>
                </Author>
                <Author ValidYN="Y">
                    <LastName>Bowman-Colin</LastName>
                    <ForeName>Christian</ForeName>
                    <Initials>C</Initials>
                    <AffiliationInfo>
                        <Affiliation>Cell and Molecular Therapy Center (NUCEL), Internal Medicine Department, School of Medicine, University of S<U+00E3>o Paulo, S<U+00E3>o Paulo 05360-130 SP, Brazil. christian_bowman-colin@dfci.harvard.edu.</Affiliation>
                    </AffiliationInfo>
                    <AffiliationInfo>
                        <Affiliation>Dana Farber Cancer Institute, Harvard Medical School, 1 Jimmi Fund Way - SM808, Boston, MA, USA. christian_bowman-colin@dfci.harvard.edu.</Affiliation>
                    </AffiliationInfo>
                </Author>
                <Author ValidYN="Y">
                    <LastName>Sogayar</LastName>
                    <ForeName>Mari Cleide</ForeName>
                    <Initials>MC</Initials>
                    <AffiliationInfo>
                        <Affiliation>Department of Biochemistry, Chemistry Institute, University of S<U+00E3>o Paulo, S<U+00E3>o Paulo 05508-000 SP, Brazil. mcsoga@iq.usp.br.</Affiliation>
                    </AffiliationInfo>
                    <AffiliationInfo>
                        <Affiliation>Cell and Molecular Therapy Center (NUCEL), Internal Medicine Department, School of Medicine, University of S<U+00E3>o Paulo, S<U+00E3>o Paulo 05360-130 SP, Brazil. mcsoga@iq.usp.br.</Affiliation>
                    </AffiliationInfo>
                </Author>
            </AuthorList>
            <Language>eng</Language>
            <GrantList CompleteYN="Y">
                <Grant>
                    <GrantID>148684/2013-0; 401430/2013-8; 457601/2013-2</GrantID>
                    <Agency>Ministry of Science, Technology and Innovation | Conselho Nacional de Desenvolvimento Cient&amp;amp;#x00ED;fico e Tecnol&amp;amp;#x00F3;gico (National Council for Scientific and Technological Development)</Agency>
                    <Country/>
                </Grant>
                <Grant>
                    <GrantID>01.06.0664.00; 01.08.0622.00</GrantID>
                    <Agency>Ministry of Science, Technology and Innovation | Financiadora de Estudos e Projetos (Funding Authority for Research and Projects)</Agency>
                    <Country/>
                </Grant>
                <Grant>
                    <GrantID>AUX-PE PROBITEC 908/2012</GrantID>
                    <Agency>Coordena&amp;amp;#x00E7;&amp;amp;#x00E3;o de Aperfei&amp;amp;#x00E7;oamento de Pessoal de N&amp;amp;#x00ED;vel Superior (Brazilian Federal Agency for the Support and Evaluation of Graduate Education)</Agency>
                    <Country/>
                </Grant>
            </GrantList>
            <PublicationTypeList>
                <PublicationType UI="D016428">Journal Article</PublicationType>
            </PublicationTypeList>
            <ArticleDate DateType="Electronic">
                <Year>2019</Year>
                <Month>03</Month>
                <Day>08</Day>
            </ArticleDate>
        </Article>
        <MedlineJournalInfo>
            <Country>England</Country>
            <MedlineTA>Sci Rep</MedlineTA>
            <NlmUniqueID>101563288</NlmUniqueID>
            <ISSNLinking>2045-2322</ISSNLinking>
        </MedlineJournalInfo>
    </MedlineCitation>
    <PubmedData>
        <History>
            <PubMedPubDate PubStatus="received">
                <Year>2018</Year>
                <Month>10</Month>
                <Day>08</Day>
            </PubMedPubDate>
            <PubMedPubDate PubStatus="accepted">
                <Year>2019</Year>
                <Month>01</Month>
                <Day>10</Day>
            </PubMedPubDate>
            <PubMedPubDate PubStatus="entrez">
                <Year>2019</Year>
                <Month>3</Month>
                <Day>10</Day>
                <Hour>6</Hour>
                <Minute>0</Minute>
            </PubMedPubDate>
            <PubMedPubDate PubStatus="pubmed">
                <Year>2019</Year>
                <Month>3</Month>
                <Day>10</Day>
                <Hour>6</Hour>
                <Minute>0</Minute>
            </PubMedPubDate>
            <PubMedPubDate PubStatus="medline">
                <Year>2019</Year>
                <Month>3</Month>
                <Day>10</Day>
                <Hour>6</Hour>
                <Minute>0</Minute>
            </PubMedPubDate>
        </History>
        <PublicationStatus>epublish</PublicationStatus>
        <ArticleIdList>
            <ArticleId IdType="pubmed">30850678</ArticleId>
            <ArticleId IdType="doi">10.1038/s41598-019-39564-w</ArticleId>
            <ArticleId IdType="pii">10.1038/s41598-019-39564-w</ArticleId>
        </ArticleIdList>
    </PubmedData>
</PubmedArticle>


<PubmedArticle>
    <MedlineCitation Status="Publisher" Owner="NLM">
        <PMID Version="1">30850427</PMID>
        <DateRevised>
            <Year>2019</Year>
            <Month>03</Month>
            <Day>09</Day>
        </DateRevised>
        <Article PubModel="Print-Electronic">
            <Journal>
                <ISSN IssnType="Electronic">1098-5336</ISSN>
                <JournalIssue CitedMedium="Internet">
                    <PubDate>
                        <Year>2019</Year>
                        <Month>Mar</Month>
                        <Day>08</Day>
                    </PubDate>
                </JournalIssue>
                <Title>Applied and environmental microbiology</Title>
                <ISOAbbreviation>Appl. Environ. Microbiol.</ISOAbbreviation>
            </Journal>
            <ArticleTitle>The Pleiotropic Effects of c-di-GMP Content in <i>Pseudomonas syringae</i>.</ArticleTitle>
            <ELocationID EIdType="pii" ValidYN="Y">AEM.00152-19</ELocationID>
            <ELocationID EIdType="doi" ValidYN="Y">10.1128/AEM.00152-19</ELocationID>
            <Abstract>
                <AbstractText>Although the ubiquitous bacterial secondary messenger cyclic diguanylate (c-di-GMP) has important cellular functions in a wide range of bacteria, its function in the model plant pathogen <i>Pseudomonas syringae</i> (<i>P. syringae</i>) remains largely elusive. To this end, we overexpressed <i>Escherichia coli</i> diguanylate cyclase (YedQ) or phosphodiesterase (YhjH) in <i>P. syringae</i>, resulting in high or low <i>in vivo</i> levels of c-di-GMP. Via genome-wide RNA sequencing of these two strains, we found that c-di-GMP regulates (i) <i>fliN</i>, <i>fliE</i>, and <i>flhA</i>, which are associated with flagellar assembly; (ii) <i>alg8</i> and <i>alg44</i>, which are related to the exopolysaccharide biosynthesis pathway; (iii) <i>pvdE</i>, <i>pvdP</i>, and <i>pvsA</i>, which are associated with the siderophore biosynthesis pathway; and (iv) <i>sodA</i>, which encodes a superoxide dismutase. In particular, we identified three promoters that are sensitive to elevated levels of c-di-GMP and inserted them into luciferase-based reporters that respond effectively to the c-di-GMP levels in <i>P. syringae</i>; these promoters could be useful in the measurement of <i>in vivo</i> levels of c-di-GMP in real time. Further phenotypic assays validated the RNA-seq results and confirmed the effect on c-di-GMP-associated pathways, such as repressing the type III secretion system (T3SS) and motility while inducing biofilm production, siderophore production, and oxidative stress resistance. Taken together, these results demonstrate that c-di-GMP regulates the virulence and stress response in <i>P. syringae</i>, which suggests that tuning its level could be a new strategy to protect plants from attacks by this pathogen.<b>IMPORTANCE</b> The present work comprehensively analyzed the transcriptome and phenotypes that were regulated by c-di-GMP in <i>P. syringae</i> Given that the majority of diguanylate cyclase and phosphodiesterase have not been characterized in <i>P. syringae</i>, this work provided a very useful database for the future study on regulatory mechanism (especially its relationship with T3SS) of c-di-GMP in <i>P. syringae</i> In particular, we identified three promoters that were sensitive to elevated c-di-GMP level, and inserted them into luciferase-based reporters that effectively respond to intracellular level of c-di-GMP in <i>P. syringae</i>, which could be used as an economic and efficient way to measure relative c-di-GMP levels <i>in vivo</i> in the future.</AbstractText>
                <CopyrightInformation>Copyright © 2019 Wang et al.</CopyrightInformation>
            </Abstract>
            <AuthorList CompleteYN="Y">
                <Author ValidYN="Y">
                    <LastName>Wang</LastName>
                    <ForeName>Tingting</ForeName>
                    <Initials>T</Initials>
                    <AffiliationInfo>
                        <Affiliation>Department of Biomedical Sciences, City University of Hong Kong, 83 Tat Chee Rd,16 Kowloon Tong, Hong Kong.</Affiliation>
                    </AffiliationInfo>
                </Author>
                <Author ValidYN="Y">
                    <LastName>Cai</LastName>
                    <ForeName>Zhao</ForeName>
                    <Initials>Z</Initials>
                    <AffiliationInfo>
                        <Affiliation>Singapore Centre for Environmental Life Sciences Engineering (SCELSE), Nanyang Technological University, 60 Nanyang Drive 637551, Singapore.</Affiliation>
                    </AffiliationInfo>
                </Author>
                <Author ValidYN="Y">
                    <LastName>Shao</LastName>
                    <ForeName>Xiaolong</ForeName>
                    <Initials>X</Initials>
                    <AffiliationInfo>
                        <Affiliation>Key Laboratory of Molecular Microbiology and Technology, Ministry of Education, TEDA Institute of Biological Sciences and Biotechnology, Nankai University, 23 Hongda Street, Tianjin 300457, China.</Affiliation>
                    </AffiliationInfo>
                </Author>
                <Author ValidYN="Y">
                    <LastName>Zhang</LastName>
                    <ForeName>Weitong</ForeName>
                    <Initials>W</Initials>
                    <AffiliationInfo>
                        <Affiliation>Department of Biomedical Sciences, City University of Hong Kong, 83 Tat Chee Rd,16 Kowloon Tong, Hong Kong.</Affiliation>
                    </AffiliationInfo>
                </Author>
                <Author ValidYN="Y">
                    <LastName>Xie</LastName>
                    <ForeName>Yingpeng</ForeName>
                    <Initials>Y</Initials>
                    <AffiliationInfo>
                        <Affiliation>Department of Biomedical Sciences, City University of Hong Kong, 83 Tat Chee Rd,16 Kowloon Tong, Hong Kong.</Affiliation>
                    </AffiliationInfo>
                </Author>
                <Author ValidYN="Y">
                    <LastName>Zhang</LastName>
                    <ForeName>Yingchao</ForeName>
                    <Initials>Y</Initials>
                    <AffiliationInfo>
                        <Affiliation>Key Laboratory of Molecular Microbiology and Technology, Ministry of Education, TEDA Institute of Biological Sciences and Biotechnology, Nankai University, 23 Hongda Street, Tianjin 300457, China.</Affiliation>
                    </AffiliationInfo>
                </Author>
                <Author ValidYN="Y">
                    <LastName>Hua</LastName>
                    <ForeName>Canfeng</ForeName>
                    <Initials>C</Initials>
                    <AffiliationInfo>
                        <Affiliation>Department of Biomedical Sciences, City University of Hong Kong, 83 Tat Chee Rd,16 Kowloon Tong, Hong Kong.</Affiliation>
                    </AffiliationInfo>
                </Author>
                <Author ValidYN="Y">
                    <LastName>Schuster</LastName>
                    <ForeName>Stephan C</ForeName>
                    <Initials>SC</Initials>
                    <AffiliationInfo>
                        <Affiliation>Singapore Centre for Environmental Life Sciences Engineering (SCELSE), Nanyang Technological University, 60 Nanyang Drive 637551, Singapore.</Affiliation>
                    </AffiliationInfo>
                    <AffiliationInfo>
                        <Affiliation>School of Biological Sciences, Nanyang Technological University, 60 Nanyang Drive 637551, Singapore.</Affiliation>
                    </AffiliationInfo>
                </Author>
                <Author ValidYN="Y">
                    <LastName>Yang</LastName>
                    <ForeName>Liang</ForeName>
                    <Initials>L</Initials>
                    <Identifier Source="ORCID">http://orcid.org/0000-0002-2362-0128</Identifier>
                    <AffiliationInfo>
                        <Affiliation>Singapore Centre for Environmental Life Sciences Engineering (SCELSE), Nanyang Technological University, 60 Nanyang Drive 637551, Singapore.</Affiliation>
                    </AffiliationInfo>
                    <AffiliationInfo>
                        <Affiliation>School of Medicine, Southern University of Science and Technology (SUSTec), No 1088, Xueyuan Rd, Xili, Nanshan District, Shenzhen, Guangdong 518055, China.</Affiliation>
                    </AffiliationInfo>
                </Author>
                <Author ValidYN="Y">
                    <LastName>Deng</LastName>
                    <ForeName>Xin</ForeName>
                    <Initials>X</Initials>
                    <AffiliationInfo>
                        <Affiliation>Department of Biomedical Sciences, City University of Hong Kong, 83 Tat Chee Rd,16 Kowloon Tong, Hong Kong. xindeng@cityu.edu.hk.</Affiliation>
                    </AffiliationInfo>
                </Author>
            </AuthorList>
            <Language>eng</Language>
            <PublicationTypeList>
                <PublicationType UI="D016428">Journal Article</PublicationType>
            </PublicationTypeList>
            <ArticleDate DateType="Electronic">
                <Year>2019</Year>
                <Month>03</Month>
                <Day>08</Day>
            </ArticleDate>
        </Article>
        <MedlineJournalInfo>
            <Country>United States</Country>
            <MedlineTA>Appl Environ Microbiol</MedlineTA>
            <NlmUniqueID>7605801</NlmUniqueID>
            <ISSNLinking>0099-2240</ISSNLinking>
        </MedlineJournalInfo>
    </MedlineCitation>
    <PubmedData>
        <History>
            <PubMedPubDate PubStatus="entrez">
                <Year>2019</Year>
                <Month>3</Month>
                <Day>10</Day>
                <Hour>6</Hour>
                <Minute>0</Minute>
            </PubMedPubDate>
            <PubMedPubDate PubStatus="pubmed">
                <Year>2019</Year>
                <Month>3</Month>
                <Day>10</Day>
                <Hour>6</Hour>
                <Minute>0</Minute>
            </PubMedPubDate>
            <PubMedPubDate PubStatus="medline">
                <Year>2019</Year>
                <Month>3</Month>
                <Day>10</Day>
                <Hour>6</Hour>
                <Minute>0</Minute>
            </PubMedPubDate>
        </History>
        <PublicationStatus>aheadofprint</PublicationStatus>
        <ArticleIdList>
            <ArticleId IdType="pubmed">30850427</ArticleId>
            <ArticleId IdType="pii">AEM.00152-19</ArticleId>
            <ArticleId IdType="doi">10.1128/AEM.00152-19</ArticleId>
        </ArticleIdList>
    </PubmedData>
</PubmedArticle>


<PubmedArticle>
    <MedlineCitation Status="MEDLINE" Owner="NLM">
        <PMID Version="1">30849987</PMID>
        <DateCompleted>
            <Year>2019</Year>
            <Month>03</Month>
            <Day>14</Day>
        </DateCompleted>
        <DateRevised>
            <Year>2019</Year>
            <Month>03</Month>
            <Day>14</Day>
        </DateRevised>
        <Article PubModel="Electronic">
            <Journal>
                <ISSN IssnType="Electronic">1477-7819</ISSN>
                <JournalIssue CitedMedium="Internet">
                    <Volume>17</Volume>
                    <Issue>1</Issue>
                    <PubDate>
                        <Year>2019</Year>
                        <Month>Mar</Month>
                        <Day>08</Day>
                    </PubDate>
                </JournalIssue>
                <Title>World journal of surgical oncology</Title>
                <ISOAbbreviation>World J Surg Oncol</ISOAbbreviation>
            </Journal>
            <ArticleTitle>Identification of co-expression modules and pathways correlated with osteosarcoma and its metastasis.</ArticleTitle>
            <Pagination>
                <MedlinePgn>46</MedlinePgn>
            </Pagination>
            <ELocationID EIdType="doi" ValidYN="Y">10.1186/s12957-019-1587-7</ELocationID>
            <Abstract>
                <AbstractText Label="BACKGROUND" NlmCategory="BACKGROUND">Osteosarcoma is the most common bone tumor that occurs in children.</AbstractText>
                <AbstractText Label="METHODS" NlmCategory="METHODS">To identify co-expression modules and pathways correlated with osteosarcoma and its clinical characteristics, we performed weighted gene co-expression network analysis (WGCNA) on RNA-seq data of osteosarcoma with 52 samples. Then we performed pathway enrichment analysis on genes from significant modules.</AbstractText>
                <AbstractText Label="RESULTS" NlmCategory="RESULTS">A total of 5471 genes were included in WGCNA, and 16 modules were identified. Module-trait analysis identified that a module involved in microtubule bundle formation, drug metabolism-cytochrome P450, and IL-17 signaling pathway was negatively correlated with osteosarcoma and positively correlated with metastasis; a module involved in DNA replication was positively correlated with osteosarcoma; a module involved in cell junction was positively correlated with metastasis; and a module involved in heparin binding negatively correlated with osteosarcoma. Moreover, expression levels in four of the top ten differentially expressed genes were validated in another independent dataset.</AbstractText>
                <AbstractText Label="CONCLUSIONS" NlmCategory="CONCLUSIONS">Our analysis might provide insight for molecular mechanisms of osteosarcoma.</AbstractText>
            </Abstract>
            <AuthorList CompleteYN="Y">
                <Author ValidYN="Y">
                    <LastName>Wang</LastName>
                    <ForeName>Jian-Sheng</ForeName>
                    <Initials>JS</Initials>
                    <AffiliationInfo>
                        <Affiliation>Department of Orthopedics Ward II, Shenzhen Children's Hospital, Shenzhen, 518000, China.</Affiliation>
                    </AffiliationInfo>
                </Author>
                <Author ValidYN="Y">
                    <LastName>Wang</LastName>
                    <ForeName>Yun-Guo</ForeName>
                    <Initials>YG</Initials>
                    <AffiliationInfo>
                        <Affiliation>Department of Orthopedics, The Second Hospital of Tianjin Medical University, Tianjin, 300211, China.</Affiliation>
                    </AffiliationInfo>
                </Author>
                <Author ValidYN="Y">
                    <LastName>Zhong</LastName>
                    <ForeName>Yong-Sheng</ForeName>
                    <Initials>YS</Initials>
                    <AffiliationInfo>
                        <Affiliation>Department of Neurosurgery, The First Affiliated Hospital of Shantou University Medical College, Shenzhen, 518000, China.</Affiliation>
                    </AffiliationInfo>
                </Author>
                <Author ValidYN="Y">
                    <LastName>Li</LastName>
                    <ForeName>Xue-Dong</ForeName>
                    <Initials>XD</Initials>
                    <AffiliationInfo>
                        <Affiliation>Department of Orthopedics, The Third Affiliated Hospital of Shenzhen University Health Science Center, Shenzhen, 518000, China.</Affiliation>
                    </AffiliationInfo>
                </Author>
                <Author ValidYN="Y">
                    <LastName>Du</LastName>
                    <ForeName>Shi-Xin</ForeName>
                    <Initials>SX</Initials>
                    <AffiliationInfo>
                        <Affiliation>Department of Orthopedics, The Third Affiliated Hospital of Shenzhen University Health Science Center, Shenzhen, 518000, China.</Affiliation>
                    </AffiliationInfo>
                </Author>
                <Author ValidYN="Y">
                    <LastName>Xie</LastName>
                    <ForeName>Peng</ForeName>
                    <Initials>P</Initials>
                    <AffiliationInfo>
                        <Affiliation>Department of Orthopedics, The Third Affiliated Hospital of Shenzhen University Health Science Center, Shenzhen, 518000, China.</Affiliation>
                    </AffiliationInfo>
                </Author>
                <Author ValidYN="Y">
                    <LastName>Zheng</LastName>
                    <ForeName>Gui-Zhou</ForeName>
                    <Initials>GZ</Initials>
                    <AffiliationInfo>
                        <Affiliation>Department of Orthopedics, The Third Affiliated Hospital of Shenzhen University Health Science Center, Shenzhen, 518000, China.</Affiliation>
                    </AffiliationInfo>
                </Author>
                <Author ValidYN="Y">
                    <LastName>Han</LastName>
                    <ForeName>Jing-Ming</ForeName>
                    <Initials>JM</Initials>
                    <AffiliationInfo>
                        <Affiliation>Department of Orthopedics Ward II, Shenzhen Children's Hospital, Shenzhen, 518000, China. jingminghan_18@163.com.</Affiliation>
                    </AffiliationInfo>
                </Author>
            </AuthorList>
            <Language>eng</Language>
            <PublicationTypeList>
                <PublicationType UI="D016428">Journal Article</PublicationType>
            </PublicationTypeList>
            <ArticleDate DateType="Electronic">
                <Year>2019</Year>
                <Month>03</Month>
                <Day>08</Day>
            </ArticleDate>
        </Article>
        <MedlineJournalInfo>
            <Country>England</Country>
            <MedlineTA>World J Surg Oncol</MedlineTA>
            <NlmUniqueID>101170544</NlmUniqueID>
            <ISSNLinking>1477-7819</ISSNLinking>
        </MedlineJournalInfo>
        <CitationSubset>IM</CitationSubset>
        <MeshHeadingList>
            <MeshHeading>
                <DescriptorName UI="D001859" MajorTopicYN="N">Bone Neoplasms</DescriptorName>
                <QualifierName UI="Q000235" MajorTopicYN="Y">genetics</QualifierName>
                <QualifierName UI="Q000378" MajorTopicYN="N">metabolism</QualifierName>
                <QualifierName UI="Q000473" MajorTopicYN="N">pathology</QualifierName>
            </MeshHeading>
            <MeshHeading>
                <DescriptorName UI="D015870" MajorTopicYN="N">Gene Expression</DescriptorName>
            </MeshHeading>
            <MeshHeading>
                <DescriptorName UI="D020869" MajorTopicYN="Y">Gene Expression Profiling</DescriptorName>
            </MeshHeading>
            <MeshHeading>
                <DescriptorName UI="D015972" MajorTopicYN="N">Gene Expression Regulation, Neoplastic</DescriptorName>
                <QualifierName UI="Q000235" MajorTopicYN="N">genetics</QualifierName>
            </MeshHeading>
            <MeshHeading>
                <DescriptorName UI="D006801" MajorTopicYN="N">Humans</DescriptorName>
            </MeshHeading>
            <MeshHeading>
                <DescriptorName UI="D009362" MajorTopicYN="N">Neoplasm Metastasis</DescriptorName>
            </MeshHeading>
            <MeshHeading>
                <DescriptorName UI="D012516" MajorTopicYN="N">Osteosarcoma</DescriptorName>
                <QualifierName UI="Q000235" MajorTopicYN="Y">genetics</QualifierName>
                <QualifierName UI="Q000378" MajorTopicYN="N">metabolism</QualifierName>
                <QualifierName UI="Q000556" MajorTopicYN="Y">secondary</QualifierName>
            </MeshHeading>
            <MeshHeading>
                <DescriptorName UI="D011379" MajorTopicYN="N">Prognosis</DescriptorName>
            </MeshHeading>
        </MeshHeadingList>
        <KeywordList Owner="NOTNLM">
            <Keyword MajorTopicYN="N">Co-expression modules</Keyword>
            <Keyword MajorTopicYN="N">Metastasis</Keyword>
            <Keyword MajorTopicYN="N">Osteosarcoma</Keyword>
            <Keyword MajorTopicYN="N">Pathways</Keyword>
        </KeywordList>
    </MedlineCitation>
    <PubmedData>
        <History>
            <PubMedPubDate PubStatus="received">
                <Year>2018</Year>
                <Month>10</Month>
                <Day>07</Day>
            </PubMedPubDate>
            <PubMedPubDate PubStatus="accepted">
                <Year>2019</Year>
                <Month>02</Month>
                <Day>20</Day>
            </PubMedPubDate>
            <PubMedPubDate PubStatus="entrez">
                <Year>2019</Year>
                <Month>3</Month>
                <Day>10</Day>
                <Hour>6</Hour>
                <Minute>0</Minute>
            </PubMedPubDate>
            <PubMedPubDate PubStatus="pubmed">
                <Year>2019</Year>
                <Month>3</Month>
                <Day>10</Day>
                <Hour>6</Hour>
                <Minute>0</Minute>
            </PubMedPubDate>
            <PubMedPubDate PubStatus="medline">
                <Year>2019</Year>
                <Month>3</Month>
                <Day>15</Day>
                <Hour>6</Hour>
                <Minute>0</Minute>
            </PubMedPubDate>
        </History>
        <PublicationStatus>epublish</PublicationStatus>
        <ArticleIdList>
            <ArticleId IdType="pubmed">30849987</ArticleId>
            <ArticleId IdType="doi">10.1186/s12957-019-1587-7</ArticleId>
            <ArticleId IdType="pii">10.1186/s12957-019-1587-7</ArticleId>
        </ArticleIdList>
    </PubmedData>
</PubmedArticle>


<PubmedArticle>
    <MedlineCitation Status="Publisher" Owner="NLM">
        <PMID Version="1">30849655</PMID>
        <DateRevised>
            <Year>2019</Year>
            <Month>03</Month>
            <Day>19</Day>
        </DateRevised>
        <Article PubModel="Print-Electronic">
            <Journal>
                <ISSN IssnType="Electronic">1090-2414</ISSN>
                <JournalIssue CitedMedium="Internet">
                    <Volume>174</Volume>
                    <PubDate>
                        <Year>2019</Year>
                        <Month>Mar</Month>
                        <Day>05</Day>
                    </PubDate>
                </JournalIssue>
                <Title>Ecotoxicology and environmental safety</Title>
                <ISOAbbreviation>Ecotoxicol. Environ. Saf.</ISOAbbreviation>
            </Journal>
            <ArticleTitle>Establishment of a human embryonic stem cell-based liver differentiation model for hepatotoxicity evaluations.</ArticleTitle>
            <Pagination>
                <MedlinePgn>353-362</MedlinePgn>
            </Pagination>
            <ELocationID EIdType="pii" ValidYN="Y">S0147-6513(19)30259-3</ELocationID>
            <ELocationID EIdType="doi" ValidYN="Y">10.1016/j.ecoenv.2019.02.091</ELocationID>
            <Abstract>
                <AbstractText>The liver is one of the major targets of hormones, including thyroid hormones (THs), and many industrial chemicals, such as endocrine-disrupting chemicals. Those compounds may permeate the placenta barrier and pose a risk for embryonic development. Therefore, it is necessary to assess the toxic effects of those kind of industrial chemicals during liver development. In this study, to mimic liver specification in vitro, we differentiated human embryonic stem cells (ESCs) into functional hepatocyte-like cells. We performed this differentiation process in presence of two THs, triiodothyronine (T3) and thyroxine (T4), with the purpose of identifying biomarkers for toxicity screening. TH exposure (3, 30 and 300<U+202F>nM) yielded to hepatocytes with impaired glycogen storage ability and abnormal lipid droplets' accumulation. Global gene expression analysis by RNA-seq identified a number of genes responsible for hepatic differentiation and function which were affected by 30<U+202F>nM T3 and T4. Those differentially expressed genes were used to assess the potential developmental liver toxicity of two famous environmental pollutants, 2, 2, 4, 4-tetrabromodiphenyl ether (BDE-47) and decabromodiphenyl ether (BDE-209), at 10<U+202F>nM to 1<U+202F><U+03BC>M treatments. Our findings demonstrate that BDE-47 and BDE-209, dysregulated pathways such as &quot;chemical carcinogenesis&quot;, &quot;steroid hormone biosynthesis&quot; and &quot;drug metabolism-cytochrome P450&quot;. Moreover, we were able to identify a set of 17 biomarkers, very useful to predict the potential developmental hepatotoxicity of industrial chemicals.</AbstractText>
                <CopyrightInformation>Copyright © 2019 Elsevier Inc. All rights reserved.</CopyrightInformation>
            </Abstract>
            <AuthorList CompleteYN="Y">
                <Author ValidYN="Y">
                    <LastName>Liang</LastName>
                    <ForeName>Shengxian</ForeName>
                    <Initials>S</Initials>
                    <AffiliationInfo>
                        <Affiliation>State Key Laboratory of Environmental Chemistry and Ecotoxicology, Research Center for Eco-Environmental Sciences, Chinese Academy of Sciences, Beijing 100085, China; College of Resources and Environment, University of Chinese Academy of Sciences, Beijing 100049, China.</Affiliation>
                    </AffiliationInfo>
                </Author>
                <Author ValidYN="Y">
                    <LastName>Liang</LastName>
                    <ForeName>Shaojun</ForeName>
                    <Initials>S</Initials>
                    <AffiliationInfo>
                        <Affiliation>State Key Laboratory of Environmental Chemistry and Ecotoxicology, Research Center for Eco-Environmental Sciences, Chinese Academy of Sciences, Beijing 100085, China; College of Resources and Environment, University of Chinese Academy of Sciences, Beijing 100049, China.</Affiliation>
                    </AffiliationInfo>
                </Author>
                <Author ValidYN="Y">
                    <LastName>Yin</LastName>
                    <ForeName>Nuoya</ForeName>
                    <Initials>N</Initials>
                    <AffiliationInfo>
                        <Affiliation>State Key Laboratory of Environmental Chemistry and Ecotoxicology, Research Center for Eco-Environmental Sciences, Chinese Academy of Sciences, Beijing 100085, China; College of Resources and Environment, University of Chinese Academy of Sciences, Beijing 100049, China.</Affiliation>
                    </AffiliationInfo>
                </Author>
                <Author ValidYN="Y">
                    <LastName>Faiola</LastName>
                    <ForeName>Francesco</ForeName>
                    <Initials>F</Initials>
                    <AffiliationInfo>
                        <Affiliation>State Key Laboratory of Environmental Chemistry and Ecotoxicology, Research Center for Eco-Environmental Sciences, Chinese Academy of Sciences, Beijing 100085, China; College of Resources and Environment, University of Chinese Academy of Sciences, Beijing 100049, China. Electronic address: faiola@rcees.ac.cn.</Affiliation>
                    </AffiliationInfo>
                </Author>
            </AuthorList>
            <Language>eng</Language>
            <PublicationTypeList>
                <PublicationType UI="D016428">Journal Article</PublicationType>
            </PublicationTypeList>
            <ArticleDate DateType="Electronic">
                <Year>2019</Year>
                <Month>03</Month>
                <Day>05</Day>
            </ArticleDate>
        </Article>
        <MedlineJournalInfo>
            <Country>Netherlands</Country>
            <MedlineTA>Ecotoxicol Environ Saf</MedlineTA>
            <NlmUniqueID>7805381</NlmUniqueID>
            <ISSNLinking>0147-6513</ISSNLinking>
        </MedlineJournalInfo>
        <KeywordList Owner="NOTNLM">
            <Keyword MajorTopicYN="N">Developmental hepatotoxicity</Keyword>
            <Keyword MajorTopicYN="N">Endocrine-disrupting chemicals (EDCs)</Keyword>
            <Keyword MajorTopicYN="N">Human embryonic stem cells (ESCs)</Keyword>
            <Keyword MajorTopicYN="N">Polybrominated diphenyl ethers BDE-47/209</Keyword>
            <Keyword MajorTopicYN="N">Thyroid hormones (THs)</Keyword>
        </KeywordList>
    </MedlineCitation>
    <PubmedData>
        <History>
            <PubMedPubDate PubStatus="received">
                <Year>2019</Year>
                <Month>01</Month>
                <Day>23</Day>
            </PubMedPubDate>
            <PubMedPubDate PubStatus="revised">
                <Year>2019</Year>
                <Month>02</Month>
                <Day>27</Day>
            </PubMedPubDate>
            <PubMedPubDate PubStatus="accepted">
                <Year>2019</Year>
                <Month>02</Month>
                <Day>27</Day>
            </PubMedPubDate>
            <PubMedPubDate PubStatus="pubmed">
                <Year>2019</Year>
                <Month>3</Month>
                <Day>9</Day>
                <Hour>6</Hour>
                <Minute>0</Minute>
            </PubMedPubDate>
            <PubMedPubDate PubStatus="medline">
                <Year>2019</Year>
                <Month>3</Month>
                <Day>9</Day>
                <Hour>6</Hour>
                <Minute>0</Minute>
            </PubMedPubDate>
            <PubMedPubDate PubStatus="entrez">
                <Year>2019</Year>
                <Month>3</Month>
                <Day>9</Day>
                <Hour>6</Hour>
                <Minute>0</Minute>
            </PubMedPubDate>
        </History>
        <PublicationStatus>aheadofprint</PublicationStatus>
        <ArticleIdList>
            <ArticleId IdType="pubmed">30849655</ArticleId>
            <ArticleId IdType="pii">S0147-6513(19)30259-3</ArticleId>
            <ArticleId IdType="doi">10.1016/j.ecoenv.2019.02.091</ArticleId>
        </ArticleIdList>
    </PubmedData>
</PubmedArticle>


<PubmedArticle>
    <MedlineCitation Status="Publisher" Owner="NLM">
        <PMID Version="1">30849608</PMID>
        <DateRevised>
            <Year>2019</Year>
            <Month>03</Month>
            <Day>19</Day>
        </DateRevised>
        <Article PubModel="Print-Electronic">
            <Journal>
                <ISSN IssnType="Electronic">1879-0534</ISSN>
                <JournalIssue CitedMedium="Internet">
                    <Volume>107</Volume>
                    <PubDate>
                        <Year>2019</Year>
                        <Month>Feb</Month>
                        <Day>27</Day>
                    </PubDate>
                </JournalIssue>
                <Title>Computers in biology and medicine</Title>
                <ISOAbbreviation>Comput. Biol. Med.</ISOAbbreviation>
            </Journal>
            <ArticleTitle>DEWE: A novel tool for executing differential expression RNA-Seq workflows in biomedical research.</ArticleTitle>
            <Pagination>
                <MedlinePgn>197-205</MedlinePgn>
            </Pagination>
            <ELocationID EIdType="pii" ValidYN="Y">S0010-4825(19)30068-X</ELocationID>
            <ELocationID EIdType="doi" ValidYN="Y">10.1016/j.compbiomed.2019.02.021</ELocationID>
            <Abstract>
                <AbstractText Label="BACKGROUND" NlmCategory="BACKGROUND">Transcriptomics profiling aims to identify and quantify all transcripts present within a cell type or tissue at a particular state, and thus provide information on the genes expressed in specific experimental settings, differentiation or disease conditions. RNA-Seq technology is becoming the standard approach for such studies, but available analysis tools are often hard to install, configure and use by users without advanced bioinformatics skills.</AbstractText>
                <AbstractText Label="METHODS" NlmCategory="METHODS">Within reason, DEWE aims to make RNA-Seq analysis as easy for non-proficient users as for experienced bioinformaticians. DEWE supports two well-established and widely used differential expression analysis workflows: using Bowtie2 or HISAT2 for sequence alignment; and, both applying StringTie for quantification, and Ballgown and edgeR for differential expression analysis. Also, it enables the tailored execution of individual tools as well as helps with the management and visualisation of differential expression results.</AbstractText>
                <AbstractText Label="RESULTS" NlmCategory="RESULTS">DEWE provides a user-friendly interface designed to reduce the learning curve of less knowledgeable users while enabling analysis customisation and software extension by advanced users. Docker technology helps overcome installation and configuration hurdles. In addition, DEWE produces high quality and publication-ready outputs in the form of tab-delimited files and figures, as well as helps researchers with further analyses, such as pathway enrichment analysis.</AbstractText>
                <AbstractText Label="CONCLUSIONS" NlmCategory="CONCLUSIONS">The abilities of DEWE are exemplified here by practical application to a comparative analysis of monocytes and monocyte-derived dendritic cells, a study of clinical relevance. DEWE installers and documentation are freely available at https://www.sing-group.org/dewe.</AbstractText>
                <CopyrightInformation>Copyright © 2019 Elsevier Ltd. All rights reserved.</CopyrightInformation>
            </Abstract>
            <AuthorList CompleteYN="Y">
                <Author ValidYN="Y">
                    <LastName>L<U+00F3>pez-Fern<U+00E1>ndez</LastName>
                    <ForeName>Hugo</ForeName>
                    <Initials>H</Initials>
                    <AffiliationInfo>
                        <Affiliation>ESEI: Escuela Superior de Ingenier<U+00ED>a Inform<U+00E1>tica, University of Vigo, Edificio Polit<U+00E9>cnico, Campus Universitario As Lagoas s/n, 32004, Ourense, Spain; CINBIO - Centro de Investigaciones Biom<U+00E9>dicas, University of Vigo, Campus Universitario Lagoas-Marcosende, 36310, Vigo, Spain; SING Research Group, Galicia Sur Health Research Institute (IIS Galicia Sur), SERGAS-UVIGO, Hospital <U+00C1>lvaro Cunqueiro, 36312, Vigo, Spain; Universidade do Porto, Rua Alfredo Allen, 208, 4200-135, Porto, Portugal; Instituto de Biologia Molecular e Celular (IBMC), R<U+00FA>a Alfredo Allen, 208, 4200-135, Porto, Portugal.</Affiliation>
                    </AffiliationInfo>
                </Author>
                <Author ValidYN="Y">
                    <LastName>Blanco-M<U+00ED>guez</LastName>
                    <ForeName>Aitor</ForeName>
                    <Initials>A</Initials>
                    <AffiliationInfo>
                        <Affiliation>ESEI: Escuela Superior de Ingenier<U+00ED>a Inform<U+00E1>tica, University of Vigo, Edificio Polit<U+00E9>cnico, Campus Universitario As Lagoas s/n, 32004, Ourense, Spain; CINBIO - Centro de Investigaciones Biom<U+00E9>dicas, University of Vigo, Campus Universitario Lagoas-Marcosende, 36310, Vigo, Spain; Department of Microbiology and Biochemistry of Dairy Products, Instituto de Productos L<U+00E1>cteos de Asturias (IPLA), Consejo Superior de Investigaciones Cient<U+00ED>ficas (CSIC), Paseo R<U+00ED>o Linares s/n, 33300, Villaviciosa, Asturias, Spain.</Affiliation>
                    </AffiliationInfo>
                </Author>
                <Author ValidYN="Y">
                    <LastName>Fdez-Riverola</LastName>
                    <ForeName>Florentino</ForeName>
                    <Initials>F</Initials>
                    <AffiliationInfo>
                        <Affiliation>ESEI: Escuela Superior de Ingenier<U+00ED>a Inform<U+00E1>tica, University of Vigo, Edificio Polit<U+00E9>cnico, Campus Universitario As Lagoas s/n, 32004, Ourense, Spain; CINBIO - Centro de Investigaciones Biom<U+00E9>dicas, University of Vigo, Campus Universitario Lagoas-Marcosende, 36310, Vigo, Spain; SING Research Group, Galicia Sur Health Research Institute (IIS Galicia Sur), SERGAS-UVIGO, Hospital <U+00C1>lvaro Cunqueiro, 36312, Vigo, Spain.</Affiliation>
                    </AffiliationInfo>
                </Author>
                <Author ValidYN="Y">
                    <LastName>S<U+00E1>nchez</LastName>
                    <ForeName>Borja</ForeName>
                    <Initials>B</Initials>
                    <AffiliationInfo>
                        <Affiliation>Department of Microbiology and Biochemistry of Dairy Products, Instituto de Productos L<U+00E1>cteos de Asturias (IPLA), Consejo Superior de Investigaciones Cient<U+00ED>ficas (CSIC), Paseo R<U+00ED>o Linares s/n, 33300, Villaviciosa, Asturias, Spain.</Affiliation>
                    </AffiliationInfo>
                </Author>
                <Author ValidYN="Y">
                    <LastName>Louren<U+00E7>o</LastName>
                    <ForeName>An<U+00E1>lia</ForeName>
                    <Initials>A</Initials>
                    <AffiliationInfo>
                        <Affiliation>ESEI: Escuela Superior de Ingenier<U+00ED>a Inform<U+00E1>tica, University of Vigo, Edificio Polit<U+00E9>cnico, Campus Universitario As Lagoas s/n, 32004, Ourense, Spain; CINBIO - Centro de Investigaciones Biom<U+00E9>dicas, University of Vigo, Campus Universitario Lagoas-Marcosende, 36310, Vigo, Spain; SING Research Group, Galicia Sur Health Research Institute (IIS Galicia Sur), SERGAS-UVIGO, Hospital <U+00C1>lvaro Cunqueiro, 36312, Vigo, Spain; CEB - Centre of Biological Engineering, University of Minho, Campus de Gualtar, 4710-057, Braga, Portugal. Electronic address: analia@uvigo.es.</Affiliation>
                    </AffiliationInfo>
                </Author>
            </AuthorList>
            <Language>eng</Language>
            <PublicationTypeList>
                <PublicationType UI="D016428">Journal Article</PublicationType>
            </PublicationTypeList>
            <ArticleDate DateType="Electronic">
                <Year>2019</Year>
                <Month>02</Month>
                <Day>27</Day>
            </ArticleDate>
        </Article>
        <MedlineJournalInfo>
            <Country>United States</Country>
            <MedlineTA>Comput Biol Med</MedlineTA>
            <NlmUniqueID>1250250</NlmUniqueID>
            <ISSNLinking>0010-4825</ISSNLinking>
        </MedlineJournalInfo>
        <KeywordList Owner="NOTNLM">
            <Keyword MajorTopicYN="N">Differential expression</Keyword>
            <Keyword MajorTopicYN="N">Open-source software</Keyword>
            <Keyword MajorTopicYN="N">RNA-Seq</Keyword>
            <Keyword MajorTopicYN="N">Translational application</Keyword>
            <Keyword MajorTopicYN="N">Workflow management</Keyword>
        </KeywordList>
    </MedlineCitation>
    <PubmedData>
        <History>
            <PubMedPubDate PubStatus="received">
                <Year>2018</Year>
                <Month>11</Month>
                <Day>22</Day>
            </PubMedPubDate>
            <PubMedPubDate PubStatus="revised">
                <Year>2019</Year>
                <Month>02</Month>
                <Day>21</Day>
            </PubMedPubDate>
            <PubMedPubDate PubStatus="accepted">
                <Year>2019</Year>
                <Month>02</Month>
                <Day>21</Day>
            </PubMedPubDate>
            <PubMedPubDate PubStatus="pubmed">
                <Year>2019</Year>
                <Month>3</Month>
                <Day>9</Day>
                <Hour>6</Hour>
                <Minute>0</Minute>
            </PubMedPubDate>
            <PubMedPubDate PubStatus="medline">
                <Year>2019</Year>
                <Month>3</Month>
                <Day>9</Day>
                <Hour>6</Hour>
                <Minute>0</Minute>
            </PubMedPubDate>
            <PubMedPubDate PubStatus="entrez">
                <Year>2019</Year>
                <Month>3</Month>
                <Day>9</Day>
                <Hour>6</Hour>
                <Minute>0</Minute>
            </PubMedPubDate>
        </History>
        <PublicationStatus>aheadofprint</PublicationStatus>
        <ArticleIdList>
            <ArticleId IdType="pubmed">30849608</ArticleId>
            <ArticleId IdType="pii">S0010-4825(19)30068-X</ArticleId>
            <ArticleId IdType="doi">10.1016/j.compbiomed.2019.02.021</ArticleId>
        </ArticleIdList>
    </PubmedData>
</PubmedArticle>


<PubmedArticle>
    <MedlineCitation Status="Publisher" Owner="NLM">
        <PMID Version="1">30848094</PMID>
        <DateRevised>
            <Year>2019</Year>
            <Month>03</Month>
            <Day>08</Day>
        </DateRevised>
        <Article PubModel="Print-Electronic">
            <Journal>
                <ISSN IssnType="Electronic">2045-7634</ISSN>
                <JournalIssue CitedMedium="Internet">
                    <PubDate>
                        <Year>2019</Year>
                        <Month>Mar</Month>
                        <Day>07</Day>
                    </PubDate>
                </JournalIssue>
                <Title>Cancer medicine</Title>
                <ISOAbbreviation>Cancer Med</ISOAbbreviation>
            </Journal>
            <ArticleTitle>Long noncoding RNA and mRNA profiling in cetuximab-resistant colorectal cancer cells by RNA sequencing analysis.</ArticleTitle>
            <ELocationID EIdType="doi" ValidYN="Y">10.1002/cam4.2004</ELocationID>
            <Abstract>
                <AbstractText>To gain an insight into the molecular mechanisms of cetuximab resistance in colorectal cancer, we generated a cetuximab-resistant cell line (H508/CR) and performed RNA sequencing to identify the differential expression patterns of noncoding RNAs (ncRNAs) and mRNAs between cetuximab-sensitive and resistant cells. A total of 278 ncRNA transcripts and 1,059 mRNA transcripts were dysregulated in the cetuximab-resistant cells. The expression levels of nine selected long noncoding RNAs (lncRNAs) were validated using quantitative real-time PCR. Functional analysis revealed that several groups of lncRNAs might be involved in pathways associated with cetuximab resistance. Increased glucose consumption and lactate secretion in cetuximab-resistant cells suggested that glucose metabolism might be involved in cetuximab resistance. In addition, lncRNA LINC00973 was upregulated in the H508/CR cell line and cells transfected with a LINC00973 short interfering RNA exhibited reduced cell viability, increased apoptosis, and decreased glucose consumption and lactate secretion. Our results provide essential data regarding differentially expressed lncRNAs and mRNAs in cetuximab-resistant cells, which may provide new potential candidates for cetuximab therapy.</AbstractText>
                <CopyrightInformation>© 2019 The Authors. Cancer Medicine published by John Wiley &amp; Sons Ltd.</CopyrightInformation>
            </Abstract>
            <AuthorList CompleteYN="Y">
                <Author ValidYN="Y">
                    <LastName>Jing</LastName>
                    <ForeName>Changwen</ForeName>
                    <Initials>C</Initials>
                    <Identifier Source="ORCID">https://orcid.org/0000-0002-5503-9426</Identifier>
                    <AffiliationInfo>
                        <Affiliation>Clinical Cancer Research Center, Jiangsu Cancer Hospital &amp; Jiangsu Institute of Cancer Research &amp; The Affiliated Cancer Hospital of Nanjing Medical University, Nanjing, Jiangsu Province, China.</Affiliation>
                    </AffiliationInfo>
                </Author>
                <Author ValidYN="Y">
                    <LastName>Ma</LastName>
                    <ForeName>Rong</ForeName>
                    <Initials>R</Initials>
                    <AffiliationInfo>
                        <Affiliation>Clinical Cancer Research Center, Jiangsu Cancer Hospital &amp; Jiangsu Institute of Cancer Research &amp; The Affiliated Cancer Hospital of Nanjing Medical University, Nanjing, Jiangsu Province, China.</Affiliation>
                    </AffiliationInfo>
                </Author>
                <Author ValidYN="Y">
                    <LastName>Cao</LastName>
                    <ForeName>Haixia</ForeName>
                    <Initials>H</Initials>
                    <AffiliationInfo>
                        <Affiliation>Clinical Cancer Research Center, Jiangsu Cancer Hospital &amp; Jiangsu Institute of Cancer Research &amp; The Affiliated Cancer Hospital of Nanjing Medical University, Nanjing, Jiangsu Province, China.</Affiliation>
                    </AffiliationInfo>
                </Author>
                <Author ValidYN="Y">
                    <LastName>Wang</LastName>
                    <ForeName>Zhuo</ForeName>
                    <Initials>Z</Initials>
                    <AffiliationInfo>
                        <Affiliation>Clinical Cancer Research Center, Jiangsu Cancer Hospital &amp; Jiangsu Institute of Cancer Research &amp; The Affiliated Cancer Hospital of Nanjing Medical University, Nanjing, Jiangsu Province, China.</Affiliation>
                    </AffiliationInfo>
                </Author>
                <Author ValidYN="Y">
                    <LastName>Liu</LastName>
                    <ForeName>Siwen</ForeName>
                    <Initials>S</Initials>
                    <AffiliationInfo>
                        <Affiliation>Clinical Cancer Research Center, Jiangsu Cancer Hospital &amp; Jiangsu Institute of Cancer Research &amp; The Affiliated Cancer Hospital of Nanjing Medical University, Nanjing, Jiangsu Province, China.</Affiliation>
                    </AffiliationInfo>
                </Author>
                <Author ValidYN="Y">
                    <LastName>Chen</LastName>
                    <ForeName>Dan</ForeName>
                    <Initials>D</Initials>
                    <AffiliationInfo>
                        <Affiliation>Clinical Cancer Research Center, Jiangsu Cancer Hospital &amp; Jiangsu Institute of Cancer Research &amp; The Affiliated Cancer Hospital of Nanjing Medical University, Nanjing, Jiangsu Province, China.</Affiliation>
                    </AffiliationInfo>
                </Author>
                <Author ValidYN="Y">
                    <LastName>Wu</LastName>
                    <ForeName>Yang</ForeName>
                    <Initials>Y</Initials>
                    <AffiliationInfo>
                        <Affiliation>Clinical Cancer Research Center, Jiangsu Cancer Hospital &amp; Jiangsu Institute of Cancer Research &amp; The Affiliated Cancer Hospital of Nanjing Medical University, Nanjing, Jiangsu Province, China.</Affiliation>
                    </AffiliationInfo>
                </Author>
                <Author ValidYN="Y">
                    <LastName>Zhang</LastName>
                    <ForeName>Junying</ForeName>
                    <Initials>J</Initials>
                    <AffiliationInfo>
                        <Affiliation>Clinical Cancer Research Center, Jiangsu Cancer Hospital &amp; Jiangsu Institute of Cancer Research &amp; The Affiliated Cancer Hospital of Nanjing Medical University, Nanjing, Jiangsu Province, China.</Affiliation>
                    </AffiliationInfo>
                </Author>
                <Author ValidYN="Y">
                    <LastName>Wu</LastName>
                    <ForeName>Jianzhong</ForeName>
                    <Initials>J</Initials>
                    <AffiliationInfo>
                        <Affiliation>Clinical Cancer Research Center, Jiangsu Cancer Hospital &amp; Jiangsu Institute of Cancer Research &amp; The Affiliated Cancer Hospital of Nanjing Medical University, Nanjing, Jiangsu Province, China.</Affiliation>
                    </AffiliationInfo>
                </Author>
            </AuthorList>
            <Language>eng</Language>
            <GrantList CompleteYN="Y">
                <Grant>
                    <GrantID>BE2016795</GrantID>
                    <Agency>Jiangsu Provincial</Agency>
                    <Country/>
                </Grant>
            </GrantList>
            <PublicationTypeList>
                <PublicationType UI="D016428">Journal Article</PublicationType>
            </PublicationTypeList>
            <ArticleDate DateType="Electronic">
                <Year>2019</Year>
                <Month>03</Month>
                <Day>07</Day>
            </ArticleDate>
        </Article>
        <MedlineJournalInfo>
            <Country>United States</Country>
            <MedlineTA>Cancer Med</MedlineTA>
            <NlmUniqueID>101595310</NlmUniqueID>
            <ISSNLinking>2045-7634</ISSNLinking>
        </MedlineJournalInfo>
        <KeywordList Owner="NOTNLM">
            <Keyword MajorTopicYN="N">
mRNA
</Keyword>
            <Keyword MajorTopicYN="N">RNA-Seq</Keyword>
            <Keyword MajorTopicYN="N">cetuximab</Keyword>
            <Keyword MajorTopicYN="N">colorectal cancer</Keyword>
            <Keyword MajorTopicYN="N">lncRNA</Keyword>
        </KeywordList>
    </MedlineCitation>
    <PubmedData>
        <History>
            <PubMedPubDate PubStatus="received">
                <Year>2018</Year>
                <Month>07</Month>
                <Day>20</Day>
            </PubMedPubDate>
            <PubMedPubDate PubStatus="revised">
                <Year>2019</Year>
                <Month>01</Month>
                <Day>09</Day>
            </PubMedPubDate>
            <PubMedPubDate PubStatus="accepted">
                <Year>2019</Year>
                <Month>01</Month>
                <Day>11</Day>
            </PubMedPubDate>
            <PubMedPubDate PubStatus="entrez">
                <Year>2019</Year>
                <Month>3</Month>
                <Day>9</Day>
                <Hour>6</Hour>
                <Minute>0</Minute>
            </PubMedPubDate>
            <PubMedPubDate PubStatus="pubmed">
                <Year>2019</Year>
                <Month>3</Month>
                <Day>9</Day>
                <Hour>6</Hour>
                <Minute>0</Minute>
            </PubMedPubDate>
            <PubMedPubDate PubStatus="medline">
                <Year>2019</Year>
                <Month>3</Month>
                <Day>9</Day>
                <Hour>6</Hour>
                <Minute>0</Minute>
            </PubMedPubDate>
        </History>
        <PublicationStatus>aheadofprint</PublicationStatus>
        <ArticleIdList>
            <ArticleId IdType="pubmed">30848094</ArticleId>
            <ArticleId IdType="doi">10.1002/cam4.2004</ArticleId>
        </ArticleIdList>
    </PubmedData>
</PubmedArticle>


<PubmedArticle>
    <MedlineCitation Status="PubMed-not-MEDLINE" Owner="NLM">
        <PMID Version="1">30847423</PMID>
        <DateRevised>
            <Year>2019</Year>
            <Month>03</Month>
            <Day>10</Day>
        </DateRevised>
        <Article PubModel="Electronic-eCollection">
            <Journal>
                <ISSN IssnType="Electronic">2452-302X</ISSN>
                <JournalIssue CitedMedium="Internet">
                    <Volume>4</Volume>
                    <Issue>1</Issue>
                    <PubDate>
                        <Year>2019</Year>
                        <Month>Feb</Month>
                    </PubDate>
                </JournalIssue>
                <Title>JACC. Basic to translational science</Title>
                <ISOAbbreviation>JACC Basic Transl Sci</ISOAbbreviation>
            </Journal>
            <ArticleTitle>Connecting the Dots for Connective Tissue Growth Factor Roles in Cardiac Wound Healing After Myocardial Infarction.</ArticleTitle>
            <Pagination>
                <MedlinePgn>95-97</MedlinePgn>
            </Pagination>
            <ELocationID EIdType="doi" ValidYN="Y">10.1016/j.jacbts.2019.01.004</ELocationID>
            <Abstract>
                <AbstractText/>
            </Abstract>
            <AuthorList CompleteYN="Y">
                <Author ValidYN="Y">
                    <LastName>Hale</LastName>
                    <ForeName>Taben M</ForeName>
                    <Initials>TM</Initials>
                    <AffiliationInfo>
                        <Affiliation>Department of Basic Medical Sciences, University of Arizona, College of Medicine-Phoenix, Phoenix, Arizona.</Affiliation>
                    </AffiliationInfo>
                </Author>
                <Author ValidYN="Y">
                    <LastName>Lindsey</LastName>
                    <ForeName>Merry L</ForeName>
                    <Initials>ML</Initials>
                    <AffiliationInfo>
                        <Affiliation>Department of Cellular and Integrative Physiology, University of Nebraska Medical Center and Research Service, Nebraska-Western Iowa Health Care System, Omaha, Nebraska.</Affiliation>
                    </AffiliationInfo>
                </Author>
            </AuthorList>
            <Language>eng</Language>
            <PublicationTypeList>
                <PublicationType UI="D016421">Editorial</PublicationType>
            </PublicationTypeList>
            <ArticleDate DateType="Electronic">
                <Year>2019</Year>
                <Month>02</Month>
                <Day>25</Day>
            </ArticleDate>
        </Article>
        <MedlineJournalInfo>
            <Country>United States</Country>
            <MedlineTA>JACC Basic Transl Sci</MedlineTA>
            <NlmUniqueID>101677259</NlmUniqueID>
            <ISSNLinking>2452-302X</ISSNLinking>
        </MedlineJournalInfo>
        <KeywordList Owner="NOTNLM">
            <Keyword MajorTopicYN="N">RNA-seq</Keyword>
            <Keyword MajorTopicYN="N">cardiac remodeling</Keyword>
            <Keyword MajorTopicYN="N">collagen</Keyword>
            <Keyword MajorTopicYN="N">editorial</Keyword>
            <Keyword MajorTopicYN="N">extracellular matrix</Keyword>
        </KeywordList>
    </MedlineCitation>
    <PubmedData>
        <History>
            <PubMedPubDate PubStatus="entrez">
                <Year>2019</Year>
                <Month>3</Month>
                <Day>9</Day>
                <Hour>6</Hour>
                <Minute>0</Minute>
            </PubMedPubDate>
            <PubMedPubDate PubStatus="pubmed">
                <Year>2019</Year>
                <Month>3</Month>
                <Day>9</Day>
                <Hour>6</Hour>
                <Minute>0</Minute>
            </PubMedPubDate>
            <PubMedPubDate PubStatus="medline">
                <Year>2019</Year>
                <Month>3</Month>
                <Day>9</Day>
                <Hour>6</Hour>
                <Minute>1</Minute>
            </PubMedPubDate>
        </History>
        <PublicationStatus>epublish</PublicationStatus>
        <ArticleIdList>
            <ArticleId IdType="pubmed">30847423</ArticleId>
            <ArticleId IdType="doi">10.1016/j.jacbts.2019.01.004</ArticleId>
            <ArticleId IdType="pii">S2452-302X(19)30012-9</ArticleId>
            <ArticleId IdType="pmc">PMC6390727</ArticleId>
        </ArticleIdList>
    </PubmedData>
</PubmedArticle>


<PubmedArticle>
    <MedlineCitation Status="PubMed-not-MEDLINE" Owner="NLM">
        <PMID Version="1">30847418</PMID>
        <DateRevised>
            <Year>2019</Year>
            <Month>03</Month>
            <Day>11</Day>
        </DateRevised>
        <Article PubModel="Electronic-eCollection">
            <Journal>
                <ISSN IssnType="Electronic">2452-302X</ISSN>
                <JournalIssue CitedMedium="Internet">
                    <Volume>4</Volume>
                    <Issue>1</Issue>
                    <PubDate>
                        <Year>2019</Year>
                        <Month>Feb</Month>
                    </PubDate>
                </JournalIssue>
                <Title>JACC. Basic to translational science</Title>
                <ISOAbbreviation>JACC Basic Transl Sci</ISOAbbreviation>
            </Journal>
            <ArticleTitle>Cardiomyocyte SMAD4-Dependent TGF-<U+03B2> Signaling is Essential to Maintain Adult Heart Homeostasis.</ArticleTitle>
            <Pagination>
                <MedlinePgn>41-53</MedlinePgn>
            </Pagination>
            <ELocationID EIdType="doi" ValidYN="Y">10.1016/j.jacbts.2018.10.003</ELocationID>
            <Abstract>
                <AbstractText>The role of the transforming growth factor (TGF)-<U+03B2> pathway in myocardial fibrosis is well recognized. However, the precise role of this signaling axis in cardiomyocyte (CM) biology is not defined. In TGF-<U+03B2> signaling, SMAD4 acts as the central intracellular mediator. To investigate the role of TGF-<U+03B2> signaling in CM biology, the authors deleted SMAD4 in adult mouse CMs. We demonstrate that CM-SMAD4-dependent TGF-<U+03B2> signaling is critical for maintaining cardiac function, sarcomere kinetics, ion-channel gene expression, and cardiomyocyte survival. Thus, our findings raise a significant concern regarding the therapeutic approaches that rely on systemic inhibition of the TGF-<U+03B2> pathway for the management of myocardial fibrosis.</AbstractText>
            </Abstract>
            <AuthorList CompleteYN="Y">
                <Author ValidYN="Y">
                    <LastName>Umbarkar</LastName>
                    <ForeName>Prachi</ForeName>
                    <Initials>P</Initials>
                    <AffiliationInfo>
                        <Affiliation>Division of Cardiovascular Medicine, Vanderbilt University Medical Center, Nashville, Tennessee.</Affiliation>
                    </AffiliationInfo>
                </Author>
                <Author ValidYN="Y">
                    <LastName>Singh</LastName>
                    <ForeName>Anand P</ForeName>
                    <Initials>AP</Initials>
                    <AffiliationInfo>
                        <Affiliation>Division of Cardiovascular Medicine, Vanderbilt University Medical Center, Nashville, Tennessee.</Affiliation>
                    </AffiliationInfo>
                </Author>
                <Author ValidYN="Y">
                    <LastName>Gupte</LastName>
                    <ForeName>Manisha</ForeName>
                    <Initials>M</Initials>
                    <AffiliationInfo>
                        <Affiliation>Division of Cardiovascular Medicine, Vanderbilt University Medical Center, Nashville, Tennessee.</Affiliation>
                    </AffiliationInfo>
                </Author>
                <Author ValidYN="Y">
                    <LastName>Verma</LastName>
                    <ForeName>Vipin K</ForeName>
                    <Initials>VK</Initials>
                    <AffiliationInfo>
                        <Affiliation>Division of Cardiovascular Medicine, Vanderbilt University Medical Center, Nashville, Tennessee.</Affiliation>
                    </AffiliationInfo>
                </Author>
                <Author ValidYN="Y">
                    <LastName>Galindo</LastName>
                    <ForeName>Cristi L</ForeName>
                    <Initials>CL</Initials>
                    <AffiliationInfo>
                        <Affiliation>Division of Cardiovascular Medicine, Vanderbilt University Medical Center, Nashville, Tennessee.</Affiliation>
                    </AffiliationInfo>
                </Author>
                <Author ValidYN="Y">
                    <LastName>Guo</LastName>
                    <ForeName>Yuanjun</ForeName>
                    <Initials>Y</Initials>
                    <AffiliationInfo>
                        <Affiliation>Division of Cardiovascular Medicine, Vanderbilt University Medical Center, Nashville, Tennessee.</Affiliation>
                    </AffiliationInfo>
                    <AffiliationInfo>
                        <Affiliation>Department of Pharmacology, Vanderbilt University, Nashville, Tennessee.</Affiliation>
                    </AffiliationInfo>
                </Author>
                <Author ValidYN="Y">
                    <LastName>Zhang</LastName>
                    <ForeName>Qinkun</ForeName>
                    <Initials>Q</Initials>
                    <AffiliationInfo>
                        <Affiliation>Division of Cardiovascular Medicine, Vanderbilt University Medical Center, Nashville, Tennessee.</Affiliation>
                    </AffiliationInfo>
                </Author>
                <Author ValidYN="Y">
                    <LastName>McNamara</LastName>
                    <ForeName>James W</ForeName>
                    <Initials>JW</Initials>
                    <AffiliationInfo>
                        <Affiliation>Division of Cardiovascular Health and Disease, Department of Internal Medicine, Heart, Lung and Vascular Institute, University of Cincinnati College of Medicine, Cincinnati, Ohio.</Affiliation>
                    </AffiliationInfo>
                </Author>
                <Author ValidYN="Y">
                    <LastName>Force</LastName>
                    <ForeName>Thomas</ForeName>
                    <Initials>T</Initials>
                    <AffiliationInfo>
                        <Affiliation>Division of Cardiovascular Medicine, Vanderbilt University Medical Center, Nashville, Tennessee.</Affiliation>
                    </AffiliationInfo>
                </Author>
                <Author ValidYN="Y">
                    <LastName>Lal</LastName>
                    <ForeName>Hind</ForeName>
                    <Initials>H</Initials>
                    <AffiliationInfo>
                        <Affiliation>Division of Cardiovascular Medicine, Vanderbilt University Medical Center, Nashville, Tennessee.</Affiliation>
                    </AffiliationInfo>
                </Author>
            </AuthorList>
            <Language>eng</Language>
            <GrantList CompleteYN="Y">
                <Grant>
                    <GrantID>R01 HL119234</GrantID>
                    <Acronym>HL</Acronym>
                    <Agency>NHLBI NIH HHS</Agency>
                    <Country>United States</Country>
                </Grant>
                <Grant>
                    <GrantID>R01 HL133290</GrantID>
                    <Acronym>HL</Acronym>
                    <Agency>NHLBI NIH HHS</Agency>
                    <Country>United States</Country>
                </Grant>
            </GrantList>
            <PublicationTypeList>
                <PublicationType UI="D016428">Journal Article</PublicationType>
            </PublicationTypeList>
            <ArticleDate DateType="Electronic">
                <Year>2019</Year>
                <Month>01</Month>
                <Day>16</Day>
            </ArticleDate>
        </Article>
        <MedlineJournalInfo>
            <Country>United States</Country>
            <MedlineTA>JACC Basic Transl Sci</MedlineTA>
            <NlmUniqueID>101677259</NlmUniqueID>
            <ISSNLinking>2452-302X</ISSNLinking>
        </MedlineJournalInfo>
        <KeywordList Owner="NOTNLM">
            <Keyword MajorTopicYN="N">CM, cardiomyocyte</Keyword>
            <Keyword MajorTopicYN="N">CSA, cross-sectional area</Keyword>
            <Keyword MajorTopicYN="N">CTL, control</Keyword>
            <Keyword MajorTopicYN="N">DCM, dilated cardiomyopathy</Keyword>
            <Keyword MajorTopicYN="N">KO, knockout</Keyword>
            <Keyword MajorTopicYN="N">LV, left ventricle/ventricular</Keyword>
            <Keyword MajorTopicYN="N">MAPK, mitogen-activated protein kinase</Keyword>
            <Keyword MajorTopicYN="N">MCM, MerCreMer</Keyword>
            <Keyword MajorTopicYN="N">PI3K, phosphoinositide-3 kinase</Keyword>
            <Keyword MajorTopicYN="N">RNA-Seq, RNA sequencing</Keyword>
            <Keyword MajorTopicYN="N">SMAD4</Keyword>
            <Keyword MajorTopicYN="N">TAK1, transforming growth factor beta–activated kinase 1</Keyword>
            <Keyword MajorTopicYN="N">TAM, tamoxifen</Keyword>
            <Keyword MajorTopicYN="N">TGF, transforming growth factor</Keyword>
            <Keyword MajorTopicYN="N">TGF-<U+03B2></Keyword>
            <Keyword MajorTopicYN="N">cMyBP-C, cardiac myosin-binding protein C</Keyword>
            <Keyword MajorTopicYN="N">cardiomyocyte</Keyword>
            <Keyword MajorTopicYN="N">cardiomyopathy</Keyword>
            <Keyword MajorTopicYN="N">fibrosis</Keyword>
            <Keyword MajorTopicYN="N">heart failure</Keyword>
        </KeywordList>
    </MedlineCitation>
    <PubmedData>
        <History>
            <PubMedPubDate PubStatus="received">
                <Year>2018</Year>
                <Month>08</Month>
                <Day>10</Day>
            </PubMedPubDate>
            <PubMedPubDate PubStatus="revised">
                <Year>2018</Year>
                <Month>08</Month>
                <Day>10</Day>
            </PubMedPubDate>
            <PubMedPubDate PubStatus="accepted">
                <Year>2018</Year>
                <Month>08</Month>
                <Day>10</Day>
            </PubMedPubDate>
            <PubMedPubDate PubStatus="entrez">
                <Year>2019</Year>
                <Month>3</Month>
                <Day>9</Day>
                <Hour>6</Hour>
                <Minute>0</Minute>
            </PubMedPubDate>
            <PubMedPubDate PubStatus="pubmed">
                <Year>2019</Year>
                <Month>3</Month>
                <Day>9</Day>
                <Hour>6</Hour>
                <Minute>0</Minute>
            </PubMedPubDate>
            <PubMedPubDate PubStatus="medline">
                <Year>2019</Year>
                <Month>3</Month>
                <Day>9</Day>
                <Hour>6</Hour>
                <Minute>1</Minute>
            </PubMedPubDate>
        </History>
        <PublicationStatus>epublish</PublicationStatus>
        <ArticleIdList>
            <ArticleId IdType="pubmed">30847418</ArticleId>
            <ArticleId IdType="doi">10.1016/j.jacbts.2018.10.003</ArticleId>
            <ArticleId IdType="pii">S2452-302X(18)30270-5</ArticleId>
            <ArticleId IdType="pmc">PMC6390466</ArticleId>
        </ArticleIdList>
    </PubmedData>
</PubmedArticle>


<PubmedArticle>
    <MedlineCitation Status="PubMed-not-MEDLINE" Owner="NLM">
        <PMID Version="1">30847362</PMID>
        <DateRevised>
            <Year>2019</Year>
            <Month>03</Month>
            <Day>10</Day>
        </DateRevised>
        <Article PubModel="Electronic-eCollection">
            <Journal>
                <ISSN IssnType="Print">2328-9503</ISSN>
                <JournalIssue CitedMedium="Print">
                    <Volume>6</Volume>
                    <Issue>2</Issue>
                    <PubDate>
                        <Year>2019</Year>
                        <Month>Feb</Month>
                    </PubDate>
                </JournalIssue>
                <Title>Annals of clinical and translational neurology</Title>
                <ISOAbbreviation>Ann Clin Transl Neurol</ISOAbbreviation>
            </Journal>
            <ArticleTitle>Drug repositioning in epilepsy reveals novel antiseizure candidates.</ArticleTitle>
            <Pagination>
                <MedlinePgn>295-309</MedlinePgn>
            </Pagination>
            <ELocationID EIdType="doi" ValidYN="Y">10.1002/acn3.703</ELocationID>
            <Abstract>
                <AbstractText Label="Objective" NlmCategory="UNASSIGNED">Epilepsy treatment falls short in ~30% of cases. A better understanding of epilepsy pathophysiology can guide rational drug development in this difficult to treat condition. We tested a low-cost, drug-repositioning strategy to identify candidate epilepsy drugs that are already FDA-approved and might be immediately tested in epilepsy patients who require new therapies.</AbstractText>
                <AbstractText Label="Methods" NlmCategory="UNASSIGNED">Biopsies of spiking and nonspiking hippocampal brain tissue from six patients with unilateral mesial temporal lobe epilepsy were analyzed by RNA-Seq. These profiles were correlated with transcriptomes from cell lines treated with FDA-approved drugs, identifying compounds which were tested for therapeutic efficacy in a zebrafish seizure assay.</AbstractText>
                <AbstractText Label="Results" NlmCategory="UNASSIGNED">In spiking versus nonspiking biopsies, RNA-Seq identified 689 differentially expressed genes, 148 of which were previously cited in articles mentioning seizures or epilepsy. Differentially expressed genes were highly enriched for protein-protein interactions and formed three clusters with associated GO-terms including myelination, protein ubiquitination, and neuronal migration. Among the 184 compounds, a zebrafish seizure model tested the therapeutic efficacy of doxycycline, metformin, nifedipine, and pyrantel tartrate, with metformin, nifedipine, and pyrantel tartrate all showing efficacy.</AbstractText>
                <AbstractText Label="Interpretation" NlmCategory="UNASSIGNED">This proof-of-principle analysis suggests our powerful, rapid, cost-effective approach can likely be applied to other hard-to-treat diseases.</AbstractText>
            </Abstract>
            <AuthorList CompleteYN="Y">
                <Author ValidYN="Y">
                    <LastName>Brueggeman</LastName>
                    <ForeName>Leo</ForeName>
                    <Initials>L</Initials>
                    <AffiliationInfo>
                        <Affiliation>Department of Psychiatry Carver College of Medicine University of Iowa Iowa City Iowa.</Affiliation>
                    </AffiliationInfo>
                </Author>
                <Author ValidYN="Y">
                    <LastName>Sturgeon</LastName>
                    <ForeName>Morgan L</ForeName>
                    <Initials>ML</Initials>
                    <Identifier Source="ORCID">0000-0003-4814-1446</Identifier>
                    <AffiliationInfo>
                        <Affiliation>The Interdisciplinary Graduate Program in Molecular Medicine Carver College of Medicine University of Iowa Iowa City Iowa.</Affiliation>
                    </AffiliationInfo>
                </Author>
                <Author ValidYN="Y">
                    <LastName>Martin</LastName>
                    <ForeName>Russell M</ForeName>
                    <Initials>RM</Initials>
                    <AffiliationInfo>
                        <Affiliation>College of Engineering University of Iowa Iowa City Iowa.</Affiliation>
                    </AffiliationInfo>
                </Author>
                <Author ValidYN="Y">
                    <LastName>Grossbach</LastName>
                    <ForeName>Andrew J</ForeName>
                    <Initials>AJ</Initials>
                    <AffiliationInfo>
                        <Affiliation>Department of Neurosurgery University of Iowa Iowa City Iowa.</Affiliation>
                    </AffiliationInfo>
                </Author>
                <Author ValidYN="Y">
                    <LastName>Nagahama</LastName>
                    <ForeName>Yasunori</ForeName>
                    <Initials>Y</Initials>
                    <AffiliationInfo>
                        <Affiliation>Department of Neurosurgery University of Iowa Iowa City Iowa.</Affiliation>
                    </AffiliationInfo>
                </Author>
                <Author ValidYN="Y">
                    <LastName>Zhang</LastName>
                    <ForeName>Angela</ForeName>
                    <Initials>A</Initials>
                    <AffiliationInfo>
                        <Affiliation>Department of Biostatistics University of Washington Seattle Washington.</Affiliation>
                    </AffiliationInfo>
                </Author>
                <Author ValidYN="Y">
                    <LastName>Howard</LastName>
                    <ForeName>Mathew A</ForeName>
                    <Initials>MA</Initials>
                    <Suffix>3rd</Suffix>
                    <AffiliationInfo>
                        <Affiliation>Department of Neurosurgery University of Iowa Iowa City Iowa.</Affiliation>
                    </AffiliationInfo>
                </Author>
                <Author ValidYN="Y">
                    <LastName>Kawasaki</LastName>
                    <ForeName>Hiroto</ForeName>
                    <Initials>H</Initials>
                    <AffiliationInfo>
                        <Affiliation>Department of Neurosurgery University of Iowa Iowa City Iowa.</Affiliation>
                    </AffiliationInfo>
                </Author>
                <Author ValidYN="Y">
                    <LastName>Wu</LastName>
                    <ForeName>Shu</ForeName>
                    <Initials>S</Initials>
                    <AffiliationInfo>
                        <Affiliation>Department of Pediatrics University of Iowa Iowa City Iowa.</Affiliation>
                    </AffiliationInfo>
                </Author>
                <Author ValidYN="Y">
                    <LastName>Cornell</LastName>
                    <ForeName>Robert A</ForeName>
                    <Initials>RA</Initials>
                    <AffiliationInfo>
                        <Affiliation>Department of Anatomy and Cell Biology University of Iowa Iowa City Iowa.</Affiliation>
                    </AffiliationInfo>
                </Author>
                <Author ValidYN="Y">
                    <LastName>Michaelson</LastName>
                    <ForeName>Jacob J</ForeName>
                    <Initials>JJ</Initials>
                    <AffiliationInfo>
                        <Affiliation>Department of Psychiatry Carver College of Medicine University of Iowa Iowa City Iowa.</Affiliation>
                    </AffiliationInfo>
                </Author>
                <Author ValidYN="Y">
                    <LastName>Bassuk</LastName>
                    <ForeName>Alexander G</ForeName>
                    <Initials>AG</Initials>
                    <AffiliationInfo>
                        <Affiliation>Department of Pediatrics University of Iowa Iowa City Iowa.</Affiliation>
                    </AffiliationInfo>
                </Author>
            </AuthorList>
            <Language>eng</Language>
            <PublicationTypeList>
                <PublicationType UI="D016428">Journal Article</PublicationType>
            </PublicationTypeList>
            <ArticleDate DateType="Electronic">
                <Year>2018</Year>
                <Month>12</Month>
                <Day>11</Day>
            </ArticleDate>
        </Article>
        <MedlineJournalInfo>
            <Country>United States</Country>
            <MedlineTA>Ann Clin Transl Neurol</MedlineTA>
            <NlmUniqueID>101623278</NlmUniqueID>
            <ISSNLinking>2328-9503</ISSNLinking>
        </MedlineJournalInfo>
        <CoiStatement>The authors all have a patent pending related to the use of the drugs described in this manuscript for epilepsy.</CoiStatement>
    </MedlineCitation>
    <PubmedData>
        <History>
            <PubMedPubDate PubStatus="received">
                <Year>2018</Year>
                <Month>07</Month>
                <Day>23</Day>
            </PubMedPubDate>
            <PubMedPubDate PubStatus="revised">
                <Year>2018</Year>
                <Month>10</Month>
                <Day>24</Day>
            </PubMedPubDate>
            <PubMedPubDate PubStatus="accepted">
                <Year>2018</Year>
                <Month>10</Month>
                <Day>26</Day>
            </PubMedPubDate>
            <PubMedPubDate PubStatus="entrez">
                <Year>2019</Year>
                <Month>3</Month>
                <Day>9</Day>
                <Hour>6</Hour>
                <Minute>0</Minute>
            </PubMedPubDate>
            <PubMedPubDate PubStatus="pubmed">
                <Year>2019</Year>
                <Month>3</Month>
                <Day>9</Day>
                <Hour>6</Hour>
                <Minute>0</Minute>
            </PubMedPubDate>
            <PubMedPubDate PubStatus="medline">
                <Year>2019</Year>
                <Month>3</Month>
                <Day>9</Day>
                <Hour>6</Hour>
                <Minute>1</Minute>
            </PubMedPubDate>
        </History>
        <PublicationStatus>epublish</PublicationStatus>
        <ArticleIdList>
            <ArticleId IdType="pubmed">30847362</ArticleId>
            <ArticleId IdType="doi">10.1002/acn3.703</ArticleId>
            <ArticleId IdType="pii">ACN3703</ArticleId>
            <ArticleId IdType="pmc">PMC6389756</ArticleId>
        </ArticleIdList>
    </PubmedData>
</PubmedArticle>


<PubmedArticle>
    <MedlineCitation Status="In-Data-Review" Owner="NLM">
        <PMID Version="1">30846809</PMID>
        <DateRevised>
            <Year>2019</Year>
            <Month>03</Month>
            <Day>08</Day>
        </DateRevised>
        <Article PubModel="Electronic">
            <Journal>
                <ISSN IssnType="Electronic">2045-2322</ISSN>
                <JournalIssue CitedMedium="Internet">
                    <Volume>9</Volume>
                    <Issue>1</Issue>
                    <PubDate>
                        <Year>2019</Year>
                        <Month>Mar</Month>
                        <Day>07</Day>
                    </PubDate>
                </JournalIssue>
                <Title>Scientific reports</Title>
                <ISOAbbreviation>Sci Rep</ISOAbbreviation>
            </Journal>
            <ArticleTitle>Genome analysis of Pseudomonas syringae pv. actinidiae biovar 6, which produces the phytotoxins, phaseolotoxin and coronatine.</ArticleTitle>
            <Pagination>
                <MedlinePgn>3836</MedlinePgn>
            </Pagination>
            <ELocationID EIdType="doi" ValidYN="Y">10.1038/s41598-019-40754-9</ELocationID>
            <Abstract>
                <AbstractText>The kiwifruit bacterial canker pathogen, Pseudomonas syringae pv. actinidiae (Psa), causes enormous economic damages in many kiwifruit producing countries. In 2015, biovar 6, the novel biovar of Psa, was found in Nagano Prefecture, Japan. The genomes of two representative strains of biovar 6 (MAFF 212134 and MAFF 212141) were sequenced and analysed, indicating that their genomes are the most similar to that of biovar 3 among the known Psa biovars, based on average nucleotide identity analysis. Biovar 3 has neither the phaseolotoxin synthesis gene cluster nor the coronatine synthesis gene cluster, whereas biovar 6 has both clusters and produces both phytotoxins. We found that biovar 6 possesses 29 type III secreted effector (T3SE) genes, among which avrRps4 and hopBI1 are unique to biovar 6. The expression of T3SE genes and two phytotoxin synthesis gene clusters of biovar 6 during the early stages of host infection was investigated using RNA-Seq analysis, showing that these genes could be grouped into three categories: constantly expressed genes, constantly suppressed genes, and temporarily induced genes. A PCR assay was established to differentiate biovar 6 strains from the other Psa biovars and the closely related pathovar, pv. actinidifoliorum, by using avrRps4 as a biovar 6-specific marker gene.</AbstractText>
            </Abstract>
            <AuthorList CompleteYN="Y">
                <Author ValidYN="Y">
                    <LastName>Fujikawa</LastName>
                    <ForeName>Takashi</ForeName>
                    <Initials>T</Initials>
                    <AffiliationInfo>
                        <Affiliation>Institute of Fruit Tree and Tea Science, National Agriculture and Food Research Organization (NARO), Fujimoto 2-1, Tsukuba, Ibaraki, 305-8605, Japan. ftakashi@affrc.go.jp.</Affiliation>
                    </AffiliationInfo>
                </Author>
                <Author ValidYN="Y">
                    <LastName>Sawada</LastName>
                    <ForeName>Hiroyuki</ForeName>
                    <Initials>H</Initials>
                    <Identifier Source="ORCID">http://orcid.org/0000-0002-6804-8081</Identifier>
                    <AffiliationInfo>
                        <Affiliation>Genetic Resources Center, NARO, Kannondai 2-1-2, Tsukuba, Ibaraki, 305-8602, Japan.</Affiliation>
                    </AffiliationInfo>
                </Author>
            </AuthorList>
            <Language>eng</Language>
            <PublicationTypeList>
                <PublicationType UI="D016428">Journal Article</PublicationType>
            </PublicationTypeList>
            <ArticleDate DateType="Electronic">
                <Year>2019</Year>
                <Month>03</Month>
                <Day>07</Day>
            </ArticleDate>
        </Article>
        <MedlineJournalInfo>
            <Country>England</Country>
            <MedlineTA>Sci Rep</MedlineTA>
            <NlmUniqueID>101563288</NlmUniqueID>
            <ISSNLinking>2045-2322</ISSNLinking>
        </MedlineJournalInfo>
    </MedlineCitation>
    <PubmedData>
        <History>
            <PubMedPubDate PubStatus="received">
                <Year>2017</Year>
                <Month>09</Month>
                <Day>27</Day>
            </PubMedPubDate>
            <PubMedPubDate PubStatus="accepted">
                <Year>2019</Year>
                <Month>02</Month>
                <Day>21</Day>
            </PubMedPubDate>
            <PubMedPubDate PubStatus="entrez">
                <Year>2019</Year>
                <Month>3</Month>
                <Day>9</Day>
                <Hour>6</Hour>
                <Minute>0</Minute>
            </PubMedPubDate>
            <PubMedPubDate PubStatus="pubmed">
                <Year>2019</Year>
                <Month>3</Month>
                <Day>9</Day>
                <Hour>6</Hour>
                <Minute>0</Minute>
            </PubMedPubDate>
            <PubMedPubDate PubStatus="medline">
                <Year>2019</Year>
                <Month>3</Month>
                <Day>9</Day>
                <Hour>6</Hour>
                <Minute>0</Minute>
            </PubMedPubDate>
        </History>
        <PublicationStatus>epublish</PublicationStatus>
        <ArticleIdList>
            <ArticleId IdType="pubmed">30846809</ArticleId>
            <ArticleId IdType="doi">10.1038/s41598-019-40754-9</ArticleId>
            <ArticleId IdType="pii">10.1038/s41598-019-40754-9</ArticleId>
        </ArticleIdList>
    </PubmedData>
</PubmedArticle>


<PubmedArticle>
    <MedlineCitation Status="Publisher" Owner="NLM">
        <PMID Version="1">30846481</PMID>
        <DateRevised>
            <Year>2019</Year>
            <Month>03</Month>
            <Day>08</Day>
        </DateRevised>
        <Article PubModel="Print-Electronic">
            <Journal>
                <ISSN IssnType="Electronic">2160-1836</ISSN>
                <JournalIssue CitedMedium="Internet">
                    <PubDate>
                        <Year>2019</Year>
                        <Month>Mar</Month>
                        <Day>07</Day>
                    </PubDate>
                </JournalIssue>
                <Title>G3 (Bethesda, Md.)</Title>
                <ISOAbbreviation>G3 (Bethesda)</ISOAbbreviation>
            </Journal>
            <ArticleTitle>Small RNA-Seq Analysis Reveals miRNA Expression Dynamics Across Tissues in the Malaria Vector, <i>Anopheles gambiae</i>.</ArticleTitle>
            <ELocationID EIdType="pii" ValidYN="Y">g3.400104.2019</ELocationID>
            <ELocationID EIdType="doi" ValidYN="Y">10.1534/g3.119.400104</ELocationID>
            <Abstract>
                <AbstractText>Malaria continues to be a major global health problem, where disease transmission is deeply linked to the repeated blood feeding nature of the anautogenous mosquito. Given the tight link between blood feeding and disease transmission, understanding basic biology behind mosquito physiology is a requirement for developing effective vector-borne disease control strategies. In the mosquito, numerous loss of function studies with notable phenotypes demonstrate microRNAs (miRNAs) play significant roles in mosquito physiology. While the field appreciates the importance of a handful of miRNAs, we still need global mosquito tissue miRNA transcriptome studies. To address this need, our goal was to determine the miRNA transcriptome for multiple tissues of the pre-vitellogenic mosquito. To this end, by using small RNA-Seq analysis, we determined miRNA transcriptomes in tissues critical for mosquito reproduction and immunity including (i) fat body-abdominal wall enriched tissues, (ii) midguts, (iii) ovaries, and (iv) remaining tissues comprised of the head and thorax. We found numerous examples of miRNAs exhibiting pan-tissue high- or low- expression, tissue exclusion, and tissue enrichment. We also updated and consolidated the miRNA catalog and provided a detailed genome architecture map for the malaria vector, <i>Anopheles gambiae</i> This study aims to build a foundation for future research on how miRNAs and potentially other small RNAs regulate mosquito physiology as it relates to vector-borne disease transmission.</AbstractText>
                <CopyrightInformation>Copyright © 2019, G3: Genes, Genomes, Genetics.</CopyrightInformation>
            </Abstract>
            <AuthorList CompleteYN="Y">
                <Author ValidYN="Y">
                    <LastName>Bryant</LastName>
                    <ForeName>William Bart</ForeName>
                    <Initials>WB</Initials>
                    <AffiliationInfo>
                        <Affiliation>Kansas State University WilliamB@usca.edu.</Affiliation>
                    </AffiliationInfo>
                </Author>
                <Author ValidYN="Y">
                    <LastName>Mills</LastName>
                    <ForeName>Mary Katherine</ForeName>
                    <Initials>MK</Initials>
                    <AffiliationInfo>
                        <Affiliation>Kansas State University.</Affiliation>
                    </AffiliationInfo>
                </Author>
                <Author ValidYN="Y">
                    <LastName>Olson</LastName>
                    <ForeName>Bradley J S C</ForeName>
                    <Initials>BJSC</Initials>
                    <AffiliationInfo>
                        <Affiliation>Kansas State University.</Affiliation>
                    </AffiliationInfo>
                </Author>
                <Author ValidYN="Y">
                    <LastName>Michel</LastName>
                    <ForeName>Kristin</ForeName>
                    <Initials>K</Initials>
                    <AffiliationInfo>
                        <Affiliation>Kansas State University.</Affiliation>
                    </AffiliationInfo>
                </Author>
            </AuthorList>
            <Language>eng</Language>
            <PublicationTypeList>
                <PublicationType UI="D016428">Journal Article</PublicationType>
            </PublicationTypeList>
            <ArticleDate DateType="Electronic">
                <Year>2019</Year>
                <Month>03</Month>
                <Day>07</Day>
            </ArticleDate>
        </Article>
        <MedlineJournalInfo>
            <Country>United States</Country>
            <MedlineTA>G3 (Bethesda)</MedlineTA>
            <NlmUniqueID>101566598</NlmUniqueID>
            <ISSNLinking>2160-1836</ISSNLinking>
        </MedlineJournalInfo>
        <KeywordList Owner="NOTNLM">
            <Keyword MajorTopicYN="N">malaria</Keyword>
            <Keyword MajorTopicYN="N">miRNA</Keyword>
            <Keyword MajorTopicYN="N">mosquito reproduction</Keyword>
            <Keyword MajorTopicYN="N">mosquito tissue</Keyword>
            <Keyword MajorTopicYN="N">small RNAs</Keyword>
        </KeywordList>
    </MedlineCitation>
    <PubmedData>
        <History>
            <PubMedPubDate PubStatus="entrez">
                <Year>2019</Year>
                <Month>3</Month>
                <Day>9</Day>
                <Hour>6</Hour>
                <Minute>0</Minute>
            </PubMedPubDate>
            <PubMedPubDate PubStatus="pubmed">
                <Year>2019</Year>
                <Month>3</Month>
                <Day>9</Day>
                <Hour>6</Hour>
                <Minute>0</Minute>
            </PubMedPubDate>
            <PubMedPubDate PubStatus="medline">
                <Year>2019</Year>
                <Month>3</Month>
                <Day>9</Day>
                <Hour>6</Hour>
                <Minute>0</Minute>
            </PubMedPubDate>
        </History>
        <PublicationStatus>aheadofprint</PublicationStatus>
        <ArticleIdList>
            <ArticleId IdType="pubmed">30846481</ArticleId>
            <ArticleId IdType="pii">g3.119.400104</ArticleId>
            <ArticleId IdType="doi">10.1534/g3.119.400104</ArticleId>
        </ArticleIdList>
    </PubmedData>
</PubmedArticle>


<PubmedArticle>
    <MedlineCitation Status="In-Process" Owner="NLM">
        <PMID Version="1">30845961</PMID>
        <DateRevised>
            <Year>2019</Year>
            <Month>03</Month>
            <Day>08</Day>
        </DateRevised>
        <Article PubModel="Electronic">
            <Journal>
                <ISSN IssnType="Electronic">1475-2875</ISSN>
                <JournalIssue CitedMedium="Internet">
                    <Volume>18</Volume>
                    <Issue>1</Issue>
                    <PubDate>
                        <Year>2019</Year>
                        <Month>Mar</Month>
                        <Day>07</Day>
                    </PubDate>
                </JournalIssue>
                <Title>Malaria journal</Title>
                <ISOAbbreviation>Malar. J.</ISOAbbreviation>
            </Journal>
            <ArticleTitle>UDP-glycosyltransferase genes and their association and mutations associated with pyrethroid resistance in Anopheles sinensis (Diptera: Culicidae).</ArticleTitle>
            <Pagination>
                <MedlinePgn>62</MedlinePgn>
            </Pagination>
            <ELocationID EIdType="doi" ValidYN="Y">10.1186/s12936-019-2705-2</ELocationID>
            <Abstract>
                <AbstractText Label="BACKGROUND" NlmCategory="BACKGROUND">UDP-glycosyltransferase (UGT) is an important biotransformation superfamily of enzymes. They catalyze the transfer of glycosyl residues from activated nucleotide sugars to acceptor hydrophobic molecules, and function in several physiological processes, including detoxification, olfaction, cuticle formation, pigmentation. The diversity, classification, scaffold location, characteristics, phylogenetics, and evolution of the superfamily of genes at whole genome level, and their association and mutations associated with pyrethroid resistance are still little known.</AbstractText>
                <AbstractText Label="METHODS" NlmCategory="METHODS">The present study identified UGT genes in Anopheles sinensis genome, classified UGT genes in An. sinensis, Anopheles gambiae, Aedes aegypti and Drosophila melanogaster genomes, and analysed the scaffold location, characteristics, phylogenetics, and evolution of An. sinensis UGT genes using bioinformatics methods. The present study also identified the UGTs associated with pyrethroid resistance using three field pyrethroid-resistant populations with RNA-seq and RT-qPCR, and the mutations associated with pyrethroid resistance with genome re-sequencing in An. sinensis.</AbstractText>
                <AbstractText Label="RESULTS" NlmCategory="RESULTS">There are 30 putative UGTs in An. sinensis genome, which are classified into 12 families (UGT301, UGT302, UGT306, UGT308, UGT309, UGT310, UGT313, UGT314, UGT315, UGT36, UGT49, UGT50) and further into 23 sub-families. The UGT308 is significantly expanded in gene number compared with other families. A total of 119 UGTs from An. sinensis, An. gambiae, Aedes aegypti and Drosophila melanogaster genomes are classified into 19 families, of which seven are specific for three mosquito species and seven are specific for Drosophila melanogaster. The UGT308 and UGT302 are proposed to main families involved in pyrethroid resistance. The AsUGT308D3 is proposed to be the essential UGT gene for the participation in biotransformation in pyrethroid detoxification process, which is possibly regulated by eight SNPs in its 3' flanking region. The UGT302A3 is also associated with pyrethroid resistance, and four amino acid mutations in its coding sequences might enhance its catalytic activity and further result in higher insecticide resistance.</AbstractText>
                <AbstractText Label="CONCLUSIONS" NlmCategory="CONCLUSIONS">This study provides the diversity, phylogenetics and evolution of UGT genes, and potential UGT members and mutations involved in pyrethroid resistance in An. sinensis, and lays an important basis for the better understanding and further research on UGT function in defense against insecticide stress.</AbstractText>
            </Abstract>
            <AuthorList CompleteYN="Y">
                <Author ValidYN="Y">
                    <LastName>Zhou</LastName>
                    <ForeName>Yong</ForeName>
                    <Initials>Y</Initials>
                    <AffiliationInfo>
                        <Affiliation>School of Life Sciences, Chongqing University, Chongqing, 401331, China.</Affiliation>
                    </AffiliationInfo>
                    <AffiliationInfo>
                        <Affiliation>Chongqing Key Laboratory of Vector Insects, Institute of Entomology and Molecular Biology, Chongqing Normal University, Chongqing, 401331, China.</Affiliation>
                    </AffiliationInfo>
                </Author>
                <Author ValidYN="Y">
                    <LastName>Fu</LastName>
                    <ForeName>Wen-Bo</ForeName>
                    <Initials>WB</Initials>
                    <AffiliationInfo>
                        <Affiliation>Chongqing Key Laboratory of Vector Insects, Institute of Entomology and Molecular Biology, Chongqing Normal University, Chongqing, 401331, China.</Affiliation>
                    </AffiliationInfo>
                </Author>
                <Author ValidYN="Y">
                    <LastName>Si</LastName>
                    <ForeName>Feng-Ling</ForeName>
                    <Initials>FL</Initials>
                    <AffiliationInfo>
                        <Affiliation>Chongqing Key Laboratory of Vector Insects, Institute of Entomology and Molecular Biology, Chongqing Normal University, Chongqing, 401331, China.</Affiliation>
                    </AffiliationInfo>
                </Author>
                <Author ValidYN="Y">
                    <LastName>Yan</LastName>
                    <ForeName>Zhen-Tian</ForeName>
                    <Initials>ZT</Initials>
                    <AffiliationInfo>
                        <Affiliation>Chongqing Key Laboratory of Vector Insects, Institute of Entomology and Molecular Biology, Chongqing Normal University, Chongqing, 401331, China.</Affiliation>
                    </AffiliationInfo>
                </Author>
                <Author ValidYN="Y">
                    <LastName>Zhang</LastName>
                    <ForeName>Yu-Juan</ForeName>
                    <Initials>YJ</Initials>
                    <AffiliationInfo>
                        <Affiliation>Chongqing Key Laboratory of Vector Insects, Institute of Entomology and Molecular Biology, Chongqing Normal University, Chongqing, 401331, China.</Affiliation>
                    </AffiliationInfo>
                </Author>
                <Author ValidYN="Y">
                    <LastName>He</LastName>
                    <ForeName>Qi-Yi</ForeName>
                    <Initials>QY</Initials>
                    <AffiliationInfo>
                        <Affiliation>Chongqing Key Laboratory of Vector Insects, Institute of Entomology and Molecular Biology, Chongqing Normal University, Chongqing, 401331, China.</Affiliation>
                    </AffiliationInfo>
                </Author>
                <Author ValidYN="Y">
                    <LastName>Chen</LastName>
                    <ForeName>Bin</ForeName>
                    <Initials>B</Initials>
                    <Identifier Source="ORCID">http://orcid.org/0000-0002-5227-7736</Identifier>
                    <AffiliationInfo>
                        <Affiliation>Chongqing Key Laboratory of Vector Insects, Institute of Entomology and Molecular Biology, Chongqing Normal University, Chongqing, 401331, China. bin.chen@cqnu.edu.cn.</Affiliation>
                    </AffiliationInfo>
                </Author>
            </AuthorList>
            <Language>eng</Language>
            <GrantList CompleteYN="Y">
                <Grant>
                    <GrantID>31672363</GrantID>
                    <Agency>National Natural Science Foundation of China (CN)</Agency>
                    <Country/>
                </Grant>
                <Grant>
                    <GrantID>31872262</GrantID>
                    <Agency>National Natural Science Foundation of China</Agency>
                    <Country/>
                </Grant>
                <Grant>
                    <GrantID>31871274</GrantID>
                    <Agency>National Natural Science Foundation of China</Agency>
                    <Country/>
                </Grant>
                <Grant>
                    <GrantID>2015FY210300</GrantID>
                    <Agency>National Key Program of Science and Technology Foundation Work of China</Agency>
                    <Country/>
                </Grant>
                <Grant>
                    <GrantID>CSTC2016JCYJA0375</GrantID>
                    <Agency>Chongqing Research Program of Basic Research and Frontier Technology</Agency>
                    <Country/>
                </Grant>
                <Grant>
                    <GrantID>CSTC2018JCYJA2487</GrantID>
                    <Agency>Chongqing Natural Science Foundation and Frontier Research Planning Project</Agency>
                    <Country/>
                </Grant>
                <Grant>
                    <GrantID>17XLB017</GrantID>
                    <Agency>Scientific Research Staring Foundation of Chongqing Normal University</Agency>
                    <Country/>
                </Grant>
            </GrantList>
            <PublicationTypeList>
                <PublicationType UI="D016428">Journal Article</PublicationType>
            </PublicationTypeList>
            <ArticleDate DateType="Electronic">
                <Year>2019</Year>
                <Month>03</Month>
                <Day>07</Day>
            </ArticleDate>
        </Article>
        <MedlineJournalInfo>
            <Country>England</Country>
            <MedlineTA>Malar J</MedlineTA>
            <NlmUniqueID>101139802</NlmUniqueID>
            <ISSNLinking>1475-2875</ISSNLinking>
        </MedlineJournalInfo>
        <KeywordList Owner="NOTNLM">
            <Keyword MajorTopicYN="N">Anopheles sinensis</Keyword>
            <Keyword MajorTopicYN="N">Diversity and evolution</Keyword>
            <Keyword MajorTopicYN="N">Expression profile</Keyword>
            <Keyword MajorTopicYN="N">Pyrethroid resistance</Keyword>
            <Keyword MajorTopicYN="N">Single nucleotide polymorphisms</Keyword>
            <Keyword MajorTopicYN="N">UDP-glycosyltransferase (UGT)</Keyword>
        </KeywordList>
    </MedlineCitation>
    <PubmedData>
        <History>
            <PubMedPubDate PubStatus="received">
                <Year>2018</Year>
                <Month>12</Month>
                <Day>06</Day>
            </PubMedPubDate>
            <PubMedPubDate PubStatus="accepted">
                <Year>2019</Year>
                <Month>03</Month>
                <Day>02</Day>
            </PubMedPubDate>
            <PubMedPubDate PubStatus="entrez">
                <Year>2019</Year>
                <Month>3</Month>
                <Day>9</Day>
                <Hour>6</Hour>
                <Minute>0</Minute>
            </PubMedPubDate>
            <PubMedPubDate PubStatus="pubmed">
                <Year>2019</Year>
                <Month>3</Month>
                <Day>9</Day>
                <Hour>6</Hour>
                <Minute>0</Minute>
            </PubMedPubDate>
            <PubMedPubDate PubStatus="medline">
                <Year>2019</Year>
                <Month>3</Month>
                <Day>9</Day>
                <Hour>6</Hour>
                <Minute>0</Minute>
            </PubMedPubDate>
        </History>
        <PublicationStatus>epublish</PublicationStatus>
        <ArticleIdList>
            <ArticleId IdType="pubmed">30845961</ArticleId>
            <ArticleId IdType="doi">10.1186/s12936-019-2705-2</ArticleId>
            <ArticleId IdType="pii">10.1186/s12936-019-2705-2</ArticleId>
        </ArticleIdList>
    </PubmedData>
</PubmedArticle>


<PubmedArticle>
    <MedlineCitation Status="In-Process" Owner="NLM">
        <PMID Version="1">30845906</PMID>
        <DateRevised>
            <Year>2019</Year>
            <Month>03</Month>
            <Day>08</Day>
        </DateRevised>
        <Article PubModel="Electronic">
            <Journal>
                <ISSN IssnType="Electronic">1471-2164</ISSN>
                <JournalIssue CitedMedium="Internet">
                    <Volume>20</Volume>
                    <Issue>1</Issue>
                    <PubDate>
                        <Year>2019</Year>
                        <Month>Mar</Month>
                        <Day>07</Day>
                    </PubDate>
                </JournalIssue>
                <Title>BMC genomics</Title>
                <ISOAbbreviation>BMC Genomics</ISOAbbreviation>
            </Journal>
            <ArticleTitle>De novo comparative transcriptome analysis of a rare cicada, with identification of candidate genes related to adaptation to a novel host plant and drier habitats.</ArticleTitle>
            <Pagination>
                <MedlinePgn>182</MedlinePgn>
            </Pagination>
            <ELocationID EIdType="doi" ValidYN="Y">10.1186/s12864-019-5547-y</ELocationID>
            <Abstract>
                <AbstractText Label="BACKGROUND" NlmCategory="BACKGROUND">Although the importance of host plant chemistry in plant-insect interactions is widely recognized, our understanding about the genetic basis underlying the relationship between changes in midgut proteins and adaptation of plant-feeding insects to novel host plants and habitats is very limited. To address this knowledge gap, the transcriptional profiles of midguts among three populations of the cicada Subpsaltria yangi Chen were compared. Among which, the Hancheng (HC) and Fengxiang (FX) populations occurring in the Loess Plateau feed on Ziziphus jujuba Mill. var. spinosa (Bunge) Hu ex H. F. Chow, while the population occurring in a much drier habitat in the Helan (HL) Mountains is locally specialized on a chemically divergent plant, Ephedra lepidosperma C. Y. Cheng.</AbstractText>
                <AbstractText Label="RESULTS" NlmCategory="RESULTS">Based on comparative analysis, 1826 (HL vs HC) differentially expressed genes (DEGs) and 723 DEGs (HL vs FX) were identified between the populations utilizing different host plants, including 20, 36, 2, 5 and 2 genes related to digestion, detoxification, oxidation-reduction, stress response and water-deprivation response, respectively, and 35 genes presumably associated with osmoregulation. However, only 183 DEGs were identified between the HC and FX populations, including two genes related to detoxification, two genes related to stress response, and one gene presumably associated with osmoregulation. These results suggest that the weakest expression differences were between the populations utilizing the same host plant and occurring in the closest habitats, which may help explain the metabolic mechanism of adaptation in S. yangi populations to novel host plants and new niches.</AbstractText>
                <AbstractText Label="CONCLUSIONS" NlmCategory="CONCLUSIONS">The observed differences in gene expression among S. yangi populations are consistent with the hypothesis that the host plant shift and habitat adaptation in the HL population was facilitated by differential regulation of genes related to digestion, detoxification, oxidation-reduction, stress response, water-deprivation response and osmoregulation. The results may inform future studies on the molecular mechanisms underlying the relationship between changes in midgut proteins and adaptation of herbivorous insects to novel host plants and new niches.</AbstractText>
            </Abstract>
            <AuthorList CompleteYN="Y">
                <Author ValidYN="Y">
                    <LastName>Hou</LastName>
                    <ForeName>Zehai</ForeName>
                    <Initials>Z</Initials>
                    <AffiliationInfo>
                        <Affiliation>State Key Laboratory of Crop Stress Biology for Arid Areas, and Key Laboratory of Plant Protection Resources and Pest Management, Ministry of Education, College of Plant Protection, Northwest A&amp;F University, Yangling, 712100, Shaanxi, China.</Affiliation>
                    </AffiliationInfo>
                </Author>
                <Author ValidYN="Y">
                    <LastName>Wei</LastName>
                    <ForeName>Cong</ForeName>
                    <Initials>C</Initials>
                    <Identifier Source="ORCID">http://orcid.org/0000-0001-9071-2834</Identifier>
                    <AffiliationInfo>
                        <Affiliation>State Key Laboratory of Crop Stress Biology for Arid Areas, and Key Laboratory of Plant Protection Resources and Pest Management, Ministry of Education, College of Plant Protection, Northwest A&amp;F University, Yangling, 712100, Shaanxi, China. congwei@nwsuaf.edu.cn.</Affiliation>
                    </AffiliationInfo>
                </Author>
            </AuthorList>
            <Language>eng</Language>
            <GrantList CompleteYN="Y">
                <Grant>
                    <GrantID>31572302, 31772505</GrantID>
                    <Agency>National Natural Science Foundation of China</Agency>
                    <Country/>
                </Grant>
            </GrantList>
            <PublicationTypeList>
                <PublicationType UI="D016428">Journal Article</PublicationType>
            </PublicationTypeList>
            <ArticleDate DateType="Electronic">
                <Year>2019</Year>
                <Month>03</Month>
                <Day>07</Day>
            </ArticleDate>
        </Article>
        <MedlineJournalInfo>
            <Country>England</Country>
            <MedlineTA>BMC Genomics</MedlineTA>
            <NlmUniqueID>100965258</NlmUniqueID>
            <ISSNLinking>1471-2164</ISSNLinking>
        </MedlineJournalInfo>
        <KeywordList Owner="NOTNLM">
            <Keyword MajorTopicYN="N">Cicadidae</Keyword>
            <Keyword MajorTopicYN="N">Host adaptation</Keyword>
            <Keyword MajorTopicYN="N">Host shift</Keyword>
            <Keyword MajorTopicYN="N">Midgut</Keyword>
            <Keyword MajorTopicYN="N">Plasticity</Keyword>
            <Keyword MajorTopicYN="N">RNA-Seq</Keyword>
            <Keyword MajorTopicYN="N">Transcriptional variation</Keyword>
        </KeywordList>
    </MedlineCitation>
    <PubmedData>
        <History>
            <PubMedPubDate PubStatus="received">
                <Year>2018</Year>
                <Month>11</Month>
                <Day>18</Day>
            </PubMedPubDate>
            <PubMedPubDate PubStatus="accepted">
                <Year>2019</Year>
                <Month>02</Month>
                <Day>20</Day>
            </PubMedPubDate>
            <PubMedPubDate PubStatus="entrez">
                <Year>2019</Year>
                <Month>3</Month>
                <Day>9</Day>
                <Hour>6</Hour>
                <Minute>0</Minute>
            </PubMedPubDate>
            <PubMedPubDate PubStatus="pubmed">
                <Year>2019</Year>
                <Month>3</Month>
                <Day>9</Day>
                <Hour>6</Hour>
                <Minute>0</Minute>
            </PubMedPubDate>
            <PubMedPubDate PubStatus="medline">
                <Year>2019</Year>
                <Month>3</Month>
                <Day>9</Day>
                <Hour>6</Hour>
                <Minute>0</Minute>
            </PubMedPubDate>
        </History>
        <PublicationStatus>epublish</PublicationStatus>
        <ArticleIdList>
            <ArticleId IdType="pubmed">30845906</ArticleId>
            <ArticleId IdType="doi">10.1186/s12864-019-5547-y</ArticleId>
            <ArticleId IdType="pii">10.1186/s12864-019-5547-y</ArticleId>
        </ArticleIdList>
    </PubmedData>
</PubmedArticle>


<PubmedArticle>
    <MedlineCitation Status="PubMed-not-MEDLINE" Owner="NLM">
        <PMID Version="1">30845770</PMID>
        <DateRevised>
            <Year>2019</Year>
            <Month>03</Month>
            <Day>08</Day>
        </DateRevised>
        <Article PubModel="Electronic">
            <Journal>
                <ISSN IssnType="Print">2072-6694</ISSN>
                <JournalIssue CitedMedium="Print">
                    <Volume>11</Volume>
                    <Issue>3</Issue>
                    <PubDate>
                        <Year>2019</Year>
                        <Month>Mar</Month>
                        <Day>06</Day>
                    </PubDate>
                </JournalIssue>
                <Title>Cancers</Title>
                <ISOAbbreviation>Cancers (Basel)</ISOAbbreviation>
            </Journal>
            <ArticleTitle>Insight into the Role and Regulation of Gap Junction Genes in Lung Cancer and Identification of Nuclear Cx43 as a Putative Biomarker of Poor Prognosis.</ArticleTitle>
            <ELocationID EIdType="pii" ValidYN="Y">E320</ELocationID>
            <ELocationID EIdType="doi" ValidYN="Y">10.3390/cancers11030320</ELocationID>
            <Abstract>
                <AbstractText>Direct intercellular communication, mediated by gap junctions formed by the connexin transmembrane protein family, is frequently dysregulated in cancer. Connexins have been described as tumour suppressors, but emerging evidence suggests that they can also act as tumour promoters. This feature is connexin- and tissue-specific and may be mediated by complex signalling pathways through gap junctions or hemichannels or by completely junction-independent events. Lung cancer is the number one cancer in terms of mortality worldwide, and novel biomarkers and therapeutic targets are urgently needed. Our objective was to gain a better understanding of connexins in this setting. We used several in silico tools to analyse TCGA data in order to compare connexin mRNA expression between healthy lung tissue and lung tumours and correlated these results with gene methylation patterns. Using Kaplan-Meier plotter tools, we analysed a microarray dataset and an RNA-seq dataset of non-small cell lung tumours in order to correlate connexin expression with patient prognosis. We found that connexin mRNA expression is frequently either upregulated or downregulated in lung tumours. This correlated with both good and poor prognosis (overall survival) in a clear connexin isoform-dependent manner. These associations were strongly influenced by the histological subtype (adenocarcinoma versus squamous cell carcinoma). We present an overview of all connexins but particularly focus on four isoforms implicated in lung cancer: Cx26, Cx30.3, Cx32 and Cx43. We further analysed the protein expression and localization of Cx43 in a series of 73 human lung tumours. We identified a subset of tumours that exhibited a unique strong nuclear Cx43 expression pattern that predicted worse overall survival (<i>p</i> = 0.014). Upon sub-stratification, the prognostic value remained highly significant in the adenocarcinoma subtype (<i>p</i> = 0.002) but not in the squamous carcinoma subtype (<i>p</i> = 0.578). This finding highlights the importance of analysis of connexin expression at the protein level, particularly the subcellular localization. Elucidation of the underlying pathways regulating Cx43 localization may provide for novel therapeutic opportunities.</AbstractText>
            </Abstract>
            <AuthorList CompleteYN="Y">
                <Author ValidYN="Y">
                    <LastName>Aasen</LastName>
                    <ForeName>Trond</ForeName>
                    <Initials>T</Initials>
                    <AffiliationInfo>
                        <Affiliation>Translational Molecular Pathology, Vall d'Hebron Research Institute (VHIR), Barcelona 08035, Spain. trond.aasen@vhir.org.</Affiliation>
                    </AffiliationInfo>
                </Author>
                <Author ValidYN="Y">
                    <LastName>Sansano</LastName>
                    <ForeName>Irene</ForeName>
                    <Initials>I</Initials>
                    <AffiliationInfo>
                        <Affiliation>Pathology Department, Vall d'Hebron University Hospital, Barcelona 08035, Spain. isansava@gmail.com.</Affiliation>
                    </AffiliationInfo>
                </Author>
                <Author ValidYN="Y">
                    <LastName>Montero</LastName>
                    <ForeName>Maria <U+00C1>ngeles</ForeName>
                    <Initials>M<U+00C1></Initials>
                    <AffiliationInfo>
                        <Affiliation>Pathology Department, Vall d'Hebron University Hospital, Barcelona 08035, Spain. angeles.montero@mft.nhs.uk.</Affiliation>
                    </AffiliationInfo>
                </Author>
                <Author ValidYN="Y">
                    <LastName>Romagosa</LastName>
                    <ForeName>Cleof<U+00E9></ForeName>
                    <Initials>C</Initials>
                    <AffiliationInfo>
                        <Affiliation>Pathology Department, Vall d'Hebron University Hospital, Barcelona 08035, Spain. cleoferoma@gmail.com.</Affiliation>
                    </AffiliationInfo>
                </Author>
                <Author ValidYN="Y">
                    <LastName>Temprana-Salvador</LastName>
                    <ForeName>Jordi</ForeName>
                    <Initials>J</Initials>
                    <AffiliationInfo>
                        <Affiliation>Pathology Department, Vall d'Hebron University Hospital, Barcelona 08035, Spain. jordi.temprana@gmail.com.</Affiliation>
                    </AffiliationInfo>
                </Author>
                <Author ValidYN="Y">
                    <LastName>Mart<U+00ED>nez-Marti</LastName>
                    <ForeName>Alexandre</ForeName>
                    <Initials>A</Initials>
                    <AffiliationInfo>
                        <Affiliation>Medical Oncology Department, Vall d'Hebron University Hospital, Barcelona 08035, Spain. alexmartinezmarti.oncologia@gmail.com.</Affiliation>
                    </AffiliationInfo>
                </Author>
                <Author ValidYN="Y">
                    <LastName>Molin<U+00E9></LastName>
                    <ForeName>Teresa</ForeName>
                    <Initials>T</Initials>
                    <AffiliationInfo>
                        <Affiliation>Pathology Department, Vall d'Hebron University Hospital, Barcelona 08035, Spain. teresa.moline@vhir.org.</Affiliation>
                    </AffiliationInfo>
                </Author>
                <Author ValidYN="Y">
                    <LastName>Hern<U+00E1>ndez-Losa</LastName>
                    <ForeName>Javier</ForeName>
                    <Initials>J</Initials>
                    <AffiliationInfo>
                        <Affiliation>Pathology Department, Vall d'Hebron University Hospital, Barcelona 08035, Spain. jahernan@vhebron.net.</Affiliation>
                    </AffiliationInfo>
                </Author>
                <Author ValidYN="Y">
                    <LastName>Y Cajal</LastName>
                    <ForeName>Santiago Ram<U+00F3>n</ForeName>
                    <Initials>SR</Initials>
                    <AffiliationInfo>
                        <Affiliation>Translational Molecular Pathology, Vall d'Hebron Research Institute (VHIR), Barcelona 08035, Spain. sramon@vhebron.net.</Affiliation>
                    </AffiliationInfo>
                    <AffiliationInfo>
                        <Affiliation>Pathology Department, Vall d'Hebron University Hospital, Barcelona 08035, Spain. sramon@vhebron.net.</Affiliation>
                    </AffiliationInfo>
                </Author>
            </AuthorList>
            <Language>eng</Language>
            <GrantList CompleteYN="Y">
                <Grant>
                    <GrantID>CPII16/00042</GrantID>
                    <Agency>Instituto de Salud Carlos III</Agency>
                    <Country/>
                </Grant>
                <Grant>
                    <GrantID>PI13/00763</GrantID>
                    <Agency>Instituto de Salud Carlos III</Agency>
                    <Country/>
                </Grant>
                <Grant>
                    <GrantID>PI16/00772</GrantID>
                    <Agency>Instituto de Salud Carlos III</Agency>
                    <Country/>
                </Grant>
            </GrantList>
            <PublicationTypeList>
                <PublicationType UI="D016428">Journal Article</PublicationType>
            </PublicationTypeList>
            <ArticleDate DateType="Electronic">
                <Year>2019</Year>
                <Month>03</Month>
                <Day>06</Day>
            </ArticleDate>
        </Article>
        <MedlineJournalInfo>
            <Country>Switzerland</Country>
            <MedlineTA>Cancers (Basel)</MedlineTA>
            <NlmUniqueID>101526829</NlmUniqueID>
            <ISSNLinking>2072-6694</ISSNLinking>
        </MedlineJournalInfo>
        <KeywordList Owner="NOTNLM">
            <Keyword MajorTopicYN="N">Cx43</Keyword>
            <Keyword MajorTopicYN="N">connexins</Keyword>
            <Keyword MajorTopicYN="N">gap junctions</Keyword>
            <Keyword MajorTopicYN="N">immunohistochemistry</Keyword>
            <Keyword MajorTopicYN="N">lung cancer</Keyword>
            <Keyword MajorTopicYN="N">nuclear</Keyword>
            <Keyword MajorTopicYN="N">prognosis</Keyword>
        </KeywordList>
        <CoiStatement>The authors declare no conflict of interest. The funders had no role in the design of the study; in the collection, analyses, or interpretation of data; in the writing of the manuscript, or in the decision to publish the results.</CoiStatement>
    </MedlineCitation>
    <PubmedData>
        <History>
            <PubMedPubDate PubStatus="received">
                <Year>2019</Year>
                <Month>02</Month>
                <Day>11</Day>
            </PubMedPubDate>
            <PubMedPubDate PubStatus="revised">
                <Year>2019</Year>
                <Month>02</Month>
                <Day>25</Day>
            </PubMedPubDate>
            <PubMedPubDate PubStatus="accepted">
                <Year>2019</Year>
                <Month>03</Month>
                <Day>02</Day>
            </PubMedPubDate>
            <PubMedPubDate PubStatus="entrez">
                <Year>2019</Year>
                <Month>3</Month>
                <Day>9</Day>
                <Hour>6</Hour>
                <Minute>0</Minute>
            </PubMedPubDate>
            <PubMedPubDate PubStatus="pubmed">
                <Year>2019</Year>
                <Month>3</Month>
                <Day>9</Day>
                <Hour>6</Hour>
                <Minute>0</Minute>
            </PubMedPubDate>
            <PubMedPubDate PubStatus="medline">
                <Year>2019</Year>
                <Month>3</Month>
                <Day>9</Day>
                <Hour>6</Hour>
                <Minute>1</Minute>
            </PubMedPubDate>
        </History>
        <PublicationStatus>epublish</PublicationStatus>
        <ArticleIdList>
            <ArticleId IdType="pubmed">30845770</ArticleId>
            <ArticleId IdType="pii">cancers11030320</ArticleId>
            <ArticleId IdType="doi">10.3390/cancers11030320</ArticleId>
        </ArticleIdList>
    </PubmedData>
</PubmedArticle>


<PubmedArticle>
    <MedlineCitation Status="PubMed-not-MEDLINE" Owner="NLM">
        <PMID Version="1">30845727</PMID>
        <DateRevised>
            <Year>2019</Year>
            <Month>03</Month>
            <Day>08</Day>
        </DateRevised>
        <Article PubModel="Electronic">
            <Journal>
                <ISSN IssnType="Print">2073-4409</ISSN>
                <JournalIssue CitedMedium="Print">
                    <Volume>8</Volume>
                    <Issue>3</Issue>
                    <PubDate>
                        <Year>2019</Year>
                        <Month>Mar</Month>
                        <Day>06</Day>
                    </PubDate>
                </JournalIssue>
                <Title>Cells</Title>
                <ISOAbbreviation>Cells</ISOAbbreviation>
            </Journal>
            <ArticleTitle>Physiological Expression of Ion Channel Receptors in Human Periodontal Ligament Stem Cells.</ArticleTitle>
            <ELocationID EIdType="pii" ValidYN="Y">E219</ELocationID>
            <ELocationID EIdType="doi" ValidYN="Y">10.3390/cells8030219</ELocationID>
            <Abstract>
                <AbstractText>The etiopathogenesis of neurodegenerative diseases is characterized by the death of neurons. Human periodontal ligament stem cells (hPDLSCs), coming from neuronal crest, can potentially become neuronal cells because of their embryologic origin. In this study, we performed an RNA-seq analysis of hPDLSCs in order to determine whether their transcriptomic profile revealed genes encoded for ion channel receptors. Next, each found gene was enriched by the information of pathways stored in the Reactome database. Our results show that the hPDLSCs express <i>GABBR1</i> and <i>GABBR2, CHRNA1</i>, <i>GRINA</i> genes, respectively associated with GABA<sub>B</sub>, NMDA and nACh receptors. In particular, the two subunits of GABA<sub>B</sub> receptor are expressed in hPDLSCs. Further, the proteic extract for GABA<sub>B</sub>R1, GABA<sub>B</sub>R2 and AChR<U+03B1>1 confirmed their expression in hPDLSCs. Our results show that hPDLSCs express physiologically genes associated with ion channel receptors maintaining multipotent features which are useful for neurogenesis.</AbstractText>
            </Abstract>
            <AuthorList CompleteYN="Y">
                <Author ValidYN="Y">
                    <LastName>Chiricosta</LastName>
                    <ForeName>Luigi</ForeName>
                    <Initials>L</Initials>
                    <Identifier Source="ORCID">0000-0003-0358-7348</Identifier>
                    <AffiliationInfo>
                        <Affiliation>IRCCS Centro Neurolesi &quot;Bonino-Pulejo&quot;, 98124 Messina, Italy. luigi.chiricosta@irccsme.it.</Affiliation>
                    </AffiliationInfo>
                </Author>
                <Author ValidYN="Y">
                    <LastName>Diomede</LastName>
                    <ForeName>Francesca</ForeName>
                    <Initials>F</Initials>
                    <Identifier Source="ORCID">0000-0002-0384-6509</Identifier>
                    <AffiliationInfo>
                        <Affiliation>Department of Medical, Oral and Biotechnological Sciences, University &quot;G. d'Annunzio&quot; Chieti-Pescara, 66100 Chieti, Italy. francesca.diomede@unich.it.</Affiliation>
                    </AffiliationInfo>
                </Author>
                <Author ValidYN="Y">
                    <LastName>Trubiani</LastName>
                    <ForeName>Oriana</ForeName>
                    <Initials>O</Initials>
                    <Identifier Source="ORCID">0000-0002-7459-4898</Identifier>
                    <AffiliationInfo>
                        <Affiliation>Department of Medical, Oral and Biotechnological Sciences, University &quot;G. d'Annunzio&quot; Chieti-Pescara, 66100 Chieti, Italy. trubiani@unich.it.</Affiliation>
                    </AffiliationInfo>
                </Author>
                <Author ValidYN="Y">
                    <LastName>Bramanti</LastName>
                    <ForeName>Placido</ForeName>
                    <Initials>P</Initials>
                    <AffiliationInfo>
                        <Affiliation>IRCCS Centro Neurolesi &quot;Bonino-Pulejo&quot;, 98124 Messina, Italy. placido.bramanti@irccsme.it.</Affiliation>
                    </AffiliationInfo>
                </Author>
                <Author ValidYN="Y">
                    <LastName>Mazzon</LastName>
                    <ForeName>Emanuela</ForeName>
                    <Initials>E</Initials>
                    <AffiliationInfo>
                        <Affiliation>IRCCS Centro Neurolesi &quot;Bonino-Pulejo&quot;, 98124 Messina, Italy. emanuela.mazzon@irccsme.it.</Affiliation>
                    </AffiliationInfo>
                </Author>
            </AuthorList>
            <Language>eng</Language>
            <PublicationTypeList>
                <PublicationType UI="D016428">Journal Article</PublicationType>
            </PublicationTypeList>
            <ArticleDate DateType="Electronic">
                <Year>2019</Year>
                <Month>03</Month>
                <Day>06</Day>
            </ArticleDate>
        </Article>
        <MedlineJournalInfo>
            <Country>Switzerland</Country>
            <MedlineTA>Cells</MedlineTA>
            <NlmUniqueID>101600052</NlmUniqueID>
            <ISSNLinking>2073-4409</ISSNLinking>
        </MedlineJournalInfo>
        <KeywordList Owner="NOTNLM">
            <Keyword MajorTopicYN="N">GABAB receptor</Keyword>
            <Keyword MajorTopicYN="N">RNA-seq</Keyword>
            <Keyword MajorTopicYN="N">acethylcoline receptor</Keyword>
            <Keyword MajorTopicYN="N">human periodontal ligament stem cell</Keyword>
            <Keyword MajorTopicYN="N">next generation sequencing</Keyword>
            <Keyword MajorTopicYN="N">transcriptome analysis</Keyword>
        </KeywordList>
    </MedlineCitation>
    <PubmedData>
        <History>
            <PubMedPubDate PubStatus="received">
                <Year>2019</Year>
                <Month>01</Month>
                <Day>23</Day>
            </PubMedPubDate>
            <PubMedPubDate PubStatus="revised">
                <Year>2019</Year>
                <Month>02</Month>
                <Day>19</Day>
            </PubMedPubDate>
            <PubMedPubDate PubStatus="accepted">
                <Year>2019</Year>
                <Month>03</Month>
                <Day>01</Day>
            </PubMedPubDate>
            <PubMedPubDate PubStatus="entrez">
                <Year>2019</Year>
                <Month>3</Month>
                <Day>9</Day>
                <Hour>6</Hour>
                <Minute>0</Minute>
            </PubMedPubDate>
            <PubMedPubDate PubStatus="pubmed">
                <Year>2019</Year>
                <Month>3</Month>
                <Day>9</Day>
                <Hour>6</Hour>
                <Minute>0</Minute>
            </PubMedPubDate>
            <PubMedPubDate PubStatus="medline">
                <Year>2019</Year>
                <Month>3</Month>
                <Day>9</Day>
                <Hour>6</Hour>
                <Minute>1</Minute>
            </PubMedPubDate>
        </History>
        <PublicationStatus>epublish</PublicationStatus>
        <ArticleIdList>
            <ArticleId IdType="pubmed">30845727</ArticleId>
            <ArticleId IdType="pii">cells8030219</ArticleId>
            <ArticleId IdType="doi">10.3390/cells8030219</ArticleId>
        </ArticleIdList>
    </PubmedData>
</PubmedArticle>


<PubmedArticle>
    <MedlineCitation Status="In-Process" Owner="NLM">
        <PMID Version="1">30845661</PMID>
        <DateRevised>
            <Year>2019</Year>
            <Month>03</Month>
            <Day>08</Day>
        </DateRevised>
        <Article PubModel="Electronic">
            <Journal>
                <ISSN IssnType="Electronic">1422-0067</ISSN>
                <JournalIssue CitedMedium="Internet">
                    <Volume>20</Volume>
                    <Issue>5</Issue>
                    <PubDate>
                        <Year>2019</Year>
                        <Month>Mar</Month>
                        <Day>06</Day>
                    </PubDate>
                </JournalIssue>
                <Title>International journal of molecular sciences</Title>
                <ISOAbbreviation>Int J Mol Sci</ISOAbbreviation>
            </Journal>
            <ArticleTitle>CD99 Expression in Glioblastoma Molecular Subtypes and Role in Migration and Invasion.</ArticleTitle>
            <ELocationID EIdType="pii" ValidYN="Y">E1137</ELocationID>
            <ELocationID EIdType="doi" ValidYN="Y">10.3390/ijms20051137</ELocationID>
            <Abstract>
                <AbstractText>Glioblastoma (GBM) is the most aggressive type of brain tumor, with an overall survival of 17 months under the current standard of care therapy. CD99, an over-expressed transmembrane protein in several malignancies, has been considered a potential target for immunotherapy. To further understand this potentiality, we analyzed the differential expression of its two isoforms in human astrocytoma specimens, and the CD99 involved signaling pathways in glioma model U87MG cell line. CD99 was also analyzed in GBM molecular subtypes. Whole transcriptomes by RNA-Seq of <i>CD99</i>-siRNA, and functional in vitro assays in <i>CD99</i>-shRNA, that are found in U87MG cells, were performed. Astrocytoma of different malignant grades and U87MG cells only expressed CD99 isoform 1, which was higher in mesenchymal and classical than in proneural GBM subtypes. Genes related to actin dynamics, predominantly to focal adhesion, and lamellipodia/filopodia formation were down-regulated in the transcriptome analysis, when <i>CD99</i> was silenced. A decrease in tumor cell migration/invasion, and dysfunction of focal adhesion, were observed in functional assays. In addition, a striking morphological change was detected in <i>CD99</i>-silenced U87MG cells, further corroborating CD99 involvement in actin cytoskeleton rearrangement. Inhibiting the overexpressed CD99 may improve resectability and decrease the recurrence rate of GBM by decreasing tumor cells migration and invasion.</AbstractText>
            </Abstract>
            <AuthorList CompleteYN="Y">
                <Author ValidYN="Y">
                    <LastName>Cardoso</LastName>
                    <ForeName>Lais C</ForeName>
                    <Initials>LC</Initials>
                    <AffiliationInfo>
                        <Affiliation>Laboratory of Molecular and Cellular Biology (LIM 15), Department of Neurology, Faculdade de Medicina FMUSP, Universidade de Sao Paulo, Sao Paulo 01246-903, Brazil. laisccardoso@usp.br.</Affiliation>
                    </AffiliationInfo>
                </Author>
                <Author ValidYN="Y">
                    <LastName>Soares</LastName>
                    <ForeName>Roseli da S</ForeName>
                    <Initials>RDS</Initials>
                    <AffiliationInfo>
                        <Affiliation>Laboratory of Molecular and Cellular Biology (LIM 15), Department of Neurology, Faculdade de Medicina FMUSP, Universidade de Sao Paulo, Sao Paulo 01246-903, Brazil. roselis@usp.br.</Affiliation>
                    </AffiliationInfo>
                </Author>
                <Author ValidYN="Y">
                    <LastName>Laurentino</LastName>
                    <ForeName>Talita de S</ForeName>
                    <Initials>TS</Initials>
                    <AffiliationInfo>
                        <Affiliation>Laboratory of Molecular and Cellular Biology (LIM 15), Department of Neurology, Faculdade de Medicina FMUSP, Universidade de Sao Paulo, Sao Paulo 01246-903, Brazil. talitalaurentino@usp.br.</Affiliation>
                    </AffiliationInfo>
                </Author>
                <Author ValidYN="Y">
                    <LastName>Lerario</LastName>
                    <ForeName>Antonio M</ForeName>
                    <Initials>AM</Initials>
                    <AffiliationInfo>
                        <Affiliation>Department of Internal Medicine, Division of Metabolism, Endocrinology, and Diabetes, University of Michigan, Ann Arbor, MI 48109, USA. alerario@umich.edu.</Affiliation>
                    </AffiliationInfo>
                </Author>
                <Author ValidYN="Y">
                    <LastName>Marie</LastName>
                    <ForeName>Suely K N</ForeName>
                    <Initials>SKN</Initials>
                    <AffiliationInfo>
                        <Affiliation>Laboratory of Molecular and Cellular Biology (LIM 15), Department of Neurology, Faculdade de Medicina FMUSP, Universidade de Sao Paulo, Sao Paulo 01246-903, Brazil. sknmarie@usp.br.</Affiliation>
                    </AffiliationInfo>
                </Author>
                <Author ValidYN="Y">
                    <LastName>Oba-Shinjo</LastName>
                    <ForeName>Sueli Mieko</ForeName>
                    <Initials>SM</Initials>
                    <Identifier Source="ORCID">0000-0002-1650-5973</Identifier>
                    <AffiliationInfo>
                        <Affiliation>Laboratory of Molecular and Cellular Biology (LIM 15), Department of Neurology, Faculdade de Medicina FMUSP, Universidade de Sao Paulo, Sao Paulo 01246-903, Brazil. suelimoba@usp.br.</Affiliation>
                    </AffiliationInfo>
                </Author>
            </AuthorList>
            <Language>eng</Language>
            <GrantList CompleteYN="Y">
                <Grant>
                    <GrantID>2001/12898-4</GrantID>
                    <Agency>Funda<U+00E7><U+00E3>o de Amparo <U+00E0> Pesquisa do Estado de S<U+00E3>o Paulo</Agency>
                    <Country/>
                </Grant>
                <Grant>
                    <GrantID>2004/12133-6</GrantID>
                    <Agency>Funda<U+00E7><U+00E3>o de Amparo <U+00E0> Pesquisa do Estado de S<U+00E3>o Paulo</Agency>
                    <Country/>
                </Grant>
                <Grant>
                    <GrantID>2013/02162-8</GrantID>
                    <Agency>Funda<U+00E7><U+00E3>o de Amparo <U+00E0> Pesquisa do Estado de S<U+00E3>o Paulo</Agency>
                    <Country/>
                </Grant>
                <Grant>
                    <GrantID>2015/03614-5</GrantID>
                    <Agency>Funda<U+00E7><U+00E3>o de Amparo <U+00E0> Pesquisa do Estado de S<U+00E3>o Paulo</Agency>
                    <Country/>
                </Grant>
                <Grant>
                    <GrantID>2015/03995-9</GrantID>
                    <Agency>Funda<U+00E7><U+00E3>o de Amparo <U+00E0> Pesquisa do Estado de S<U+00E3>o Paulo</Agency>
                    <Country/>
                </Grant>
                <Grant>
                    <GrantID>305730/2015-0</GrantID>
                    <Agency>Conselho Nacional de Desenvolvimento Cient<U+00ED>fico e Tecnol<U+00F3>gico</Agency>
                    <Country/>
                </Grant>
                <Grant>
                    <GrantID>no number</GrantID>
                    <Agency>Faculdade de Medicina da USP</Agency>
                    <Country/>
                </Grant>
            </GrantList>
            <PublicationTypeList>
                <PublicationType UI="D016428">Journal Article</PublicationType>
            </PublicationTypeList>
            <ArticleDate DateType="Electronic">
                <Year>2019</Year>
                <Month>03</Month>
                <Day>06</Day>
            </ArticleDate>
        </Article>
        <MedlineJournalInfo>
            <Country>Switzerland</Country>
            <MedlineTA>Int J Mol Sci</MedlineTA>
            <NlmUniqueID>101092791</NlmUniqueID>
            <ISSNLinking>1422-0067</ISSNLinking>
        </MedlineJournalInfo>
        <KeywordList Owner="NOTNLM">
            <Keyword MajorTopicYN="N">CD99</Keyword>
            <Keyword MajorTopicYN="N">cytoskeleton</Keyword>
            <Keyword MajorTopicYN="N">glioblastoma</Keyword>
            <Keyword MajorTopicYN="N">migration</Keyword>
            <Keyword MajorTopicYN="N">transcriptome</Keyword>
        </KeywordList>
    </MedlineCitation>
    <PubmedData>
        <History>
            <PubMedPubDate PubStatus="received">
                <Year>2019</Year>
                <Month>02</Month>
                <Day>04</Day>
            </PubMedPubDate>
            <PubMedPubDate PubStatus="revised">
                <Year>2019</Year>
                <Month>02</Month>
                <Day>27</Day>
            </PubMedPubDate>
            <PubMedPubDate PubStatus="accepted">
                <Year>2019</Year>
                <Month>02</Month>
                <Day>27</Day>
            </PubMedPubDate>
            <PubMedPubDate PubStatus="entrez">
                <Year>2019</Year>
                <Month>3</Month>
                <Day>9</Day>
                <Hour>6</Hour>
                <Minute>0</Minute>
            </PubMedPubDate>
            <PubMedPubDate PubStatus="pubmed">
                <Year>2019</Year>
                <Month>3</Month>
                <Day>9</Day>
                <Hour>6</Hour>
                <Minute>0</Minute>
            </PubMedPubDate>
            <PubMedPubDate PubStatus="medline">
                <Year>2019</Year>
                <Month>3</Month>
                <Day>9</Day>
                <Hour>6</Hour>
                <Minute>0</Minute>
            </PubMedPubDate>
        </History>
        <PublicationStatus>epublish</PublicationStatus>
        <ArticleIdList>
            <ArticleId IdType="pubmed">30845661</ArticleId>
            <ArticleId IdType="pii">ijms20051137</ArticleId>
            <ArticleId IdType="doi">10.3390/ijms20051137</ArticleId>
        </ArticleIdList>
    </PubmedData>
</PubmedArticle>


<PubmedArticle>
    <MedlineCitation Status="In-Data-Review" Owner="NLM">
        <PMID Version="1">30845228</PMID>
        <DateRevised>
            <Year>2019</Year>
            <Month>03</Month>
            <Day>07</Day>
        </DateRevised>
        <Article PubModel="Electronic-eCollection">
            <Journal>
                <ISSN IssnType="Electronic">1932-6203</ISSN>
                <JournalIssue CitedMedium="Internet">
                    <Volume>14</Volume>
                    <Issue>3</Issue>
                    <PubDate>
                        <Year>2019</Year>
                    </PubDate>
                </JournalIssue>
                <Title>PloS one</Title>
                <ISOAbbreviation>PLoS ONE</ISOAbbreviation>
            </Journal>
            <ArticleTitle>Drosophila melanogaster tPlus3a and tPlus3b ensure full male fertility by regulating transcription of Y-chromosomal, seminal fluid, and heat shock genes.</ArticleTitle>
            <Pagination>
                <MedlinePgn>e0213177</MedlinePgn>
            </Pagination>
            <ELocationID EIdType="doi" ValidYN="Y">10.1371/journal.pone.0213177</ELocationID>
            <Abstract>
                <AbstractText>Spermatogenesis in Drosophila melanogaster is characterized by a specific transcriptional program during the spermatocyte stage. Transcription of thousands of genes is regulated by the interaction of several proteins or complexes, including a tTAF-containing TFIID variant, tMAC, Mediator, and chromatin interactors, e.g., bromodomain proteins. We addressed how distinct subsets of target genes are selected. We characterized the highly similar proteins tPlus3a and tPlus3b, which contain a Plus3 domain and are enriched in the testis, mainly in spermatocytes. In tPlus3a and tplus3b deletion mutants generated using the CRISPR/Cas9 system, fertility was severely reduced and sperm showed defects during individualization. tPlus3a and tPlus3b heterodimerized with the bromodomain protein tBRD-1. To elucidate the role of the tPlus3a and tPlus3b proteins in transcriptional regulation, we determined the transcriptomes of tplus3a-tplus3b and tbrd-1 deletion mutants using next-generation sequencing (RNA-seq) and compared them to that of the wild-type. tPlus3a and tPlus3b positively or negatively regulated the expression of nearly 400 genes; tBRD-1 regulated 1,500 genes. Nearly 200 genes were regulated by both tPlus3a and tPlus3b and tBRD-1. tPlus3a and tPlus3b activated the Y-chromosomal genes kl-3 and kl-5, which indicates that tPlus3a and tPlus3b proteins are required for the function of distinct classes of genes. tPlus3a and tPlus3b and tBRD-1 repress genes relevant for seminal fluid and heat shock. We hypothesize that tPlus3a and tPlus3b proteins are required to specify the general transcriptional program in spermatocytes.</AbstractText>
            </Abstract>
            <AuthorList CompleteYN="Y">
                <Author ValidYN="Y">
                    <LastName>Hundertmark</LastName>
                    <ForeName>Tim</ForeName>
                    <Initials>T</Initials>
                    <AffiliationInfo>
                        <Affiliation>Department of Biology, Developmental Biology, Philipps-Universit<U+00E4>t Marburg, Marburg, Germany.</Affiliation>
                    </AffiliationInfo>
                </Author>
                <Author ValidYN="Y">
                    <LastName>Kreutz</LastName>
                    <ForeName>Sabrina</ForeName>
                    <Initials>S</Initials>
                    <AffiliationInfo>
                        <Affiliation>Department of Biology, Developmental Biology, Philipps-Universit<U+00E4>t Marburg, Marburg, Germany.</Affiliation>
                    </AffiliationInfo>
                </Author>
                <Author ValidYN="Y">
                    <LastName>Merle</LastName>
                    <ForeName>Nastasja</ForeName>
                    <Initials>N</Initials>
                    <AffiliationInfo>
                        <Affiliation>Department of Biology, Developmental Biology, Philipps-Universit<U+00E4>t Marburg, Marburg, Germany.</Affiliation>
                    </AffiliationInfo>
                </Author>
                <Author ValidYN="Y">
                    <LastName>Nist</LastName>
                    <ForeName>Andrea</ForeName>
                    <Initials>A</Initials>
                    <AffiliationInfo>
                        <Affiliation>Genomics Core Facility, Center for Tumor- and Immunobiology, Philipps-Universit<U+00E4>t Marburg, Marburg, Germany.</Affiliation>
                    </AffiliationInfo>
                </Author>
                <Author ValidYN="Y">
                    <LastName>Lamp</LastName>
                    <ForeName>Boris</ForeName>
                    <Initials>B</Initials>
                    <AffiliationInfo>
                        <Affiliation>Genomics Core Facility, Center for Tumor- and Immunobiology, Philipps-Universit<U+00E4>t Marburg, Marburg, Germany.</Affiliation>
                    </AffiliationInfo>
                </Author>
                <Author ValidYN="Y">
                    <LastName>Stiewe</LastName>
                    <ForeName>Thorsten</ForeName>
                    <Initials>T</Initials>
                    <AffiliationInfo>
                        <Affiliation>Genomics Core Facility, Center for Tumor- and Immunobiology, Philipps-Universit<U+00E4>t Marburg, Marburg, Germany.</Affiliation>
                    </AffiliationInfo>
                    <AffiliationInfo>
                        <Affiliation>Institute of Molecular Oncology, Center for Tumor- and Immunobiology, Philipps-Universit<U+00E4>t Marburg, Marburg, Germany.</Affiliation>
                    </AffiliationInfo>
                </Author>
                <Author ValidYN="Y">
                    <LastName>Brehm</LastName>
                    <ForeName>Alexander</ForeName>
                    <Initials>A</Initials>
                    <AffiliationInfo>
                        <Affiliation>Institute of Molecular Biology and Tumor Research (IMT), Biomedical Research Centre (BMFZ), Philipps-Universit<U+00E4>t Marburg, Marburg, Germany.</Affiliation>
                    </AffiliationInfo>
                </Author>
                <Author ValidYN="Y">
                    <LastName>Renkawitz-Pohl</LastName>
                    <ForeName>Renate</ForeName>
                    <Initials>R</Initials>
                    <Identifier Source="ORCID">http://orcid.org/0000-0002-4695-0824</Identifier>
                    <AffiliationInfo>
                        <Affiliation>Department of Biology, Developmental Biology, Philipps-Universit<U+00E4>t Marburg, Marburg, Germany.</Affiliation>
                    </AffiliationInfo>
                </Author>
                <Author ValidYN="Y">
                    <LastName>Rathke</LastName>
                    <ForeName>Christina</ForeName>
                    <Initials>C</Initials>
                    <AffiliationInfo>
                        <Affiliation>Department of Biology, Developmental Biology, Philipps-Universit<U+00E4>t Marburg, Marburg, Germany.</Affiliation>
                    </AffiliationInfo>
                </Author>
            </AuthorList>
            <Language>eng</Language>
            <PublicationTypeList>
                <PublicationType UI="D016428">Journal Article</PublicationType>
            </PublicationTypeList>
            <ArticleDate DateType="Electronic">
                <Year>2019</Year>
                <Month>03</Month>
                <Day>07</Day>
            </ArticleDate>
        </Article>
        <MedlineJournalInfo>
            <Country>United States</Country>
            <MedlineTA>PLoS One</MedlineTA>
            <NlmUniqueID>101285081</NlmUniqueID>
            <ISSNLinking>1932-6203</ISSNLinking>
        </MedlineJournalInfo>
        <CoiStatement>The authors have declared that no competing interests exist.</CoiStatement>
    </MedlineCitation>
    <PubmedData>
        <History>
            <PubMedPubDate PubStatus="received">
                <Year>2018</Year>
                <Month>08</Month>
                <Day>23</Day>
            </PubMedPubDate>
            <PubMedPubDate PubStatus="accepted">
                <Year>2019</Year>
                <Month>02</Month>
                <Day>17</Day>
            </PubMedPubDate>
            <PubMedPubDate PubStatus="entrez">
                <Year>2019</Year>
                <Month>3</Month>
                <Day>8</Day>
                <Hour>6</Hour>
                <Minute>0</Minute>
            </PubMedPubDate>
            <PubMedPubDate PubStatus="pubmed">
                <Year>2019</Year>
                <Month>3</Month>
                <Day>8</Day>
                <Hour>6</Hour>
                <Minute>0</Minute>
            </PubMedPubDate>
            <PubMedPubDate PubStatus="medline">
                <Year>2019</Year>
                <Month>3</Month>
                <Day>8</Day>
                <Hour>6</Hour>
                <Minute>0</Minute>
            </PubMedPubDate>
        </History>
        <PublicationStatus>epublish</PublicationStatus>
        <ArticleIdList>
            <ArticleId IdType="pubmed">30845228</ArticleId>
            <ArticleId IdType="doi">10.1371/journal.pone.0213177</ArticleId>
            <ArticleId IdType="pii">PONE-D-18-24863</ArticleId>
        </ArticleIdList>
    </PubmedData>
</PubmedArticle>


<PubmedArticle>
    <MedlineCitation Status="In-Data-Review" Owner="NLM">
        <PMID Version="1">30845212</PMID>
        <DateRevised>
            <Year>2019</Year>
            <Month>03</Month>
            <Day>07</Day>
        </DateRevised>
        <Article PubModel="Electronic-eCollection">
            <Journal>
                <ISSN IssnType="Electronic">1932-6203</ISSN>
                <JournalIssue CitedMedium="Internet">
                    <Volume>14</Volume>
                    <Issue>3</Issue>
                    <PubDate>
                        <Year>2019</Year>
                    </PubDate>
                </JournalIssue>
                <Title>PloS one</Title>
                <ISOAbbreviation>PLoS ONE</ISOAbbreviation>
            </Journal>
            <ArticleTitle>Identification and expression profiling of miRNAs in two color variants of carrot (Daucus carota L.) using deep sequencing.</ArticleTitle>
            <Pagination>
                <MedlinePgn>e0212746</MedlinePgn>
            </Pagination>
            <ELocationID EIdType="doi" ValidYN="Y">10.1371/journal.pone.0212746</ELocationID>
            <Abstract>
                <AbstractText>microRNAs represent small endogenous RNAs which are known to play a crucial role in various plant metabolic processes. Carrot being an important vegetable crop, represents one of the richest sources of carotenoids and anthocyanins. Most of the studies on microRNAs have been conducted in the aerial parts of the plants. However, carrot has the rare distinction of storing these compounds in roots. Therefore, carrot represents a good model system to unveil the regulatory roles of miRNAs in the underground edible part of the plant. For the first time, we report the genome wide identification and expression profiling of miRNAs in two contrasting color variants of carrot namely Orange Red and Purple Black using RNA-seq. Illumina sequencing resulted in the generation of 25.5M and 18.9M reads in Orange Red and Purple Black libraries, respectively. In total, 144 and 98 (read count &gt;10), conserved microRNAs and 36 and 66 novel microRNAs were identified in Orange Red and Purple Black, respectively. Functional categorization and differential gene expression revealed the presence of several miRNA genes targeting various secondary metabolic pathways including carotenoid and anthocyanin biosynthetic pathways in the two libraries. 11 known and 2 novel microRNAs were further validated using Stem-Loop PCR and qRT-PCR. Also, target validation was performed for selected miRNA genes using RLM-RACE approach. The present work has laid a foundation towards understanding of various metabolic processes, particularly the color development in carrot. This information can be further employed in targeted gene expression for increasing the carotenoid and anthocyanin content in crop plants.</AbstractText>
            </Abstract>
            <AuthorList CompleteYN="Y">
                <Author ValidYN="Y">
                    <LastName>Bhan</LastName>
                    <ForeName>Bhavana</ForeName>
                    <Initials>B</Initials>
                    <AffiliationInfo>
                        <Affiliation>Genome Research Laboratory, School of Biotechnology, University of Jammu, Jammu, India.</Affiliation>
                    </AffiliationInfo>
                </Author>
                <Author ValidYN="Y">
                    <LastName>Koul</LastName>
                    <ForeName>Archana</ForeName>
                    <Initials>A</Initials>
                    <AffiliationInfo>
                        <Affiliation>Genome Research Laboratory, School of Biotechnology, University of Jammu, Jammu, India.</Affiliation>
                    </AffiliationInfo>
                </Author>
                <Author ValidYN="Y">
                    <LastName>Sharma</LastName>
                    <ForeName>Deepak</ForeName>
                    <Initials>D</Initials>
                    <AffiliationInfo>
                        <Affiliation>Genome Research Laboratory, School of Biotechnology, University of Jammu, Jammu, India.</Affiliation>
                    </AffiliationInfo>
                </Author>
                <Author ValidYN="Y">
                    <LastName>Manzoor</LastName>
                    <ForeName>Malik Muzafar</ForeName>
                    <Initials>MM</Initials>
                    <AffiliationInfo>
                        <Affiliation>Plant Biotechnology Division, CSIR-Indian Institute of Integrative Medicine, Jammu, India.</Affiliation>
                    </AffiliationInfo>
                </Author>
                <Author ValidYN="Y">
                    <LastName>Kaul</LastName>
                    <ForeName>Sanjana</ForeName>
                    <Initials>S</Initials>
                    <AffiliationInfo>
                        <Affiliation>Genome Research Laboratory, School of Biotechnology, University of Jammu, Jammu, India.</Affiliation>
                    </AffiliationInfo>
                </Author>
                <Author ValidYN="Y">
                    <LastName>Gupta</LastName>
                    <ForeName>Suphla</ForeName>
                    <Initials>S</Initials>
                    <AffiliationInfo>
                        <Affiliation>Plant Biotechnology Division, CSIR-Indian Institute of Integrative Medicine, Jammu, India.</Affiliation>
                    </AffiliationInfo>
                </Author>
                <Author ValidYN="Y">
                    <LastName>Dhar</LastName>
                    <ForeName>Manoj K</ForeName>
                    <Initials>MK</Initials>
                    <Identifier Source="ORCID">http://orcid.org/0000-0002-8777-6244</Identifier>
                    <AffiliationInfo>
                        <Affiliation>Genome Research Laboratory, School of Biotechnology, University of Jammu, Jammu, India.</Affiliation>
                    </AffiliationInfo>
                </Author>
            </AuthorList>
            <Language>eng</Language>
            <PublicationTypeList>
                <PublicationType UI="D016428">Journal Article</PublicationType>
            </PublicationTypeList>
            <ArticleDate DateType="Electronic">
                <Year>2019</Year>
                <Month>03</Month>
                <Day>07</Day>
            </ArticleDate>
        </Article>
        <MedlineJournalInfo>
            <Country>United States</Country>
            <MedlineTA>PLoS One</MedlineTA>
            <NlmUniqueID>101285081</NlmUniqueID>
            <ISSNLinking>1932-6203</ISSNLinking>
        </MedlineJournalInfo>
        <CoiStatement>The authors have declared that no competing interests exist.</CoiStatement>
    </MedlineCitation>
    <PubmedData>
        <History>
            <PubMedPubDate PubStatus="received">
                <Year>2018</Year>
                <Month>04</Month>
                <Day>12</Day>
            </PubMedPubDate>
            <PubMedPubDate PubStatus="accepted">
                <Year>2019</Year>
                <Month>02</Month>
                <Day>08</Day>
            </PubMedPubDate>
            <PubMedPubDate PubStatus="entrez">
                <Year>2019</Year>
                <Month>3</Month>
                <Day>8</Day>
                <Hour>6</Hour>
                <Minute>0</Minute>
            </PubMedPubDate>
            <PubMedPubDate PubStatus="pubmed">
                <Year>2019</Year>
                <Month>3</Month>
                <Day>8</Day>
                <Hour>6</Hour>
                <Minute>0</Minute>
            </PubMedPubDate>
            <PubMedPubDate PubStatus="medline">
                <Year>2019</Year>
                <Month>3</Month>
                <Day>8</Day>
                <Hour>6</Hour>
                <Minute>0</Minute>
            </PubMedPubDate>
        </History>
        <PublicationStatus>epublish</PublicationStatus>
        <ArticleIdList>
            <ArticleId IdType="pubmed">30845212</ArticleId>
            <ArticleId IdType="doi">10.1371/journal.pone.0212746</ArticleId>
            <ArticleId IdType="pii">PONE-D-18-11070</ArticleId>
        </ArticleIdList>
    </PubmedData>
</PubmedArticle>


<PubmedArticle>
    <MedlineCitation Status="Publisher" Owner="NLM">
        <PMID Version="1">30844659</PMID>
        <DateRevised>
            <Year>2019</Year>
            <Month>03</Month>
            <Day>19</Day>
        </DateRevised>
        <Article PubModel="Print-Electronic">
            <Journal>
                <ISSN IssnType="Electronic">1950-6007</ISSN>
                <JournalIssue CitedMedium="Internet">
                    <Volume>113</Volume>
                    <PubDate>
                        <Year>2019</Year>
                        <Month>Mar</Month>
                        <Day>04</Day>
                    </PubDate>
                </JournalIssue>
                <Title>Biomedicine &amp; pharmacotherapy = Biomedecine &amp; pharmacotherapie</Title>
                <ISOAbbreviation>Biomed. Pharmacother.</ISOAbbreviation>
            </Journal>
            <ArticleTitle>Identification of plasma secreted phosphoprotein 1 as a novel biomarker for upper tract urothelial carcinomas.</ArticleTitle>
            <Pagination>
                <MedlinePgn>108744</MedlinePgn>
            </Pagination>
            <ELocationID EIdType="pii" ValidYN="Y">S0753-3322(19)30563-3</ELocationID>
            <ELocationID EIdType="doi" ValidYN="Y">10.1016/j.biopha.2019.108744</ELocationID>
            <Abstract>
                <AbstractText>The key prognostic factor at the time of diagnosis of upper tract urothelial carcinomas (UTUC) is whether the tumor is in the muscle-invasive or non-muscle invasive stage. It is critical to identify novel molecular biomarkers for early detection and target therapy. Plasma proteins secreted by tumor tissues have excellent potential as biomarkers for UTUC. In this study, we conducted a systematic study to identify plasma markers for UTUC based on RNA-seq data from five UTUC tissues and paired adjacent noncancerous mucosa. Through bioinformatics analysis, we found secreted phosphoprotein 1 (SPP1) was the most significant gene that coding secretory protein. Then, qRT-PCR and enzyme-linked immunosorbent assay were performed to evaluate the expression and clinical significance of SPP1 in UTUC. Results found that SPP1 mRNA was upregulated in UTUC cells and tissues, and high SPP1 mRNA expression level was closely related to advanced stage and high grade. Moreover, it is suggested that plasma SPP1 may be a potential biomarker to help identify early-stage UTUC patients and predict invasive and high-grade UTUC. In conclusion, plasma SPP1 is a novel biomarker for UTUC.</AbstractText>
                <CopyrightInformation>Copyright © 2019. Published by Elsevier Masson SAS.</CopyrightInformation>
            </Abstract>
            <AuthorList CompleteYN="Y">
                <Author ValidYN="Y">
                    <LastName>Li</LastName>
                    <ForeName>Yifan</ForeName>
                    <Initials>Y</Initials>
                    <AffiliationInfo>
                        <Affiliation>Department of Urology, Peking University First Hospital, Institute of Urology, Peking University, National Urological Cancer Centre, Beijing 100034, China.</Affiliation>
                    </AffiliationInfo>
                </Author>
                <Author ValidYN="Y">
                    <LastName>He</LastName>
                    <ForeName>Shiming</ForeName>
                    <Initials>S</Initials>
                    <AffiliationInfo>
                        <Affiliation>Department of Urology, Peking University First Hospital, Institute of Urology, Peking University, National Urological Cancer Centre, Beijing 100034, China.</Affiliation>
                    </AffiliationInfo>
                </Author>
                <Author ValidYN="Y">
                    <LastName>He</LastName>
                    <ForeName>Anbang</ForeName>
                    <Initials>A</Initials>
                    <AffiliationInfo>
                        <Affiliation>Department of Urology, Peking University First Hospital, Institute of Urology, Peking University, National Urological Cancer Centre, Beijing 100034, China.</Affiliation>
                    </AffiliationInfo>
                </Author>
                <Author ValidYN="Y">
                    <LastName>Guan</LastName>
                    <ForeName>Bao</ForeName>
                    <Initials>B</Initials>
                    <AffiliationInfo>
                        <Affiliation>Department of Urology, Peking University First Hospital, Institute of Urology, Peking University, National Urological Cancer Centre, Beijing 100034, China.</Affiliation>
                    </AffiliationInfo>
                </Author>
                <Author ValidYN="Y">
                    <LastName>Ge</LastName>
                    <ForeName>Guangzhe</ForeName>
                    <Initials>G</Initials>
                    <AffiliationInfo>
                        <Affiliation>Key Laboratory of Genomics and Precision Medicine, Beijing Institute of Genomics, Chinese Academy of Sciences, Beijing 100101, China.</Affiliation>
                    </AffiliationInfo>
                </Author>
                <Author ValidYN="Y">
                    <LastName>Zhan</LastName>
                    <ForeName>Yonghao</ForeName>
                    <Initials>Y</Initials>
                    <AffiliationInfo>
                        <Affiliation>Department of Urology, Peking University First Hospital, Institute of Urology, Peking University, National Urological Cancer Centre, Beijing 100034, China.</Affiliation>
                    </AffiliationInfo>
                </Author>
                <Author ValidYN="Y">
                    <LastName>Wu</LastName>
                    <ForeName>Yucai</ForeName>
                    <Initials>Y</Initials>
                    <AffiliationInfo>
                        <Affiliation>Department of Urology, Peking University First Hospital, Institute of Urology, Peking University, National Urological Cancer Centre, Beijing 100034, China.</Affiliation>
                    </AffiliationInfo>
                </Author>
                <Author ValidYN="Y">
                    <LastName>Gong</LastName>
                    <ForeName>Yanqing</ForeName>
                    <Initials>Y</Initials>
                    <AffiliationInfo>
                        <Affiliation>Department of Urology, Peking University First Hospital, Institute of Urology, Peking University, National Urological Cancer Centre, Beijing 100034, China.</Affiliation>
                    </AffiliationInfo>
                </Author>
                <Author ValidYN="Y">
                    <LastName>Peng</LastName>
                    <ForeName>Ding</ForeName>
                    <Initials>D</Initials>
                    <AffiliationInfo>
                        <Affiliation>Department of Urology, Peking University First Hospital, Institute of Urology, Peking University, National Urological Cancer Centre, Beijing 100034, China.</Affiliation>
                    </AffiliationInfo>
                </Author>
                <Author ValidYN="Y">
                    <LastName>Bao</LastName>
                    <ForeName>Zhengqing</ForeName>
                    <Initials>Z</Initials>
                    <AffiliationInfo>
                        <Affiliation>Department of Urology, Peking University First Hospital, Institute of Urology, Peking University, National Urological Cancer Centre, Beijing 100034, China.</Affiliation>
                    </AffiliationInfo>
                </Author>
                <Author ValidYN="Y">
                    <LastName>Li</LastName>
                    <ForeName>Xuesong</ForeName>
                    <Initials>X</Initials>
                    <AffiliationInfo>
                        <Affiliation>Department of Urology, Peking University First Hospital, Institute of Urology, Peking University, National Urological Cancer Centre, Beijing 100034, China. Electronic address: pineneedle@sina.com.</Affiliation>
                    </AffiliationInfo>
                </Author>
                <Author ValidYN="Y">
                    <LastName>Zhou</LastName>
                    <ForeName>Liqun</ForeName>
                    <Initials>L</Initials>
                    <AffiliationInfo>
                        <Affiliation>Department of Urology, Peking University First Hospital, Institute of Urology, Peking University, National Urological Cancer Centre, Beijing 100034, China. Electronic address: zhoulqmail@sina.com.</Affiliation>
                    </AffiliationInfo>
                </Author>
            </AuthorList>
            <Language>eng</Language>
            <PublicationTypeList>
                <PublicationType UI="D016428">Journal Article</PublicationType>
            </PublicationTypeList>
            <ArticleDate DateType="Electronic">
                <Year>2019</Year>
                <Month>03</Month>
                <Day>04</Day>
            </ArticleDate>
        </Article>
        <MedlineJournalInfo>
            <Country>France</Country>
            <MedlineTA>Biomed Pharmacother</MedlineTA>
            <NlmUniqueID>8213295</NlmUniqueID>
            <ISSNLinking>0753-3322</ISSNLinking>
        </MedlineJournalInfo>
        <KeywordList Owner="NOTNLM">
            <Keyword MajorTopicYN="N">Early diagnosis</Keyword>
            <Keyword MajorTopicYN="N">Preoperative predictor</Keyword>
            <Keyword MajorTopicYN="N">Prognosis</Keyword>
            <Keyword MajorTopicYN="N">Secreted phosphoprotein 1 (SPP1)</Keyword>
            <Keyword MajorTopicYN="N">Upper tract urothelial carcinoma (UTUC)</Keyword>
        </KeywordList>
    </MedlineCitation>
    <PubmedData>
        <History>
            <PubMedPubDate PubStatus="received">
                <Year>2019</Year>
                <Month>02</Month>
                <Day>05</Day>
            </PubMedPubDate>
            <PubMedPubDate PubStatus="accepted">
                <Year>2019</Year>
                <Month>02</Month>
                <Day>25</Day>
            </PubMedPubDate>
            <PubMedPubDate PubStatus="pubmed">
                <Year>2019</Year>
                <Month>3</Month>
                <Day>8</Day>
                <Hour>6</Hour>
                <Minute>0</Minute>
            </PubMedPubDate>
            <PubMedPubDate PubStatus="medline">
                <Year>2019</Year>
                <Month>3</Month>
                <Day>8</Day>
                <Hour>6</Hour>
                <Minute>0</Minute>
            </PubMedPubDate>
            <PubMedPubDate PubStatus="entrez">
                <Year>2019</Year>
                <Month>3</Month>
                <Day>8</Day>
                <Hour>6</Hour>
                <Minute>0</Minute>
            </PubMedPubDate>
        </History>
        <PublicationStatus>aheadofprint</PublicationStatus>
        <ArticleIdList>
            <ArticleId IdType="pubmed">30844659</ArticleId>
            <ArticleId IdType="pii">S0753-3322(19)30563-3</ArticleId>
            <ArticleId IdType="doi">10.1016/j.biopha.2019.108744</ArticleId>
        </ArticleIdList>
    </PubmedData>
</PubmedArticle>


<PubmedArticle>
    <MedlineCitation Status="Publisher" Owner="NLM">
        <PMID Version="1">30844117</PMID>
        <DateRevised>
            <Year>2019</Year>
            <Month>03</Month>
            <Day>07</Day>
        </DateRevised>
        <Article PubModel="Print-Electronic">
            <Journal>
                <ISSN IssnType="Electronic">1349-7006</ISSN>
                <JournalIssue CitedMedium="Internet">
                    <PubDate>
                        <Year>2019</Year>
                        <Month>Mar</Month>
                        <Day>07</Day>
                    </PubDate>
                </JournalIssue>
                <Title>Cancer science</Title>
                <ISOAbbreviation>Cancer Sci.</ISOAbbreviation>
            </Journal>
            <ArticleTitle>Targeting HOX/PBX dimer formation as a potential therapeutic option in Esophageal Squamous Cell Carcinoma.</ArticleTitle>
            <ELocationID EIdType="doi" ValidYN="Y">10.1111/cas.13993</ELocationID>
            <Abstract>
                <AbstractText>Homeobox genes are known to be classic examples of the intimate relationship between embryogenesis and tumorigenesis, which are a family of transcriptional factors involved in determining cell identity during early development, and also dysregulated in many malignancies. Previously, HOXB7, HOXC6 and HOXC8 were found abnormally up-regulated in Esophageal squamous cell carcinoma (ESCC) tissues compared with normal mucosa and seen as poor prognostic predictors for ESCC patients, and were shown to promote cell proliferation and anti-apoptosis in ESCC cells. These three HOX members have a high level of functional redundancy, making it difficult to target single HOX gene. This study is to explore whether ESCC cells are sensitive to HXR9 disrupting the interaction between multiple HOX proteins and their co-factor PBX, which is required for HOX functions. ESCC cell lines(KYSE70,KYSE150,KYSE450) were treated with HXR9 or CXR9, Co-immunoprecipitation and Immunofluorescent co-localization were performed to observe HOX/PBX dimer formation. To further investigate whether HXR9 disrupts the HOX pro-oncogenic function, CCK8 assay and colony formation assay were performed, apoptosis were assessed by flow cytometry, and tumor growth in vivo was investigated in xenograft model. RNA-seq was used to study the transcriptome of HXR9-treated cells. The results showed that HXR9 blocked HOX/PBX interaction, leading to subsequent transcription alteration of their potential target genes, which are involved in JAK-STAT activation and apoptosis inducement. Meanwhile, HXR9 presented anti-tumor phenotype, such as inhibiting cell proliferation, inducing cell apoptosis and retarding tumor growth significantly. Therefore, it suggested that targeting HOX/PBX may be a novel effective treatment for ESCC. This article is protected by copyright. All rights reserved.</AbstractText>
                <CopyrightInformation>This article is protected by copyright. All rights reserved.</CopyrightInformation>
            </Abstract>
            <AuthorList CompleteYN="Y">
                <Author ValidYN="Y">
                    <LastName>Shen</LastName>
                    <ForeName>Lu-Yan</ForeName>
                    <Initials>LY</Initials>
                    <AffiliationInfo>
                        <Affiliation>Department of Thoracic Surgery I, Peking University Cancer Hospital &amp; Institute, Beijing, People's Republic of China.</Affiliation>
                    </AffiliationInfo>
                </Author>
                <Author ValidYN="Y">
                    <LastName>Zhou</LastName>
                    <ForeName>Ting</ForeName>
                    <Initials>T</Initials>
                    <AffiliationInfo>
                        <Affiliation>Department of Thoracic Surgery I, Peking University Cancer Hospital &amp; Institute, Beijing, People's Republic of China.</Affiliation>
                    </AffiliationInfo>
                </Author>
                <Author ValidYN="Y">
                    <LastName>Du</LastName>
                    <ForeName>Ya-Bing</ForeName>
                    <Initials>YB</Initials>
                    <AffiliationInfo>
                        <Affiliation>Department of Thoracic Surgery I, Peking University Cancer Hospital &amp; Institute, Beijing, People's Republic of China.</Affiliation>
                    </AffiliationInfo>
                </Author>
                <Author ValidYN="Y">
                    <LastName>Shi</LastName>
                    <ForeName>Qi</ForeName>
                    <Initials>Q</Initials>
                    <AffiliationInfo>
                        <Affiliation>Department of Thoracic Surgery I, Peking University Cancer Hospital &amp; Institute, Beijing, People's Republic of China.</Affiliation>
                    </AffiliationInfo>
                </Author>
                <Author ValidYN="Y">
                    <LastName>Chen</LastName>
                    <ForeName>Ke-Neng</ForeName>
                    <Initials>KN</Initials>
                    <AffiliationInfo>
                        <Affiliation>Department of Thoracic Surgery I, Peking University Cancer Hospital &amp; Institute, Beijing, People's Republic of China.</Affiliation>
                    </AffiliationInfo>
                </Author>
            </AuthorList>
            <Language>eng</Language>
            <PublicationTypeList>
                <PublicationType UI="D016428">Journal Article</PublicationType>
            </PublicationTypeList>
            <ArticleDate DateType="Electronic">
                <Year>2019</Year>
                <Month>03</Month>
                <Day>07</Day>
            </ArticleDate>
        </Article>
        <MedlineJournalInfo>
            <Country>England</Country>
            <MedlineTA>Cancer Sci</MedlineTA>
            <NlmUniqueID>101168776</NlmUniqueID>
            <ISSNLinking>1347-9032</ISSNLinking>
        </MedlineJournalInfo>
        <KeywordList Owner="NOTNLM">
            <Keyword MajorTopicYN="N">
ESCC
</Keyword>
            <Keyword MajorTopicYN="N">
HOX
</Keyword>
            <Keyword MajorTopicYN="N">
PBX
</Keyword>
            <Keyword MajorTopicYN="N">Apoptosi</Keyword>
            <Keyword MajorTopicYN="N">HXR9</Keyword>
        </KeywordList>
    </MedlineCitation>
    <PubmedData>
        <History>
            <PubMedPubDate PubStatus="entrez">
                <Year>2019</Year>
                <Month>3</Month>
                <Day>8</Day>
                <Hour>6</Hour>
                <Minute>0</Minute>
            </PubMedPubDate>
            <PubMedPubDate PubStatus="pubmed">
                <Year>2019</Year>
                <Month>3</Month>
                <Day>8</Day>
                <Hour>6</Hour>
                <Minute>0</Minute>
            </PubMedPubDate>
            <PubMedPubDate PubStatus="medline">
                <Year>2019</Year>
                <Month>3</Month>
                <Day>8</Day>
                <Hour>6</Hour>
                <Minute>0</Minute>
            </PubMedPubDate>
        </History>
        <PublicationStatus>aheadofprint</PublicationStatus>
        <ArticleIdList>
            <ArticleId IdType="pubmed">30844117</ArticleId>
            <ArticleId IdType="doi">10.1111/cas.13993</ArticleId>
        </ArticleIdList>
    </PubmedData>
</PubmedArticle>


<PubmedArticle>
    <MedlineCitation Status="Publisher" Owner="NLM">
        <PMID Version="1">30843693</PMID>
        <DateRevised>
            <Year>2019</Year>
            <Month>03</Month>
            <Day>19</Day>
        </DateRevised>
        <Article PubModel="Print-Electronic">
            <Journal>
                <ISSN IssnType="Electronic">2379-3694</ISSN>
                <JournalIssue CitedMedium="Internet">
                    <PubDate>
                        <Year>2019</Year>
                        <Month>Mar</Month>
                        <Day>19</Day>
                    </PubDate>
                </JournalIssue>
                <Title>ACS sensors</Title>
                <ISOAbbreviation>ACS Sens</ISOAbbreviation>
            </Journal>
            <ArticleTitle>An Air-Liquid Interface Organ-Level Lung Microfluidics Platform for Analysis on Molecular Mechanisms of Cytotoxicity Induced by Cancer-Causing Fine Particles.</ArticleTitle>
            <ELocationID EIdType="doi" ValidYN="Y">10.1021/acssensors.8b01672</ELocationID>
            <Abstract>
                <AbstractText>Fine particulate matter less than 2.5 <U+03BC>m in diameter (PM<sub>2.5</sub>) is regarded as a carcinogenic factor, but the mechanism has been left unexplored. Our goal was to reveal the carcinogenic mechanism at the gene and protein level under the inhalational air-liquid interface (ALI) condition. Herein, we developed an ALI organ-level lung microfluidic platform (ALI-OLMP) carrying lung epithelial cell line BEAS-2B and human pulmonary microvascular endothelial cells (HPMEC); the cell viability was above 98% within 14 days on this system, which was used to mimic the practical alveolar microenvironment for the multiomics analysis, to identify the global gene and protein expression after exposure to PM<sub>2.5</sub> in Shanghai, China from 2014 to 2015. The combined RNA-Seq and iTRAQ analysis indicated that the unique set was 2532 genes at 10 <U+03BC>g/cm<sup>2</sup> of PM<sub>2.5</sub>, and there were also at least 25 identical activated signal transduction cascades including bladder cancer, transcriptional dysregulation in cancer, the TP53 (p53) signaling pathway, Jak-STAT signaling pathway, and PI3K-Akt signaling pathway, which could lead to blocking of differentiation, cell proliferation and survival, and sustained angiogenesis. The images obtained by the transmission electron microscopy (TEM) showed that the particles could enter the mitochondria, and even get into the nucleus. The Pearson's correlation coefficient test elucidated that inorganics (EC), organics (OC, PAHs, and alkane), and metals (Cr, Mn, and Sb) were significantly correlated to the dysregulated oncoproteins (VEGF, IL6, MDM2, AKT1, STAT, and P53). The findings may to some extent explain the molecular mechanism of carcinogenicity caused by fine-particle exposure.</AbstractText>
            </Abstract>
            <AuthorList CompleteYN="Y">
                <Author ValidYN="Y">
                    <LastName>Zheng</LastName>
                    <ForeName>Lulu</ForeName>
                    <Initials>L</Initials>
                    <AffiliationInfo>
                        <Affiliation>Shanghai Key laboratory of Atmospheric Particle Pollution Prevention (LAP3), Department of Environmental Science &amp; Engineering , Fudan University , 220 Handan Road , Shanghai 200433 , P.R. China.</Affiliation>
                    </AffiliationInfo>
                    <AffiliationInfo>
                        <Affiliation>Engineering Research Center of Optical Instrument and System, Ministry of Education, Shanghai Key Lab of Modern Optical System , University of Shanghai for Science and Technology , 516 Jungong Road , Shanghai 200093 , China.</Affiliation>
                    </AffiliationInfo>
                </Author>
                <Author ValidYN="Y">
                    <LastName>Dong</LastName>
                    <ForeName>Heng</ForeName>
                    <Initials>H</Initials>
                    <AffiliationInfo>
                        <Affiliation>Shanghai Key laboratory of Atmospheric Particle Pollution Prevention (LAP3), Department of Environmental Science &amp; Engineering , Fudan University , 220 Handan Road , Shanghai 200433 , P.R. China.</Affiliation>
                    </AffiliationInfo>
                </Author>
                <Author ValidYN="Y">
                    <LastName>Zhao</LastName>
                    <ForeName>Wang</ForeName>
                    <Initials>W</Initials>
                    <AffiliationInfo>
                        <Affiliation>Shanghai Key laboratory of Atmospheric Particle Pollution Prevention (LAP3), Department of Environmental Science &amp; Engineering , Fudan University , 220 Handan Road , Shanghai 200433 , P.R. China.</Affiliation>
                    </AffiliationInfo>
                </Author>
                <Author ValidYN="Y">
                    <LastName>Zhang</LastName>
                    <ForeName>Xinlian</ForeName>
                    <Initials>X</Initials>
                    <AffiliationInfo>
                        <Affiliation>Shanghai Key laboratory of Atmospheric Particle Pollution Prevention (LAP3), Department of Environmental Science &amp; Engineering , Fudan University , 220 Handan Road , Shanghai 200433 , P.R. China.</Affiliation>
                    </AffiliationInfo>
                </Author>
                <Author ValidYN="Y">
                    <LastName>Duan</LastName>
                    <ForeName>Xiaoxiao</ForeName>
                    <Initials>X</Initials>
                    <AffiliationInfo>
                        <Affiliation>Shanghai Key laboratory of Atmospheric Particle Pollution Prevention (LAP3), Department of Environmental Science &amp; Engineering , Fudan University , 220 Handan Road , Shanghai 200433 , P.R. China.</Affiliation>
                    </AffiliationInfo>
                </Author>
                <Author ValidYN="Y">
                    <LastName>Zhang</LastName>
                    <ForeName>Hao</ForeName>
                    <Initials>H</Initials>
                    <AffiliationInfo>
                        <Affiliation>Shanghai Key laboratory of Atmospheric Particle Pollution Prevention (LAP3), Department of Environmental Science &amp; Engineering , Fudan University , 220 Handan Road , Shanghai 200433 , P.R. China.</Affiliation>
                    </AffiliationInfo>
                </Author>
                <Author ValidYN="Y">
                    <LastName>Liu</LastName>
                    <ForeName>Sixiu</ForeName>
                    <Initials>S</Initials>
                    <Identifier Source="ORCID">http://orcid.org/0000-0001-7094-5892</Identifier>
                    <AffiliationInfo>
                        <Affiliation>Shanghai Key laboratory of Atmospheric Particle Pollution Prevention (LAP3), Department of Environmental Science &amp; Engineering , Fudan University , 220 Handan Road , Shanghai 200433 , P.R. China.</Affiliation>
                    </AffiliationInfo>
                </Author>
                <Author ValidYN="Y">
                    <LastName>Sui</LastName>
                    <ForeName>Guodong</ForeName>
                    <Initials>G</Initials>
                    <Identifier Source="ORCID">http://orcid.org/0000-0002-6751-0852</Identifier>
                    <AffiliationInfo>
                        <Affiliation>Shanghai Key laboratory of Atmospheric Particle Pollution Prevention (LAP3), Department of Environmental Science &amp; Engineering , Fudan University , 220 Handan Road , Shanghai 200433 , P.R. China.</Affiliation>
                    </AffiliationInfo>
                </Author>
            </AuthorList>
            <Language>eng</Language>
            <PublicationTypeList>
                <PublicationType UI="D016428">Journal Article</PublicationType>
            </PublicationTypeList>
            <ArticleDate DateType="Electronic">
                <Year>2019</Year>
                <Month>03</Month>
                <Day>19</Day>
            </ArticleDate>
        </Article>
        <MedlineJournalInfo>
            <Country>United States</Country>
            <MedlineTA>ACS Sens</MedlineTA>
            <NlmUniqueID>101669031</NlmUniqueID>
            <ISSNLinking>2379-3694</ISSNLinking>
        </MedlineJournalInfo>
        <KeywordList Owner="NOTNLM">
            <Keyword MajorTopicYN="N">ALI-OLMP</Keyword>
            <Keyword MajorTopicYN="N">PM2.5 components</Keyword>
            <Keyword MajorTopicYN="N">cancer related signaling pathways</Keyword>
            <Keyword MajorTopicYN="N">fine particles</Keyword>
            <Keyword MajorTopicYN="N">oncoproteins</Keyword>
        </KeywordList>
    </MedlineCitation>
    <PubmedData>
        <History>
            <PubMedPubDate PubStatus="pubmed">
                <Year>2019</Year>
                <Month>3</Month>
                <Day>8</Day>
                <Hour>6</Hour>
                <Minute>0</Minute>
            </PubMedPubDate>
            <PubMedPubDate PubStatus="medline">
                <Year>2019</Year>
                <Month>3</Month>
                <Day>8</Day>
                <Hour>6</Hour>
                <Minute>0</Minute>
            </PubMedPubDate>
            <PubMedPubDate PubStatus="entrez">
                <Year>2019</Year>
                <Month>3</Month>
                <Day>8</Day>
                <Hour>6</Hour>
                <Minute>0</Minute>
            </PubMedPubDate>
        </History>
        <PublicationStatus>aheadofprint</PublicationStatus>
        <ArticleIdList>
            <ArticleId IdType="pubmed">30843693</ArticleId>
            <ArticleId IdType="doi">10.1021/acssensors.8b01672</ArticleId>
        </ArticleIdList>
    </PubmedData>
</PubmedArticle>


<PubmedArticle>
    <MedlineCitation Status="Publisher" Owner="NLM">
        <PMID Version="1">30843300</PMID>
        <DateRevised>
            <Year>2019</Year>
            <Month>03</Month>
            <Day>07</Day>
        </DateRevised>
        <Article PubModel="Print-Electronic">
            <Journal>
                <ISSN IssnType="Electronic">1365-294X</ISSN>
                <JournalIssue CitedMedium="Internet">
                    <PubDate>
                        <Year>2019</Year>
                        <Month>Mar</Month>
                        <Day>06</Day>
                    </PubDate>
                </JournalIssue>
                <Title>Molecular ecology</Title>
                <ISOAbbreviation>Mol. Ecol.</ISOAbbreviation>
            </Journal>
            <ArticleTitle>Caste- and pesticide-specific effects of neonicotinoid pesticide exposure on gene expression in bumblebees.</ArticleTitle>
            <ELocationID EIdType="doi" ValidYN="Y">10.1111/mec.15047</ELocationID>
            <Abstract>
                <AbstractText>Social bees are important insect pollinators of wildflowers and agricultural crops, making their reported declines a global concern. A major factor implicated in these declines is the widespread use of neonicotinoid pesticides. Indeed, recent research has demonstrated that exposure to low doses of these neurotoxic pesticides impairs bee behaviours important for colony function and survival. However, our understanding of the molecular-genetic pathways that lead to such effects is limited, as is our knowledge of how effects may differ between colony members. To understand what genes and pathways are affected by exposure of bumblebee workers and queens to neonicotinoid pesticides, we implemented a transcriptome-wide gene expression study. We chronically exposed Bombus terrestriscolonies to either clothianidin or imidacloprid at field-realistic concentrations while controlling for factors including colony social environment and worker age. We reveal that genes involved in important biological processes including mitochondrial function are differentially expressed in response to neonicotinoid exposure. Additionally, clothianidin exposure had stronger effects on gene expression amplitude and alternative splicing than imidacloprid. Finally, exposure affected workers more strongly than queens. Our work demonstrates how RNA-Seq transcriptome profiling can provide detailed novel insight on the mechanisms mediating pesticide toxicity to a key insect pollinator.</AbstractText>
                <CopyrightInformation>© 2019 The Authors. Molecular Ecology Published by John Wiley &amp; Sons Ltd.</CopyrightInformation>
            </Abstract>
            <AuthorList CompleteYN="Y">
                <Author ValidYN="Y">
                    <LastName>Colgan</LastName>
                    <ForeName>Thomas J</ForeName>
                    <Initials>TJ</Initials>
                    <AffiliationInfo>
                        <Affiliation>School of Biological and Chemical Sciences, Queen Mary University of London, London, UK.</Affiliation>
                    </AffiliationInfo>
                    <AffiliationInfo>
                        <Affiliation>School of Biological, Earth and Environmental Sciences, University College Cork, Cork, Ireland.</Affiliation>
                    </AffiliationInfo>
                </Author>
                <Author ValidYN="Y">
                    <LastName>Fletcher</LastName>
                    <ForeName>Isabel K</ForeName>
                    <Initials>IK</Initials>
                    <AffiliationInfo>
                        <Affiliation>School of Biological and Chemical Sciences, Queen Mary University of London, London, UK.</Affiliation>
                    </AffiliationInfo>
                </Author>
                <Author ValidYN="Y">
                    <LastName>Arce</LastName>
                    <ForeName>Andres N</ForeName>
                    <Initials>AN</Initials>
                    <AffiliationInfo>
                        <Affiliation>Department of Life Sciences, Imperial College London, Ascot, UK.</Affiliation>
                    </AffiliationInfo>
                </Author>
                <Author ValidYN="Y">
                    <LastName>Gill</LastName>
                    <ForeName>Richard J</ForeName>
                    <Initials>RJ</Initials>
                    <AffiliationInfo>
                        <Affiliation>Department of Life Sciences, Imperial College London, Ascot, UK.</Affiliation>
                    </AffiliationInfo>
                </Author>
                <Author ValidYN="Y">
                    <LastName>Ramos Rodrigues</LastName>
                    <ForeName>Ana</ForeName>
                    <Initials>A</Initials>
                    <AffiliationInfo>
                        <Affiliation>Department of Life Sciences, Imperial College London, Ascot, UK.</Affiliation>
                    </AffiliationInfo>
                </Author>
                <Author ValidYN="Y">
                    <LastName>Stolle</LastName>
                    <ForeName>Eckart</ForeName>
                    <Initials>E</Initials>
                    <AffiliationInfo>
                        <Affiliation>School of Biological and Chemical Sciences, Queen Mary University of London, London, UK.</Affiliation>
                    </AffiliationInfo>
                </Author>
                <Author ValidYN="Y">
                    <LastName>Chittka</LastName>
                    <ForeName>Lars</ForeName>
                    <Initials>L</Initials>
                    <AffiliationInfo>
                        <Affiliation>School of Biological and Chemical Sciences, Queen Mary University of London, London, UK.</Affiliation>
                    </AffiliationInfo>
                </Author>
                <Author ValidYN="Y">
                    <LastName>Wurm</LastName>
                    <ForeName>Yannick</ForeName>
                    <Initials>Y</Initials>
                    <Identifier Source="ORCID">http://orcid.org/0000-0002-3140-2809</Identifier>
                    <AffiliationInfo>
                        <Affiliation>School of Biological and Chemical Sciences, Queen Mary University of London, London, UK.</Affiliation>
                    </AffiliationInfo>
                </Author>
            </AuthorList>
            <Language>eng</Language>
            <GrantList CompleteYN="Y">
                <Grant>
                    <Agency>The European Research Council</Agency>
                    <Country/>
                </Grant>
                <Grant>
                    <GrantID>L00626X</GrantID>
                    <Agency>Natural Environment Research Council</Agency>
                    <Country/>
                </Grant>
                <Grant>
                    <GrantID>1</GrantID>
                    <Agency>Natural Environment Research Council</Agency>
                    <Country/>
                </Grant>
                <Grant>
                    <GrantID>L00755X</GrantID>
                    <Agency>Natural Environment Research Council</Agency>
                    <Country/>
                </Grant>
                <Grant>
                    <GrantID>1</GrantID>
                    <Agency>Natural Environment Research Council</Agency>
                    <Country/>
                </Grant>
                <Grant>
                    <GrantID>K004204</GrantID>
                    <Agency>Biotechnology and Biological Sciences Research Council</Agency>
                    <Country>United Kingdom</Country>
                </Grant>
                <Grant>
                    <GrantID>1</GrantID>
                    <Agency>Biotechnology and Biological Sciences Research Council</Agency>
                    <Country>United Kingdom</Country>
                </Grant>
                <Grant>
                    <GrantID>M009513</GrantID>
                    <Agency>Biotechnology and Biological Sciences Research Council</Agency>
                    <Country>United Kingdom</Country>
                </Grant>
                <Grant>
                    <GrantID>1</GrantID>
                    <Agency>Biotechnology and Biological Sciences Research Council</Agency>
                    <Country>United Kingdom</Country>
                </Grant>
                <Grant>
                    <GrantID>K000128</GrantID>
                    <Agency>Engineering and Physical Sciences Research Council</Agency>
                    <Country/>
                </Grant>
                <Grant>
                    <GrantID>1</GrantID>
                    <Agency>Engineering and Physical Sciences Research Council</Agency>
                    <Country/>
                </Grant>
            </GrantList>
            <PublicationTypeList>
                <PublicationType UI="D016428">Journal Article</PublicationType>
            </PublicationTypeList>
            <ArticleDate DateType="Electronic">
                <Year>2019</Year>
                <Month>03</Month>
                <Day>06</Day>
            </ArticleDate>
        </Article>
        <MedlineJournalInfo>
            <Country>England</Country>
            <MedlineTA>Mol Ecol</MedlineTA>
            <NlmUniqueID>9214478</NlmUniqueID>
            <ISSNLinking>0962-1083</ISSNLinking>
        </MedlineJournalInfo>
        <KeywordList Owner="NOTNLM">
            <Keyword MajorTopicYN="N">ecotoxicology</Keyword>
            <Keyword MajorTopicYN="N">molecular diagnostics</Keyword>
            <Keyword MajorTopicYN="N">neonicotinoid insecticides</Keyword>
            <Keyword MajorTopicYN="N">nicotinic acetylcholine receptors</Keyword>
            <Keyword MajorTopicYN="N">pollinator health</Keyword>
            <Keyword MajorTopicYN="N">xenobiotics</Keyword>
        </KeywordList>
    </MedlineCitation>
    <PubmedData>
        <History>
            <PubMedPubDate PubStatus="received">
                <Year>2018</Year>
                <Month>10</Month>
                <Day>08</Day>
            </PubMedPubDate>
            <PubMedPubDate PubStatus="revised">
                <Year>2019</Year>
                <Month>01</Month>
                <Day>31</Day>
            </PubMedPubDate>
            <PubMedPubDate PubStatus="accepted">
                <Year>2019</Year>
                <Month>02</Month>
                <Day>05</Day>
            </PubMedPubDate>
            <PubMedPubDate PubStatus="entrez">
                <Year>2019</Year>
                <Month>3</Month>
                <Day>8</Day>
                <Hour>6</Hour>
                <Minute>0</Minute>
            </PubMedPubDate>
            <PubMedPubDate PubStatus="pubmed">
                <Year>2019</Year>
                <Month>3</Month>
                <Day>8</Day>
                <Hour>6</Hour>
                <Minute>0</Minute>
            </PubMedPubDate>
            <PubMedPubDate PubStatus="medline">
                <Year>2019</Year>
                <Month>3</Month>
                <Day>8</Day>
                <Hour>6</Hour>
                <Minute>0</Minute>
            </PubMedPubDate>
        </History>
        <PublicationStatus>aheadofprint</PublicationStatus>
        <ArticleIdList>
            <ArticleId IdType="pubmed">30843300</ArticleId>
            <ArticleId IdType="doi">10.1111/mec.15047</ArticleId>
        </ArticleIdList>
    </PubmedData>
</PubmedArticle>


<PubmedArticle>
    <MedlineCitation Status="Publisher" Owner="NLM">
        <PMID Version="1">30843293</PMID>
        <DateRevised>
            <Year>2019</Year>
            <Month>03</Month>
            <Day>07</Day>
        </DateRevised>
        <Article PubModel="Print-Electronic">
            <Journal>
                <ISSN IssnType="Electronic">1097-0177</ISSN>
                <JournalIssue CitedMedium="Internet">
                    <PubDate>
                        <Year>2019</Year>
                        <Month>Mar</Month>
                        <Day>06</Day>
                    </PubDate>
                </JournalIssue>
                <Title>Developmental dynamics : an official publication of the American Association of Anatomists</Title>
                <ISOAbbreviation>Dev. Dyn.</ISOAbbreviation>
            </Journal>
            <ArticleTitle>Kidney Organoids in Translational Medicine: Disease Modeling and Regenerative Medicine.</ArticleTitle>
            <ELocationID EIdType="doi" ValidYN="Y">10.1002/dvdy.22</ELocationID>
            <Abstract>
                <AbstractText>The kidney is one of the most complex organs composed of multiple cell types, functioning to maintain homeostasis via the filtering of metabolic wastes, balancing of blood electrolytes, and adjustment of blood pressure. Recent advances in 3D culture technologies in vitro enabled the generation of 'organoids' which mimic the structure and function of in vivo organs. Organoid technology has allowed for new insights into human organ development and human pathophysiology, with great potential for translational research. Increasing evidence shows that kidney organoids are a useful platform for disease modeling of genetic kidney diseases when derived from genetic patient iPSCs and/or CRISPR-mutated stem cells. Though single cell RNA-seq studies highlight the technical difficulties underlying kidney organoid generation reproducibility and variation in differentiation protocols, kidney organoids still hold great potential to understand kidney pathophysiology as applied to kidney injury and fibrosis. In this review, we summarize various studies of kidney organoids, disease modeling, genome-editing, and bioengineering, and additionally discuss the potential of and current challenges to kidney organoid research. This article is protected by copyright. All rights reserved.</AbstractText>
                <CopyrightInformation>© 2019 Wiley Periodicals, Inc.</CopyrightInformation>
            </Abstract>
            <AuthorList CompleteYN="Y">
                <Author ValidYN="Y">
                    <LastName>Miyoshi</LastName>
                    <ForeName>Tomoya</ForeName>
                    <Initials>T</Initials>
                    <AffiliationInfo>
                        <Affiliation>Renal Division, Department of Medicine, Brigham and Women's Hospital, Boston, Massachusetts, USA.</Affiliation>
                    </AffiliationInfo>
                </Author>
                <Author ValidYN="Y">
                    <LastName>Hiratsuka</LastName>
                    <ForeName>Ken</ForeName>
                    <Initials>K</Initials>
                    <AffiliationInfo>
                        <Affiliation>Renal Division, Department of Medicine, Brigham and Women's Hospital, Boston, Massachusetts, USA.</Affiliation>
                    </AffiliationInfo>
                    <AffiliationInfo>
                        <Affiliation>Department of Medicine, Harvard Medical School, Boston, Massachusetts, USA.</Affiliation>
                    </AffiliationInfo>
                </Author>
                <Author ValidYN="Y">
                    <LastName>Garcia Saiz</LastName>
                    <ForeName>Edgar</ForeName>
                    <Initials>E</Initials>
                    <AffiliationInfo>
                        <Affiliation>Renal Division, Department of Medicine, Brigham and Women's Hospital, Boston, Massachusetts, USA.</Affiliation>
                    </AffiliationInfo>
                </Author>
                <Author ValidYN="Y">
                    <LastName>Morizane</LastName>
                    <ForeName>Ryuji</ForeName>
                    <Initials>R</Initials>
                    <Identifier Source="ORCID">https://orcid.org/0000-0002-0377-5667</Identifier>
                    <AffiliationInfo>
                        <Affiliation>Renal Division, Department of Medicine, Brigham and Women's Hospital, Boston, Massachusetts, USA.</Affiliation>
                    </AffiliationInfo>
                    <AffiliationInfo>
                        <Affiliation>Department of Medicine, Harvard Medical School, Boston, Massachusetts, USA.</Affiliation>
                    </AffiliationInfo>
                    <AffiliationInfo>
                        <Affiliation>Harvard Stem Cell Institute, Cambridge, Massachusetts, USA.</Affiliation>
                    </AffiliationInfo>
                    <AffiliationInfo>
                        <Affiliation>Wyss Institute for Biologically Inspired Engineering, Harvard University, Cambridge, MA, USA.</Affiliation>
                    </AffiliationInfo>
                </Author>
            </AuthorList>
            <Language>eng</Language>
            <PublicationTypeList>
                <PublicationType UI="D016428">Journal Article</PublicationType>
                <PublicationType UI="D016454">Review</PublicationType>
            </PublicationTypeList>
            <ArticleDate DateType="Electronic">
                <Year>2019</Year>
                <Month>03</Month>
                <Day>06</Day>
            </ArticleDate>
        </Article>
        <MedlineJournalInfo>
            <Country>United States</Country>
            <MedlineTA>Dev Dyn</MedlineTA>
            <NlmUniqueID>9201927</NlmUniqueID>
            <ISSNLinking>1058-8388</ISSNLinking>
        </MedlineJournalInfo>
        <KeywordList Owner="NOTNLM">
            <Keyword MajorTopicYN="N">disease modeling</Keyword>
            <Keyword MajorTopicYN="N">kidney</Keyword>
            <Keyword MajorTopicYN="N">nephron</Keyword>
            <Keyword MajorTopicYN="N">organoid</Keyword>
            <Keyword MajorTopicYN="N">pluripotent stem cell</Keyword>
            <Keyword MajorTopicYN="N">regeneration</Keyword>
        </KeywordList>
    </MedlineCitation>
    <PubmedData>
        <History>
            <PubMedPubDate PubStatus="received">
                <Year>2018</Year>
                <Month>12</Month>
                <Day>22</Day>
            </PubMedPubDate>
            <PubMedPubDate PubStatus="revised">
                <Year>2019</Year>
                <Month>03</Month>
                <Day>04</Day>
            </PubMedPubDate>
            <PubMedPubDate PubStatus="accepted">
                <Year>2019</Year>
                <Month>03</Month>
                <Day>04</Day>
            </PubMedPubDate>
            <PubMedPubDate PubStatus="entrez">
                <Year>2019</Year>
                <Month>3</Month>
                <Day>8</Day>
                <Hour>6</Hour>
                <Minute>0</Minute>
            </PubMedPubDate>
            <PubMedPubDate PubStatus="pubmed">
                <Year>2019</Year>
                <Month>3</Month>
                <Day>8</Day>
                <Hour>6</Hour>
                <Minute>0</Minute>
            </PubMedPubDate>
            <PubMedPubDate PubStatus="medline">
                <Year>2019</Year>
                <Month>3</Month>
                <Day>8</Day>
                <Hour>6</Hour>
                <Minute>0</Minute>
            </PubMedPubDate>
        </History>
        <PublicationStatus>aheadofprint</PublicationStatus>
        <ArticleIdList>
            <ArticleId IdType="pubmed">30843293</ArticleId>
            <ArticleId IdType="doi">10.1002/dvdy.22</ArticleId>
        </ArticleIdList>
    </PubmedData>
</PubmedArticle>


<PubmedArticle>
    <MedlineCitation Status="PubMed-not-MEDLINE" Owner="NLM">
        <PMID Version="1">30842902</PMID>
        <DateRevised>
            <Year>2019</Year>
            <Month>03</Month>
            <Day>10</Day>
        </DateRevised>
        <Article PubModel="Electronic-eCollection">
            <Journal>
                <ISSN IssnType="Print">2167-8359</ISSN>
                <JournalIssue CitedMedium="Print">
                    <Volume>7</Volume>
                    <PubDate>
                        <Year>2019</Year>
                    </PubDate>
                </JournalIssue>
                <Title>PeerJ</Title>
                <ISOAbbreviation>PeerJ</ISOAbbreviation>
            </Journal>
            <ArticleTitle>Salvianolic acid B plays an anti-obesity role in high fat diet-induced obese mice by regulating the expression of mRNA, circRNA, and lncRNA.</ArticleTitle>
            <Pagination>
                <MedlinePgn>e6506</MedlinePgn>
            </Pagination>
            <ELocationID EIdType="doi" ValidYN="Y">10.7717/peerj.6506</ELocationID>
            <Abstract>
                <AbstractText Label="Background" NlmCategory="UNASSIGNED">Adipose tissue plays a central role in obesity-related metabolic diseases such as type 2 diabetes. Salvianolic acid B (Sal B), a water-soluble ingredient derived from <i>Salvia miltiorrhiza</i>, has been shown to reduce obesity and obesity-related metabolic diseases by suppressing adipogenesis. However, the role of Sal B in white adipose tissue (WAT) is not yet clear.</AbstractText>
                <AbstractText Label="Methods" NlmCategory="UNASSIGNED">Illumina Hiseq 4000 was used to study the effects of Sal B on the expression of long non-coding RNA (lncRNA) and circular RNA (circRNA) in epididymal white adipose tissue induced by a high fat diet in obese mice.</AbstractText>
                <AbstractText Label="Results" NlmCategory="UNASSIGNED">RNA-Seq data showed that 234 lncRNAs, 19 circRNAs, and 132 mRNAs were differentially expressed in WAT under Sal B treatment. The up-regulated protein-coding genes in WAT of the Sal B-treated group were involved in the insulin resistance pathway, while the down-regulated genes mainly participated in the IL-17 signaling pathway. Other pathways may play an important role in the formation and differentiation of adipose tissue, such as B cell receptor signaling. Analysis of the lncRNA-mRNA network provides potential targets for lncRNAs in energy metabolism. We speculate that Sal B may serve as a potential therapeutic approach for obesity.</AbstractText>
            </Abstract>
            <AuthorList CompleteYN="Y">
                <Author ValidYN="Y" EqualContrib="Y">
                    <LastName>An</LastName>
                    <ForeName>Tian</ForeName>
                    <Initials>T</Initials>
                    <AffiliationInfo>
                        <Affiliation>Traditional Chinese Medicine School, Beijing University of Chinese Medicine, Beijing, China.</Affiliation>
                    </AffiliationInfo>
                </Author>
                <Author ValidYN="Y" EqualContrib="Y">
                    <LastName>Zhang</LastName>
                    <ForeName>Jing</ForeName>
                    <Initials>J</Initials>
                    <AffiliationInfo>
                        <Affiliation>Department of Endocrinology, Tangshan Workers Hospital, Tangshan, China.</Affiliation>
                    </AffiliationInfo>
                </Author>
                <Author ValidYN="Y">
                    <LastName>Lv</LastName>
                    <ForeName>Bohan</ForeName>
                    <Initials>B</Initials>
                    <AffiliationInfo>
                        <Affiliation>Traditional Chinese Medicine School, Beijing University of Chinese Medicine, Beijing, China.</Affiliation>
                    </AffiliationInfo>
                </Author>
                <Author ValidYN="Y">
                    <LastName>Liu</LastName>
                    <ForeName>Yufei</ForeName>
                    <Initials>Y</Initials>
                    <AffiliationInfo>
                        <Affiliation>The Third Affiliated Hospital, Beijing University of Chinese Medicine, Beijing, China.</Affiliation>
                    </AffiliationInfo>
                </Author>
                <Author ValidYN="Y">
                    <LastName>Huang</LastName>
                    <ForeName>Jiangpinghao</ForeName>
                    <Initials>J</Initials>
                    <AffiliationInfo>
                        <Affiliation>University of Southern California, Los Angeles, CA, USA.</Affiliation>
                    </AffiliationInfo>
                </Author>
                <Author ValidYN="Y">
                    <LastName>Lian</LastName>
                    <ForeName>Juan</ForeName>
                    <Initials>J</Initials>
                    <AffiliationInfo>
                        <Affiliation>Traditional Chinese Medicine School, Beijing University of Chinese Medicine, Beijing, China.</Affiliation>
                    </AffiliationInfo>
                </Author>
                <Author ValidYN="Y">
                    <LastName>Wu</LastName>
                    <ForeName>Yanxiang</ForeName>
                    <Initials>Y</Initials>
                    <AffiliationInfo>
                        <Affiliation>Traditional Chinese Medicine School, Beijing University of Chinese Medicine, Beijing, China.</Affiliation>
                    </AffiliationInfo>
                </Author>
                <Author ValidYN="Y">
                    <LastName>Gao</LastName>
                    <ForeName>Sihua</ForeName>
                    <Initials>S</Initials>
                    <AffiliationInfo>
                        <Affiliation>Traditional Chinese Medicine School, Beijing University of Chinese Medicine, Beijing, China.</Affiliation>
                    </AffiliationInfo>
                </Author>
                <Author ValidYN="Y">
                    <LastName>Jiang</LastName>
                    <ForeName>Guangjian</ForeName>
                    <Initials>G</Initials>
                    <AffiliationInfo>
                        <Affiliation>Traditional Chinese Medicine School, Beijing University of Chinese Medicine, Beijing, China.</Affiliation>
                    </AffiliationInfo>
                </Author>
            </AuthorList>
            <Language>eng</Language>
            <PublicationTypeList>
                <PublicationType UI="D016428">Journal Article</PublicationType>
            </PublicationTypeList>
            <ArticleDate DateType="Electronic">
                <Year>2019</Year>
                <Month>02</Month>
                <Day>28</Day>
            </ArticleDate>
        </Article>
        <MedlineJournalInfo>
            <Country>United States</Country>
            <MedlineTA>PeerJ</MedlineTA>
            <NlmUniqueID>101603425</NlmUniqueID>
            <ISSNLinking>2167-8359</ISSNLinking>
        </MedlineJournalInfo>
        <KeywordList Owner="NOTNLM">
            <Keyword MajorTopicYN="N">Adipose tissue</Keyword>
            <Keyword MajorTopicYN="N">Obesity</Keyword>
            <Keyword MajorTopicYN="N">Sal B</Keyword>
            <Keyword MajorTopicYN="N">circRNA</Keyword>
            <Keyword MajorTopicYN="N">lncRNAs</Keyword>
        </KeywordList>
        <CoiStatement>The authors declare that they have no competing interests.</CoiStatement>
    </MedlineCitation>
    <PubmedData>
        <History>
            <PubMedPubDate PubStatus="received">
                <Year>2018</Year>
                <Month>12</Month>
                <Day>06</Day>
            </PubMedPubDate>
            <PubMedPubDate PubStatus="accepted">
                <Year>2019</Year>
                <Month>01</Month>
                <Day>23</Day>
            </PubMedPubDate>
            <PubMedPubDate PubStatus="entrez">
                <Year>2019</Year>
                <Month>3</Month>
                <Day>8</Day>
                <Hour>6</Hour>
                <Minute>0</Minute>
            </PubMedPubDate>
            <PubMedPubDate PubStatus="pubmed">
                <Year>2019</Year>
                <Month>3</Month>
                <Day>8</Day>
                <Hour>6</Hour>
                <Minute>0</Minute>
            </PubMedPubDate>
            <PubMedPubDate PubStatus="medline">
                <Year>2019</Year>
                <Month>3</Month>
                <Day>8</Day>
                <Hour>6</Hour>
                <Minute>1</Minute>
            </PubMedPubDate>
        </History>
        <PublicationStatus>epublish</PublicationStatus>
        <ArticleIdList>
            <ArticleId IdType="pubmed">30842902</ArticleId>
            <ArticleId IdType="doi">10.7717/peerj.6506</ArticleId>
            <ArticleId IdType="pii">6506</ArticleId>
            <ArticleId IdType="pmc">PMC6397762</ArticleId>
        </ArticleIdList>
    </PubmedData>
</PubmedArticle>


<PubmedArticle>
    <MedlineCitation Status="In-Data-Review" Owner="NLM">
        <PMID Version="1">30842773</PMID>
        <DateRevised>
            <Year>2019</Year>
            <Month>03</Month>
            <Day>10</Day>
        </DateRevised>
        <Article PubModel="Electronic-eCollection">
            <Journal>
                <ISSN IssnType="Electronic">1664-3224</ISSN>
                <JournalIssue CitedMedium="Internet">
                    <Volume>10</Volume>
                    <PubDate>
                        <Year>2019</Year>
                    </PubDate>
                </JournalIssue>
                <Title>Frontiers in immunology</Title>
                <ISOAbbreviation>Front Immunol</ISOAbbreviation>
            </Journal>
            <ArticleTitle>Aberrant Expressions of Co-stimulatory and Co-inhibitory Molecules in Autoimmune Diseases.</ArticleTitle>
            <Pagination>
                <MedlinePgn>261</MedlinePgn>
            </Pagination>
            <ELocationID EIdType="doi" ValidYN="Y">10.3389/fimmu.2019.00261</ELocationID>
            <Abstract>
                <AbstractText>Co-signaling molecules include co-stimulatory and co-inhibitory molecules and play important roles in modulating immune responses. The roles of co-signaling molecules in autoimmune diseases have not been clearly defined. We assessed the expressions of co-stimulatory and co-inhibitory molecules in autoimmune diseases through a bioinformatics-based study. By using datasets of whole-genome transcriptome, the expressions of 54 co-stimulatory or co-inhibitory genes in common autoimmune diseases were analyzed using Robust rank aggregation (RRA) method. Nineteen array datasets and 6 RNA-seq datasets were included in the RRA discovery study and RRA validation study, respectively. Significant genes were further validated in several autoimmune diseases including Graves' disease (GD). RRA discovery study suggested that CD160 was the most significant gene aberrantly expressed in autoimmune diseases (Adjusted <i>P</i> = 5.9E-12), followed by CD58 (Adjusted <i>P</i> = 5.7E-06) and CD244 (Adjusted <i>P</i> = 9.5E-05). RRA validation study also identified CD160 as the most significant gene aberrantly expressed in autoimmune diseases (Adjusted <i>P</i> = 5.9E-09). We further found that the aberrant expression of CD160 was statistically significant in multiple autoimmune diseases including GD (<i>P</i> &lt; 0.05), and CD160 had a moderate role in diagnosing those autoimmune diseases. Flow cytometry confirmed that CD160 was differentially expressed on the surface of CD8<sup>+</sup> T cells between GD patients and healthy controls (<i>P</i> = 0.002), which proved the aberrant expression of CD160 in GD at the protein level. This study suggests that CD160 is the most significant co-signaling gene aberrantly expressed in autoimmune diseases. Treatment strategy targeting CD160-related pathway may be promising for the therapy of autoimmune diseases.</AbstractText>
            </Abstract>
            <AuthorList CompleteYN="Y">
                <Author ValidYN="Y">
                    <LastName>He</LastName>
                    <ForeName>Weiwei</ForeName>
                    <Initials>W</Initials>
                    <AffiliationInfo>
                        <Affiliation>Department of Endocrinology, Affiliated Hospital of Yanan Medical University, Yanan, China.</Affiliation>
                    </AffiliationInfo>
                </Author>
                <Author ValidYN="Y">
                    <LastName>Wang</LastName>
                    <ForeName>Bin</ForeName>
                    <Initials>B</Initials>
                    <AffiliationInfo>
                        <Affiliation>Department of Endocrinology, Jinshan Hospital of Fudan University, Shanghai, China.</Affiliation>
                    </AffiliationInfo>
                </Author>
                <Author ValidYN="Y">
                    <LastName>Li</LastName>
                    <ForeName>Qian</ForeName>
                    <Initials>Q</Initials>
                    <AffiliationInfo>
                        <Affiliation>Department of Endocrinology, Jinshan Hospital of Fudan University, Shanghai, China.</Affiliation>
                    </AffiliationInfo>
                </Author>
                <Author ValidYN="Y">
                    <LastName>Yao</LastName>
                    <ForeName>Qiuming</ForeName>
                    <Initials>Q</Initials>
                    <AffiliationInfo>
                        <Affiliation>Department of Endocrinology, Jinshan Hospital of Fudan University, Shanghai, China.</Affiliation>
                    </AffiliationInfo>
                </Author>
                <Author ValidYN="Y">
                    <LastName>Jia</LastName>
                    <ForeName>Xi</ForeName>
                    <Initials>X</Initials>
                    <AffiliationInfo>
                        <Affiliation>Department of Endocrinology, Jinshan Hospital of Fudan University, Shanghai, China.</Affiliation>
                    </AffiliationInfo>
                </Author>
                <Author ValidYN="Y">
                    <LastName>Song</LastName>
                    <ForeName>Ronghua</ForeName>
                    <Initials>R</Initials>
                    <AffiliationInfo>
                        <Affiliation>Department of Endocrinology and Rheumatology, Shanghai University of Medicine and Health Sciences Affiliated Zhoupu Hospital, Shanghai, China.</Affiliation>
                    </AffiliationInfo>
                </Author>
                <Author ValidYN="Y">
                    <LastName>Li</LastName>
                    <ForeName>Sheli</ForeName>
                    <Initials>S</Initials>
                    <AffiliationInfo>
                        <Affiliation>Department of Endocrinology, Affiliated Hospital of Yanan Medical University, Yanan, China.</Affiliation>
                    </AffiliationInfo>
                </Author>
                <Author ValidYN="Y">
                    <LastName>Zhang</LastName>
                    <ForeName>Jin-An</ForeName>
                    <Initials>JA</Initials>
                    <AffiliationInfo>
                        <Affiliation>Department of Endocrinology and Rheumatology, Shanghai University of Medicine and Health Sciences Affiliated Zhoupu Hospital, Shanghai, China.</Affiliation>
                    </AffiliationInfo>
                </Author>
            </AuthorList>
            <Language>eng</Language>
            <PublicationTypeList>
                <PublicationType UI="D016428">Journal Article</PublicationType>
            </PublicationTypeList>
            <ArticleDate DateType="Electronic">
                <Year>2019</Year>
                <Month>02</Month>
                <Day>20</Day>
            </ArticleDate>
        </Article>
        <MedlineJournalInfo>
            <Country>Switzerland</Country>
            <MedlineTA>Front Immunol</MedlineTA>
            <NlmUniqueID>101560960</NlmUniqueID>
            <ISSNLinking>1664-3224</ISSNLinking>
        </MedlineJournalInfo>
        <KeywordList Owner="NOTNLM">
            <Keyword MajorTopicYN="N">CD160</Keyword>
            <Keyword MajorTopicYN="N">Graves' disease</Keyword>
            <Keyword MajorTopicYN="N">autoimmune diseases</Keyword>
            <Keyword MajorTopicYN="N">co-inhibitory molecules</Keyword>
            <Keyword MajorTopicYN="N">co-stimulatory molecules</Keyword>
        </KeywordList>
    </MedlineCitation>
    <PubmedData>
        <History>
            <PubMedPubDate PubStatus="received">
                <Year>2018</Year>
                <Month>10</Month>
                <Day>01</Day>
            </PubMedPubDate>
            <PubMedPubDate PubStatus="accepted">
                <Year>2019</Year>
                <Month>01</Month>
                <Day>29</Day>
            </PubMedPubDate>
            <PubMedPubDate PubStatus="entrez">
                <Year>2019</Year>
                <Month>3</Month>
                <Day>8</Day>
                <Hour>6</Hour>
                <Minute>0</Minute>
            </PubMedPubDate>
            <PubMedPubDate PubStatus="pubmed">
                <Year>2019</Year>
                <Month>3</Month>
                <Day>8</Day>
                <Hour>6</Hour>
                <Minute>0</Minute>
            </PubMedPubDate>
            <PubMedPubDate PubStatus="medline">
                <Year>2019</Year>
                <Month>3</Month>
                <Day>8</Day>
                <Hour>6</Hour>
                <Minute>0</Minute>
            </PubMedPubDate>
        </History>
        <PublicationStatus>epublish</PublicationStatus>
        <ArticleIdList>
            <ArticleId IdType="pubmed">30842773</ArticleId>
            <ArticleId IdType="doi">10.3389/fimmu.2019.00261</ArticleId>
            <ArticleId IdType="pmc">PMC6391512</ArticleId>
        </ArticleIdList>
    </PubmedData>
</PubmedArticle>


<PubmedArticle>
    <MedlineCitation Status="PubMed-not-MEDLINE" Owner="NLM">
        <PMID Version="1">30842762</PMID>
        <DateRevised>
            <Year>2019</Year>
            <Month>03</Month>
            <Day>10</Day>
        </DateRevised>
        <Article PubModel="Electronic-eCollection">
            <Journal>
                <ISSN IssnType="Print">1664-302X</ISSN>
                <JournalIssue CitedMedium="Print">
                    <Volume>10</Volume>
                    <PubDate>
                        <Year>2019</Year>
                    </PubDate>
                </JournalIssue>
                <Title>Frontiers in microbiology</Title>
                <ISOAbbreviation>Front Microbiol</ISOAbbreviation>
            </Journal>
            <ArticleTitle>Improving Cadmium Resistance in <i>Escherichia coli</i> Through Continuous Genome Evolution.</ArticleTitle>
            <Pagination>
                <MedlinePgn>278</MedlinePgn>
            </Pagination>
            <ELocationID EIdType="doi" ValidYN="Y">10.3389/fmicb.2019.00278</ELocationID>
            <Abstract>
                <AbstractText>Cadmium (Cd) is a heavy metal that is extremely toxic to many organisms; however, microbes are highly adaptable to extreme conditions, including heavy metal contamination. Bacteria can evolve in the natural environment, generating resistant strains that can be studied to understand heavy-metal resistance mechanisms, but obtaining such adaptive strains usually takes a long time. In this study, the genome replication engineering assisted continuous evolution (GREACE) method was used to accelerate the evolutionary rate of the <i>Escherichia coli</i> genome to screen for <i>E. coli</i> mutants with high resistance to cadmium. As a result, a mutant (8mM-CRAA) with a minimum inhibitory concentration (MIC) of 8 mM cadmium was generated; this MIC value was approximately eightfold higher than that of the <i>E. coli</i> BL21(DE3) wild-type strain. Sequencing revealed 329 single nucleotide polymorphisms (SNPs) in the genome of the <i>E. coli</i> mutant 8mM-CRAA. These SNPs as well as RNA-Seq data on gene expression induced by cadmium were used to analyze the genes related to cadmium resistance. Overexpression, knockout and mutation of the <i>htpX</i> (which encodes an integral membrane heat shock protein) and <i>gor</i> (which encodes glutathione reductase) genes revealed that these two genes contribute positively to cadmium resistance in <i>E. coli</i>. Therefore, in addition to the previously identified cadmium resistance genes <i>zntA</i> and <i>capB</i>, many other genes are also involved in bacterial cadmium resistance. This study assists us in understanding the mechanism of microbial cadmium resistance and facilitating the application of heavy-metal remediation.</AbstractText>
            </Abstract>
            <AuthorList CompleteYN="Y">
                <Author ValidYN="Y">
                    <LastName>Qin</LastName>
                    <ForeName>Weitong</ForeName>
                    <Initials>W</Initials>
                    <AffiliationInfo>
                        <Affiliation>Biotechnology Research Institute, Chinese Academy of Agricultural Sciences, Beijing, China.</Affiliation>
                    </AffiliationInfo>
                </Author>
                <Author ValidYN="Y">
                    <LastName>Zhao</LastName>
                    <ForeName>Jintong</ForeName>
                    <Initials>J</Initials>
                    <AffiliationInfo>
                        <Affiliation>Biotechnology Research Institute, Chinese Academy of Agricultural Sciences, Beijing, China.</Affiliation>
                    </AffiliationInfo>
                </Author>
                <Author ValidYN="Y">
                    <LastName>Yu</LastName>
                    <ForeName>Xiaoxia</ForeName>
                    <Initials>X</Initials>
                    <AffiliationInfo>
                        <Affiliation>Biotechnology Research Institute, Chinese Academy of Agricultural Sciences, Beijing, China.</Affiliation>
                    </AffiliationInfo>
                </Author>
                <Author ValidYN="Y">
                    <LastName>Liu</LastName>
                    <ForeName>Xiaoqing</ForeName>
                    <Initials>X</Initials>
                    <AffiliationInfo>
                        <Affiliation>Biotechnology Research Institute, Chinese Academy of Agricultural Sciences, Beijing, China.</Affiliation>
                    </AffiliationInfo>
                </Author>
                <Author ValidYN="Y">
                    <LastName>Chu</LastName>
                    <ForeName>Xiaoyu</ForeName>
                    <Initials>X</Initials>
                    <AffiliationInfo>
                        <Affiliation>Biotechnology Research Institute, Chinese Academy of Agricultural Sciences, Beijing, China.</Affiliation>
                    </AffiliationInfo>
                </Author>
                <Author ValidYN="Y">
                    <LastName>Tian</LastName>
                    <ForeName>Jian</ForeName>
                    <Initials>J</Initials>
                    <AffiliationInfo>
                        <Affiliation>Biotechnology Research Institute, Chinese Academy of Agricultural Sciences, Beijing, China.</Affiliation>
                    </AffiliationInfo>
                </Author>
                <Author ValidYN="Y">
                    <LastName>Wu</LastName>
                    <ForeName>Ningfeng</ForeName>
                    <Initials>N</Initials>
                    <AffiliationInfo>
                        <Affiliation>Biotechnology Research Institute, Chinese Academy of Agricultural Sciences, Beijing, China.</Affiliation>
                    </AffiliationInfo>
                </Author>
            </AuthorList>
            <Language>eng</Language>
            <PublicationTypeList>
                <PublicationType UI="D016428">Journal Article</PublicationType>
            </PublicationTypeList>
            <ArticleDate DateType="Electronic">
                <Year>2019</Year>
                <Month>02</Month>
                <Day>20</Day>
            </ArticleDate>
        </Article>
        <MedlineJournalInfo>
            <Country>Switzerland</Country>
            <MedlineTA>Front Microbiol</MedlineTA>
            <NlmUniqueID>101548977</NlmUniqueID>
            <ISSNLinking>1664-302X</ISSNLinking>
        </MedlineJournalInfo>
        <KeywordList Owner="NOTNLM">
            <Keyword MajorTopicYN="N">Gor</Keyword>
            <Keyword MajorTopicYN="N">HtpX</Keyword>
            <Keyword MajorTopicYN="N">cadmium resistance</Keyword>
            <Keyword MajorTopicYN="N">minimum inhibitory concentration</Keyword>
            <Keyword MajorTopicYN="N">molecular evolution</Keyword>
        </KeywordList>
    </MedlineCitation>
    <PubmedData>
        <History>
            <PubMedPubDate PubStatus="received">
                <Year>2018</Year>
                <Month>10</Month>
                <Day>24</Day>
            </PubMedPubDate>
            <PubMedPubDate PubStatus="accepted">
                <Year>2019</Year>
                <Month>02</Month>
                <Day>04</Day>
            </PubMedPubDate>
            <PubMedPubDate PubStatus="entrez">
                <Year>2019</Year>
                <Month>3</Month>
                <Day>8</Day>
                <Hour>6</Hour>
                <Minute>0</Minute>
            </PubMedPubDate>
            <PubMedPubDate PubStatus="pubmed">
                <Year>2019</Year>
                <Month>3</Month>
                <Day>8</Day>
                <Hour>6</Hour>
                <Minute>0</Minute>
            </PubMedPubDate>
            <PubMedPubDate PubStatus="medline">
                <Year>2019</Year>
                <Month>3</Month>
                <Day>8</Day>
                <Hour>6</Hour>
                <Minute>1</Minute>
            </PubMedPubDate>
        </History>
        <PublicationStatus>epublish</PublicationStatus>
        <ArticleIdList>
            <ArticleId IdType="pubmed">30842762</ArticleId>
            <ArticleId IdType="doi">10.3389/fmicb.2019.00278</ArticleId>
            <ArticleId IdType="pmc">PMC6391850</ArticleId>
        </ArticleIdList>
    </PubmedData>
</PubmedArticle>


<PubmedArticle>
    <MedlineCitation Status="PubMed-not-MEDLINE" Owner="NLM">
        <PMID Version="1">30842759</PMID>
        <DateRevised>
            <Year>2019</Year>
            <Month>03</Month>
            <Day>10</Day>
        </DateRevised>
        <Article PubModel="Electronic-eCollection">
            <Journal>
                <ISSN IssnType="Print">1664-302X</ISSN>
                <JournalIssue CitedMedium="Print">
                    <Volume>10</Volume>
                    <PubDate>
                        <Year>2019</Year>
                    </PubDate>
                </JournalIssue>
                <Title>Frontiers in microbiology</Title>
                <ISOAbbreviation>Front Microbiol</ISOAbbreviation>
            </Journal>
            <ArticleTitle>Genome-Wide Transcriptional Responses of <i>Mycobacterium</i> to Antibiotics.</ArticleTitle>
            <Pagination>
                <MedlinePgn>249</MedlinePgn>
            </Pagination>
            <ELocationID EIdType="doi" ValidYN="Y">10.3389/fmicb.2019.00249</ELocationID>
            <Abstract>
                <AbstractText>Antibiotics can stimulate or depress gene expression in bacteria. The analysis of transcriptional responses of <i>Mycobacterium</i> to antimycobacterial compounds has improved our understanding of the mode of action of various drug classes and the efficacy and effect of such compounds on the global metabolism of <i>Mycobacterium</i>. This approach can provide new insights for known antibiotics, for example those currently used for tuberculosis treatment, as well as help to identify the mode of action and predict the targets of new compounds identified by whole-cell screening assays. In addition, changes in gene expression profiles after antimycobacterial treatment can provide information about the adaptive ability of bacteria to escape the effects of antibiotics and allow monitoring of the physiology of the bacteria during treatment. Genome-wide expression profiling also makes it possible to pinpoint genes differentially expressed between drug sensitive <i>Mycobacterium</i> and multidrug-resistant clinical isolates. Finally, genes involved in adaptive responses and drug tolerance could become new targets for improving the efficacy of existing antibiotics.</AbstractText>
            </Abstract>
            <AuthorList CompleteYN="Y">
                <Author ValidYN="Y">
                    <LastName>Briffotaux</LastName>
                    <ForeName>Julien</ForeName>
                    <Initials>J</Initials>
                    <AffiliationInfo>
                        <Affiliation>Department of Tuberculosis Control and Prevention, Shenzhen Nanshan Center for Chronic Disease Control, Shenzhen, China.</Affiliation>
                    </AffiliationInfo>
                    <AffiliationInfo>
                        <Affiliation>Emerging Bacterial Pathogens Unit, CAS Key Laboratory of Molecular Virology and Immunology, Institut Pasteur of Shanghai, Chinese Academy of Sciences, Shanghai, China.</Affiliation>
                    </AffiliationInfo>
                </Author>
                <Author ValidYN="Y">
                    <LastName>Liu</LastName>
                    <ForeName>Shengyuan</ForeName>
                    <Initials>S</Initials>
                    <AffiliationInfo>
                        <Affiliation>Department of Tuberculosis Control and Prevention, Shenzhen Nanshan Center for Chronic Disease Control, Shenzhen, China.</Affiliation>
                    </AffiliationInfo>
                </Author>
                <Author ValidYN="Y">
                    <LastName>Gicquel</LastName>
                    <ForeName>Brigitte</ForeName>
                    <Initials>B</Initials>
                    <AffiliationInfo>
                        <Affiliation>Department of Tuberculosis Control and Prevention, Shenzhen Nanshan Center for Chronic Disease Control, Shenzhen, China.</Affiliation>
                    </AffiliationInfo>
                    <AffiliationInfo>
                        <Affiliation>Emerging Bacterial Pathogens Unit, CAS Key Laboratory of Molecular Virology and Immunology, Institut Pasteur of Shanghai, Chinese Academy of Sciences, Shanghai, China.</Affiliation>
                    </AffiliationInfo>
                    <AffiliationInfo>
                        <Affiliation>Mycobacterial Genetics Unit, Institut Pasteur, Paris, France.</Affiliation>
                    </AffiliationInfo>
                </Author>
            </AuthorList>
            <Language>eng</Language>
            <PublicationTypeList>
                <PublicationType UI="D016428">Journal Article</PublicationType>
                <PublicationType UI="D016454">Review</PublicationType>
            </PublicationTypeList>
            <ArticleDate DateType="Electronic">
                <Year>2019</Year>
                <Month>02</Month>
                <Day>20</Day>
            </ArticleDate>
        </Article>
        <MedlineJournalInfo>
            <Country>Switzerland</Country>
            <MedlineTA>Front Microbiol</MedlineTA>
            <NlmUniqueID>101548977</NlmUniqueID>
            <ISSNLinking>1664-302X</ISSNLinking>
        </MedlineJournalInfo>
        <KeywordList Owner="NOTNLM">
            <Keyword MajorTopicYN="N">Mycobacterium</Keyword>
            <Keyword MajorTopicYN="N">RNA-seq</Keyword>
            <Keyword MajorTopicYN="N">antibiotics</Keyword>
            <Keyword MajorTopicYN="N">microarrays</Keyword>
            <Keyword MajorTopicYN="N">transcriptome</Keyword>
            <Keyword MajorTopicYN="N">tuberculosis</Keyword>
        </KeywordList>
    </MedlineCitation>
    <PubmedData>
        <History>
            <PubMedPubDate PubStatus="received">
                <Year>2018</Year>
                <Month>09</Month>
                <Day>12</Day>
            </PubMedPubDate>
            <PubMedPubDate PubStatus="accepted">
                <Year>2019</Year>
                <Month>01</Month>
                <Day>30</Day>
            </PubMedPubDate>
            <PubMedPubDate PubStatus="entrez">
                <Year>2019</Year>
                <Month>3</Month>
                <Day>8</Day>
                <Hour>6</Hour>
                <Minute>0</Minute>
            </PubMedPubDate>
            <PubMedPubDate PubStatus="pubmed">
                <Year>2019</Year>
                <Month>3</Month>
                <Day>8</Day>
                <Hour>6</Hour>
                <Minute>0</Minute>
            </PubMedPubDate>
            <PubMedPubDate PubStatus="medline">
                <Year>2019</Year>
                <Month>3</Month>
                <Day>8</Day>
                <Hour>6</Hour>
                <Minute>1</Minute>
            </PubMedPubDate>
        </History>
        <PublicationStatus>epublish</PublicationStatus>
        <ArticleIdList>
            <ArticleId IdType="pubmed">30842759</ArticleId>
            <ArticleId IdType="doi">10.3389/fmicb.2019.00249</ArticleId>
            <ArticleId IdType="pmc">PMC6391361</ArticleId>
        </ArticleIdList>
    </PubmedData>
</PubmedArticle>


<PubmedArticle>
    <MedlineCitation Status="In-Data-Review" Owner="NLM">
        <PMID Version="1">30842619</PMID>
        <DateRevised>
            <Year>2019</Year>
            <Month>03</Month>
            <Day>10</Day>
        </DateRevised>
        <Article PubModel="Electronic">
            <Journal>
                <ISSN IssnType="Electronic">2045-2322</ISSN>
                <JournalIssue CitedMedium="Internet">
                    <Volume>9</Volume>
                    <Issue>1</Issue>
                    <PubDate>
                        <Year>2019</Year>
                        <Month>Mar</Month>
                        <Day>06</Day>
                    </PubDate>
                </JournalIssue>
                <Title>Scientific reports</Title>
                <ISOAbbreviation>Sci Rep</ISOAbbreviation>
            </Journal>
            <ArticleTitle>Transcriptome analysis of a rice cultivar reveals the differentially expressed genes in response to wild and mutant strains of Xanthomonas oryzae pv. oryzae.</ArticleTitle>
            <Pagination>
                <MedlinePgn>3757</MedlinePgn>
            </Pagination>
            <ELocationID EIdType="doi" ValidYN="Y">10.1038/s41598-019-39928-2</ELocationID>
            <Abstract>
                <AbstractText>Bacterial blight (BB), caused by Xanthomonas oryzae pv. oryzae (Xoo), is a devastating disease in most of the rice growing regions worldwide. Among the 42 BB resistance (R) genes, Xa23 is an executor R gene, conferring broad-spectrum disease resistance to all naturally occurring biotypes of Xoo. In this study, CBB23, a rice line carrying Xa23 gene, was inoculated with wild PXO99<sup>A</sup> and its mutant, P99M2, to retrieve the differentially expressed genes (DEGs). RNA-Seq analysis retrieved 1,235 DEGs (p-value<U+2009><U+2264><U+2009>0.05) at 12, 24, 36, and 48<U+2009>hours of post inoculation (hpi). Gene ontology (GO) analysis classified the DEGs functionally into biological process, cellular component and molecular function. KEGG pathway analysis categorized the DEGs into 11 different pathways, and the ribosome is a prominent pathway followed by biosynthesis of phenylpropanoids. Gene co-expression network analysis identified the clusters of transcription factors (TFs) which may be involved in PXO99<sup>A</sup> resistance. Additionally, we retrieved 67 differentially expressed TFs and 26 peroxidase responsive genes which may be involved in disease resistance mechanism. DEGs involved in the host-pathogen interaction, e.g., signaling mechanism, cell wall and plant hormones were identified. This data would be a valuable resource for researchers to identify the candidate genes associated with Xoo resistance.</AbstractText>
            </Abstract>
            <AuthorList CompleteYN="Y">
                <Author ValidYN="Y">
                    <LastName>Wang</LastName>
                    <ForeName>Chunlian</ForeName>
                    <Initials>C</Initials>
                    <AffiliationInfo>
                        <Affiliation>National Key Facility for Crop Gene Resources and Genetic Improvement (NFCRI), Institute of Crop Science, Chinese Academy of Agriculture Sciences (CAAS), Beijing, 100081, China.</Affiliation>
                    </AffiliationInfo>
                </Author>
                <Author ValidYN="Y">
                    <LastName>Tariq</LastName>
                    <ForeName>Rezwan</ForeName>
                    <Initials>R</Initials>
                    <AffiliationInfo>
                        <Affiliation>National Key Facility for Crop Gene Resources and Genetic Improvement (NFCRI), Institute of Crop Science, Chinese Academy of Agriculture Sciences (CAAS), Beijing, 100081, China.</Affiliation>
                    </AffiliationInfo>
                </Author>
                <Author ValidYN="Y">
                    <LastName>Ji</LastName>
                    <ForeName>Zhiyuan</ForeName>
                    <Initials>Z</Initials>
                    <AffiliationInfo>
                        <Affiliation>National Key Facility for Crop Gene Resources and Genetic Improvement (NFCRI), Institute of Crop Science, Chinese Academy of Agriculture Sciences (CAAS), Beijing, 100081, China.</Affiliation>
                    </AffiliationInfo>
                </Author>
                <Author ValidYN="Y">
                    <LastName>Wei</LastName>
                    <ForeName>Zheng</ForeName>
                    <Initials>Z</Initials>
                    <AffiliationInfo>
                        <Affiliation>National Key Facility for Crop Gene Resources and Genetic Improvement (NFCRI), Institute of Crop Science, Chinese Academy of Agriculture Sciences (CAAS), Beijing, 100081, China.</Affiliation>
                    </AffiliationInfo>
                </Author>
                <Author ValidYN="Y">
                    <LastName>Zheng</LastName>
                    <ForeName>Kaili</ForeName>
                    <Initials>K</Initials>
                    <AffiliationInfo>
                        <Affiliation>National Key Facility for Crop Gene Resources and Genetic Improvement (NFCRI), Institute of Crop Science, Chinese Academy of Agriculture Sciences (CAAS), Beijing, 100081, China.</Affiliation>
                    </AffiliationInfo>
                </Author>
                <Author ValidYN="Y">
                    <LastName>Mishra</LastName>
                    <ForeName>Rukmini</ForeName>
                    <Initials>R</Initials>
                    <AffiliationInfo>
                        <Affiliation>National Key Facility for Crop Gene Resources and Genetic Improvement (NFCRI), Institute of Crop Science, Chinese Academy of Agriculture Sciences (CAAS), Beijing, 100081, China.</Affiliation>
                    </AffiliationInfo>
                </Author>
                <Author ValidYN="Y">
                    <LastName>Zhao</LastName>
                    <ForeName>Kaijun</ForeName>
                    <Initials>K</Initials>
                    <AffiliationInfo>
                        <Affiliation>National Key Facility for Crop Gene Resources and Genetic Improvement (NFCRI), Institute of Crop Science, Chinese Academy of Agriculture Sciences (CAAS), Beijing, 100081, China. zhaokaijun@caas.cn.</Affiliation>
                    </AffiliationInfo>
                </Author>
            </AuthorList>
            <Language>eng</Language>
            <PublicationTypeList>
                <PublicationType UI="D016428">Journal Article</PublicationType>
            </PublicationTypeList>
            <ArticleDate DateType="Electronic">
                <Year>2019</Year>
                <Month>03</Month>
                <Day>06</Day>
            </ArticleDate>
        </Article>
        <MedlineJournalInfo>
            <Country>England</Country>
            <MedlineTA>Sci Rep</MedlineTA>
            <NlmUniqueID>101563288</NlmUniqueID>
            <ISSNLinking>2045-2322</ISSNLinking>
        </MedlineJournalInfo>
    </MedlineCitation>
    <PubmedData>
        <History>
            <PubMedPubDate PubStatus="received">
                <Year>2018</Year>
                <Month>08</Month>
                <Day>17</Day>
            </PubMedPubDate>
            <PubMedPubDate PubStatus="accepted">
                <Year>2019</Year>
                <Month>01</Month>
                <Day>28</Day>
            </PubMedPubDate>
            <PubMedPubDate PubStatus="entrez">
                <Year>2019</Year>
                <Month>3</Month>
                <Day>8</Day>
                <Hour>6</Hour>
                <Minute>0</Minute>
            </PubMedPubDate>
            <PubMedPubDate PubStatus="pubmed">
                <Year>2019</Year>
                <Month>3</Month>
                <Day>8</Day>
                <Hour>6</Hour>
                <Minute>0</Minute>
            </PubMedPubDate>
            <PubMedPubDate PubStatus="medline">
                <Year>2019</Year>
                <Month>3</Month>
                <Day>8</Day>
                <Hour>6</Hour>
                <Minute>0</Minute>
            </PubMedPubDate>
        </History>
        <PublicationStatus>epublish</PublicationStatus>
        <ArticleIdList>
            <ArticleId IdType="pubmed">30842619</ArticleId>
            <ArticleId IdType="doi">10.1038/s41598-019-39928-2</ArticleId>
            <ArticleId IdType="pii">10.1038/s41598-019-39928-2</ArticleId>
            <ArticleId IdType="pmc">PMC6403221</ArticleId>
        </ArticleIdList>
    </PubmedData>
</PubmedArticle>


<PubmedArticle>
    <MedlineCitation Status="In-Data-Review" Owner="NLM">
        <PMID Version="1">30842534</PMID>
        <DateRevised>
            <Year>2019</Year>
            <Month>03</Month>
            <Day>10</Day>
        </DateRevised>
        <Article PubModel="Electronic">
            <Journal>
                <ISSN IssnType="Electronic">2045-2322</ISSN>
                <JournalIssue CitedMedium="Internet">
                    <Volume>9</Volume>
                    <Issue>1</Issue>
                    <PubDate>
                        <Year>2019</Year>
                        <Month>Mar</Month>
                        <Day>06</Day>
                    </PubDate>
                </JournalIssue>
                <Title>Scientific reports</Title>
                <ISOAbbreviation>Sci Rep</ISOAbbreviation>
            </Journal>
            <ArticleTitle>Amelogenic transcriptome profiling in ameloblast-like cells derived from adult gingival epithelial cells.</ArticleTitle>
            <Pagination>
                <MedlinePgn>3736</MedlinePgn>
            </Pagination>
            <ELocationID EIdType="doi" ValidYN="Y">10.1038/s41598-019-40091-x</ELocationID>
            <Abstract>
                <AbstractText>Dental enamel is the highly mineralized tissue covering the tooth surface and is formed by ameloblasts. Ameloblasts have been known to be impossible to detect in adult tooth because they are shed by apoptosis during enamel maturation and tooth eruption. Owing to these, little was known about appropriate cell surface markers to isolate ameloblast-like cells in tissues. To overcome these problems, epithelial cells were selectively cultivated from the gingival tissues and used as a stem cell source for ameloblastic differentiation. When gingival epithelial cells were treated with a specified concentration of BMP2, BMP4, and TGF<U+03B2>-1, the expression of ameloblast-specific markers was increased, and both the MAPK and Smad signaling pathways were activated. Gingival epithelial cells differentiated into ameloblast-like cells through epithelial-mesenchymal transition. By RNA-Seq analysis, we reported 20 ameloblast-specific genes associated with cell surface, cell adhesion, and extracellular matrix function. These cell surface markers might be useful for the detection and isolation of ameloblast-like cells from dental tissues.</AbstractText>
            </Abstract>
            <AuthorList CompleteYN="Y">
                <Author ValidYN="Y">
                    <LastName>Hyun</LastName>
                    <ForeName>Sun-Yi</ForeName>
                    <Initials>SY</Initials>
                    <AffiliationInfo>
                        <Affiliation>Department of Nanobiomedical Science and BK21 PLUS Global Research Center for Regenerative Medicine, Dankook University, Cheonan, 31116, South Korea.</Affiliation>
                    </AffiliationInfo>
                </Author>
                <Author ValidYN="Y">
                    <LastName>Mun</LastName>
                    <ForeName>Seyoung</ForeName>
                    <Initials>S</Initials>
                    <AffiliationInfo>
                        <Affiliation>Department of Nanobiomedical Science and BK21 PLUS Global Research Center for Regenerative Medicine, Dankook University, Cheonan, 31116, South Korea.</Affiliation>
                    </AffiliationInfo>
                    <AffiliationInfo>
                        <Affiliation>DKU-Theragen institute for NGS analysis (DTiNa), Cheonan, 31116, South Korea.</Affiliation>
                    </AffiliationInfo>
                </Author>
                <Author ValidYN="Y">
                    <LastName>Kang</LastName>
                    <ForeName>Kyung-Jung</ForeName>
                    <Initials>KJ</Initials>
                    <AffiliationInfo>
                        <Affiliation>Department of Nanobiomedical Science and BK21 PLUS Global Research Center for Regenerative Medicine, Dankook University, Cheonan, 31116, South Korea.</Affiliation>
                    </AffiliationInfo>
                </Author>
                <Author ValidYN="Y">
                    <LastName>Lim</LastName>
                    <ForeName>Jong-Chan</ForeName>
                    <Initials>JC</Initials>
                    <AffiliationInfo>
                        <Affiliation>Department of Nanobiomedical Science and BK21 PLUS Global Research Center for Regenerative Medicine, Dankook University, Cheonan, 31116, South Korea.</Affiliation>
                    </AffiliationInfo>
                </Author>
                <Author ValidYN="Y">
                    <LastName>Kim</LastName>
                    <ForeName>Shin-Young</ForeName>
                    <Initials>SY</Initials>
                    <AffiliationInfo>
                        <Affiliation>Department of Nanobiomedical Science and BK21 PLUS Global Research Center for Regenerative Medicine, Dankook University, Cheonan, 31116, South Korea.</Affiliation>
                    </AffiliationInfo>
                </Author>
                <Author ValidYN="Y">
                    <LastName>Han</LastName>
                    <ForeName>Kyudong</ForeName>
                    <Initials>K</Initials>
                    <AffiliationInfo>
                        <Affiliation>Department of Nanobiomedical Science and BK21 PLUS Global Research Center for Regenerative Medicine, Dankook University, Cheonan, 31116, South Korea.</Affiliation>
                    </AffiliationInfo>
                    <AffiliationInfo>
                        <Affiliation>DKU-Theragen institute for NGS analysis (DTiNa), Cheonan, 31116, South Korea.</Affiliation>
                    </AffiliationInfo>
                </Author>
                <Author ValidYN="Y">
                    <LastName>Jang</LastName>
                    <ForeName>Young-Joo</ForeName>
                    <Initials>YJ</Initials>
                    <Identifier Source="ORCID">http://orcid.org/0000-0001-5200-7341</Identifier>
                    <AffiliationInfo>
                        <Affiliation>Department of Nanobiomedical Science and BK21 PLUS Global Research Center for Regenerative Medicine, Dankook University, Cheonan, 31116, South Korea. yjjang@dankook.ac.kr.</Affiliation>
                    </AffiliationInfo>
                </Author>
            </AuthorList>
            <Language>eng</Language>
            <GrantList CompleteYN="Y">
                <Grant>
                    <GrantID>NRF-2015M3A9C6029130</GrantID>
                    <Agency>National Research Foundation of Korea (NRF)</Agency>
                    <Country/>
                </Grant>
            </GrantList>
            <PublicationTypeList>
                <PublicationType UI="D016428">Journal Article</PublicationType>
            </PublicationTypeList>
            <ArticleDate DateType="Electronic">
                <Year>2019</Year>
                <Month>03</Month>
                <Day>06</Day>
            </ArticleDate>
        </Article>
        <MedlineJournalInfo>
            <Country>England</Country>
            <MedlineTA>Sci Rep</MedlineTA>
            <NlmUniqueID>101563288</NlmUniqueID>
            <ISSNLinking>2045-2322</ISSNLinking>
        </MedlineJournalInfo>
    </MedlineCitation>
    <PubmedData>
        <History>
            <PubMedPubDate PubStatus="received">
                <Year>2018</Year>
                <Month>05</Month>
                <Day>23</Day>
            </PubMedPubDate>
            <PubMedPubDate PubStatus="accepted">
                <Year>2019</Year>
                <Month>01</Month>
                <Day>29</Day>
            </PubMedPubDate>
            <PubMedPubDate PubStatus="entrez">
                <Year>2019</Year>
                <Month>3</Month>
                <Day>8</Day>
                <Hour>6</Hour>
                <Minute>0</Minute>
            </PubMedPubDate>
            <PubMedPubDate PubStatus="pubmed">
                <Year>2019</Year>
                <Month>3</Month>
                <Day>8</Day>
                <Hour>6</Hour>
                <Minute>0</Minute>
            </PubMedPubDate>
            <PubMedPubDate PubStatus="medline">
                <Year>2019</Year>
                <Month>3</Month>
                <Day>8</Day>
                <Hour>6</Hour>
                <Minute>0</Minute>
            </PubMedPubDate>
        </History>
        <PublicationStatus>epublish</PublicationStatus>
        <ArticleIdList>
            <ArticleId IdType="pubmed">30842534</ArticleId>
            <ArticleId IdType="doi">10.1038/s41598-019-40091-x</ArticleId>
            <ArticleId IdType="pii">10.1038/s41598-019-40091-x</ArticleId>
            <ArticleId IdType="pmc">PMC6403286</ArticleId>
        </ArticleIdList>
    </PubmedData>
</PubmedArticle>


<PubmedArticle>
    <MedlineCitation Status="In-Data-Review" Owner="NLM">
        <PMID Version="1">30842470</PMID>
        <DateRevised>
            <Year>2019</Year>
            <Month>03</Month>
            <Day>10</Day>
        </DateRevised>
        <Article PubModel="Electronic">
            <Journal>
                <ISSN IssnType="Electronic">2045-2322</ISSN>
                <JournalIssue CitedMedium="Internet">
                    <Volume>9</Volume>
                    <Issue>1</Issue>
                    <PubDate>
                        <Year>2019</Year>
                        <Month>Mar</Month>
                        <Day>06</Day>
                    </PubDate>
                </JournalIssue>
                <Title>Scientific reports</Title>
                <ISOAbbreviation>Sci Rep</ISOAbbreviation>
            </Journal>
            <ArticleTitle>Long non-coding RNA FAM83H-AS1 is regulated by human papillomavirus 16 E6 independently of p53 in cervical cancer cells.</ArticleTitle>
            <Pagination>
                <MedlinePgn>3662</MedlinePgn>
            </Pagination>
            <ELocationID EIdType="doi" ValidYN="Y">10.1038/s41598-019-40094-8</ELocationID>
            <Abstract>
                <AbstractText>High-risk human papillomavirus (HPV) infection is one of the first events in the process of carcinogenesis in cervical and head and neck cancers. The expression of the viral oncoproteins E6 and E7 are essential in this process by inactivating the tumor suppressor proteins p53 and Rb, respectively, in addition to their interactions with other host proteins. Non-coding RNAs, such as long non-coding RNAs (lncRNAs) have been found to be dysregulated in several cancers, suggesting an important role in tumorigenesis. In order to identify host lncRNAs affected by HPV infection, we expressed the high-risk HPV-16 E6 oncoprotein in primary human keratinocytes and measured the global lncRNA expression profile by high-throughput sequencing (RNA-seq). We found several host lncRNAs differentially expressed by E6 including GAS5, H19, and FAM83H-AS1. Interestingly, FAM83H-AS1 was found overexpressed in HPV-16 positive cervical cancer cell lines in an HPV-16 E6-dependent manner but independently of p53 regulation. Furthermore, FAM83H-AS1 was found to be regulated through the E6-p300 pathway. Knockdown of FAM83H-AS1 by siRNAs decreased cellular proliferation, migration and increased apoptosis. FAM83H-AS1 was also found to be altered in human cervical cancer tissues and high expression of this lncRNA was associated with worse overall survival, suggesting an important role in cervical carcinogenesis.</AbstractText>
            </Abstract>
            <AuthorList CompleteYN="Y">
                <Author ValidYN="Y">
                    <LastName>Barr</LastName>
                    <ForeName>Jamie A</ForeName>
                    <Initials>JA</Initials>
                    <AffiliationInfo>
                        <Affiliation>Department of Microbiology, Immunology &amp; Cell Biology, West Virginia University Cancer Institute, School of Medicine, West Virginia University, Morgantown, West Virginia, USA.</Affiliation>
                    </AffiliationInfo>
                </Author>
                <Author ValidYN="Y">
                    <LastName>Hayes</LastName>
                    <ForeName>Karen E</ForeName>
                    <Initials>KE</Initials>
                    <AffiliationInfo>
                        <Affiliation>Department of Microbiology, Immunology &amp; Cell Biology, West Virginia University Cancer Institute, School of Medicine, West Virginia University, Morgantown, West Virginia, USA.</Affiliation>
                    </AffiliationInfo>
                </Author>
                <Author ValidYN="Y">
                    <LastName>Brownmiller</LastName>
                    <ForeName>Tayvia</ForeName>
                    <Initials>T</Initials>
                    <AffiliationInfo>
                        <Affiliation>Department of Microbiology, Immunology &amp; Cell Biology, West Virginia University Cancer Institute, School of Medicine, West Virginia University, Morgantown, West Virginia, USA.</Affiliation>
                    </AffiliationInfo>
                </Author>
                <Author ValidYN="Y">
                    <LastName>Harold</LastName>
                    <ForeName>Abby D</ForeName>
                    <Initials>AD</Initials>
                    <AffiliationInfo>
                        <Affiliation>Department of Microbiology, Immunology &amp; Cell Biology, West Virginia University Cancer Institute, School of Medicine, West Virginia University, Morgantown, West Virginia, USA.</Affiliation>
                    </AffiliationInfo>
                </Author>
                <Author ValidYN="Y">
                    <LastName>Jagannathan</LastName>
                    <ForeName>Rajaganapathi</ForeName>
                    <Initials>R</Initials>
                    <AffiliationInfo>
                        <Affiliation>Department of Basic Pharmaceutical Sciences, Health Sciences Center, School of Pharmacy, West Virginia University, Morgantown, West Virginia, USA.</Affiliation>
                    </AffiliationInfo>
                </Author>
                <Author ValidYN="Y">
                    <LastName>Lockman</LastName>
                    <ForeName>Paul R</ForeName>
                    <Initials>PR</Initials>
                    <AffiliationInfo>
                        <Affiliation>Department of Basic Pharmaceutical Sciences, Health Sciences Center, School of Pharmacy, West Virginia University, Morgantown, West Virginia, USA.</Affiliation>
                    </AffiliationInfo>
                </Author>
                <Author ValidYN="Y">
                    <LastName>Khan</LastName>
                    <ForeName>Saleem</ForeName>
                    <Initials>S</Initials>
                    <AffiliationInfo>
                        <Affiliation>Department of Microbiology and Molecular Genetics, School of Medicine, University of Pittsburgh, Pittsburgh, Pennsylvania, USA.</Affiliation>
                    </AffiliationInfo>
                </Author>
                <Author ValidYN="Y">
                    <LastName>Martinez</LastName>
                    <ForeName>Ivan</ForeName>
                    <Initials>I</Initials>
                    <AffiliationInfo>
                        <Affiliation>Department of Microbiology, Immunology &amp; Cell Biology, West Virginia University Cancer Institute, School of Medicine, West Virginia University, Morgantown, West Virginia, USA. ivmartinez@hsc.wvu.edu.</Affiliation>
                    </AffiliationInfo>
                </Author>
            </AuthorList>
            <Language>eng</Language>
            <GrantList CompleteYN="Y">
                <Grant>
                    <GrantID>IRG-09-061-04</GrantID>
                    <Agency>American Cancer Society (American Cancer Society, Inc.)</Agency>
                    <Country/>
                </Grant>
                <Grant>
                    <GrantID>IRG-09-061-04</GrantID>
                    <Agency>American Cancer Society (American Cancer Society, Inc.)</Agency>
                    <Country/>
                </Grant>
            </GrantList>
            <PublicationTypeList>
                <PublicationType UI="D016428">Journal Article</PublicationType>
            </PublicationTypeList>
            <ArticleDate DateType="Electronic">
                <Year>2019</Year>
                <Month>03</Month>
                <Day>06</Day>
            </ArticleDate>
        </Article>
        <MedlineJournalInfo>
            <Country>England</Country>
            <MedlineTA>Sci Rep</MedlineTA>
            <NlmUniqueID>101563288</NlmUniqueID>
            <ISSNLinking>2045-2322</ISSNLinking>
        </MedlineJournalInfo>
    </MedlineCitation>
    <PubmedData>
        <History>
            <PubMedPubDate PubStatus="received">
                <Year>2018</Year>
                <Month>06</Month>
                <Day>08</Day>
            </PubMedPubDate>
            <PubMedPubDate PubStatus="accepted">
                <Year>2018</Year>
                <Month>12</Month>
                <Day>20</Day>
            </PubMedPubDate>
            <PubMedPubDate PubStatus="entrez">
                <Year>2019</Year>
                <Month>3</Month>
                <Day>8</Day>
                <Hour>6</Hour>
                <Minute>0</Minute>
            </PubMedPubDate>
            <PubMedPubDate PubStatus="pubmed">
                <Year>2019</Year>
                <Month>3</Month>
                <Day>8</Day>
                <Hour>6</Hour>
                <Minute>0</Minute>
            </PubMedPubDate>
            <PubMedPubDate PubStatus="medline">
                <Year>2019</Year>
                <Month>3</Month>
                <Day>8</Day>
                <Hour>6</Hour>
                <Minute>0</Minute>
            </PubMedPubDate>
        </History>
        <PublicationStatus>epublish</PublicationStatus>
        <ArticleIdList>
            <ArticleId IdType="pubmed">30842470</ArticleId>
            <ArticleId IdType="doi">10.1038/s41598-019-40094-8</ArticleId>
            <ArticleId IdType="pii">10.1038/s41598-019-40094-8</ArticleId>
            <ArticleId IdType="pmc">PMC6403315</ArticleId>
        </ArticleIdList>
    </PubmedData>
</PubmedArticle>


<PubmedArticle>
    <MedlineCitation Status="In-Data-Review" Owner="NLM">
        <PMID Version="1">30841966</PMID>
        <DateRevised>
            <Year>2019</Year>
            <Month>03</Month>
            <Day>07</Day>
        </DateRevised>
        <Article PubModel="Print">
            <Journal>
                <ISSN IssnType="Print">1550-7033</ISSN>
                <JournalIssue CitedMedium="Print">
                    <Volume>15</Volume>
                    <Issue>4</Issue>
                    <PubDate>
                        <Year>2019</Year>
                        <Month>Apr</Month>
                        <Day>01</Day>
                    </PubDate>
                </JournalIssue>
                <Title>Journal of biomedical nanotechnology</Title>
                <ISOAbbreviation>J Biomed Nanotechnol</ISOAbbreviation>
            </Journal>
            <ArticleTitle>Toxicity Induced by Zirconia Oxide Nanoparticles on Various Organs After Intravenous Administration in Rats.</ArticleTitle>
            <Pagination>
                <MedlinePgn>728-741</MedlinePgn>
            </Pagination>
            <ELocationID EIdType="doi" ValidYN="Y">10.1166/jbn.2019.2717</ELocationID>
            <Abstract>
                <AbstractText>ZrO<U+2082>-NPs are widely applied in industry, biomedicine and dentistry, e.g., foundry sands, refractories, ceramics dental prostheses, dental implant coatings and bone defect restorative materials. To date, little information is available on the potential adverse effects and toxic mechanism in human organs associated with exposure to ZrO<U+2082>-NPs. The biodistribution of ZrO<U+2082>-NPs and the consequent oxidative stress in the spleen, kidney, heart, brain, and lung at six time points after a single injection of ZrO<U+2082>-NPs were examined. Histopathological and immunohistochemical changes were also examined. RNA-Seq analysis was conducted in organs with high ZrO<U+2082>-NPs accumulations or obvious histopathological changes (brain and spleen). Exposure to the ZrO<U+2082>-NPs led to persistent oxidative stress and cell proliferation promotion/inhibition in various organs. RNA-Seq results of the spleen and brain point to significant gene expression changes. Metabolism was identified as leading pathways in the spleen. This study proves ZrO<U+2082>-NPs likely have negative impacts on various organs, and exhibit potential disease risks.</AbstractText>
            </Abstract>
            <AuthorList CompleteYN="Y">
                <Author ValidYN="Y">
                    <LastName>Sun</LastName>
                    <ForeName>Ting</ForeName>
                    <Initials>T</Initials>
                </Author>
                <Author ValidYN="Y">
                    <LastName>Liu</LastName>
                    <ForeName>Gengbo</ForeName>
                    <Initials>G</Initials>
                </Author>
                <Author ValidYN="Y">
                    <LastName>Ou</LastName>
                    <ForeName>Lingling</ForeName>
                    <Initials>L</Initials>
                </Author>
                <Author ValidYN="Y">
                    <LastName>Feng</LastName>
                    <ForeName>Xiaoli</ForeName>
                    <Initials>X</Initials>
                </Author>
                <Author ValidYN="Y">
                    <LastName>Chen</LastName>
                    <ForeName>Aijie</ForeName>
                    <Initials>A</Initials>
                </Author>
                <Author ValidYN="Y">
                    <LastName>Lai</LastName>
                    <ForeName>Renfa</ForeName>
                    <Initials>R</Initials>
                </Author>
                <Author ValidYN="Y">
                    <LastName>Shao</LastName>
                    <ForeName>Longquan</ForeName>
                    <Initials>L</Initials>
                </Author>
            </AuthorList>
            <Language>eng</Language>
            <PublicationTypeList>
                <PublicationType UI="D016428">Journal Article</PublicationType>
            </PublicationTypeList>
        </Article>
        <MedlineJournalInfo>
            <Country>United States</Country>
            <MedlineTA>J Biomed Nanotechnol</MedlineTA>
            <NlmUniqueID>101230869</NlmUniqueID>
            <ISSNLinking>1550-7033</ISSNLinking>
        </MedlineJournalInfo>
    </MedlineCitation>
    <PubmedData>
        <History>
            <PubMedPubDate PubStatus="entrez">
                <Year>2019</Year>
                <Month>3</Month>
                <Day>8</Day>
                <Hour>6</Hour>
                <Minute>0</Minute>
            </PubMedPubDate>
            <PubMedPubDate PubStatus="pubmed">
                <Year>2019</Year>
                <Month>3</Month>
                <Day>8</Day>
                <Hour>6</Hour>
                <Minute>0</Minute>
            </PubMedPubDate>
            <PubMedPubDate PubStatus="medline">
                <Year>2019</Year>
                <Month>3</Month>
                <Day>8</Day>
                <Hour>6</Hour>
                <Minute>0</Minute>
            </PubMedPubDate>
        </History>
        <PublicationStatus>ppublish</PublicationStatus>
        <ArticleIdList>
            <ArticleId IdType="pubmed">30841966</ArticleId>
            <ArticleId IdType="doi">10.1166/jbn.2019.2717</ArticleId>
        </ArticleIdList>
    </PubmedData>
</PubmedArticle>


<PubmedArticle>
    <MedlineCitation Status="In-Data-Review" Owner="NLM">
        <PMID Version="1">30841960</PMID>
        <DateRevised>
            <Year>2019</Year>
            <Month>03</Month>
            <Day>07</Day>
        </DateRevised>
        <Article PubModel="Print">
            <Journal>
                <ISSN IssnType="Print">1550-7033</ISSN>
                <JournalIssue CitedMedium="Print">
                    <Volume>15</Volume>
                    <Issue>4</Issue>
                    <PubDate>
                        <Year>2019</Year>
                        <Month>Apr</Month>
                        <Day>01</Day>
                    </PubDate>
                </JournalIssue>
                <Title>Journal of biomedical nanotechnology</Title>
                <ISOAbbreviation>J Biomed Nanotechnol</ISOAbbreviation>
            </Journal>
            <ArticleTitle>Molecular Mechanism and Changes of Antioxidant Enzyme in ZnO Nanoparticles Against Fungus.</ArticleTitle>
            <Pagination>
                <MedlinePgn>647-661</MedlinePgn>
            </Pagination>
            <ELocationID EIdType="doi" ValidYN="Y">10.1166/jbn.2019.2718</ELocationID>
            <Abstract>
                <AbstractText>Although zinc oxide nanoparticles are known as an effective antimicrobial agent, the mechanism for its antifungal activity has been assessed by only few studies. In this study, antifungal activity mechanism for ZnO via the change of physiology was explored. It was showed that the activities of SOD and CAT and the MDA content were increased significantly. The possible mechanisms were obtained that zinc oxide directly acts on the mycelium of <i>penicillium</i> to produce oxidative stress and destroy intracellular physiological balance. RNA-seq was then used to verify the conclusion obtained before, and obtained results suggested that the antifungal mechanism is attributed to oxidative stress and changes in membrane function.</AbstractText>
            </Abstract>
            <AuthorList CompleteYN="Y">
                <Author ValidYN="Y">
                    <LastName>Zhang</LastName>
                    <ForeName>Fengqin</ForeName>
                    <Initials>F</Initials>
                </Author>
                <Author ValidYN="Y">
                    <LastName>Liu</LastName>
                    <ForeName>Xiongduo</ForeName>
                    <Initials>X</Initials>
                </Author>
                <Author ValidYN="Y">
                    <LastName>Pentok</LastName>
                    <ForeName>Myima</ForeName>
                    <Initials>M</Initials>
                </Author>
                <Author ValidYN="Y">
                    <LastName>Sauli</LastName>
                    <ForeName>Elingarami</ForeName>
                    <Initials>E</Initials>
                </Author>
                <Author ValidYN="Y">
                    <LastName>He</LastName>
                    <ForeName>Nongyue</ForeName>
                    <Initials>N</Initials>
                </Author>
                <Author ValidYN="Y">
                    <LastName>Zen</LastName>
                    <ForeName>Xiangli</ForeName>
                    <Initials>X</Initials>
                </Author>
                <Author ValidYN="Y">
                    <LastName>Li</LastName>
                    <ForeName>Xiaolong</ForeName>
                    <Initials>X</Initials>
                </Author>
                <Author ValidYN="Y">
                    <LastName>Liu</LastName>
                    <ForeName>Tonghua</ForeName>
                    <Initials>T</Initials>
                </Author>
            </AuthorList>
            <Language>eng</Language>
            <PublicationTypeList>
                <PublicationType UI="D016428">Journal Article</PublicationType>
            </PublicationTypeList>
        </Article>
        <MedlineJournalInfo>
            <Country>United States</Country>
            <MedlineTA>J Biomed Nanotechnol</MedlineTA>
            <NlmUniqueID>101230869</NlmUniqueID>
            <ISSNLinking>1550-7033</ISSNLinking>
        </MedlineJournalInfo>
    </MedlineCitation>
    <PubmedData>
        <History>
            <PubMedPubDate PubStatus="entrez">
                <Year>2019</Year>
                <Month>3</Month>
                <Day>8</Day>
                <Hour>6</Hour>
                <Minute>0</Minute>
            </PubMedPubDate>
            <PubMedPubDate PubStatus="pubmed">
                <Year>2019</Year>
                <Month>3</Month>
                <Day>8</Day>
                <Hour>6</Hour>
                <Minute>0</Minute>
            </PubMedPubDate>
            <PubMedPubDate PubStatus="medline">
                <Year>2019</Year>
                <Month>3</Month>
                <Day>8</Day>
                <Hour>6</Hour>
                <Minute>0</Minute>
            </PubMedPubDate>
        </History>
        <PublicationStatus>ppublish</PublicationStatus>
        <ArticleIdList>
            <ArticleId IdType="pubmed">30841960</ArticleId>
            <ArticleId IdType="doi">10.1166/jbn.2019.2718</ArticleId>
        </ArticleIdList>
    </PubmedData>
</PubmedArticle>


<PubmedArticle>
    <MedlineCitation Status="MEDLINE" Owner="NLM">
        <PMID Version="1">30841918</PMID>
        <DateCompleted>
            <Year>2019</Year>
            <Month>03</Month>
            <Day>18</Day>
        </DateCompleted>
        <DateRevised>
            <Year>2019</Year>
            <Month>03</Month>
            <Day>18</Day>
        </DateRevised>
        <Article PubModel="Electronic">
            <Journal>
                <ISSN IssnType="Electronic">1471-2229</ISSN>
                <JournalIssue CitedMedium="Internet">
                    <Volume>19</Volume>
                    <Issue>1</Issue>
                    <PubDate>
                        <Year>2019</Year>
                        <Month>Mar</Month>
                        <Day>06</Day>
                    </PubDate>
                </JournalIssue>
                <Title>BMC plant biology</Title>
                <ISOAbbreviation>BMC Plant Biol.</ISOAbbreviation>
            </Journal>
            <ArticleTitle>Transcriptomic analysis reveals the regulatory module of apple (Malus ª domestica) floral transition in response to 6-BA.</ArticleTitle>
            <Pagination>
                <MedlinePgn>93</MedlinePgn>
            </Pagination>
            <ELocationID EIdType="doi" ValidYN="Y">10.1186/s12870-019-1695-0</ELocationID>
            <Abstract>
                <AbstractText Label="BACKGROUND" NlmCategory="BACKGROUND">Insufficient production of flower buds is an intractable problem in 'Fuji' apple orchards. Although cytokinin (CK) promotes flower bud formation in apple trees, little is known about the mechanisms regulating this phenomenon.</AbstractText>
                <AbstractText Label="RESULTS" NlmCategory="RESULTS">In the present study, high-throughput RNA sequencing (RNA-Seq) of 'Nagafu No. 2' buds was conducted to characterize the transcriptional response to 6-BA treatment during key period of floral transition. A weighted gene co-expression network analysis (WGCNA) of the differentially expressed genes identified hormone signal transduction pathways, totaling 84 genes were highly correlated with the expression pattern of flowering-time genes. The up-regulation of CK signal components and a gibberellin (GA) signal repressor were found to contribute to the promotion of floral transition. In relative comparison to non-treated buds, a series of sugar metabolism- and signal- related genes were associated with relatively high levels of sucrose, fructose, and glucose during floral induction in the 6-BA treated buds. Several transcription factors (i.e. SPLs, SOC1, FD, and COL) that are involved in GA, aging, and photoperiod-regulated flowering pathways were also upregulated by the 6-BA treatment. In addition, potential transcription factors integrating CK signaling to trigger floral induction in apple were also assessed; including PHYTO-CHROME-INTERACTING FACTOR (PIF1,3), WUSCHEL-related homeobox (WOX3,13), and CK response regulators (ARR2).</AbstractText>
                <AbstractText Label="CONCLUSIONS" NlmCategory="CONCLUSIONS">The present study provides insight into the response of flowering and development-related pathways and transcription factors to 6-BA during the period of floral transition in apple. It extends our knowledge of the fundamental mechanisms associated with CK-regulated floral transition in apple trees.</AbstractText>
            </Abstract>
            <AuthorList CompleteYN="Y">
                <Author ValidYN="Y">
                    <LastName>Li</LastName>
                    <ForeName>Youmei</ForeName>
                    <Initials>Y</Initials>
                    <AffiliationInfo>
                        <Affiliation>Department of Horticulture College, Northwest Agriculture &amp; Forestry University, Yangling, 712100, China.</Affiliation>
                    </AffiliationInfo>
                </Author>
                <Author ValidYN="Y">
                    <LastName>Zhang</LastName>
                    <ForeName>Dong</ForeName>
                    <Initials>D</Initials>
                    <AffiliationInfo>
                        <Affiliation>Department of Horticulture College, Northwest Agriculture &amp; Forestry University, Yangling, 712100, China.</Affiliation>
                    </AffiliationInfo>
                </Author>
                <Author ValidYN="Y">
                    <LastName>An</LastName>
                    <ForeName>Na</ForeName>
                    <Initials>N</Initials>
                    <AffiliationInfo>
                        <Affiliation>Department of Horticulture College, Northwest Agriculture &amp; Forestry University, Yangling, 712100, China.</Affiliation>
                    </AffiliationInfo>
                </Author>
                <Author ValidYN="Y">
                    <LastName>Fan</LastName>
                    <ForeName>Sheng</ForeName>
                    <Initials>S</Initials>
                    <AffiliationInfo>
                        <Affiliation>Department of Horticulture College, Northwest Agriculture &amp; Forestry University, Yangling, 712100, China.</Affiliation>
                    </AffiliationInfo>
                </Author>
                <Author ValidYN="Y">
                    <LastName>Zuo</LastName>
                    <ForeName>Xiya</ForeName>
                    <Initials>X</Initials>
                    <AffiliationInfo>
                        <Affiliation>Department of Horticulture College, Northwest Agriculture &amp; Forestry University, Yangling, 712100, China.</Affiliation>
                    </AffiliationInfo>
                </Author>
                <Author ValidYN="Y">
                    <LastName>Zhang</LastName>
                    <ForeName>Xin</ForeName>
                    <Initials>X</Initials>
                    <AffiliationInfo>
                        <Affiliation>Department of Horticulture College, Northwest Agriculture &amp; Forestry University, Yangling, 712100, China.</Affiliation>
                    </AffiliationInfo>
                </Author>
                <Author ValidYN="Y">
                    <LastName>Zhang</LastName>
                    <ForeName>Lizhi</ForeName>
                    <Initials>L</Initials>
                    <AffiliationInfo>
                        <Affiliation>Department of Horticulture College, Northwest Agriculture &amp; Forestry University, Yangling, 712100, China.</Affiliation>
                    </AffiliationInfo>
                </Author>
                <Author ValidYN="Y">
                    <LastName>Gao</LastName>
                    <ForeName>Cai</ForeName>
                    <Initials>C</Initials>
                    <AffiliationInfo>
                        <Affiliation>Department of Horticulture College, Northwest Agriculture &amp; Forestry University, Yangling, 712100, China.</Affiliation>
                    </AffiliationInfo>
                </Author>
                <Author ValidYN="Y">
                    <LastName>Han</LastName>
                    <ForeName>Mingyu</ForeName>
                    <Initials>M</Initials>
                    <AffiliationInfo>
                        <Affiliation>Department of Horticulture College, Northwest Agriculture &amp; Forestry University, Yangling, 712100, China.</Affiliation>
                    </AffiliationInfo>
                </Author>
                <Author ValidYN="Y">
                    <LastName>Xing</LastName>
                    <ForeName>Libo</ForeName>
                    <Initials>L</Initials>
                    <Identifier Source="ORCID">http://orcid.org/0000-0002-8918-7128</Identifier>
                    <AffiliationInfo>
                        <Affiliation>Department of Horticulture College, Northwest Agriculture &amp; Forestry University, Yangling, 712100, China. xinglibo1986@live.com.</Affiliation>
                    </AffiliationInfo>
                </Author>
            </AuthorList>
            <Language>eng</Language>
            <GrantList CompleteYN="Y">
                <Grant>
                    <GrantID>31672101</GrantID>
                    <Agency>National Natural Science Foundation of China</Agency>
                    <Country/>
                </Grant>
                <Grant>
                    <GrantID>31801813</GrantID>
                    <Agency>National Natural Science Foundation of China</Agency>
                    <Country/>
                </Grant>
                <Grant>
                    <GrantID>2018M631207</GrantID>
                    <Agency>China Postdoctoral Science Foundation</Agency>
                    <Country/>
                </Grant>
                <Grant>
                    <GrantID>CARS-27</GrantID>
                    <Agency>the China Apple Research System</Agency>
                    <Country/>
                </Grant>
                <Grant>
                    <GrantID>2016KTZDNY01-10</GrantID>
                    <Agency>Science and Technology Innovative Engineering Project in Shaanxi province of China</Agency>
                    <Country/>
                </Grant>
            </GrantList>
            <PublicationTypeList>
                <PublicationType UI="D016428">Journal Article</PublicationType>
            </PublicationTypeList>
            <ArticleDate DateType="Electronic">
                <Year>2019</Year>
                <Month>03</Month>
                <Day>06</Day>
            </ArticleDate>
        </Article>
        <MedlineJournalInfo>
            <Country>England</Country>
            <MedlineTA>BMC Plant Biol</MedlineTA>
            <NlmUniqueID>100967807</NlmUniqueID>
            <ISSNLinking>1471-2229</ISSNLinking>
        </MedlineJournalInfo>
        <ChemicalList>
            <Chemical>
                <RegistryNumber>0</RegistryNumber>
                <NameOfSubstance UI="D001593">Benzyl Compounds</NameOfSubstance>
            </Chemical>
            <Chemical>
                <RegistryNumber>0</RegistryNumber>
                <NameOfSubstance UI="D010937">Plant Growth Regulators</NameOfSubstance>
            </Chemical>
            <Chemical>
                <RegistryNumber>0</RegistryNumber>
                <NameOfSubstance UI="D010940">Plant Proteins</NameOfSubstance>
            </Chemical>
            <Chemical>
                <RegistryNumber>0</RegistryNumber>
                <NameOfSubstance UI="D011687">Purines</NameOfSubstance>
            </Chemical>
            <Chemical>
                <RegistryNumber>KXG6A989PS</RegistryNumber>
                <NameOfSubstance UI="C480551">benzylaminopurine</NameOfSubstance>
            </Chemical>
        </ChemicalList>
        <CitationSubset>IM</CitationSubset>
        <MeshHeadingList>
            <MeshHeading>
                <DescriptorName UI="D001593" MajorTopicYN="N">Benzyl Compounds</DescriptorName>
                <QualifierName UI="Q000494" MajorTopicYN="Y">pharmacology</QualifierName>
            </MeshHeading>
            <MeshHeading>
                <DescriptorName UI="D035264" MajorTopicYN="N">Flowers</DescriptorName>
                <QualifierName UI="Q000187" MajorTopicYN="N">drug effects</QualifierName>
                <QualifierName UI="Q000235" MajorTopicYN="N">genetics</QualifierName>
            </MeshHeading>
            <MeshHeading>
                <DescriptorName UI="D020869" MajorTopicYN="N">Gene Expression Profiling</DescriptorName>
                <QualifierName UI="Q000379" MajorTopicYN="Y">methods</QualifierName>
            </MeshHeading>
            <MeshHeading>
                <DescriptorName UI="D018506" MajorTopicYN="N">Gene Expression Regulation, Plant</DescriptorName>
                <QualifierName UI="Q000235" MajorTopicYN="N">genetics</QualifierName>
                <QualifierName UI="Q000502" MajorTopicYN="N">physiology</QualifierName>
            </MeshHeading>
            <MeshHeading>
                <DescriptorName UI="D027845" MajorTopicYN="N">Malus</DescriptorName>
                <QualifierName UI="Q000235" MajorTopicYN="Y">genetics</QualifierName>
            </MeshHeading>
            <MeshHeading>
                <DescriptorName UI="D010937" MajorTopicYN="N">Plant Growth Regulators</DescriptorName>
                <QualifierName UI="Q000494" MajorTopicYN="Y">pharmacology</QualifierName>
            </MeshHeading>
            <MeshHeading>
                <DescriptorName UI="D010940" MajorTopicYN="N">Plant Proteins</DescriptorName>
                <QualifierName UI="Q000378" MajorTopicYN="N">metabolism</QualifierName>
            </MeshHeading>
            <MeshHeading>
                <DescriptorName UI="D011687" MajorTopicYN="N">Purines</DescriptorName>
                <QualifierName UI="Q000494" MajorTopicYN="Y">pharmacology</QualifierName>
            </MeshHeading>
        </MeshHeadingList>
        <KeywordList Owner="NOTNLM">
            <Keyword MajorTopicYN="N">6-benzylaminopurine (6-BA)</Keyword>
            <Keyword MajorTopicYN="N">Apple bud</Keyword>
            <Keyword MajorTopicYN="N">Floral transition</Keyword>
            <Keyword MajorTopicYN="N">Flowering pathway</Keyword>
            <Keyword MajorTopicYN="N">Gene networks</Keyword>
            <Keyword MajorTopicYN="N">Hormone signaling</Keyword>
            <Keyword MajorTopicYN="N">Sugar metabolism</Keyword>
        </KeywordList>
    </MedlineCitation>
    <PubmedData>
        <History>
            <PubMedPubDate PubStatus="received">
                <Year>2018</Year>
                <Month>03</Month>
                <Day>16</Day>
            </PubMedPubDate>
            <PubMedPubDate PubStatus="accepted">
                <Year>2019</Year>
                <Month>02</Month>
                <Day>25</Day>
            </PubMedPubDate>
            <PubMedPubDate PubStatus="entrez">
                <Year>2019</Year>
                <Month>3</Month>
                <Day>8</Day>
                <Hour>6</Hour>
                <Minute>0</Minute>
            </PubMedPubDate>
            <PubMedPubDate PubStatus="pubmed">
                <Year>2019</Year>
                <Month>3</Month>
                <Day>8</Day>
                <Hour>6</Hour>
                <Minute>0</Minute>
            </PubMedPubDate>
            <PubMedPubDate PubStatus="medline">
                <Year>2019</Year>
                <Month>3</Month>
                <Day>19</Day>
                <Hour>6</Hour>
                <Minute>0</Minute>
            </PubMedPubDate>
        </History>
        <PublicationStatus>epublish</PublicationStatus>
        <ArticleIdList>
            <ArticleId IdType="pubmed">30841918</ArticleId>
            <ArticleId IdType="doi">10.1186/s12870-019-1695-0</ArticleId>
            <ArticleId IdType="pii">10.1186/s12870-019-1695-0</ArticleId>
        </ArticleIdList>
    </PubmedData>
</PubmedArticle>


<PubmedArticle>
    <MedlineCitation Status="In-Process" Owner="NLM">
        <PMID Version="1">30841857</PMID>
        <DateRevised>
            <Year>2019</Year>
            <Month>03</Month>
            <Day>07</Day>
        </DateRevised>
        <Article PubModel="Electronic">
            <Journal>
                <ISSN IssnType="Electronic">1471-2105</ISSN>
                <JournalIssue CitedMedium="Internet">
                    <Volume>20</Volume>
                    <Issue>1</Issue>
                    <PubDate>
                        <Year>2019</Year>
                        <Month>Mar</Month>
                        <Day>06</Day>
                    </PubDate>
                </JournalIssue>
                <Title>BMC bioinformatics</Title>
                <ISOAbbreviation>BMC Bioinformatics</ISOAbbreviation>
            </Journal>
            <ArticleTitle>svist4get: a simple visualization tool for genomic tracks from sequencing experiments.</ArticleTitle>
            <Pagination>
                <MedlinePgn>113</MedlinePgn>
            </Pagination>
            <ELocationID EIdType="doi" ValidYN="Y">10.1186/s12859-019-2706-8</ELocationID>
            <Abstract>
                <AbstractText Label="BACKGROUND" NlmCategory="BACKGROUND">High-throughput sequencing often provides a foundation for experimental analyses in the life sciences. For many such methods, an intermediate layer of bioinformatics data analysis is the genomic signal track constructed by short read mapping to a particular genome assembly. There are many software tools to visualize genomic tracks in a web browser or with a stand-alone graphical user interface. However, there are only few command-line applications suitable for automated usage or production of publication-ready visualizations.</AbstractText>
                <AbstractText Label="RESULTS" NlmCategory="RESULTS">Here we present svist4get, a command-line tool for customizable generation of publication-quality figures based on data from genomic signal tracks. Similarly to generic genome browser software, svist4get visualizes signal tracks at a given genomic location and is able to aggregate data from several tracks on a single plot along with the transcriptome annotation. The resulting plots can be saved as the vector or high-resolution bitmap images. We demonstrate practical use cases of svist4get for Ribo-Seq and RNA-Seq data.</AbstractText>
                <AbstractText Label="CONCLUSIONS" NlmCategory="CONCLUSIONS">svist4get is implemented in Python 3 and runs on Linux. The command-line interface of svist4get allows for easy integration into bioinformatics pipelines in a console environment. Extra customization is possible through configuration files and Python API. For convenience, svist4get is provided as pypi package. The source code is available at https://bitbucket.org/artegorov/svist4get/.</AbstractText>
            </Abstract>
            <AuthorList CompleteYN="Y">
                <Author ValidYN="Y">
                    <LastName>Egorov</LastName>
                    <ForeName>Artyom A</ForeName>
                    <Initials>AA</Initials>
                    <AffiliationInfo>
                        <Affiliation>Belozersky Institute of Physico-Chemical Biology, Lomonosov Moscow State University, Leninskiye gory 1, Moscow, 119234, Russia. artyom.egorov@hotmail.com.</Affiliation>
                    </AffiliationInfo>
                    <AffiliationInfo>
                        <Affiliation>Department of Medical Physics, Faculty of Physics, Lomonosov Moscow State University, Leninskiye gory 1-2, Moscow, 119991, Russia. artyom.egorov@hotmail.com.</Affiliation>
                    </AffiliationInfo>
                </Author>
                <Author ValidYN="Y">
                    <LastName>Sakharova</LastName>
                    <ForeName>Ekaterina A</ForeName>
                    <Initials>EA</Initials>
                    <AffiliationInfo>
                        <Affiliation>Vavilov Institute of General Genetics, Russian Academy of Sciences, Gubkina 3, Moscow, 119991, Russia.</Affiliation>
                    </AffiliationInfo>
                </Author>
                <Author ValidYN="Y">
                    <LastName>Anisimova</LastName>
                    <ForeName>Aleksandra S</ForeName>
                    <Initials>AS</Initials>
                    <AffiliationInfo>
                        <Affiliation>Belozersky Institute of Physico-Chemical Biology, Lomonosov Moscow State University, Leninskiye gory 1, Moscow, 119234, Russia.</Affiliation>
                    </AffiliationInfo>
                    <AffiliationInfo>
                        <Affiliation>Faculty of Bioengineering and Bioinformatics, Lomonosov Moscow State University, Leninskiye gory 1-73, Moscow, 119234, Russia.</Affiliation>
                    </AffiliationInfo>
                </Author>
                <Author ValidYN="Y">
                    <LastName>Dmitriev</LastName>
                    <ForeName>Sergey E</ForeName>
                    <Initials>SE</Initials>
                    <AffiliationInfo>
                        <Affiliation>Belozersky Institute of Physico-Chemical Biology, Lomonosov Moscow State University, Leninskiye gory 1, Moscow, 119234, Russia.</Affiliation>
                    </AffiliationInfo>
                    <AffiliationInfo>
                        <Affiliation>Faculty of Bioengineering and Bioinformatics, Lomonosov Moscow State University, Leninskiye gory 1-73, Moscow, 119234, Russia.</Affiliation>
                    </AffiliationInfo>
                    <AffiliationInfo>
                        <Affiliation>Engelhardt Institute of Molecular Biology, Russian Academy of Sciences, Vavilova 32, Moscow, 119991, Russia.</Affiliation>
                    </AffiliationInfo>
                </Author>
                <Author ValidYN="Y">
                    <LastName>Gladyshev</LastName>
                    <ForeName>Vadim N</ForeName>
                    <Initials>VN</Initials>
                    <AffiliationInfo>
                        <Affiliation>Belozersky Institute of Physico-Chemical Biology, Lomonosov Moscow State University, Leninskiye gory 1, Moscow, 119234, Russia.</Affiliation>
                    </AffiliationInfo>
                    <AffiliationInfo>
                        <Affiliation>Division of Genetics, Department of Medicine, Brigham and Women's Hospital and Harvard Medical School, Boston, MA, 02115, USA.</Affiliation>
                    </AffiliationInfo>
                </Author>
                <Author ValidYN="Y">
                    <LastName>Kulakovskiy</LastName>
                    <ForeName>Ivan V</ForeName>
                    <Initials>IV</Initials>
                    <Identifier Source="ORCID">http://orcid.org/0000-0002-6554-8128</Identifier>
                    <AffiliationInfo>
                        <Affiliation>Belozersky Institute of Physico-Chemical Biology, Lomonosov Moscow State University, Leninskiye gory 1, Moscow, 119234, Russia. ivan.kulakovskiy@gmail.com.</Affiliation>
                    </AffiliationInfo>
                    <AffiliationInfo>
                        <Affiliation>Vavilov Institute of General Genetics, Russian Academy of Sciences, Gubkina 3, Moscow, 119991, Russia. ivan.kulakovskiy@gmail.com.</Affiliation>
                    </AffiliationInfo>
                    <AffiliationInfo>
                        <Affiliation>Engelhardt Institute of Molecular Biology, Russian Academy of Sciences, Vavilova 32, Moscow, 119991, Russia. ivan.kulakovskiy@gmail.com.</Affiliation>
                    </AffiliationInfo>
                    <AffiliationInfo>
                        <Affiliation>Institute of Mathematical Problems of Biology RAS - the Branch of Keldysh Institute of Applied Mathematics of Russian Academy of Sciences, Vitkevicha 1, Pushchino, 142290, Moscow Region, Russia. ivan.kulakovskiy@gmail.com.</Affiliation>
                    </AffiliationInfo>
                </Author>
            </AuthorList>
            <Language>eng</Language>
            <GrantList CompleteYN="Y">
                <Grant>
                    <GrantID>14.W03.31.0012</GrantID>
                    <Agency>Government Council on Grants, Russian Federation</Agency>
                    <Country/>
                </Grant>
                <Grant>
                    <GrantID>18-34-20024</GrantID>
                    <Agency>Russian Foundation for Basic Research</Agency>
                    <Country/>
                </Grant>
            </GrantList>
            <PublicationTypeList>
                <PublicationType UI="D016428">Journal Article</PublicationType>
            </PublicationTypeList>
            <ArticleDate DateType="Electronic">
                <Year>2019</Year>
                <Month>03</Month>
                <Day>06</Day>
            </ArticleDate>
        </Article>
        <MedlineJournalInfo>
            <Country>England</Country>
            <MedlineTA>BMC Bioinformatics</MedlineTA>
            <NlmUniqueID>100965194</NlmUniqueID>
            <ISSNLinking>1471-2105</ISSNLinking>
        </MedlineJournalInfo>
        <KeywordList Owner="NOTNLM">
            <Keyword MajorTopicYN="N">Genome browser</Keyword>
            <Keyword MajorTopicYN="N">Genomic tracks</Keyword>
            <Keyword MajorTopicYN="N">High-throughput sequencing</Keyword>
            <Keyword MajorTopicYN="N">Next-generation sequencing</Keyword>
            <Keyword MajorTopicYN="N">Python</Keyword>
            <Keyword MajorTopicYN="N">RNA-Seq</Keyword>
            <Keyword MajorTopicYN="N">Ribo-Seq</Keyword>
            <Keyword MajorTopicYN="N">Visualization</Keyword>
        </KeywordList>
    </MedlineCitation>
    <PubmedData>
        <History>
            <PubMedPubDate PubStatus="received">
                <Year>2018</Year>
                <Month>10</Month>
                <Day>24</Day>
            </PubMedPubDate>
            <PubMedPubDate PubStatus="accepted">
                <Year>2019</Year>
                <Month>02</Month>
                <Day>27</Day>
            </PubMedPubDate>
            <PubMedPubDate PubStatus="entrez">
                <Year>2019</Year>
                <Month>3</Month>
                <Day>8</Day>
                <Hour>6</Hour>
                <Minute>0</Minute>
            </PubMedPubDate>
            <PubMedPubDate PubStatus="pubmed">
                <Year>2019</Year>
                <Month>3</Month>
                <Day>8</Day>
                <Hour>6</Hour>
                <Minute>0</Minute>
            </PubMedPubDate>
            <PubMedPubDate PubStatus="medline">
                <Year>2019</Year>
                <Month>3</Month>
                <Day>8</Day>
                <Hour>6</Hour>
                <Minute>0</Minute>
            </PubMedPubDate>
        </History>
        <PublicationStatus>epublish</PublicationStatus>
        <ArticleIdList>
            <ArticleId IdType="pubmed">30841857</ArticleId>
            <ArticleId IdType="doi">10.1186/s12859-019-2706-8</ArticleId>
            <ArticleId IdType="pii">10.1186/s12859-019-2706-8</ArticleId>
        </ArticleIdList>
    </PubmedData>
</PubmedArticle>


<PubmedArticle>
    <MedlineCitation Status="In-Process" Owner="NLM">
        <PMID Version="1">30841853</PMID>
        <DateRevised>
            <Year>2019</Year>
            <Month>03</Month>
            <Day>07</Day>
        </DateRevised>
        <Article PubModel="Electronic">
            <Journal>
                <ISSN IssnType="Electronic">1471-2164</ISSN>
                <JournalIssue CitedMedium="Internet">
                    <Volume>20</Volume>
                    <Issue>1</Issue>
                    <PubDate>
                        <Year>2019</Year>
                        <Month>Mar</Month>
                        <Day>06</Day>
                    </PubDate>
                </JournalIssue>
                <Title>BMC genomics</Title>
                <ISOAbbreviation>BMC Genomics</ISOAbbreviation>
            </Journal>
            <ArticleTitle>iGEAK: an interactive gene expression analysis kit for seamless workflow using the R/shiny platform.</ArticleTitle>
            <Pagination>
                <MedlinePgn>177</MedlinePgn>
            </Pagination>
            <ELocationID EIdType="doi" ValidYN="Y">10.1186/s12864-019-5548-x</ELocationID>
            <Abstract>
                <AbstractText Label="BACKGROUND" NlmCategory="BACKGROUND">The use of microarrays and RNA-seq technologies is ubiquitous for transcriptome analyses in modern biology. With proper analysis tools, the differential gene expression analysis process can be significantly accelerated. Many open-source programs provide cutting-edge techniques, but these often require programming skills and lack intuitive and interactive or graphical user interfaces. To avoid bottlenecks impeding seamless analysis processing, we have developed an Interactive Gene Expression Analysis Kit, we term iGEAK, focusing on usability and interactivity. iGEAK is designed to be a simple, intuitive, light-weight that contrasts with heavy-duty programs.</AbstractText>
                <AbstractText Label="RESULTS" NlmCategory="RESULTS">iGEAK is an R/Shiny-based client-side desktop application, providing an interactive gene expression data analysis pipeline for microarray and RNA-seq data. Gene expression data can be intuitively explored using a seamless analysis pipeline consisting of sample selection, differentially expressed gene prediction, protein-protein interaction, and gene set enrichment analyses. For each analysis step, users can easily alter parameters to mine more relevant biological information.</AbstractText>
                <AbstractText Label="CONCLUSION" NlmCategory="CONCLUSIONS">iGEAK is the outcome of close collaboration with wet-bench biologists who are eager to easily explore, mine, and analyze new or public microarray and RNA-seq data. We designed iGEAK as a gene expression analysis pipeline tool to provide essential analysis steps and a user-friendly interactive graphical user interface. iGEAK enables users without programing knowledge to comfortably perform differential gene expression predictions and downstream analyses. iGEAK packages, manuals, tutorials, sample datasets are available at the iGEAK project homepage ( https://sites.google.com/view/iGEAK ).</AbstractText>
            </Abstract>
            <AuthorList CompleteYN="Y">
                <Author ValidYN="Y">
                    <LastName>Choi</LastName>
                    <ForeName>Kwangmin</ForeName>
                    <Initials>K</Initials>
                    <Identifier Source="ORCID">http://orcid.org/0000-0003-4671-962X</Identifier>
                    <AffiliationInfo>
                        <Affiliation>Division of Experimental Hematology and Cancer Biology, Cincinnati Children's Hospital Medical Center, Cincinnati, OH, 45229, USA. kwangmin.choi.phd@gmail.com.</Affiliation>
                    </AffiliationInfo>
                </Author>
                <Author ValidYN="Y">
                    <LastName>Ratner</LastName>
                    <ForeName>Nancy</ForeName>
                    <Initials>N</Initials>
                    <AffiliationInfo>
                        <Affiliation>Division of Experimental Hematology and Cancer Biology, Cincinnati Children's Hospital Medical Center, Cincinnati, OH, 45229, USA.</Affiliation>
                    </AffiliationInfo>
                </Author>
            </AuthorList>
            <Language>eng</Language>
            <GrantList CompleteYN="Y">
                <Grant>
                    <GrantID>NIH-R37-NS083580</GrantID>
                    <Agency>National Institutes of Health</Agency>
                    <Country/>
                </Grant>
            </GrantList>
            <PublicationTypeList>
                <PublicationType UI="D016428">Journal Article</PublicationType>
            </PublicationTypeList>
            <ArticleDate DateType="Electronic">
                <Year>2019</Year>
                <Month>03</Month>
                <Day>06</Day>
            </ArticleDate>
        </Article>
        <MedlineJournalInfo>
            <Country>England</Country>
            <MedlineTA>BMC Genomics</MedlineTA>
            <NlmUniqueID>100965258</NlmUniqueID>
            <ISSNLinking>1471-2164</ISSNLinking>
        </MedlineJournalInfo>
        <KeywordList Owner="NOTNLM">
            <Keyword MajorTopicYN="N">Differential expression (DE) analysis</Keyword>
            <Keyword MajorTopicYN="N">Genomics</Keyword>
            <Keyword MajorTopicYN="N">Graphical user interface</Keyword>
            <Keyword MajorTopicYN="N">Microarray</Keyword>
            <Keyword MajorTopicYN="N">Pipeline</Keyword>
            <Keyword MajorTopicYN="N">R</Keyword>
            <Keyword MajorTopicYN="N">RNA-seq</Keyword>
            <Keyword MajorTopicYN="N">Shiny</Keyword>
            <Keyword MajorTopicYN="N">Transcriptomics</Keyword>
        </KeywordList>
    </MedlineCitation>
    <PubmedData>
        <History>
            <PubMedPubDate PubStatus="received">
                <Year>2018</Year>
                <Month>09</Month>
                <Day>21</Day>
            </PubMedPubDate>
            <PubMedPubDate PubStatus="accepted">
                <Year>2019</Year>
                <Month>02</Month>
                <Day>20</Day>
            </PubMedPubDate>
            <PubMedPubDate PubStatus="entrez">
                <Year>2019</Year>
                <Month>3</Month>
                <Day>8</Day>
                <Hour>6</Hour>
                <Minute>0</Minute>
            </PubMedPubDate>
            <PubMedPubDate PubStatus="pubmed">
                <Year>2019</Year>
                <Month>3</Month>
                <Day>8</Day>
                <Hour>6</Hour>
                <Minute>0</Minute>
            </PubMedPubDate>
            <PubMedPubDate PubStatus="medline">
                <Year>2019</Year>
                <Month>3</Month>
                <Day>8</Day>
                <Hour>6</Hour>
                <Minute>0</Minute>
            </PubMedPubDate>
        </History>
        <PublicationStatus>epublish</PublicationStatus>
        <ArticleIdList>
            <ArticleId IdType="pubmed">30841853</ArticleId>
            <ArticleId IdType="doi">10.1186/s12864-019-5548-x</ArticleId>
            <ArticleId IdType="pii">10.1186/s12864-019-5548-x</ArticleId>
        </ArticleIdList>
    </PubmedData>
</PubmedArticle>


<PubmedArticle>
    <MedlineCitation Status="In-Process" Owner="NLM">
        <PMID Version="1">30841846</PMID>
        <DateRevised>
            <Year>2019</Year>
            <Month>03</Month>
            <Day>07</Day>
        </DateRevised>
        <Article PubModel="Electronic">
            <Journal>
                <ISSN IssnType="Electronic">1471-2105</ISSN>
                <JournalIssue CitedMedium="Internet">
                    <Volume>20</Volume>
                    <Issue>1</Issue>
                    <PubDate>
                        <Year>2019</Year>
                        <Month>Mar</Month>
                        <Day>06</Day>
                    </PubDate>
                </JournalIssue>
                <Title>BMC bioinformatics</Title>
                <ISOAbbreviation>BMC Bioinformatics</ISOAbbreviation>
            </Journal>
            <ArticleTitle>GSEPD: a Bioconductor package for RNA-seq gene set enrichment and projection display.</ArticleTitle>
            <Pagination>
                <MedlinePgn>115</MedlinePgn>
            </Pagination>
            <ELocationID EIdType="doi" ValidYN="Y">10.1186/s12859-019-2697-5</ELocationID>
            <Abstract>
                <AbstractText Label="BACKGROUND" NlmCategory="BACKGROUND">RNA-seq, wherein RNA transcripts expressed in a sample are sequenced and quantified, has become a widely used technique to study disease and development. With RNA-seq, transcription abundance can be measured, differential expression genes between groups and functional enrichment of those genes can be computed. However, biological insights from RNA-seq are often limited by computational analysis and the enormous volume of resulting data, preventing facile and meaningful review and interpretation of gene expression profiles. Particularly, in cases where the samples under study exhibit uncontrolled variation, deeper analysis of functional enrichment would be necessary to visualize samples' gene expression activity under each biological function.</AbstractText>
                <AbstractText Label="RESULTS" NlmCategory="RESULTS">We developed a Bioconductor package rgsepd that streamlines RNA-seq data analysis by wrapping commonly used tools DESeq2 and GOSeq in a user-friendly interface and performs a gene-subset linear projection to cluster heterogeneous samples by Gene Ontology (GO) terms. Rgsepd computes significantly enriched GO terms for each experimental condition and generates multidimensional projection plots highlighting how each predefined gene set's multidimensional expression may delineate samples.</AbstractText>
                <AbstractText Label="CONCLUSIONS" NlmCategory="CONCLUSIONS">The rgsepd serves to automate differential expression, functional annotation, and exploratory data analyses to highlight subtle expression differences among samples based on each significant biological function.</AbstractText>
            </Abstract>
            <AuthorList CompleteYN="Y">
                <Author ValidYN="Y">
                    <LastName>Stamm</LastName>
                    <ForeName>Karl</ForeName>
                    <Initials>K</Initials>
                    <AffiliationInfo>
                        <Affiliation>Department of Mathematics, Statistics and Computer Science, Marquette University, Milwaukee, WI, USA.</Affiliation>
                    </AffiliationInfo>
                    <AffiliationInfo>
                        <Affiliation>Department of Surgery, Medical College of Wisconsin, Milwaukee, WI, USA.</Affiliation>
                    </AffiliationInfo>
                </Author>
                <Author ValidYN="Y">
                    <LastName>Tomita-Mitchell</LastName>
                    <ForeName>Aoy</ForeName>
                    <Initials>A</Initials>
                    <AffiliationInfo>
                        <Affiliation>Department of Surgery, Medical College of Wisconsin, Milwaukee, WI, USA.</Affiliation>
                    </AffiliationInfo>
                </Author>
                <Author ValidYN="Y">
                    <LastName>Bozdag</LastName>
                    <ForeName>Serdar</ForeName>
                    <Initials>S</Initials>
                    <Identifier Source="ORCID">http://orcid.org/0000-0002-4813-4310</Identifier>
                    <AffiliationInfo>
                        <Affiliation>Department of Mathematics, Statistics and Computer Science, Marquette University, Milwaukee, WI, USA. serdar.bozdag@marquette.edu.</Affiliation>
                    </AffiliationInfo>
                </Author>
            </AuthorList>
            <Language>eng</Language>
            <PublicationTypeList>
                <PublicationType UI="D016428">Journal Article</PublicationType>
            </PublicationTypeList>
            <ArticleDate DateType="Electronic">
                <Year>2019</Year>
                <Month>03</Month>
                <Day>06</Day>
            </ArticleDate>
        </Article>
        <MedlineJournalInfo>
            <Country>England</Country>
            <MedlineTA>BMC Bioinformatics</MedlineTA>
            <NlmUniqueID>100965194</NlmUniqueID>
            <ISSNLinking>1471-2105</ISSNLinking>
        </MedlineJournalInfo>
        <KeywordList Owner="NOTNLM">
            <Keyword MajorTopicYN="N">Bioconductor</Keyword>
            <Keyword MajorTopicYN="N">Clustering</Keyword>
            <Keyword MajorTopicYN="N">Differential gene expression</Keyword>
            <Keyword MajorTopicYN="N">Gene ontology</Keyword>
            <Keyword MajorTopicYN="N">RNA-Seq</Keyword>
            <Keyword MajorTopicYN="N">Transcriptome</Keyword>
            <Keyword MajorTopicYN="N">Visualization</Keyword>
        </KeywordList>
    </MedlineCitation>
    <PubmedData>
        <History>
            <PubMedPubDate PubStatus="received">
                <Year>2018</Year>
                <Month>10</Month>
                <Day>30</Day>
            </PubMedPubDate>
            <PubMedPubDate PubStatus="accepted">
                <Year>2019</Year>
                <Month>02</Month>
                <Day>21</Day>
            </PubMedPubDate>
            <PubMedPubDate PubStatus="entrez">
                <Year>2019</Year>
                <Month>3</Month>
                <Day>8</Day>
                <Hour>6</Hour>
                <Minute>0</Minute>
            </PubMedPubDate>
            <PubMedPubDate PubStatus="pubmed">
                <Year>2019</Year>
                <Month>3</Month>
                <Day>8</Day>
                <Hour>6</Hour>
                <Minute>0</Minute>
            </PubMedPubDate>
            <PubMedPubDate PubStatus="medline">
                <Year>2019</Year>
                <Month>3</Month>
                <Day>8</Day>
                <Hour>6</Hour>
                <Minute>0</Minute>
            </PubMedPubDate>
        </History>
        <PublicationStatus>epublish</PublicationStatus>
        <ArticleIdList>
            <ArticleId IdType="pubmed">30841846</ArticleId>
            <ArticleId IdType="doi">10.1186/s12859-019-2697-5</ArticleId>
            <ArticleId IdType="pii">10.1186/s12859-019-2697-5</ArticleId>
        </ArticleIdList>
    </PubmedData>
</PubmedArticle>


<PubmedArticle>
    <MedlineCitation Status="In-Process" Owner="NLM">
        <PMID Version="1">30841447</PMID>
        <DateRevised>
            <Year>2019</Year>
            <Month>03</Month>
            <Day>07</Day>
        </DateRevised>
        <Article PubModel="Print-Electronic">
            <Journal>
                <ISSN IssnType="Electronic">1950-6007</ISSN>
                <JournalIssue CitedMedium="Internet">
                    <Volume>111</Volume>
                    <PubDate>
                        <Year>2019</Year>
                        <Month>Mar</Month>
                    </PubDate>
                </JournalIssue>
                <Title>Biomedicine &amp; pharmacotherapy = Biomedecine &amp; pharmacotherapie</Title>
                <ISOAbbreviation>Biomed. Pharmacother.</ISOAbbreviation>
            </Journal>
            <ArticleTitle>Hypomethylated gene NRP1 is co-expressed with PDGFRB and associated with poor overall survival in gastric cancer patients.</ArticleTitle>
            <Pagination>
                <MedlinePgn>1334-1341</MedlinePgn>
            </Pagination>
            <ELocationID EIdType="pii" ValidYN="Y">S0753-3322(18)37553-X</ELocationID>
            <ELocationID EIdType="doi" ValidYN="Y">10.1016/j.biopha.2019.01.023</ELocationID>
            <Abstract>
                <AbstractText>Gastric cancer (GC) has been an increasingly serious problem in public health. However, there is still a lack of efficient approach to diagnosis and treatment in time, especially in the field of targeted therapy. Increasing evidences demonstrated that DNA methylation plays an essential role in tumorigenesis and progression of GC. Thus the present study aims to identify DNA methylation-based prognostic biomarkers in GC. Two methylation array datasets (GSE25869 and GSE30601) and RNA-seq based gene profiling dataset (TCGA-STAD) were employed for exploring candidate DNA methylation-based biomarkers. Univariate Cox regression analysis was used to select the most efficient prognostic genes in GC patients. Weighted gene correlation network analysis (WGCNA) was performed to screen the cluster of co-expressed genes. As a result, our data proved that NRP1 was a hypomethylated / upregulated gene in GC tissues, and PDGFRB was strongly co-expressed with it. Both of them were significantly associated with the overall survival of patients. More importantly, high expression levels of NRP1 and PDGFRB were associated with malignant phenotypes in GC patients, including Laur<U+00E9>n histological diffuse type and higher histological grade. Patients carrying high expression level of NRP1 and PDGFRB had a nearly two-fold increased death risk than others. In summary, the hypomethylated gene, NRP1, and its co-expressed gene, PDGFRB, were significantly correlated with tumor malignant phenotypes, which might serve as potential prognostic biomarkers for GC patients.</AbstractText>
                <CopyrightInformation>Copyright © 2019. Published by Elsevier Masson SAS.</CopyrightInformation>
            </Abstract>
            <AuthorList CompleteYN="Y">
                <Author ValidYN="Y">
                    <LastName>Wang</LastName>
                    <ForeName>Guanghui</ForeName>
                    <Initials>G</Initials>
                    <AffiliationInfo>
                        <Affiliation>Department of General Surgery, The First Affiliated Hospital of Xi'an Jiaotong University, Xi'an, 710061, Shaanxi, China.</Affiliation>
                    </AffiliationInfo>
                </Author>
                <Author ValidYN="Y">
                    <LastName>Shi</LastName>
                    <ForeName>Bin</ForeName>
                    <Initials>B</Initials>
                    <AffiliationInfo>
                        <Affiliation>Department of Gastroenterology Surgery, Liaocheng People's Hospital, Taishan Medical College, Liaocheng, 252000, Shandong, China.</Affiliation>
                    </AffiliationInfo>
                </Author>
                <Author ValidYN="Y">
                    <LastName>Fu</LastName>
                    <ForeName>Yunong</ForeName>
                    <Initials>Y</Initials>
                    <AffiliationInfo>
                        <Affiliation>Department of Hepatobiliary Surgery, The First Affiliated Hospital of Xi'an Jiaotong University, Xi'an, 710061, Shaanxi, China.</Affiliation>
                    </AffiliationInfo>
                </Author>
                <Author ValidYN="Y">
                    <LastName>Zhao</LastName>
                    <ForeName>Shasha</ForeName>
                    <Initials>S</Initials>
                    <AffiliationInfo>
                        <Affiliation>Health Science Center, Xi'an Jiaotong University, Xi'an, 710061, Shaanxi, China.</Affiliation>
                    </AffiliationInfo>
                </Author>
                <Author ValidYN="Y">
                    <LastName>Qu</LastName>
                    <ForeName>Kai</ForeName>
                    <Initials>K</Initials>
                    <AffiliationInfo>
                        <Affiliation>Department of Hepatobiliary Surgery, The First Affiliated Hospital of Xi'an Jiaotong University, Xi'an, 710061, Shaanxi, China.</Affiliation>
                    </AffiliationInfo>
                </Author>
                <Author ValidYN="Y">
                    <LastName>Guo</LastName>
                    <ForeName>Qingbo</ForeName>
                    <Initials>Q</Initials>
                    <AffiliationInfo>
                        <Affiliation>Department of Clinical Laboratory, Yidu Central Hospital of Weifang, Weifang, 262500, Shandong, China.</Affiliation>
                    </AffiliationInfo>
                </Author>
                <Author ValidYN="Y">
                    <LastName>Li</LastName>
                    <ForeName>Ke</ForeName>
                    <Initials>K</Initials>
                    <AffiliationInfo>
                        <Affiliation>Department of Central Laboratory, Liaocheng People's Hospital, Taishan Medical College, Liaocheng, 252000, Shandong, China. Electronic address: liker66@sina.com.</Affiliation>
                    </AffiliationInfo>
                </Author>
                <Author ValidYN="Y">
                    <LastName>She</LastName>
                    <ForeName>Junjun</ForeName>
                    <Initials>J</Initials>
                    <AffiliationInfo>
                        <Affiliation>Department of General Surgery, The First Affiliated Hospital of Xi'an Jiaotong University, Xi'an, 710061, Shaanxi, China. Electronic address: sjuns@sina.com.</Affiliation>
                    </AffiliationInfo>
                </Author>
            </AuthorList>
            <Language>eng</Language>
            <PublicationTypeList>
                <PublicationType UI="D016428">Journal Article</PublicationType>
            </PublicationTypeList>
            <ArticleDate DateType="Electronic">
                <Year>2019</Year>
                <Month>01</Month>
                <Day>16</Day>
            </ArticleDate>
        </Article>
        <MedlineJournalInfo>
            <Country>France</Country>
            <MedlineTA>Biomed Pharmacother</MedlineTA>
            <NlmUniqueID>8213295</NlmUniqueID>
            <ISSNLinking>0753-3322</ISSNLinking>
        </MedlineJournalInfo>
        <KeywordList Owner="NOTNLM">
            <Keyword MajorTopicYN="N">Gastric cancer</Keyword>
            <Keyword MajorTopicYN="N">Malignant phenotypes</Keyword>
            <Keyword MajorTopicYN="N">Methylation</Keyword>
            <Keyword MajorTopicYN="N">NRP1</Keyword>
            <Keyword MajorTopicYN="N">PDGFRB</Keyword>
        </KeywordList>
    </MedlineCitation>
    <PubmedData>
        <History>
            <PubMedPubDate PubStatus="received">
                <Year>2018</Year>
                <Month>10</Month>
                <Day>23</Day>
            </PubMedPubDate>
            <PubMedPubDate PubStatus="revised">
                <Year>2019</Year>
                <Month>01</Month>
                <Day>03</Day>
            </PubMedPubDate>
            <PubMedPubDate PubStatus="accepted">
                <Year>2019</Year>
                <Month>01</Month>
                <Day>06</Day>
            </PubMedPubDate>
            <PubMedPubDate PubStatus="entrez">
                <Year>2019</Year>
                <Month>3</Month>
                <Day>8</Day>
                <Hour>6</Hour>
                <Minute>0</Minute>
            </PubMedPubDate>
            <PubMedPubDate PubStatus="pubmed">
                <Year>2019</Year>
                <Month>3</Month>
                <Day>8</Day>
                <Hour>6</Hour>
                <Minute>0</Minute>
            </PubMedPubDate>
            <PubMedPubDate PubStatus="medline">
                <Year>2019</Year>
                <Month>3</Month>
                <Day>8</Day>
                <Hour>6</Hour>
                <Minute>0</Minute>
            </PubMedPubDate>
        </History>
        <PublicationStatus>ppublish</PublicationStatus>
        <ArticleIdList>
            <ArticleId IdType="pubmed">30841447</ArticleId>
            <ArticleId IdType="pii">S0753-3322(18)37553-X</ArticleId>
            <ArticleId IdType="doi">10.1016/j.biopha.2019.01.023</ArticleId>
        </ArticleIdList>
    </PubmedData>
</PubmedArticle>


<PubmedArticle>
    <MedlineCitation Status="In-Data-Review" Owner="NLM">
        <PMID Version="1">30840884</PMID>
        <DateRevised>
            <Year>2019</Year>
            <Month>03</Month>
            <Day>06</Day>
        </DateRevised>
        <Article PubModel="Print">
            <Journal>
                <ISSN IssnType="Electronic">2211-1247</ISSN>
                <JournalIssue CitedMedium="Internet">
                    <Volume>26</Volume>
                    <Issue>10</Issue>
                    <PubDate>
                        <Year>2019</Year>
                        <Month>Mar</Month>
                        <Day>05</Day>
                    </PubDate>
                </JournalIssue>
                <Title>Cell reports</Title>
                <ISOAbbreviation>Cell Rep</ISOAbbreviation>
            </Journal>
            <ArticleTitle>Single-Cell RNA-Seq Reveals Cellular Heterogeneity of Pluripotency Transition and X Chromosome Dynamics during Early Mouse Development.</ArticleTitle>
            <Pagination>
                <MedlinePgn>2593-2607.e3</MedlinePgn>
            </Pagination>
            <ELocationID EIdType="pii" ValidYN="Y">S2211-1247(19)30202-5</ELocationID>
            <ELocationID EIdType="doi" ValidYN="Y">10.1016/j.celrep.2019.02.031</ELocationID>
            <Abstract>
                <AbstractText>Following implantation, the epiblast (EPI) cells transit from the naive to primed pluripotency, accompanied by dynamic changes in X chromosome activity in females. To investigate the molecular attributes of this process, we performed single-cell RNA-seq analysis of 1,724 cells of E5.25, E5.5, E6.25, and E6.5 mouse embryos. We identified three cellular states in the EPI cells that capture the transition along the pluripotency continuum and the acquisition of primitive streak propensity. The transition of three EPI states was driven by inductive signaling activity emanating from the visceral endoderm (VE). In the EPI of female embryos, X chromosome reactivation (XCR) was initiated prior to the completion of imprinted X chromosome inactivation (XCI), and the ensuing random XCI was highly asynchronous. Moreover, imprinted paternal XCI proceeded faster in the VE than the extraembryonic ectoderm. Our study has provided a detailed molecular roadmap of the emergent lineage commitment before gastrulation and characterized X chromosome dynamics during early mouse development.</AbstractText>
                <CopyrightInformation>Copyright © 2019 The Author(s). Published by Elsevier Inc. All rights reserved.</CopyrightInformation>
            </Abstract>
            <AuthorList CompleteYN="Y">
                <Author ValidYN="Y">
                    <LastName>Cheng</LastName>
                    <ForeName>Shangli</ForeName>
                    <Initials>S</Initials>
                    <AffiliationInfo>
                        <Affiliation>Department of Physiology and Pharmacology, Karolinska Institutet, 17177 Solna, Sweden.</Affiliation>
                    </AffiliationInfo>
                </Author>
                <Author ValidYN="Y">
                    <LastName>Pei</LastName>
                    <ForeName>Yu</ForeName>
                    <Initials>Y</Initials>
                    <AffiliationInfo>
                        <Affiliation>Department of Physiology and Pharmacology, Karolinska Institutet, 17177 Solna, Sweden; Center for Molecular Medicine, Karolinska University Hospital, 17176 Solna, Sweden.</Affiliation>
                    </AffiliationInfo>
                </Author>
                <Author ValidYN="Y">
                    <LastName>He</LastName>
                    <ForeName>Liqun</ForeName>
                    <Initials>L</Initials>
                    <AffiliationInfo>
                        <Affiliation>Department of Neurosurgery, Tianjin Medical University General Hospital, Tianjin Neurological Institute, 300052 Tianjin, China.</Affiliation>
                    </AffiliationInfo>
                </Author>
                <Author ValidYN="Y">
                    <LastName>Peng</LastName>
                    <ForeName>Guangdun</ForeName>
                    <Initials>G</Initials>
                    <AffiliationInfo>
                        <Affiliation>State Key Laboratory of Cell Biology, CAS Center for Excellence in Molecular Cell Science, Shanghai Institute of Biochemistry and Cell Biology, Chinese Academy of Sciences, University of Chinese Academy of Sciences, 200031 Shanghai, China; CAS Key Laboratory of Regenerative Biology, Guangdong Provincial Key Laboratory of Stem Cell and Regenerative Medicine, Guangzhou Institutes of Biomedicine and Health, Chinese Academy of Sciences, 510530 Guangzhou, China.</Affiliation>
                    </AffiliationInfo>
                </Author>
                <Author ValidYN="Y">
                    <LastName>Reinius</LastName>
                    <ForeName>Bj<U+00F6>rn</ForeName>
                    <Initials>B</Initials>
                    <AffiliationInfo>
                        <Affiliation>Department of Medical Biochemistry and Biophysics, Karolinska Institutet, 17177 Solna, Sweden.</Affiliation>
                    </AffiliationInfo>
                </Author>
                <Author ValidYN="Y">
                    <LastName>Tam</LastName>
                    <ForeName>Patrick P L</ForeName>
                    <Initials>PPL</Initials>
                    <AffiliationInfo>
                        <Affiliation>Embryology Unit, Children's Medical Research Institute, The University of Sydney and School of Medical Sciences, Faculty of Medicine and Health, The University of Sydney, Westmead, NSW 2145, Australia.</Affiliation>
                    </AffiliationInfo>
                </Author>
                <Author ValidYN="Y">
                    <LastName>Jing</LastName>
                    <ForeName>Naihe</ForeName>
                    <Initials>N</Initials>
                    <AffiliationInfo>
                        <Affiliation>State Key Laboratory of Cell Biology, CAS Center for Excellence in Molecular Cell Science, Shanghai Institute of Biochemistry and Cell Biology, Chinese Academy of Sciences, University of Chinese Academy of Sciences, 200031 Shanghai, China; School of Life Science and Technology, Shanghai Tech University, 201210 Shanghai, China.</Affiliation>
                    </AffiliationInfo>
                </Author>
                <Author ValidYN="Y">
                    <LastName>Deng</LastName>
                    <ForeName>Qiaolin</ForeName>
                    <Initials>Q</Initials>
                    <AffiliationInfo>
                        <Affiliation>Department of Physiology and Pharmacology, Karolinska Institutet, 17177 Solna, Sweden; Center for Molecular Medicine, Karolinska University Hospital, 17176 Solna, Sweden; School of Life Sciences and Technology, Tongji University, 200092 Shanghai, China. Electronic address: qiaolin.deng@ki.se.</Affiliation>
                    </AffiliationInfo>
                </Author>
            </AuthorList>
            <Language>eng</Language>
            <PublicationTypeList>
                <PublicationType UI="D016428">Journal Article</PublicationType>
            </PublicationTypeList>
        </Article>
        <MedlineJournalInfo>
            <Country>United States</Country>
            <MedlineTA>Cell Rep</MedlineTA>
            <NlmUniqueID>101573691</NlmUniqueID>
        </MedlineJournalInfo>
        <KeywordList Owner="NOTNLM">
            <Keyword MajorTopicYN="N">X chromosome inactivation dynamics</Keyword>
            <Keyword MajorTopicYN="N">epiblast heterogeneity</Keyword>
            <Keyword MajorTopicYN="N">pluripotency transition</Keyword>
            <Keyword MajorTopicYN="N">pregastrula development</Keyword>
        </KeywordList>
    </MedlineCitation>
    <PubmedData>
        <History>
            <PubMedPubDate PubStatus="received">
                <Year>2018</Year>
                <Month>07</Month>
                <Day>26</Day>
            </PubMedPubDate>
            <PubMedPubDate PubStatus="revised">
                <Year>2018</Year>
                <Month>10</Month>
                <Day>29</Day>
            </PubMedPubDate>
            <PubMedPubDate PubStatus="accepted">
                <Year>2019</Year>
                <Month>02</Month>
                <Day>08</Day>
            </PubMedPubDate>
            <PubMedPubDate PubStatus="entrez">
                <Year>2019</Year>
                <Month>3</Month>
                <Day>7</Day>
                <Hour>6</Hour>
                <Minute>0</Minute>
            </PubMedPubDate>
            <PubMedPubDate PubStatus="pubmed">
                <Year>2019</Year>
                <Month>3</Month>
                <Day>7</Day>
                <Hour>6</Hour>
                <Minute>0</Minute>
            </PubMedPubDate>
            <PubMedPubDate PubStatus="medline">
                <Year>2019</Year>
                <Month>3</Month>
                <Day>7</Day>
                <Hour>6</Hour>
                <Minute>0</Minute>
            </PubMedPubDate>
        </History>
        <PublicationStatus>ppublish</PublicationStatus>
        <ArticleIdList>
            <ArticleId IdType="pubmed">30840884</ArticleId>
            <ArticleId IdType="pii">S2211-1247(19)30202-5</ArticleId>
            <ArticleId IdType="doi">10.1016/j.celrep.2019.02.031</ArticleId>
        </ArticleIdList>
    </PubmedData>
</PubmedArticle>


<PubmedArticle>
    <MedlineCitation Status="In-Data-Review" Owner="NLM">
        <PMID Version="1">30840683</PMID>
        <DateRevised>
            <Year>2019</Year>
            <Month>03</Month>
            <Day>06</Day>
        </DateRevised>
        <Article PubModel="Electronic-eCollection">
            <Journal>
                <ISSN IssnType="Electronic">1932-6203</ISSN>
                <JournalIssue CitedMedium="Internet">
                    <Volume>14</Volume>
                    <Issue>3</Issue>
                    <PubDate>
                        <Year>2019</Year>
                    </PubDate>
                </JournalIssue>
                <Title>PloS one</Title>
                <ISOAbbreviation>PLoS ONE</ISOAbbreviation>
            </Journal>
            <ArticleTitle>Analysis of transcriptional responses in root tissue of bread wheat landrace (Triticum aestivum L.) reveals drought avoidance mechanisms under water scarcity.</ArticleTitle>
            <Pagination>
                <MedlinePgn>e0212671</MedlinePgn>
            </Pagination>
            <ELocationID EIdType="doi" ValidYN="Y">10.1371/journal.pone.0212671</ELocationID>
            <Abstract>
                <AbstractText>In this study, high-throughput sequencing (RNA-Seq) was utilized to evaluate differential expression of transcripts and their related genes involved in response to terminal drought in root tissues of bread wheat landrace (L-82) and drought-sensitive genotype (Marvdasht). Subsets of 460 differentially expressed genes (DEGs) in drought-tolerant genotype and 236 in drought-sensitive genotype were distinguished and functionally annotated with 105 gene ontology (GO) terms and 77 metabolic pathways. Transcriptome profiling of drought-resistant genotype &quot;L-82&quot; showed up-regulation of genes mostly involved in Oxidation-reduction process, secondary metabolite biosynthesis, abiotic stress response, transferase activity and heat shock proteins. On the other hand, down-regulated genes mostly involved in signaling, oxidation-reduction process, secondary metabolite biosynthesis, auxin-responsive protein and lipid metabolism. We hypothesized that the drought tolerance in &quot;L-82&quot; was a result of avoidance strategies. Up-regulation of genes related to the deeper root system and adequate hydraulic characteristics to allow water uptake under water scarcity confirms our hypothesis. The transcriptomic sequences generated in this study provide information about mechanisms of acclimation to drought in the selected bread wheat landrace, &quot;L-82&quot;, and will help us to unravel the mechanisms underlying the ability of crops to reproduce and keep its productivity even under drought stress.</AbstractText>
            </Abstract>
            <AuthorList CompleteYN="Y">
                <Author ValidYN="Y">
                    <LastName>Chaichi</LastName>
                    <ForeName>Mehrdad</ForeName>
                    <Initials>M</Initials>
                    <AffiliationInfo>
                        <Affiliation>National Institute of Genetic Engineering and Biotechnology (NIGEB), Tehran, Iran.</Affiliation>
                    </AffiliationInfo>
                </Author>
                <Author ValidYN="Y">
                    <LastName>Sanjarian</LastName>
                    <ForeName>Forough</ForeName>
                    <Initials>F</Initials>
                    <AffiliationInfo>
                        <Affiliation>National Institute of Genetic Engineering and Biotechnology (NIGEB), Tehran, Iran.</Affiliation>
                    </AffiliationInfo>
                </Author>
                <Author ValidYN="Y">
                    <LastName>Razavi</LastName>
                    <ForeName>Khadijeh</ForeName>
                    <Initials>K</Initials>
                    <AffiliationInfo>
                        <Affiliation>National Institute of Genetic Engineering and Biotechnology (NIGEB), Tehran, Iran.</Affiliation>
                    </AffiliationInfo>
                </Author>
                <Author ValidYN="Y">
                    <LastName>Gonzalez-Hernandez</LastName>
                    <ForeName>Jose L</ForeName>
                    <Initials>JL</Initials>
                    <AffiliationInfo>
                        <Affiliation>Agronomy, Horticulture and Plant Sciences Dept., South Dakota State University, Brookings, South Dakota, United States of America.</Affiliation>
                    </AffiliationInfo>
                </Author>
            </AuthorList>
            <Language>eng</Language>
            <PublicationTypeList>
                <PublicationType UI="D016428">Journal Article</PublicationType>
            </PublicationTypeList>
            <ArticleDate DateType="Electronic">
                <Year>2019</Year>
                <Month>03</Month>
                <Day>06</Day>
            </ArticleDate>
        </Article>
        <MedlineJournalInfo>
            <Country>United States</Country>
            <MedlineTA>PLoS One</MedlineTA>
            <NlmUniqueID>101285081</NlmUniqueID>
            <ISSNLinking>1932-6203</ISSNLinking>
        </MedlineJournalInfo>
        <CoiStatement>The authors have declared that no competing interests exist.</CoiStatement>
    </MedlineCitation>
    <PubmedData>
        <History>
            <PubMedPubDate PubStatus="received">
                <Year>2018</Year>
                <Month>07</Month>
                <Day>30</Day>
            </PubMedPubDate>
            <PubMedPubDate PubStatus="accepted">
                <Year>2019</Year>
                <Month>02</Month>
                <Day>07</Day>
            </PubMedPubDate>
            <PubMedPubDate PubStatus="entrez">
                <Year>2019</Year>
                <Month>3</Month>
                <Day>7</Day>
                <Hour>6</Hour>
                <Minute>0</Minute>
            </PubMedPubDate>
            <PubMedPubDate PubStatus="pubmed">
                <Year>2019</Year>
                <Month>3</Month>
                <Day>7</Day>
                <Hour>6</Hour>
                <Minute>0</Minute>
            </PubMedPubDate>
            <PubMedPubDate PubStatus="medline">
                <Year>2019</Year>
                <Month>3</Month>
                <Day>7</Day>
                <Hour>6</Hour>
                <Minute>0</Minute>
            </PubMedPubDate>
        </History>
        <PublicationStatus>epublish</PublicationStatus>
        <ArticleIdList>
            <ArticleId IdType="pubmed">30840683</ArticleId>
            <ArticleId IdType="doi">10.1371/journal.pone.0212671</ArticleId>
            <ArticleId IdType="pii">PONE-D-18-22446</ArticleId>
        </ArticleIdList>
    </PubmedData>
</PubmedArticle>


<PubmedArticle>
    <MedlineCitation Status="Publisher" Owner="NLM">
        <PMID Version="1">30840164</PMID>
        <DateRevised>
            <Year>2019</Year>
            <Month>03</Month>
            <Day>06</Day>
        </DateRevised>
        <Article PubModel="Print-Electronic">
            <Journal>
                <ISSN IssnType="Electronic">1438-7948</ISSN>
                <JournalIssue CitedMedium="Internet">
                    <PubDate>
                        <Year>2019</Year>
                        <Month>Mar</Month>
                        <Day>06</Day>
                    </PubDate>
                </JournalIssue>
                <Title>Functional &amp; integrative genomics</Title>
                <ISOAbbreviation>Funct. Integr. Genomics</ISOAbbreviation>
            </Journal>
            <ArticleTitle>Transcriptomics analysis of propiconazole-treated Cochliobolus sativus reveals new putative azole targets in the plant pathogen.</ArticleTitle>
            <ELocationID EIdType="doi" ValidYN="Y">10.1007/s10142-019-00660-9</ELocationID>
            <Abstract>
                <AbstractText>Cochliobolus sativus (anamorph: Bipolaris sorokiniana) is a filamentous fungus from the class Dothideomycetes. It is a pathogen of cereals including wheat and barley, and causes foliar spot blotch, root rot, black point on grains, head blight, leaf blight, and seedling blight diseases. Annual yields of these economically important cereals are severely reduced due to this pathogen attack. Evolution of fungicide resistant pathogen strains, availability of a limited number of potent antifungal compounds, and their efficacy are the acute issues in field management of phytopathogenic fungi. Propiconazole is a widely used azole fungicide to control the disease in fields. The known targets of azoles are the demethylase enzymes involved in ergosterol biosynthesis. Nonetheless, azoles have multiple modes of action, some of which have not been explored yet. Identifying the off-target effects of fungicides by dissecting gene expression profiles in response to them can provide insights into their modes of action and possible mechanisms of fungicide resistance. Moreover it can also reveal additional targets for development of new fungicides. Hence, we analyzed the global gene expression profile of C. sativus on exposure to sub-lethal doses of propiconazole in a time series. The gene expression patterns were confirmed using quantitative reverse transcriptase PCR (qRT-PCR). This study revealed overexpression of target genes from the sterol biosynthesis pathway supporting the reported mode of resistance against azoles. In addition, some new potential targets have also been identified, which could be explored to develop new fungicides and plant protection strategies.</AbstractText>
            </Abstract>
            <AuthorList CompleteYN="Y">
                <Author ValidYN="Y">
                    <LastName>Somani</LastName>
                    <ForeName>Deepika</ForeName>
                    <Initials>D</Initials>
                    <AffiliationInfo>
                        <Affiliation>Biochemical Sciences Division, CSIR-National Chemical Laboratory, Pune, 411008, India.</Affiliation>
                    </AffiliationInfo>
                    <AffiliationInfo>
                        <Affiliation>Academy of Scientific and Innovative Research (AcSIR), New Delhi, India.</Affiliation>
                    </AffiliationInfo>
                </Author>
                <Author ValidYN="Y">
                    <LastName>Adhav</LastName>
                    <ForeName>Ragini</ForeName>
                    <Initials>R</Initials>
                    <AffiliationInfo>
                        <Affiliation>Biochemical Sciences Division, CSIR-National Chemical Laboratory, Pune, 411008, India.</Affiliation>
                    </AffiliationInfo>
                    <AffiliationInfo>
                        <Affiliation>Faculty of Health Science, University of Macau, Macau, China.</Affiliation>
                    </AffiliationInfo>
                </Author>
                <Author ValidYN="Y">
                    <LastName>Prashant</LastName>
                    <ForeName>Ramya</ForeName>
                    <Initials>R</Initials>
                    <AffiliationInfo>
                        <Affiliation>Biochemical Sciences Division, CSIR-National Chemical Laboratory, Pune, 411008, India.</Affiliation>
                    </AffiliationInfo>
                </Author>
                <Author ValidYN="Y">
                    <LastName>Kadoo</LastName>
                    <ForeName>Narendra Y</ForeName>
                    <Initials>NY</Initials>
                    <Identifier Source="ORCID">http://orcid.org/0000-0002-9079-1226</Identifier>
                    <AffiliationInfo>
                        <Affiliation>Biochemical Sciences Division, CSIR-National Chemical Laboratory, Pune, 411008, India. ny.kadoo@ncl.res.in.</Affiliation>
                    </AffiliationInfo>
                    <AffiliationInfo>
                        <Affiliation>Academy of Scientific and Innovative Research (AcSIR), New Delhi, India. ny.kadoo@ncl.res.in.</Affiliation>
                    </AffiliationInfo>
                </Author>
            </AuthorList>
            <Language>eng</Language>
            <GrantList CompleteYN="Y">
                <Grant>
                    <GrantID>BSC0117</GrantID>
                    <Agency>Council of Scientific and Industrial Research</Agency>
                    <Country/>
                </Grant>
                <Grant>
                    <GrantID>GAP304126</GrantID>
                    <Agency>Department of Biotechnology , Ministry of Science and Technology</Agency>
                    <Country/>
                </Grant>
            </GrantList>
            <PublicationTypeList>
                <PublicationType UI="D016428">Journal Article</PublicationType>
            </PublicationTypeList>
            <ArticleDate DateType="Electronic">
                <Year>2019</Year>
                <Month>03</Month>
                <Day>06</Day>
            </ArticleDate>
        </Article>
        <MedlineJournalInfo>
            <Country>Germany</Country>
            <MedlineTA>Funct Integr Genomics</MedlineTA>
            <NlmUniqueID>100939343</NlmUniqueID>
            <ISSNLinking>1438-793X</ISSNLinking>
        </MedlineJournalInfo>
        <KeywordList Owner="NOTNLM">
            <Keyword MajorTopicYN="N">Bipolaris sorokiniana</Keyword>
            <Keyword MajorTopicYN="N">Cochliobolus sativus</Keyword>
            <Keyword MajorTopicYN="N">Fungicide resistance</Keyword>
            <Keyword MajorTopicYN="N">Propiconazole</Keyword>
            <Keyword MajorTopicYN="N">RNA-seq</Keyword>
            <Keyword MajorTopicYN="N">Transcriptomics analysis</Keyword>
        </KeywordList>
    </MedlineCitation>
    <PubmedData>
        <History>
            <PubMedPubDate PubStatus="received">
                <Year>2018</Year>
                <Month>03</Month>
                <Day>05</Day>
            </PubMedPubDate>
            <PubMedPubDate PubStatus="accepted">
                <Year>2019</Year>
                <Month>01</Month>
                <Day>31</Day>
            </PubMedPubDate>
            <PubMedPubDate PubStatus="revised">
                <Year>2018</Year>
                <Month>09</Month>
                <Day>18</Day>
            </PubMedPubDate>
            <PubMedPubDate PubStatus="entrez">
                <Year>2019</Year>
                <Month>3</Month>
                <Day>7</Day>
                <Hour>6</Hour>
                <Minute>0</Minute>
            </PubMedPubDate>
            <PubMedPubDate PubStatus="pubmed">
                <Year>2019</Year>
                <Month>3</Month>
                <Day>7</Day>
                <Hour>6</Hour>
                <Minute>0</Minute>
            </PubMedPubDate>
            <PubMedPubDate PubStatus="medline">
                <Year>2019</Year>
                <Month>3</Month>
                <Day>7</Day>
                <Hour>6</Hour>
                <Minute>0</Minute>
            </PubMedPubDate>
        </History>
        <PublicationStatus>aheadofprint</PublicationStatus>
        <ArticleIdList>
            <ArticleId IdType="pubmed">30840164</ArticleId>
            <ArticleId IdType="doi">10.1007/s10142-019-00660-9</ArticleId>
            <ArticleId IdType="pii">10.1007/s10142-019-00660-9</ArticleId>
        </ArticleIdList>
    </PubmedData>
</PubmedArticle>


<PubmedArticle>
    <MedlineCitation Status="Publisher" Owner="NLM">
        <PMID Version="1">30840062</PMID>
        <DateRevised>
            <Year>2019</Year>
            <Month>03</Month>
            <Day>06</Day>
        </DateRevised>
        <Article PubModel="Print-Electronic">
            <Journal>
                <ISSN IssnType="Electronic">1759-6653</ISSN>
                <JournalIssue CitedMedium="Internet">
                    <PubDate>
                        <Year>2019</Year>
                        <Month>Mar</Month>
                        <Day>06</Day>
                    </PubDate>
                </JournalIssue>
                <Title>Genome biology and evolution</Title>
                <ISOAbbreviation>Genome Biol Evol</ISOAbbreviation>
            </Journal>
            <ArticleTitle>The molecular basis of freshwater adaptation in prawns: Insights from comparative transcriptomics of three Macrobrachium species.</ArticleTitle>
            <ELocationID EIdType="pii" ValidYN="Y">evz045</ELocationID>
            <ELocationID EIdType="doi" ValidYN="Y">10.1093/gbe/evz045</ELocationID>
            <Abstract>
                <AbstractText>Elucidating the molecular basis of adaptation to different environmental conditions is important because adaptive ability of a species can; shape its distribution, influence speciation and also drive a variety of evolutionary processes. For crustaceans, colonization of freshwater habitats has significantly impacted diversity, but the molecular basis of this process is poorly understood. In the current study, we examined three prawn species from the genus Macrobrachium (M. australiense, M. tolmerum and M. novaehollandiae) to better understand the molecular basis of freshwater adaptation using a comparative transcriptomics approach. Each of these species naturally inhabit environments with different salinity levels; here we exposed them to the same experimental salinity conditions (0‰ and 15‰), to compare expression patterns of candidate genes that previously have been shown to influence phenotypic traits associated with freshwater adaptation (e.g. genes associated with osmoregulation). Differential gene expression analysis revealed 876, 861 and 925 differentially expressed transcripts under the two salinities for M. australiense, M. tolmerum and M. novaehollandiae, respectively. Of these, 16 were found to be un-annotated novel transcripts and may be taxonomically restricted or orphan genes. Functional enrichment and molecular pathway mapping revealed 13 functionally enriched categories and 11 enriched molecular pathways that were common to the three Macrobrachium species. Pattern of selection analysis revealed 26 genes with signatures of positive selection among pairwise species comparisons. Overall, our results indicate that the same key genes and similar molecular pathways are likely to be involved with freshwater adaptation widely across this decapod group; with non-overlapping sets of genes showing differential expression (mainly osmoregulatory genes) and signatures of positive selection (genes involved with different life history traits).</AbstractText>
                <CopyrightInformation>© The Author(s) 2019. Published by Oxford University Press on behalf of the Society for Molecular Biology and Evolution.</CopyrightInformation>
            </Abstract>
            <AuthorList CompleteYN="Y">
                <Author ValidYN="Y">
                    <LastName>Rahi</LastName>
                    <ForeName>Md Lifat</ForeName>
                    <Initials>ML</Initials>
                    <AffiliationInfo>
                        <Affiliation>Queensland University of Technology (QUT), Science and Engineering Faculty, School of Earth Environment and Biological Sciences (EEBS), Brisbane, Queensland, Australia.</Affiliation>
                    </AffiliationInfo>
                </Author>
                <Author ValidYN="Y">
                    <LastName>Mather</LastName>
                    <ForeName>Peter B</ForeName>
                    <Initials>PB</Initials>
                    <AffiliationInfo>
                        <Affiliation>Queensland University of Technology (QUT), Science and Engineering Faculty, School of Earth Environment and Biological Sciences (EEBS), Brisbane, Queensland, Australia.</Affiliation>
                    </AffiliationInfo>
                </Author>
                <Author ValidYN="Y">
                    <LastName>Ezaz</LastName>
                    <ForeName>Tariq</ForeName>
                    <Initials>T</Initials>
                    <AffiliationInfo>
                        <Affiliation>Wildlife Genetics Laboratory, Institute for Applied Ecology, University of Canberra, Canberra, ACT 2616, Australia.</Affiliation>
                    </AffiliationInfo>
                </Author>
                <Author ValidYN="Y">
                    <LastName>Hurwood</LastName>
                    <ForeName>David A</ForeName>
                    <Initials>DA</Initials>
                    <AffiliationInfo>
                        <Affiliation>Queensland University of Technology (QUT), Science and Engineering Faculty, School of Earth Environment and Biological Sciences (EEBS), Brisbane, Queensland, Australia.</Affiliation>
                    </AffiliationInfo>
                </Author>
            </AuthorList>
            <Language>eng</Language>
            <PublicationTypeList>
                <PublicationType UI="D016428">Journal Article</PublicationType>
            </PublicationTypeList>
            <ArticleDate DateType="Electronic">
                <Year>2019</Year>
                <Month>03</Month>
                <Day>06</Day>
            </ArticleDate>
        </Article>
        <MedlineJournalInfo>
            <Country>England</Country>
            <MedlineTA>Genome Biol Evol</MedlineTA>
            <NlmUniqueID>101509707</NlmUniqueID>
            <ISSNLinking>1759-6653</ISSNLinking>
        </MedlineJournalInfo>
        <KeywordList Owner="NOTNLM">
            <Keyword MajorTopicYN="N">ALD</Keyword>
            <Keyword MajorTopicYN="N">ELD</Keyword>
            <Keyword MajorTopicYN="N">RNA-Seq</Keyword>
            <Keyword MajorTopicYN="N">adaptation genomics</Keyword>
            <Keyword MajorTopicYN="N">differential gene expression</Keyword>
        </KeywordList>
    </MedlineCitation>
    <PubmedData>
        <History>
            <PubMedPubDate PubStatus="received">
                <Year>2017</Year>
                <Month>05</Month>
                <Day>22</Day>
            </PubMedPubDate>
            <PubMedPubDate PubStatus="revised">
                <Year>2017</Year>
                <Month>12</Month>
                <Day>25</Day>
            </PubMedPubDate>
            <PubMedPubDate PubStatus="revised">
                <Year>2018</Year>
                <Month>08</Month>
                <Day>15</Day>
            </PubMedPubDate>
            <PubMedPubDate PubStatus="revised">
                <Year>2019</Year>
                <Month>01</Month>
                <Day>11</Day>
            </PubMedPubDate>
            <PubMedPubDate PubStatus="accepted">
                <Year>2019</Year>
                <Month>02</Month>
                <Day>23</Day>
            </PubMedPubDate>
            <PubMedPubDate PubStatus="entrez">
                <Year>2019</Year>
                <Month>3</Month>
                <Day>7</Day>
                <Hour>6</Hour>
                <Minute>0</Minute>
            </PubMedPubDate>
            <PubMedPubDate PubStatus="pubmed">
                <Year>2019</Year>
                <Month>3</Month>
                <Day>7</Day>
                <Hour>6</Hour>
                <Minute>0</Minute>
            </PubMedPubDate>
            <PubMedPubDate PubStatus="medline">
                <Year>2019</Year>
                <Month>3</Month>
                <Day>7</Day>
                <Hour>6</Hour>
                <Minute>0</Minute>
            </PubMedPubDate>
        </History>
        <PublicationStatus>aheadofprint</PublicationStatus>
        <ArticleIdList>
            <ArticleId IdType="pubmed">30840062</ArticleId>
            <ArticleId IdType="pii">5370178</ArticleId>
            <ArticleId IdType="doi">10.1093/gbe/evz045</ArticleId>
        </ArticleIdList>
    </PubmedData>
</PubmedArticle>


<PubmedArticle>
    <MedlineCitation Status="Publisher" Owner="NLM">
        <PMID Version="1">30839233</PMID>
        <DateRevised>
            <Year>2019</Year>
            <Month>03</Month>
            <Day>06</Day>
        </DateRevised>
        <Article PubModel="Print-Electronic">
            <Journal>
                <ISSN IssnType="Electronic">1557-7430</ISSN>
                <JournalIssue CitedMedium="Internet">
                    <PubDate>
                        <Year>2019</Year>
                        <Month>Mar</Month>
                        <Day>06</Day>
                    </PubDate>
                </JournalIssue>
                <Title>DNA and cell biology</Title>
                <ISOAbbreviation>DNA Cell Biol.</ISOAbbreviation>
            </Journal>
            <ArticleTitle>An 85-Gene Coexpression Module for Progression of Hypertension-Induced Spontaneous Intracerebral Hemorrhage.</ArticleTitle>
            <ELocationID EIdType="doi" ValidYN="Y">10.1089/dna.2018.4425</ELocationID>
            <Abstract>
                <AbstractText>Intracerebral hemorrhage (ICH) represents the most lethal form of stroke. We sought to identify potential genes that might contribute to progression of hypertension-induced spontaneous ICH (HIS-ICH). RNA-sequencing data set of cerebral vessel samples from HIS-ICH mice and normal mice was obtained from the Gene Expression Omnibus. Differential expression genes in HIS-ICH samples were obtained compared with normal samples followed by functional enrichment analysis. What is more, we explored the potential gene coexpression module (GCM) for HIS-ICH progression by using weighted gene coexpression network analysis. We further conducted protein-protein interaction network analysis for genes contained in GCM that was closely correlated with HIS-ICH to disclose their biological interactions. As a result, 554 genes were found to aberrantly express in HIS-ICH mice compared with normal mice, which were mainly associated with cancer-related pathways in addition to some well-known ICH-related pathways. A total of 28 GCMs were obtained, and darkturquoise module that contained 85 genes, which were closely associated with mitochondrion and hydrolase activity, was significantly correlated with HIS-ICH progression. Besides, we identified dense biological interactions among some genes in darkturquoise, such as Psma gene family and Hsp90a gene family. This study should shed new light on HIS-ICH progression and its treatment.</AbstractText>
            </Abstract>
            <AuthorList CompleteYN="Y">
                <Author ValidYN="Y">
                    <LastName>Chen</LastName>
                    <ForeName>Bing</ForeName>
                    <Initials>B</Initials>
                    <AffiliationInfo>
                        <Affiliation>1 Department of Neurosurgery, The Affiliated Hospital of Qingdao University, Qingdao, China.</Affiliation>
                    </AffiliationInfo>
                </Author>
                <Author ValidYN="Y">
                    <LastName>Sun</LastName>
                    <ForeName>Hu</ForeName>
                    <Initials>H</Initials>
                    <AffiliationInfo>
                        <Affiliation>1 Department of Neurosurgery, The Affiliated Hospital of Qingdao University, Qingdao, China.</Affiliation>
                    </AffiliationInfo>
                    <AffiliationInfo>
                        <Affiliation>2 Department of Neurosurgery, Zibo Central Hospital, Zibo, Shandong, China.</Affiliation>
                    </AffiliationInfo>
                </Author>
                <Author ValidYN="Y">
                    <LastName>Zhao</LastName>
                    <ForeName>Yan</ForeName>
                    <Initials>Y</Initials>
                    <AffiliationInfo>
                        <Affiliation>1 Department of Neurosurgery, The Affiliated Hospital of Qingdao University, Qingdao, China.</Affiliation>
                    </AffiliationInfo>
                </Author>
                <Author ValidYN="Y">
                    <LastName>Lun</LastName>
                    <ForeName>Peng</ForeName>
                    <Initials>P</Initials>
                    <AffiliationInfo>
                        <Affiliation>1 Department of Neurosurgery, The Affiliated Hospital of Qingdao University, Qingdao, China.</Affiliation>
                    </AffiliationInfo>
                </Author>
                <Author ValidYN="Y">
                    <LastName>Feng</LastName>
                    <ForeName>Yugong</ForeName>
                    <Initials>Y</Initials>
                    <AffiliationInfo>
                        <Affiliation>1 Department of Neurosurgery, The Affiliated Hospital of Qingdao University, Qingdao, China.</Affiliation>
                    </AffiliationInfo>
                </Author>
            </AuthorList>
            <Language>eng</Language>
            <PublicationTypeList>
                <PublicationType UI="D016428">Journal Article</PublicationType>
            </PublicationTypeList>
            <ArticleDate DateType="Electronic">
                <Year>2019</Year>
                <Month>03</Month>
                <Day>06</Day>
            </ArticleDate>
        </Article>
        <MedlineJournalInfo>
            <Country>United States</Country>
            <MedlineTA>DNA Cell Biol</MedlineTA>
            <NlmUniqueID>9004522</NlmUniqueID>
            <ISSNLinking>1044-5498</ISSNLinking>
        </MedlineJournalInfo>
        <KeywordList Owner="NOTNLM">
            <Keyword MajorTopicYN="N">GEO</Keyword>
            <Keyword MajorTopicYN="N">PPI</Keyword>
            <Keyword MajorTopicYN="N">RNA-seq</Keyword>
            <Keyword MajorTopicYN="N">WGCNA</Keyword>
            <Keyword MajorTopicYN="N">intracerebral hemorrhage</Keyword>
        </KeywordList>
    </MedlineCitation>
    <PubmedData>
        <History>
            <PubMedPubDate PubStatus="entrez">
                <Year>2019</Year>
                <Month>3</Month>
                <Day>7</Day>
                <Hour>6</Hour>
                <Minute>0</Minute>
            </PubMedPubDate>
            <PubMedPubDate PubStatus="pubmed">
                <Year>2019</Year>
                <Month>3</Month>
                <Day>7</Day>
                <Hour>6</Hour>
                <Minute>0</Minute>
            </PubMedPubDate>
            <PubMedPubDate PubStatus="medline">
                <Year>2019</Year>
                <Month>3</Month>
                <Day>7</Day>
                <Hour>6</Hour>
                <Minute>0</Minute>
            </PubMedPubDate>
        </History>
        <PublicationStatus>aheadofprint</PublicationStatus>
        <ArticleIdList>
            <ArticleId IdType="pubmed">30839233</ArticleId>
            <ArticleId IdType="doi">10.1089/dna.2018.4425</ArticleId>
        </ArticleIdList>
    </PubmedData>
</PubmedArticle>


<PubmedArticle>
    <MedlineCitation Status="Publisher" Owner="NLM">
        <PMID Version="1">30839161</PMID>
        <DateRevised>
            <Year>2019</Year>
            <Month>03</Month>
            <Day>06</Day>
        </DateRevised>
        <Article PubModel="Print-Electronic">
            <Journal>
                <ISSN IssnType="Electronic">1744-7909</ISSN>
                <JournalIssue CitedMedium="Internet">
                    <PubDate>
                        <Year>2019</Year>
                        <Month>Mar</Month>
                        <Day>06</Day>
                    </PubDate>
                </JournalIssue>
                <Title>Journal of integrative plant biology</Title>
                <ISOAbbreviation>J Integr Plant Biol</ISOAbbreviation>
            </Journal>
            <ArticleTitle>Dek42 encodes an RNA binding protein that affects alternative pre-mRNA splicing and maize kernel development.</ArticleTitle>
            <ELocationID EIdType="doi" ValidYN="Y">10.1111/jipb.12798</ELocationID>
            <Abstract>
                <AbstractText>RNA binding proteins (RBPs) play an important role in posttranscriptional gene regulation. However, the functions of RBPs in plants remain poorly understood. Maize kernel mutant dek42 has small defective kernels and lethal seedlings. Dek42 was cloned by Mutator tag isolation and further confirmed by an independent mutant allele and CRISPR-Cas9 materials. Dek42 encodes an RRM_RBM48 type RNA binding protein that localizes to the nucleus. Dek42 is constitutively expressed in various maize tissues. The dek42 mutation caused a significant reduction in the accumulation of DEK42 protein in mutant kernels. RNA-seq analysis showed that the dek42 mutation significantly disturbed the expression of thousands of genes during maize kernel development. Sequence analysis also showed that the dek42 mutation significantly changed alternative splicing in expressed genes, which were especially enriched for the U12-type intron retained type. Yeast two-hybrid screening identified SF3a1 as a DEK42-interacting protein. DEK42 also interacts with the spliceosome component U1-70K. These results suggested that DEK42 participates in the regulation of pre-mRNA splicing through its interaction with other spliceosome components. This study showed the function of a newly identified RBP and provided insights into alternative splicing regulation during maize kernel development.</AbstractText>
                <CopyrightInformation>This article is protected by copyright. All rights reserved.</CopyrightInformation>
            </Abstract>
            <AuthorList CompleteYN="Y">
                <Author ValidYN="Y">
                    <LastName>Zuo</LastName>
                    <ForeName>Yi</ForeName>
                    <Initials>Y</Initials>
                    <AffiliationInfo>
                        <Affiliation>State Key Laboratory of Plant Physiology and Biochemistry, National Maize Improvement Center, Beijing Key Laboratory of Crop Genetic Improvement, Joint International Research Laboratory of Crop Molecular Breeding, College of Agronomy and Biotechnology, China Agricultural University, Beijing 100094, China.</Affiliation>
                    </AffiliationInfo>
                </Author>
                <Author ValidYN="Y">
                    <LastName>Feng</LastName>
                    <ForeName>Fan</ForeName>
                    <Initials>F</Initials>
                    <AffiliationInfo>
                        <Affiliation>Shanghai Key Laboratory of Bio-Energy Crops, Plant Science Center, School of Life Sciences, Shanghai University, Shanghai 200444, China.</Affiliation>
                    </AffiliationInfo>
                </Author>
                <Author ValidYN="Y">
                    <LastName>Qi</LastName>
                    <ForeName>Weiwei</ForeName>
                    <Initials>W</Initials>
                    <AffiliationInfo>
                        <Affiliation>Shanghai Key Laboratory of Bio-Energy Crops, Plant Science Center, School of Life Sciences, Shanghai University, Shanghai 200444, China.</Affiliation>
                    </AffiliationInfo>
                </Author>
                <Author ValidYN="Y">
                    <LastName>Song</LastName>
                    <ForeName>Rentao</ForeName>
                    <Initials>R</Initials>
                    <AffiliationInfo>
                        <Affiliation>State Key Laboratory of Plant Physiology and Biochemistry, National Maize Improvement Center, Beijing Key Laboratory of Crop Genetic Improvement, Joint International Research Laboratory of Crop Molecular Breeding, College of Agronomy and Biotechnology, China Agricultural University, Beijing 100094, China.</Affiliation>
                    </AffiliationInfo>
                </Author>
            </AuthorList>
            <Language>eng</Language>
            <PublicationTypeList>
                <PublicationType UI="D016428">Journal Article</PublicationType>
            </PublicationTypeList>
            <ArticleDate DateType="Electronic">
                <Year>2019</Year>
                <Month>03</Month>
                <Day>06</Day>
            </ArticleDate>
        </Article>
        <MedlineJournalInfo>
            <Country>China (Republic : 1949- )</Country>
            <MedlineTA>J Integr Plant Biol</MedlineTA>
            <NlmUniqueID>101250502</NlmUniqueID>
            <ISSNLinking>1672-9072</ISSNLinking>
        </MedlineJournalInfo>
    </MedlineCitation>
    <PubmedData>
        <History>
            <PubMedPubDate PubStatus="received">
                <Year>2018</Year>
                <Month>12</Month>
                <Day>12</Day>
            </PubMedPubDate>
            <PubMedPubDate PubStatus="accepted">
                <Year>2019</Year>
                <Month>02</Month>
                <Day>28</Day>
            </PubMedPubDate>
            <PubMedPubDate PubStatus="entrez">
                <Year>2019</Year>
                <Month>3</Month>
                <Day>7</Day>
                <Hour>6</Hour>
                <Minute>0</Minute>
            </PubMedPubDate>
            <PubMedPubDate PubStatus="pubmed">
                <Year>2019</Year>
                <Month>3</Month>
                <Day>7</Day>
                <Hour>6</Hour>
                <Minute>0</Minute>
            </PubMedPubDate>
            <PubMedPubDate PubStatus="medline">
                <Year>2019</Year>
                <Month>3</Month>
                <Day>7</Day>
                <Hour>6</Hour>
                <Minute>0</Minute>
            </PubMedPubDate>
        </History>
        <PublicationStatus>aheadofprint</PublicationStatus>
        <ArticleIdList>
            <ArticleId IdType="pubmed">30839161</ArticleId>
            <ArticleId IdType="doi">10.1111/jipb.12798</ArticleId>
        </ArticleIdList>
    </PubmedData>
</PubmedArticle>


<PubmedArticle>
    <MedlineCitation Status="Publisher" Owner="NLM">
        <PMID Version="1">30838786</PMID>
        <DateRevised>
            <Year>2019</Year>
            <Month>03</Month>
            <Day>06</Day>
        </DateRevised>
        <Article PubModel="Print-Electronic">
            <Journal>
                <ISSN IssnType="Electronic">1755-148X</ISSN>
                <JournalIssue CitedMedium="Internet">
                    <PubDate>
                        <Year>2019</Year>
                        <Month>Mar</Month>
                        <Day>06</Day>
                    </PubDate>
                </JournalIssue>
                <Title>Pigment cell &amp; melanoma research</Title>
                <ISOAbbreviation>Pigment Cell Melanoma Res</ISOAbbreviation>
            </Journal>
            <ArticleTitle>SOX10 regulates multiple genes to direct eumelanin vs. pheomelanin production in domestic rock pigeon.</ArticleTitle>
            <ELocationID EIdType="doi" ValidYN="Y">10.1111/pcmr.12778</ELocationID>
            <Abstract>
                <AbstractText>The domesticated rock pigeon (Columba livia) has been bred for hundreds of years to display an immense variety of ornamental attributes such as feather color and color patterns. Color is influenced by multiple loci that impact the type and amount of melanin deposited on the feathers. Pigeons homozygous for the &quot;recessive red&quot; mutation, which causes downregulation of Sox10, display brilliant red feathers instead of blue/black feathers. Sox10 encodes a transcription factor important for melanocyte differentiation and function, but the genes that mediate its promotion of black vs. red pigment are unknown. Here, we present a transcriptomic comparison of regenerating feathers from wild-type and recessive red pigeons to identify candidate SOX10 targets. Our results identify both known and novel targets, including many genes not previously implicated in pigmentation. These data highlight the value of using novel, emerging model organisms to gain insight into the genetic basis of pigment variation. This article is protected by copyright. All rights reserved.</AbstractText>
                <CopyrightInformation>This article is protected by copyright. All rights reserved.</CopyrightInformation>
            </Abstract>
            <AuthorList CompleteYN="Y">
                <Author ValidYN="Y">
                    <LastName>Domyan</LastName>
                    <ForeName>Eric T</ForeName>
                    <Initials>ET</Initials>
                    <AffiliationInfo>
                        <Affiliation>Department of Biology, Utah Valley University, Orem, UT, 84058, USA.</Affiliation>
                    </AffiliationInfo>
                </Author>
                <Author ValidYN="Y">
                    <LastName>Hardy</LastName>
                    <ForeName>Jeremy</ForeName>
                    <Initials>J</Initials>
                    <AffiliationInfo>
                        <Affiliation>Department of Biology, Utah Valley University, Orem, UT, 84058, USA.</Affiliation>
                    </AffiliationInfo>
                </Author>
                <Author ValidYN="Y">
                    <LastName>Wright</LastName>
                    <ForeName>Tanner</ForeName>
                    <Initials>T</Initials>
                    <AffiliationInfo>
                        <Affiliation>Department of Biology, Utah Valley University, Orem, UT, 84058, USA.</Affiliation>
                    </AffiliationInfo>
                </Author>
                <Author ValidYN="Y">
                    <LastName>Frazer</LastName>
                    <ForeName>Cody</ForeName>
                    <Initials>C</Initials>
                    <AffiliationInfo>
                        <Affiliation>Department of Biology, Utah Valley University, Orem, UT, 84058, USA.</Affiliation>
                    </AffiliationInfo>
                </Author>
                <Author ValidYN="Y">
                    <LastName>Daniels</LastName>
                    <ForeName>Jordan</ForeName>
                    <Initials>J</Initials>
                    <AffiliationInfo>
                        <Affiliation>Department of Biology, Utah Valley University, Orem, UT, 84058, USA.</Affiliation>
                    </AffiliationInfo>
                </Author>
                <Author ValidYN="Y">
                    <LastName>Kirkpatrick</LastName>
                    <ForeName>Joshua</ForeName>
                    <Initials>J</Initials>
                    <AffiliationInfo>
                        <Affiliation>Department of Biology, Utah Valley University, Orem, UT, 84058, USA.</Affiliation>
                    </AffiliationInfo>
                </Author>
                <Author ValidYN="Y">
                    <LastName>Kirkpatrick</LastName>
                    <ForeName>Jacob</ForeName>
                    <Initials>J</Initials>
                    <AffiliationInfo>
                        <Affiliation>Department of Biology, Utah Valley University, Orem, UT, 84058, USA.</Affiliation>
                    </AffiliationInfo>
                </Author>
                <Author ValidYN="Y">
                    <LastName>Wakamatsu</LastName>
                    <ForeName>Kazumasa</ForeName>
                    <Initials>K</Initials>
                    <AffiliationInfo>
                        <Affiliation>Department of Chemistry, Fujita Health University School of Health Sciences, Toyoake, Aichi, 470-1192, Japan.</Affiliation>
                    </AffiliationInfo>
                </Author>
                <Author ValidYN="Y">
                    <LastName>Hill</LastName>
                    <ForeName>Jonathon T</ForeName>
                    <Initials>JT</Initials>
                    <AffiliationInfo>
                        <Affiliation>Department of Physiology and Developmental Biology, Brigham Young University, Provo, UT, 84602, USA.</Affiliation>
                    </AffiliationInfo>
                </Author>
            </AuthorList>
            <Language>eng</Language>
            <PublicationTypeList>
                <PublicationType UI="D016428">Journal Article</PublicationType>
            </PublicationTypeList>
            <ArticleDate DateType="Electronic">
                <Year>2019</Year>
                <Month>03</Month>
                <Day>06</Day>
            </ArticleDate>
        </Article>
        <MedlineJournalInfo>
            <Country>England</Country>
            <MedlineTA>Pigment Cell Melanoma Res</MedlineTA>
            <NlmUniqueID>101318927</NlmUniqueID>
            <ISSNLinking>1755-1471</ISSNLinking>
        </MedlineJournalInfo>
        <KeywordList Owner="NOTNLM">
            <Keyword MajorTopicYN="N">RNA-seq</Keyword>
            <Keyword MajorTopicYN="N">Sox10</Keyword>
            <Keyword MajorTopicYN="N">differential gene expression</Keyword>
            <Keyword MajorTopicYN="N">melanogenesis</Keyword>
            <Keyword MajorTopicYN="N">pigeon</Keyword>
        </KeywordList>
    </MedlineCitation>
    <PubmedData>
        <History>
            <PubMedPubDate PubStatus="entrez">
                <Year>2019</Year>
                <Month>3</Month>
                <Day>7</Day>
                <Hour>6</Hour>
                <Minute>0</Minute>
            </PubMedPubDate>
            <PubMedPubDate PubStatus="pubmed">
                <Year>2019</Year>
                <Month>3</Month>
                <Day>7</Day>
                <Hour>6</Hour>
                <Minute>0</Minute>
            </PubMedPubDate>
            <PubMedPubDate PubStatus="medline">
                <Year>2019</Year>
                <Month>3</Month>
                <Day>7</Day>
                <Hour>6</Hour>
                <Minute>0</Minute>
            </PubMedPubDate>
        </History>
        <PublicationStatus>aheadofprint</PublicationStatus>
        <ArticleIdList>
            <ArticleId IdType="pubmed">30838786</ArticleId>
            <ArticleId IdType="doi">10.1111/pcmr.12778</ArticleId>
        </ArticleIdList>
    </PubmedData>
</PubmedArticle>


<PubmedArticle>
    <MedlineCitation Status="PubMed-not-MEDLINE" Owner="NLM">
        <PMID Version="1">30838035</PMID>
        <DateRevised>
            <Year>2019</Year>
            <Month>03</Month>
            <Day>08</Day>
        </DateRevised>
        <Article PubModel="Electronic-eCollection">
            <Journal>
                <ISSN IssnType="Print">1664-8021</ISSN>
                <JournalIssue CitedMedium="Print">
                    <Volume>10</Volume>
                    <PubDate>
                        <Year>2019</Year>
                    </PubDate>
                </JournalIssue>
                <Title>Frontiers in genetics</Title>
                <ISOAbbreviation>Front Genet</ISOAbbreviation>
            </Journal>
            <ArticleTitle>RNA-Seq of Liver From Pigs Divergent in Feed Efficiency Highlights Shifts in Macronutrient Metabolism, Hepatic Growth and Immune Response.</ArticleTitle>
            <Pagination>
                <MedlinePgn>117</MedlinePgn>
            </Pagination>
            <ELocationID EIdType="doi" ValidYN="Y">10.3389/fgene.2019.00117</ELocationID>
            <Abstract>
                <AbstractText>Liver is a metabolically complex organ that influences nutrient partitioning and potentially modulates the efficiency of converting energy acquired from macronutrients ingestion into a muscle and/or adipose tissue (referred to as feed efficiency, FE). The objective of this study was to sequence the hepatic tissue transcriptome of closely related but differently feed efficient pigs (<i>n</i> = 16) and identify relevant biological processes that underpin the differences in liver phenotype between FE groups. Liver weight did not significantly differ between the FE groups, however, blood parameters showed that total protein, glucose, cholesterol and percentage of lymphocytes were significantly greater in high-FE pigs. Ontology analysis revealed carbohydrate, lipid and protein metabolism to be significantly enriched with differentially expressed genes. In particular, high-FE pigs exhibited gene expression patterns suggesting improved absorption of carbohydrates and cholesterol as well as enhanced reverse cholesterol transport. Furthermore, the inferred decrease in bile acid synthesis in high-FE pigs may contribute to the observed greater levels of serum glucose, which can be then delivered to cells and utilized for growth and maintenance. Gene ontology analysis also suggested that livers of more efficient pigs may be characterized by higher protein turnover and increased epithelial cell differentiation, whereby an enhanced quantity of invariant natural killer T-cells and viability of natural killer cells could induce a quicker and more effective hepatic response to inflammatory stimuli. Our findings suggest that this prompt hepatic response to inflammation in high-FE group may contribute to the more efficient utilization of nutrients for growth in these animals.</AbstractText>
            </Abstract>
            <AuthorList CompleteYN="Y">
                <Author ValidYN="Y">
                    <LastName>Horodyska</LastName>
                    <ForeName>Justyna</ForeName>
                    <Initials>J</Initials>
                    <AffiliationInfo>
                        <Affiliation>Teagasc, Food Research Centre, Ashtown, Ireland.</Affiliation>
                    </AffiliationInfo>
                    <AffiliationInfo>
                        <Affiliation>Leibniz Institute for Farm Animal Biology (FBN), Institute for Genome Biology, Dummerstorf, Germany.</Affiliation>
                    </AffiliationInfo>
                </Author>
                <Author ValidYN="Y">
                    <LastName>Hamill</LastName>
                    <ForeName>Ruth M</ForeName>
                    <Initials>RM</Initials>
                    <AffiliationInfo>
                        <Affiliation>Teagasc, Food Research Centre, Ashtown, Ireland.</Affiliation>
                    </AffiliationInfo>
                </Author>
                <Author ValidYN="Y">
                    <LastName>Reyer</LastName>
                    <ForeName>Henry</ForeName>
                    <Initials>H</Initials>
                    <AffiliationInfo>
                        <Affiliation>Leibniz Institute for Farm Animal Biology (FBN), Institute for Genome Biology, Dummerstorf, Germany.</Affiliation>
                    </AffiliationInfo>
                </Author>
                <Author ValidYN="Y">
                    <LastName>Trakooljul</LastName>
                    <ForeName>Nares</ForeName>
                    <Initials>N</Initials>
                    <AffiliationInfo>
                        <Affiliation>Leibniz Institute for Farm Animal Biology (FBN), Institute for Genome Biology, Dummerstorf, Germany.</Affiliation>
                    </AffiliationInfo>
                </Author>
                <Author ValidYN="Y">
                    <LastName>Lawlor</LastName>
                    <ForeName>Peadar G</ForeName>
                    <Initials>PG</Initials>
                    <AffiliationInfo>
                        <Affiliation>Teagasc, Pig Production Department, AGRIC, Moorepark, Fermoy, Co. Cork, Ireland.</Affiliation>
                    </AffiliationInfo>
                </Author>
                <Author ValidYN="Y">
                    <LastName>McCormack</LastName>
                    <ForeName>Ursula M</ForeName>
                    <Initials>UM</Initials>
                    <AffiliationInfo>
                        <Affiliation>Teagasc, Pig Production Department, AGRIC, Moorepark, Fermoy, Co. Cork, Ireland.</Affiliation>
                    </AffiliationInfo>
                </Author>
                <Author ValidYN="Y">
                    <LastName>Wimmers</LastName>
                    <ForeName>Klaus</ForeName>
                    <Initials>K</Initials>
                    <AffiliationInfo>
                        <Affiliation>Leibniz Institute for Farm Animal Biology (FBN), Institute for Genome Biology, Dummerstorf, Germany.</Affiliation>
                    </AffiliationInfo>
                    <AffiliationInfo>
                        <Affiliation>Faculty of Agricultural and Environmental Sciences, University Rostock, Rostock, Germany.</Affiliation>
                    </AffiliationInfo>
                </Author>
            </AuthorList>
            <Language>eng</Language>
            <PublicationTypeList>
                <PublicationType UI="D016428">Journal Article</PublicationType>
            </PublicationTypeList>
            <ArticleDate DateType="Electronic">
                <Year>2019</Year>
                <Month>02</Month>
                <Day>19</Day>
            </ArticleDate>
        </Article>
        <MedlineJournalInfo>
            <Country>Switzerland</Country>
            <MedlineTA>Front Genet</MedlineTA>
            <NlmUniqueID>101560621</NlmUniqueID>
            <ISSNLinking>1664-8021</ISSNLinking>
        </MedlineJournalInfo>
        <KeywordList Owner="NOTNLM">
            <Keyword MajorTopicYN="N">FE</Keyword>
            <Keyword MajorTopicYN="N">RFI</Keyword>
            <Keyword MajorTopicYN="N">gene expression</Keyword>
            <Keyword MajorTopicYN="N">residual feed intake</Keyword>
            <Keyword MajorTopicYN="N">transcriptomics</Keyword>
        </KeywordList>
    </MedlineCitation>
    <PubmedData>
        <History>
            <PubMedPubDate PubStatus="received">
                <Year>2017</Year>
                <Month>12</Month>
                <Day>22</Day>
            </PubMedPubDate>
            <PubMedPubDate PubStatus="accepted">
                <Year>2019</Year>
                <Month>02</Month>
                <Day>04</Day>
            </PubMedPubDate>
            <PubMedPubDate PubStatus="entrez">
                <Year>2019</Year>
                <Month>3</Month>
                <Day>7</Day>
                <Hour>6</Hour>
                <Minute>0</Minute>
            </PubMedPubDate>
            <PubMedPubDate PubStatus="pubmed">
                <Year>2019</Year>
                <Month>3</Month>
                <Day>7</Day>
                <Hour>6</Hour>
                <Minute>0</Minute>
            </PubMedPubDate>
            <PubMedPubDate PubStatus="medline">
                <Year>2019</Year>
                <Month>3</Month>
                <Day>7</Day>
                <Hour>6</Hour>
                <Minute>1</Minute>
            </PubMedPubDate>
        </History>
        <PublicationStatus>epublish</PublicationStatus>
        <ArticleIdList>
            <ArticleId IdType="pubmed">30838035</ArticleId>
            <ArticleId IdType="doi">10.3389/fgene.2019.00117</ArticleId>
            <ArticleId IdType="pmc">PMC6389832</ArticleId>
        </ArticleIdList>
    </PubmedData>
</PubmedArticle>


<PubmedArticle>
    <MedlineCitation Status="PubMed-not-MEDLINE" Owner="NLM">
        <PMID Version="1">30838030</PMID>
        <DateRevised>
            <Year>2019</Year>
            <Month>03</Month>
            <Day>08</Day>
        </DateRevised>
        <Article PubModel="Electronic-eCollection">
            <Journal>
                <ISSN IssnType="Print">1664-8021</ISSN>
                <JournalIssue CitedMedium="Print">
                    <Volume>10</Volume>
                    <PubDate>
                        <Year>2019</Year>
                    </PubDate>
                </JournalIssue>
                <Title>Frontiers in genetics</Title>
                <ISOAbbreviation>Front Genet</ISOAbbreviation>
            </Journal>
            <ArticleTitle>Using Pan RNA-Seq Analysis to Reveal the Ubiquitous Existence of 5' and 3' End Small RNAs.</ArticleTitle>
            <Pagination>
                <MedlinePgn>105</MedlinePgn>
            </Pagination>
            <ELocationID EIdType="doi" ValidYN="Y">10.3389/fgene.2019.00105</ELocationID>
            <Abstract>
                <AbstractText>In this study, we used pan RNA-seq analysis to reveal the ubiquitous existence of both 5' and 3' end small RNAs (5' and 3' sRNAs). 5' and 3' sRNAs alone can be used to annotate nuclear non-coding and mitochondrial genes at 1-bp resolution and identify new steady RNAs, which are usually transcribed from functional genes. Then, we provided a simple and cost effective way for the annotation of nuclear non-coding and mitochondrial genes and the identification of new steady RNAs, particularly long non-coding RNAs (lncRNAs). Using 5' and 3' sRNAs, the annotation of human mitochondrial was corrected and a novel ncRNA named non-coding mitochondrial RNA 1 (ncMT1) was reported for the first time in this study. We also found that most of human tRNA genes have downstream lncRNA genes as lncTRS-TGA1-1 and corrected the misunderstanding of them in previous studies. Using 5', 3', and intronic sRNAs, we reported for the first time that enzymatic double-stranded RNA (dsRNA) cleavage and RNA interference (RNAi) might be involved in the RNA degradation and gene expression regulation of U1 snRNA in human. We provided a different perspective on the regulation of gene expression in U1 snRNA. We also provided a novel view on cancer and virus-induced diseases, leading to find diagnostics or therapy targets from the ribonuclease III (RNase III) family and its related pathways. Our findings pave the way toward a rediscovery of dsRNA cleavage and RNAi, challenging classical theories.</AbstractText>
            </Abstract>
            <AuthorList CompleteYN="Y">
                <Author ValidYN="Y">
                    <LastName>Xu</LastName>
                    <ForeName>Xiaofeng</ForeName>
                    <Initials>X</Initials>
                    <AffiliationInfo>
                        <Affiliation>State Key Laboratory of Veterinary Etiological Biology, Key Laboratory of Veterinary Parasitology of Gansu Province, Lanzhou Veterinary Research Institute, Chinese Academy of Agricultural Sciences, Lanzhou, China.</Affiliation>
                    </AffiliationInfo>
                </Author>
                <Author ValidYN="Y">
                    <LastName>Ji</LastName>
                    <ForeName>Haishuo</ForeName>
                    <Initials>H</Initials>
                    <AffiliationInfo>
                        <Affiliation>College of Life Sciences, Nankai University, Tianjin, China.</Affiliation>
                    </AffiliationInfo>
                    <AffiliationInfo>
                        <Affiliation>Institute of Statistics, Nankai University, Tianjin, China.</Affiliation>
                    </AffiliationInfo>
                </Author>
                <Author ValidYN="Y">
                    <LastName>Jin</LastName>
                    <ForeName>Xiufeng</ForeName>
                    <Initials>X</Initials>
                    <AffiliationInfo>
                        <Affiliation>College of Life Sciences, Nankai University, Tianjin, China.</Affiliation>
                    </AffiliationInfo>
                </Author>
                <Author ValidYN="Y">
                    <LastName>Cheng</LastName>
                    <ForeName>Zhi</ForeName>
                    <Initials>Z</Initials>
                    <AffiliationInfo>
                        <Affiliation>College of Life Sciences, Nankai University, Tianjin, China.</Affiliation>
                    </AffiliationInfo>
                </Author>
                <Author ValidYN="Y">
                    <LastName>Yao</LastName>
                    <ForeName>Xue</ForeName>
                    <Initials>X</Initials>
                    <AffiliationInfo>
                        <Affiliation>Department of Orthopedics, Tianjin Medical University General Hospital, Tianjin, China.</Affiliation>
                    </AffiliationInfo>
                </Author>
                <Author ValidYN="Y">
                    <LastName>Liu</LastName>
                    <ForeName>Yanqiang</ForeName>
                    <Initials>Y</Initials>
                    <AffiliationInfo>
                        <Affiliation>College of Life Sciences, Nankai University, Tianjin, China.</Affiliation>
                    </AffiliationInfo>
                </Author>
                <Author ValidYN="Y">
                    <LastName>Zhao</LastName>
                    <ForeName>Qiang</ForeName>
                    <Initials>Q</Initials>
                    <AffiliationInfo>
                        <Affiliation>College of Life Sciences, Nankai University, Tianjin, China.</Affiliation>
                    </AffiliationInfo>
                </Author>
                <Author ValidYN="Y">
                    <LastName>Zhang</LastName>
                    <ForeName>Tao</ForeName>
                    <Initials>T</Initials>
                    <AffiliationInfo>
                        <Affiliation>College of Life Sciences, Nankai University, Tianjin, China.</Affiliation>
                    </AffiliationInfo>
                </Author>
                <Author ValidYN="Y">
                    <LastName>Ruan</LastName>
                    <ForeName>Jishou</ForeName>
                    <Initials>J</Initials>
                    <AffiliationInfo>
                        <Affiliation>School of Mathematical Sciences, Nankai University, Tianjin, China.</Affiliation>
                    </AffiliationInfo>
                </Author>
                <Author ValidYN="Y">
                    <LastName>Bu</LastName>
                    <ForeName>Wenjun</ForeName>
                    <Initials>W</Initials>
                    <AffiliationInfo>
                        <Affiliation>College of Life Sciences, Nankai University, Tianjin, China.</Affiliation>
                    </AffiliationInfo>
                </Author>
                <Author ValidYN="Y">
                    <LastName>Chen</LastName>
                    <ForeName>Ze</ForeName>
                    <Initials>Z</Initials>
                    <AffiliationInfo>
                        <Affiliation>State Key Laboratory of Veterinary Etiological Biology, Key Laboratory of Veterinary Parasitology of Gansu Province, Lanzhou Veterinary Research Institute, Chinese Academy of Agricultural Sciences, Lanzhou, China.</Affiliation>
                    </AffiliationInfo>
                </Author>
                <Author ValidYN="Y">
                    <LastName>Gao</LastName>
                    <ForeName>Shan</ForeName>
                    <Initials>S</Initials>
                    <AffiliationInfo>
                        <Affiliation>College of Life Sciences, Nankai University, Tianjin, China.</Affiliation>
                    </AffiliationInfo>
                    <AffiliationInfo>
                        <Affiliation>Institute of Statistics, Nankai University, Tianjin, China.</Affiliation>
                    </AffiliationInfo>
                </Author>
            </AuthorList>
            <Language>eng</Language>
            <PublicationTypeList>
                <PublicationType UI="D016428">Journal Article</PublicationType>
            </PublicationTypeList>
            <ArticleDate DateType="Electronic">
                <Year>2019</Year>
                <Month>02</Month>
                <Day>14</Day>
            </ArticleDate>
        </Article>
        <MedlineJournalInfo>
            <Country>Switzerland</Country>
            <MedlineTA>Front Genet</MedlineTA>
            <NlmUniqueID>101560621</NlmUniqueID>
            <ISSNLinking>1664-8021</ISSNLinking>
        </MedlineJournalInfo>
        <KeywordList Owner="NOTNLM">
            <Keyword MajorTopicYN="N">3<U+2032> end</Keyword>
            <Keyword MajorTopicYN="N">5<U+2032> end</Keyword>
            <Keyword MajorTopicYN="N">Pan RNA-seq</Keyword>
            <Keyword MajorTopicYN="N">genome annotation</Keyword>
            <Keyword MajorTopicYN="N">small RNA</Keyword>
        </KeywordList>
    </MedlineCitation>
    <PubmedData>
        <History>
            <PubMedPubDate PubStatus="received">
                <Year>2018</Year>
                <Month>12</Month>
                <Day>05</Day>
            </PubMedPubDate>
            <PubMedPubDate PubStatus="accepted">
                <Year>2019</Year>
                <Month>01</Month>
                <Day>30</Day>
            </PubMedPubDate>
            <PubMedPubDate PubStatus="entrez">
                <Year>2019</Year>
                <Month>3</Month>
                <Day>7</Day>
                <Hour>6</Hour>
                <Minute>0</Minute>
            </PubMedPubDate>
            <PubMedPubDate PubStatus="pubmed">
                <Year>2019</Year>
                <Month>3</Month>
                <Day>7</Day>
                <Hour>6</Hour>
                <Minute>0</Minute>
            </PubMedPubDate>
            <PubMedPubDate PubStatus="medline">
                <Year>2019</Year>
                <Month>3</Month>
                <Day>7</Day>
                <Hour>6</Hour>
                <Minute>1</Minute>
            </PubMedPubDate>
        </History>
        <PublicationStatus>epublish</PublicationStatus>
        <ArticleIdList>
            <ArticleId IdType="pubmed">30838030</ArticleId>
            <ArticleId IdType="doi">10.3389/fgene.2019.00105</ArticleId>
            <ArticleId IdType="pmc">PMC6382676</ArticleId>
        </ArticleIdList>
    </PubmedData>
</PubmedArticle>


<PubmedArticle>
    <MedlineCitation Status="PubMed-not-MEDLINE" Owner="NLM">
        <PMID Version="1">30837973</PMID>
        <DateRevised>
            <Year>2019</Year>
            <Month>03</Month>
            <Day>08</Day>
        </DateRevised>
        <Article PubModel="Electronic-eCollection">
            <Journal>
                <ISSN IssnType="Print">1664-302X</ISSN>
                <JournalIssue CitedMedium="Print">
                    <Volume>10</Volume>
                    <PubDate>
                        <Year>2019</Year>
                    </PubDate>
                </JournalIssue>
                <Title>Frontiers in microbiology</Title>
                <ISOAbbreviation>Front Microbiol</ISOAbbreviation>
            </Journal>
            <ArticleTitle>Transcriptomic Analysis of the <i>Brucella melitensis</i> Rev.1 Vaccine Strain in an Acidic Environment: Insights Into Virulence Attenuation.</ArticleTitle>
            <Pagination>
                <MedlinePgn>250</MedlinePgn>
            </Pagination>
            <ELocationID EIdType="doi" ValidYN="Y">10.3389/fmicb.2019.00250</ELocationID>
            <Abstract>
                <AbstractText>The live attenuated <i>Brucella melitensis</i> Rev.1 (Elberg-originated) vaccine strain is widely used to control the zoonotic infection brucellosis in small ruminants, but the molecular mechanisms underlying the attenuation of this strain have not been fully characterized. Following their uptake by the host cell, <i>Brucella</i> replicate inside a membrane-bound compartment-the <i>Brucella</i>-containing vacuole-whose acidification is essential for the survival of the pathogen. Therefore, identifying the genes that contribute to the survival of <i>Brucella</i> in acidic environments will greatly assist our understanding of its molecular pathogenic mechanisms and of the attenuated virulence of the Rev.1 strain. Here, we conducted a comprehensive comparative transcriptome analysis of the Rev.1 vaccine strain against the virulent reference strain 16M in cultures grown under either normal or acidic conditions. We found 403 genes that respond differently to acidic conditions in the two strains (FDR &lt; 0.05, fold change <U+2265> 2). These genes are involved in crucial cellular processes, including metabolic, biosynthetic, and transport processes. Among the highly enriched genes that were downregulated in Rev.1 under acidic conditions were acetyl-CoA synthetase, aldehyde dehydrogenase, cell division proteins, a cold-shock protein, GroEL, and VirB3. The downregulation of these genes may explain the attenuated virulence of Rev.1 and provide new insights into the virulence mechanisms of <i>Brucella</i>.</AbstractText>
            </Abstract>
            <AuthorList CompleteYN="Y">
                <Author ValidYN="Y">
                    <LastName>Salmon-Divon</LastName>
                    <ForeName>Mali</ForeName>
                    <Initials>M</Initials>
                    <AffiliationInfo>
                        <Affiliation>Genomic Bioinformatics Laboratory, Department of Molecular Biology, Ariel University, Ariel, Israel.</Affiliation>
                    </AffiliationInfo>
                </Author>
                <Author ValidYN="Y">
                    <LastName>Zahavi</LastName>
                    <ForeName>Tamar</ForeName>
                    <Initials>T</Initials>
                    <AffiliationInfo>
                        <Affiliation>Genomic Bioinformatics Laboratory, Department of Molecular Biology, Ariel University, Ariel, Israel.</Affiliation>
                    </AffiliationInfo>
                </Author>
                <Author ValidYN="Y">
                    <LastName>Kornspan</LastName>
                    <ForeName>David</ForeName>
                    <Initials>D</Initials>
                    <AffiliationInfo>
                        <Affiliation>Department of Bacteriology, Kimron Veterinary Institute, Bet Dagan, Israel.</Affiliation>
                    </AffiliationInfo>
                </Author>
            </AuthorList>
            <Language>eng</Language>
            <PublicationTypeList>
                <PublicationType UI="D016428">Journal Article</PublicationType>
            </PublicationTypeList>
            <ArticleDate DateType="Electronic">
                <Year>2019</Year>
                <Month>02</Month>
                <Day>14</Day>
            </ArticleDate>
        </Article>
        <MedlineJournalInfo>
            <Country>Switzerland</Country>
            <MedlineTA>Front Microbiol</MedlineTA>
            <NlmUniqueID>101548977</NlmUniqueID>
            <ISSNLinking>1664-302X</ISSNLinking>
        </MedlineJournalInfo>
        <KeywordList Owner="NOTNLM">
            <Keyword MajorTopicYN="N">Brucella melitensis 16M</Keyword>
            <Keyword MajorTopicYN="N">Brucella melitensis Rev.1</Keyword>
            <Keyword MajorTopicYN="N">RNA-Seq</Keyword>
            <Keyword MajorTopicYN="N">acid stress</Keyword>
            <Keyword MajorTopicYN="N">attenuation</Keyword>
            <Keyword MajorTopicYN="N">transcriptomic analyses</Keyword>
            <Keyword MajorTopicYN="N">virulence</Keyword>
        </KeywordList>
    </MedlineCitation>
    <PubmedData>
        <History>
            <PubMedPubDate PubStatus="received">
                <Year>2018</Year>
                <Month>10</Month>
                <Day>24</Day>
            </PubMedPubDate>
            <PubMedPubDate PubStatus="accepted">
                <Year>2019</Year>
                <Month>01</Month>
                <Day>30</Day>
            </PubMedPubDate>
            <PubMedPubDate PubStatus="entrez">
                <Year>2019</Year>
                <Month>3</Month>
                <Day>7</Day>
                <Hour>6</Hour>
                <Minute>0</Minute>
            </PubMedPubDate>
            <PubMedPubDate PubStatus="pubmed">
                <Year>2019</Year>
                <Month>3</Month>
                <Day>7</Day>
                <Hour>6</Hour>
                <Minute>0</Minute>
            </PubMedPubDate>
            <PubMedPubDate PubStatus="medline">
                <Year>2019</Year>
                <Month>3</Month>
                <Day>7</Day>
                <Hour>6</Hour>
                <Minute>1</Minute>
            </PubMedPubDate>
        </History>
        <PublicationStatus>epublish</PublicationStatus>
        <ArticleIdList>
            <ArticleId IdType="pubmed">30837973</ArticleId>
            <ArticleId IdType="doi">10.3389/fmicb.2019.00250</ArticleId>
            <ArticleId IdType="pmc">PMC6382750</ArticleId>
        </ArticleIdList>
    </PubmedData>
</PubmedArticle>


<PubmedArticle>
    <MedlineCitation Status="In-Data-Review" Owner="NLM">
        <PMID Version="1">30837616</PMID>
        <DateRevised>
            <Year>2019</Year>
            <Month>03</Month>
            <Day>08</Day>
        </DateRevised>
        <Article PubModel="Electronic">
            <Journal>
                <ISSN IssnType="Electronic">2045-2322</ISSN>
                <JournalIssue CitedMedium="Internet">
                    <Volume>9</Volume>
                    <Issue>1</Issue>
                    <PubDate>
                        <Year>2019</Year>
                        <Month>Mar</Month>
                        <Day>05</Day>
                    </PubDate>
                </JournalIssue>
                <Title>Scientific reports</Title>
                <ISOAbbreviation>Sci Rep</ISOAbbreviation>
            </Journal>
            <ArticleTitle>Selection of suitable reference genes for gene expression analysis in gills and liver of fish under field pollution conditions.</ArticleTitle>
            <Pagination>
                <MedlinePgn>3459</MedlinePgn>
            </Pagination>
            <ELocationID EIdType="doi" ValidYN="Y">10.1038/s41598-019-40196-3</ELocationID>
            <Abstract>
                <AbstractText>To understand the role of gene expression in adaptive variation, it is necessary to examine expression variation in an ecological context. Quantitative real-time PCR (qPCR) is considered the most accurate and reliable technique to measure gene expression and to validate the data obtained by RNA-seq; however, accurate normalization is crucial. In Chile, the freshwater silverside fish Basilichthys microlepidotus inhabits both polluted and nonpolluted areas, showing differential gene expression related to pollution. In this study, we infer the stability of six potential reference genes (tubulin alpha, hypoxanthine-guanine phosphoribosyltransferase, glyceraldehyde-3-phosphate dehydrogenase, beta-actin, 60S ribosomal protein L13, and 60S ribosomal protein L8) in the gills and liver of silverside individuals inhabiting polluted and nonpolluted areas. To validate the reference genes selected, the most and least stable reference genes were used to normalize two target transcripts, one for each organ. The RefFinder tool was used to analyze and identify the most stably expressed genes. The 60S ribosomal protein L8 gene was ranked as the most stable gene for both organs. Our results show that reference gene selection influences the detection of differences in the expression levels of target genes in different organs and, also highlighting candidate reference genes that could be used in field studies.</AbstractText>
            </Abstract>
            <AuthorList CompleteYN="Y">
                <Author ValidYN="Y">
                    <LastName>Rojas-Hernandez</LastName>
                    <ForeName>Noem<U+00ED></ForeName>
                    <Initials>N</Initials>
                    <AffiliationInfo>
                        <Affiliation>Departamento de Ciencias Ecol<U+00F3>gicas, Instituto de Ecolog<U+00ED>a y Biodiversidad (IEB), Facultad de Ciencias, Universidad de Chile, Santiago, Chile.</Affiliation>
                    </AffiliationInfo>
                </Author>
                <Author ValidYN="Y">
                    <LastName>V<U+00E9>liz</LastName>
                    <ForeName>David</ForeName>
                    <Initials>D</Initials>
                    <AffiliationInfo>
                        <Affiliation>Departamento de Ciencias Ecol<U+00F3>gicas, Instituto de Ecolog<U+00ED>a y Biodiversidad (IEB), Facultad de Ciencias, Universidad de Chile, Santiago, Chile.</Affiliation>
                    </AffiliationInfo>
                    <AffiliationInfo>
                        <Affiliation>N<U+00FA>cleo Milenio de Ecolog<U+00ED>a y Manejo Sustentable de Islas Oce<U+00E1>nicas (ESMOI), Departamento de Biolog<U+00ED>a Marina, Universidad Cat<U+00F3>lica del Norte, Coquimbo, Chile.</Affiliation>
                    </AffiliationInfo>
                </Author>
                <Author ValidYN="Y">
                    <LastName>Vega-Retter</LastName>
                    <ForeName>Caren</ForeName>
                    <Initials>C</Initials>
                    <AffiliationInfo>
                        <Affiliation>Departamento de Ciencias Ecol<U+00F3>gicas, Instituto de Ecolog<U+00ED>a y Biodiversidad (IEB), Facultad de Ciencias, Universidad de Chile, Santiago, Chile. carenvega@ug.uchile.cl.</Affiliation>
                    </AffiliationInfo>
                </Author>
            </AuthorList>
            <Language>eng</Language>
            <PublicationTypeList>
                <PublicationType UI="D016428">Journal Article</PublicationType>
            </PublicationTypeList>
            <ArticleDate DateType="Electronic">
                <Year>2019</Year>
                <Month>03</Month>
                <Day>05</Day>
            </ArticleDate>
        </Article>
        <MedlineJournalInfo>
            <Country>England</Country>
            <MedlineTA>Sci Rep</MedlineTA>
            <NlmUniqueID>101563288</NlmUniqueID>
            <ISSNLinking>2045-2322</ISSNLinking>
        </MedlineJournalInfo>
    </MedlineCitation>
    <PubmedData>
        <History>
            <PubMedPubDate PubStatus="received">
                <Year>2018</Year>
                <Month>11</Month>
                <Day>14</Day>
            </PubMedPubDate>
            <PubMedPubDate PubStatus="accepted">
                <Year>2019</Year>
                <Month>02</Month>
                <Day>07</Day>
            </PubMedPubDate>
            <PubMedPubDate PubStatus="entrez">
                <Year>2019</Year>
                <Month>3</Month>
                <Day>7</Day>
                <Hour>6</Hour>
                <Minute>0</Minute>
            </PubMedPubDate>
            <PubMedPubDate PubStatus="pubmed">
                <Year>2019</Year>
                <Month>3</Month>
                <Day>7</Day>
                <Hour>6</Hour>
                <Minute>0</Minute>
            </PubMedPubDate>
            <PubMedPubDate PubStatus="medline">
                <Year>2019</Year>
                <Month>3</Month>
                <Day>7</Day>
                <Hour>6</Hour>
                <Minute>0</Minute>
            </PubMedPubDate>
        </History>
        <PublicationStatus>epublish</PublicationStatus>
        <ArticleIdList>
            <ArticleId IdType="pubmed">30837616</ArticleId>
            <ArticleId IdType="doi">10.1038/s41598-019-40196-3</ArticleId>
            <ArticleId IdType="pii">10.1038/s41598-019-40196-3</ArticleId>
            <ArticleId IdType="pmc">PMC6401100</ArticleId>
        </ArticleIdList>
    </PubmedData>
</PubmedArticle>


<PubmedArticle>
    <MedlineCitation Status="In-Data-Review" Owner="NLM">
        <PMID Version="1">30837568</PMID>
        <DateRevised>
            <Year>2019</Year>
            <Month>03</Month>
            <Day>08</Day>
        </DateRevised>
        <Article PubModel="Electronic">
            <Journal>
                <ISSN IssnType="Electronic">2045-2322</ISSN>
                <JournalIssue CitedMedium="Internet">
                    <Volume>9</Volume>
                    <Issue>1</Issue>
                    <PubDate>
                        <Year>2019</Year>
                        <Month>Mar</Month>
                        <Day>05</Day>
                    </PubDate>
                </JournalIssue>
                <Title>Scientific reports</Title>
                <ISOAbbreviation>Sci Rep</ISOAbbreviation>
            </Journal>
            <ArticleTitle>A genome-wide map of circular RNAs in adult zebrafish.</ArticleTitle>
            <Pagination>
                <MedlinePgn>3432</MedlinePgn>
            </Pagination>
            <ELocationID EIdType="doi" ValidYN="Y">10.1038/s41598-019-39977-7</ELocationID>
            <Abstract>
                <AbstractText>Circular RNAs (circRNAs) are transcript isoforms generated by back-splicing of exons and circularisation of the transcript. Recent genome-wide maps created for circular RNAs in humans and other model organisms have motivated us to explore the repertoire of circular RNAs in zebrafish, a popular model organism. We generated RNA-seq data for five major zebrafish tissues - Blood, Brain, Heart, Gills and Muscle. The repertoire RNA sequence reads left over after reference mapping to linear transcripts were used to identify unique back-spliced exons utilizing a split-mapping algorithm. Our analysis revealed 3,428 novel circRNAs in zebrafish. Further in-depth analysis suggested that majority of the circRNAs were derived from previously well-annotated protein-coding and long noncoding RNA gene loci. In addition, many of the circular RNAs showed extensive tissue specificity. We independently validated a subset of circRNAs using polymerase chain reaction (PCR) and divergent set of primers. Expression analysis using quantitative real time PCR recapitulate selected tissue specificity in the candidates studied. This study provides a comprehensive genome-wide map of circular RNAs in zebrafish tissues.</AbstractText>
            </Abstract>
            <AuthorList CompleteYN="Y">
                <Author ValidYN="Y">
                    <LastName>Sharma</LastName>
                    <ForeName>Disha</ForeName>
                    <Initials>D</Initials>
                    <AffiliationInfo>
                        <Affiliation>GN Ramachandran Knowledge Center for Genome Informatics, CSIR Institute of Genomics and Integrative Biology (CSIR-IGIB), Mathura Road, Delhi, 110025, India.</Affiliation>
                    </AffiliationInfo>
                    <AffiliationInfo>
                        <Affiliation>Academy of Scientific and Innovative Research, CSIR Institute of Genomics and Integrative Biology South Campus, Mathura Road, Delhi, 110025, India.</Affiliation>
                    </AffiliationInfo>
                </Author>
                <Author ValidYN="Y">
                    <LastName>Sehgal</LastName>
                    <ForeName>Paras</ForeName>
                    <Initials>P</Initials>
                    <AffiliationInfo>
                        <Affiliation>Genomics and Molecular Medicine, CSIR Institute of Genomics and Integrative Biology, Mathura Road, Delhi, 110025, India.</Affiliation>
                    </AffiliationInfo>
                    <AffiliationInfo>
                        <Affiliation>Academy of Scientific and Innovative Research, CSIR Institute of Genomics and Integrative Biology South Campus, Mathura Road, Delhi, 110025, India.</Affiliation>
                    </AffiliationInfo>
                </Author>
                <Author ValidYN="Y">
                    <LastName>Mathew</LastName>
                    <ForeName>Samatha</ForeName>
                    <Initials>S</Initials>
                    <AffiliationInfo>
                        <Affiliation>Genomics and Molecular Medicine, CSIR Institute of Genomics and Integrative Biology, Mathura Road, Delhi, 110025, India.</Affiliation>
                    </AffiliationInfo>
                    <AffiliationInfo>
                        <Affiliation>Academy of Scientific and Innovative Research, CSIR Institute of Genomics and Integrative Biology South Campus, Mathura Road, Delhi, 110025, India.</Affiliation>
                    </AffiliationInfo>
                </Author>
                <Author ValidYN="Y">
                    <LastName>Vellarikkal</LastName>
                    <ForeName>Shamsudheen Karuthedath</ForeName>
                    <Initials>SK</Initials>
                    <AffiliationInfo>
                        <Affiliation>Genomics and Molecular Medicine, CSIR Institute of Genomics and Integrative Biology, Mathura Road, Delhi, 110025, India.</Affiliation>
                    </AffiliationInfo>
                    <AffiliationInfo>
                        <Affiliation>Academy of Scientific and Innovative Research, CSIR Institute of Genomics and Integrative Biology South Campus, Mathura Road, Delhi, 110025, India.</Affiliation>
                    </AffiliationInfo>
                </Author>
                <Author ValidYN="Y">
                    <LastName>Singh</LastName>
                    <ForeName>Angom Ramcharan</ForeName>
                    <Initials>AR</Initials>
                    <AffiliationInfo>
                        <Affiliation>Genomics and Molecular Medicine, CSIR Institute of Genomics and Integrative Biology, Mathura Road, Delhi, 110025, India.</Affiliation>
                    </AffiliationInfo>
                </Author>
                <Author ValidYN="Y">
                    <LastName>Kapoor</LastName>
                    <ForeName>Shruti</ForeName>
                    <Initials>S</Initials>
                    <AffiliationInfo>
                        <Affiliation>GN Ramachandran Knowledge Center for Genome Informatics, CSIR Institute of Genomics and Integrative Biology (CSIR-IGIB), Mathura Road, Delhi, 110025, India.</Affiliation>
                    </AffiliationInfo>
                    <AffiliationInfo>
                        <Affiliation>Academy of Scientific and Innovative Research, CSIR Institute of Genomics and Integrative Biology South Campus, Mathura Road, Delhi, 110025, India.</Affiliation>
                    </AffiliationInfo>
                </Author>
                <Author ValidYN="Y">
                    <LastName>Jayarajan</LastName>
                    <ForeName>Rijith</ForeName>
                    <Initials>R</Initials>
                    <AffiliationInfo>
                        <Affiliation>Genomics and Molecular Medicine, CSIR Institute of Genomics and Integrative Biology, Mathura Road, Delhi, 110025, India.</Affiliation>
                    </AffiliationInfo>
                </Author>
                <Author ValidYN="Y">
                    <LastName>Scaria</LastName>
                    <ForeName>Vinod</ForeName>
                    <Initials>V</Initials>
                    <AffiliationInfo>
                        <Affiliation>GN Ramachandran Knowledge Center for Genome Informatics, CSIR Institute of Genomics and Integrative Biology (CSIR-IGIB), Mathura Road, Delhi, 110025, India. vinods@igib.in.</Affiliation>
                    </AffiliationInfo>
                    <AffiliationInfo>
                        <Affiliation>Academy of Scientific and Innovative Research, CSIR Institute of Genomics and Integrative Biology South Campus, Mathura Road, Delhi, 110025, India. vinods@igib.in.</Affiliation>
                    </AffiliationInfo>
                </Author>
                <Author ValidYN="Y">
                    <LastName>Sivasubbu</LastName>
                    <ForeName>Sridhar</ForeName>
                    <Initials>S</Initials>
                    <AffiliationInfo>
                        <Affiliation>Genomics and Molecular Medicine, CSIR Institute of Genomics and Integrative Biology, Mathura Road, Delhi, 110025, India. s.sivasubbu@igib.res.in.</Affiliation>
                    </AffiliationInfo>
                    <AffiliationInfo>
                        <Affiliation>Academy of Scientific and Innovative Research, CSIR Institute of Genomics and Integrative Biology South Campus, Mathura Road, Delhi, 110025, India. s.sivasubbu@igib.res.in.</Affiliation>
                    </AffiliationInfo>
                </Author>
            </AuthorList>
            <Language>eng</Language>
            <GrantList CompleteYN="Y">
                <Grant>
                    <GrantID>BSC0123</GrantID>
                    <Agency>Council of Scientific and Industrial Research (CSIR)</Agency>
                    <Country/>
                </Grant>
                <Grant>
                    <GrantID>BSC0123</GrantID>
                    <Agency>Council of Scientific and Industrial Research (CSIR)</Agency>
                    <Country/>
                </Grant>
                <Grant>
                    <GrantID>BSC0123</GrantID>
                    <Agency>Council of Scientific and Industrial Research (CSIR)</Agency>
                    <Country/>
                </Grant>
                <Grant>
                    <GrantID>BSC0123</GrantID>
                    <Agency>Council of Scientific and Industrial Research (CSIR)</Agency>
                    <Country/>
                </Grant>
                <Grant>
                    <GrantID>BSC0123</GrantID>
                    <Agency>Council of Scientific and Industrial Research (CSIR)</Agency>
                    <Country/>
                </Grant>
                <Grant>
                    <GrantID>BSC0123</GrantID>
                    <Agency>Council of Scientific and Industrial Research (CSIR)</Agency>
                    <Country/>
                </Grant>
                <Grant>
                    <GrantID>BSC0123</GrantID>
                    <Agency>Council of Scientific and Industrial Research (CSIR)</Agency>
                    <Country/>
                </Grant>
                <Grant>
                    <GrantID>BSC0123</GrantID>
                    <Agency>Council of Scientific and Industrial Research (CSIR)</Agency>
                    <Country/>
                </Grant>
                <Grant>
                    <GrantID>BSC0123</GrantID>
                    <Agency>Council of Scientific and Industrial Research (CSIR)</Agency>
                    <Country/>
                </Grant>
            </GrantList>
            <PublicationTypeList>
                <PublicationType UI="D016428">Journal Article</PublicationType>
            </PublicationTypeList>
            <ArticleDate DateType="Electronic">
                <Year>2019</Year>
                <Month>03</Month>
                <Day>05</Day>
            </ArticleDate>
        </Article>
        <MedlineJournalInfo>
            <Country>England</Country>
            <MedlineTA>Sci Rep</MedlineTA>
            <NlmUniqueID>101563288</NlmUniqueID>
            <ISSNLinking>2045-2322</ISSNLinking>
        </MedlineJournalInfo>
    </MedlineCitation>
    <PubmedData>
        <History>
            <PubMedPubDate PubStatus="received">
                <Year>2016</Year>
                <Month>05</Month>
                <Day>10</Day>
            </PubMedPubDate>
            <PubMedPubDate PubStatus="accepted">
                <Year>2018</Year>
                <Month>09</Month>
                <Day>03</Day>
            </PubMedPubDate>
            <PubMedPubDate PubStatus="entrez">
                <Year>2019</Year>
                <Month>3</Month>
                <Day>7</Day>
                <Hour>6</Hour>
                <Minute>0</Minute>
            </PubMedPubDate>
            <PubMedPubDate PubStatus="pubmed">
                <Year>2019</Year>
                <Month>3</Month>
                <Day>7</Day>
                <Hour>6</Hour>
                <Minute>0</Minute>
            </PubMedPubDate>
            <PubMedPubDate PubStatus="medline">
                <Year>2019</Year>
                <Month>3</Month>
                <Day>7</Day>
                <Hour>6</Hour>
                <Minute>0</Minute>
            </PubMedPubDate>
        </History>
        <PublicationStatus>epublish</PublicationStatus>
        <ArticleIdList>
            <ArticleId IdType="pubmed">30837568</ArticleId>
            <ArticleId IdType="doi">10.1038/s41598-019-39977-7</ArticleId>
            <ArticleId IdType="pii">10.1038/s41598-019-39977-7</ArticleId>
            <ArticleId IdType="pmc">PMC6401160</ArticleId>
        </ArticleIdList>
    </PubmedData>
</PubmedArticle>


<PubmedArticle>
    <MedlineCitation Status="In-Data-Review" Owner="NLM">
        <PMID Version="1">30837538</PMID>
        <DateRevised>
            <Year>2019</Year>
            <Month>03</Month>
            <Day>08</Day>
        </DateRevised>
        <Article PubModel="Electronic">
            <Journal>
                <ISSN IssnType="Electronic">2045-2322</ISSN>
                <JournalIssue CitedMedium="Internet">
                    <Volume>9</Volume>
                    <Issue>1</Issue>
                    <PubDate>
                        <Year>2019</Year>
                        <Month>Mar</Month>
                        <Day>05</Day>
                    </PubDate>
                </JournalIssue>
                <Title>Scientific reports</Title>
                <ISOAbbreviation>Sci Rep</ISOAbbreviation>
            </Journal>
            <ArticleTitle>Widely targeted metabolome and transcriptome landscapes of Allium fistulosum-A. cepa chromosome addition lines revealed a flavonoid hot spot on chromosome 5A.</ArticleTitle>
            <Pagination>
                <MedlinePgn>3541</MedlinePgn>
            </Pagination>
            <ELocationID EIdType="doi" ValidYN="Y">10.1038/s41598-019-39856-1</ELocationID>
            <Abstract>
                <AbstractText>Here, we report a comprehensive analysis of the widely targeted metabolome and transcriptome profiles of Allium fistulosum L. (FF) with the single extra chromosome of shallot [A. cepa L. Aggregatum group (AA)] to clarify the novel gene functions in flavonoid biosynthesis. An exhaustive metabolome analysis was performed using the selected reaction monitoring mode of liquid chromatography-tandem quadrupole mass spectrometry, revealing a specific accumulation of quercetin, anthocyanin and flavone glucosides in AA and FF5A. The addition of chromosome 5A from the shallot to A. fistulosum induced flavonoid accumulation in the recipient species, which was associated with the upregulation of several genes including the dihydroflavonol 4-reductase, chalcone synthase, flavanone 3-hydroxylase, UDP-glucose flavonoid-3-O-glucosyltransferase, anthocyanin 5-aromatic acyltransferase-like, pleiotropic drug resistance-like ATP binding cassette transporter, and MYB14 transcriptional factor. Additionally, an open access Allium Transcript Database (Allium TDB, http://alliumtdb.kazusa.or.jp ) was generated by using RNA-Seq data from different genetic stocks including the A. fistulosum-A. cepa monosomic addition lines. The functional genomic approach presented here provides an innovative means of targeting the gene responsible for flavonoid biosynthesis in A. cepa. The understanding of flavonoid compounds and biosynthesis-related genes would facilitate the development of noble Allium varieties with unique chemical constituents and, subsequently, improved plant stress tolerance and human health benefits.</AbstractText>
            </Abstract>
            <AuthorList CompleteYN="Y">
                <Author ValidYN="Y">
                    <LastName>Abdelrahman</LastName>
                    <ForeName>Mostafa</ForeName>
                    <Initials>M</Initials>
                    <AffiliationInfo>
                        <Affiliation>Botany Department, Faculty of Science, Aswan University, Aswan, 81528, Egypt.</Affiliation>
                    </AffiliationInfo>
                    <AffiliationInfo>
                        <Affiliation>Arid Land Research Center, Tottori University, Tottori-City, 680-0001, Tottori, Japan.</Affiliation>
                    </AffiliationInfo>
                </Author>
                <Author ValidYN="Y">
                    <LastName>Hirata</LastName>
                    <ForeName>Sho</ForeName>
                    <Initials>S</Initials>
                    <AffiliationInfo>
                        <Affiliation>Nakahara Seed Product Co., Ltd., Hakata-ku, Fukuoka-City, 812-0893, Fukuoka, Japan.</Affiliation>
                    </AffiliationInfo>
                </Author>
                <Author ValidYN="Y">
                    <LastName>Sawada</LastName>
                    <ForeName>Yuji</ForeName>
                    <Initials>Y</Initials>
                    <AffiliationInfo>
                        <Affiliation>Metabolic Systems Research Team, RIKEN Center for Sustainable Resource Science, Yokohama-City, Kanagawa, 230-0045, Japan.</Affiliation>
                    </AffiliationInfo>
                </Author>
                <Author ValidYN="Y">
                    <LastName>Hirai</LastName>
                    <ForeName>Masami Yokota</ForeName>
                    <Initials>MY</Initials>
                    <AffiliationInfo>
                        <Affiliation>Metabolic Systems Research Team, RIKEN Center for Sustainable Resource Science, Yokohama-City, Kanagawa, 230-0045, Japan.</Affiliation>
                    </AffiliationInfo>
                </Author>
                <Author ValidYN="Y">
                    <LastName>Sato</LastName>
                    <ForeName>Shusei</ForeName>
                    <Initials>S</Initials>
                    <AffiliationInfo>
                        <Affiliation>Graduate School of Life Sciences, Tohoku University, Sendai-City, 980-8577, Miyagi, Japan.</Affiliation>
                    </AffiliationInfo>
                </Author>
                <Author ValidYN="Y">
                    <LastName>Hirakawa</LastName>
                    <ForeName>Hideki</ForeName>
                    <Initials>H</Initials>
                    <AffiliationInfo>
                        <Affiliation>Facility for Genome Informatics, Kazusa DNA Research Institute, Kisarazu-City, 292-0818, Chiba, Japan.</Affiliation>
                    </AffiliationInfo>
                </Author>
                <Author ValidYN="Y">
                    <LastName>Mine</LastName>
                    <ForeName>Yoko</ForeName>
                    <Initials>Y</Initials>
                    <AffiliationInfo>
                        <Affiliation>Faculty of Agriculture, Tokyo University of Agriculture, Atsugi-City, 243-0034, Kanagawa, Japan.</Affiliation>
                    </AffiliationInfo>
                </Author>
                <Author ValidYN="Y">
                    <LastName>Tanaka</LastName>
                    <ForeName>Keisuke</ForeName>
                    <Initials>K</Initials>
                    <AffiliationInfo>
                        <Affiliation>NODAI Genome Research Center, Tokyo University of Agriculture, Setagaya-ku, 156-8502, Tokyo, Japan.</Affiliation>
                    </AffiliationInfo>
                </Author>
                <Author ValidYN="Y">
                    <LastName>Shigyo</LastName>
                    <ForeName>Masayoshi</ForeName>
                    <Initials>M</Initials>
                    <AffiliationInfo>
                        <Affiliation>College of Agriculture, Graduate School of Sciences and Technology for Innovation, Yamaguchi University, Yamaguchi-City, 753-8515, Yamaguchi, Japan. shigyo@yamaguchi-u.ac.jp.</Affiliation>
                    </AffiliationInfo>
                </Author>
            </AuthorList>
            <Language>eng</Language>
            <GrantList CompleteYN="Y">
                <Grant>
                    <GrantID>26292020</GrantID>
                    <Agency>MEXT | Japan Society for the Promotion of Science (JSPS)</Agency>
                    <Country/>
                </Grant>
            </GrantList>
            <PublicationTypeList>
                <PublicationType UI="D016428">Journal Article</PublicationType>
            </PublicationTypeList>
            <ArticleDate DateType="Electronic">
                <Year>2019</Year>
                <Month>03</Month>
                <Day>05</Day>
            </ArticleDate>
        </Article>
        <MedlineJournalInfo>
            <Country>England</Country>
            <MedlineTA>Sci Rep</MedlineTA>
            <NlmUniqueID>101563288</NlmUniqueID>
            <ISSNLinking>2045-2322</ISSNLinking>
        </MedlineJournalInfo>
    </MedlineCitation>
    <PubmedData>
        <History>
            <PubMedPubDate PubStatus="received">
                <Year>2018</Year>
                <Month>10</Month>
                <Day>05</Day>
            </PubMedPubDate>
            <PubMedPubDate PubStatus="accepted">
                <Year>2019</Year>
                <Month>01</Month>
                <Day>30</Day>
            </PubMedPubDate>
            <PubMedPubDate PubStatus="entrez">
                <Year>2019</Year>
                <Month>3</Month>
                <Day>7</Day>
                <Hour>6</Hour>
                <Minute>0</Minute>
            </PubMedPubDate>
            <PubMedPubDate PubStatus="pubmed">
                <Year>2019</Year>
                <Month>3</Month>
                <Day>7</Day>
                <Hour>6</Hour>
                <Minute>0</Minute>
            </PubMedPubDate>
            <PubMedPubDate PubStatus="medline">
                <Year>2019</Year>
                <Month>3</Month>
                <Day>7</Day>
                <Hour>6</Hour>
                <Minute>0</Minute>
            </PubMedPubDate>
        </History>
        <PublicationStatus>epublish</PublicationStatus>
        <ArticleIdList>
            <ArticleId IdType="pubmed">30837538</ArticleId>
            <ArticleId IdType="doi">10.1038/s41598-019-39856-1</ArticleId>
            <ArticleId IdType="pii">10.1038/s41598-019-39856-1</ArticleId>
            <ArticleId IdType="pmc">PMC6400954</ArticleId>
        </ArticleIdList>
    </PubmedData>
</PubmedArticle>


<PubmedArticle>
    <MedlineCitation Status="In-Data-Review" Owner="NLM">
        <PMID Version="1">30837504</PMID>
        <DateRevised>
            <Year>2019</Year>
            <Month>03</Month>
            <Day>08</Day>
        </DateRevised>
        <Article PubModel="Electronic">
            <Journal>
                <ISSN IssnType="Electronic">2045-2322</ISSN>
                <JournalIssue CitedMedium="Internet">
                    <Volume>9</Volume>
                    <Issue>1</Issue>
                    <PubDate>
                        <Year>2019</Year>
                        <Month>Mar</Month>
                        <Day>05</Day>
                    </PubDate>
                </JournalIssue>
                <Title>Scientific reports</Title>
                <ISOAbbreviation>Sci Rep</ISOAbbreviation>
            </Journal>
            <ArticleTitle>Long Non-coding RNAs Coordinate Developmental Transitions and Other Key Biological Processes in Grapevine.</ArticleTitle>
            <Pagination>
                <MedlinePgn>3552</MedlinePgn>
            </Pagination>
            <ELocationID EIdType="doi" ValidYN="Y">10.1038/s41598-019-38989-7</ELocationID>
            <Abstract>
                <AbstractText>Long non-coding RNAs (lncRNAs) are transcripts &gt;200 nucleotides that have prominently surfaced as dynamic regulatory molecules. Using computational approaches, we identified and characterized 56,441 lncRNAs in grapevine (Vitis vinifera) by harnessing RNA-seq data from 10 developmental stages of leaf, inflorescence, and berry tissues. We conducted differential expression analysis and determined tissue- and developmental stage-specificity of lncRNAs in grapevine, which indicated their spatiotemporal regulation. Functional annotation using co-expression analysis revealed their involvement in regulation of developmental transitions in sync with transcription factors (TFs). Further, pathway enrichment analysis revealed lncRNAs associated with biosynthetic and secondary metabolic pathways. Additionally, we identified 115, 560, and 133 lncRNAs as putative miRNA precursors, targets, and endogenous target mimics, respectively, which provided an insight into the interplay of regulatory RNAs. We also explored lncRNA-mediated regulation of extra-chromosomal genes-i.e., mitochondrial and chloroplast coding sequences and observed their involvement in key biological processes like 'photosynthesis' and 'oxidative phosphorylation'. In brief, these transcripts coordinate important biological functions via interactions with both coding and non-coding RNAs as well as TFs in grapevine. Our study would facilitate future experiments in unraveling regulatory mechanisms of development in this fruit crop of economic importance.</AbstractText>
            </Abstract>
            <AuthorList CompleteYN="Y">
                <Author ValidYN="Y">
                    <LastName>Bhatia</LastName>
                    <ForeName>Garima</ForeName>
                    <Initials>G</Initials>
                    <AffiliationInfo>
                        <Affiliation>Department of Biotechnology, Panjab University, 160014, Chandigarh, India.</Affiliation>
                    </AffiliationInfo>
                </Author>
                <Author ValidYN="Y">
                    <LastName>Sharma</LastName>
                    <ForeName>Shailesh</ForeName>
                    <Initials>S</Initials>
                    <AffiliationInfo>
                        <Affiliation>National Institute of Animal Biotechnology (NIAB), D. No. 1-121/1, 4th and 5th Floors, Axis Clinicals Building, Opp. to Talkie Town, Miyapur, Hyderabad, 500 049, Telangana, India.</Affiliation>
                    </AffiliationInfo>
                </Author>
                <Author ValidYN="Y">
                    <LastName>Upadhyay</LastName>
                    <ForeName>Santosh Kumar</ForeName>
                    <Initials>SK</Initials>
                    <AffiliationInfo>
                        <Affiliation>Department of Botany, Panjab University, 160014, Chandigarh, India.</Affiliation>
                    </AffiliationInfo>
                </Author>
                <Author ValidYN="Y">
                    <LastName>Singh</LastName>
                    <ForeName>Kashmir</ForeName>
                    <Initials>K</Initials>
                    <AffiliationInfo>
                        <Affiliation>Department of Biotechnology, Panjab University, 160014, Chandigarh, India. kashmirbio@pu.ac.in.</Affiliation>
                    </AffiliationInfo>
                </Author>
            </AuthorList>
            <Language>eng</Language>
            <PublicationTypeList>
                <PublicationType UI="D016428">Journal Article</PublicationType>
            </PublicationTypeList>
            <ArticleDate DateType="Electronic">
                <Year>2019</Year>
                <Month>03</Month>
                <Day>05</Day>
            </ArticleDate>
        </Article>
        <MedlineJournalInfo>
            <Country>England</Country>
            <MedlineTA>Sci Rep</MedlineTA>
            <NlmUniqueID>101563288</NlmUniqueID>
            <ISSNLinking>2045-2322</ISSNLinking>
        </MedlineJournalInfo>
    </MedlineCitation>
    <PubmedData>
        <History>
            <PubMedPubDate PubStatus="received">
                <Year>2018</Year>
                <Month>01</Month>
                <Day>16</Day>
            </PubMedPubDate>
            <PubMedPubDate PubStatus="accepted">
                <Year>2019</Year>
                <Month>01</Month>
                <Day>15</Day>
            </PubMedPubDate>
            <PubMedPubDate PubStatus="entrez">
                <Year>2019</Year>
                <Month>3</Month>
                <Day>7</Day>
                <Hour>6</Hour>
                <Minute>0</Minute>
            </PubMedPubDate>
            <PubMedPubDate PubStatus="pubmed">
                <Year>2019</Year>
                <Month>3</Month>
                <Day>7</Day>
                <Hour>6</Hour>
                <Minute>0</Minute>
            </PubMedPubDate>
            <PubMedPubDate PubStatus="medline">
                <Year>2019</Year>
                <Month>3</Month>
                <Day>7</Day>
                <Hour>6</Hour>
                <Minute>0</Minute>
            </PubMedPubDate>
        </History>
        <PublicationStatus>epublish</PublicationStatus>
        <ArticleIdList>
            <ArticleId IdType="pubmed">30837504</ArticleId>
            <ArticleId IdType="doi">10.1038/s41598-019-38989-7</ArticleId>
            <ArticleId IdType="pii">10.1038/s41598-019-38989-7</ArticleId>
            <ArticleId IdType="pmc">PMC6401051</ArticleId>
        </ArticleIdList>
    </PubmedData>
</PubmedArticle>


<PubmedArticle>
    <MedlineCitation Status="In-Process" Owner="NLM">
        <PMID Version="1">30837362</PMID>
        <DateRevised>
            <Year>2019</Year>
            <Month>03</Month>
            <Day>08</Day>
        </DateRevised>
        <Article PubModel="Print">
            <Journal>
                <ISSN IssnType="Electronic">0973-7138</ISSN>
                <JournalIssue CitedMedium="Internet">
                    <Volume>44</Volume>
                    <Issue>1</Issue>
                    <PubDate>
                        <Year>2019</Year>
                        <Month>Mar</Month>
                    </PubDate>
                </JournalIssue>
                <Title>Journal of biosciences</Title>
                <ISOAbbreviation>J. Biosci.</ISOAbbreviation>
            </Journal>
            <ArticleTitle>Identification of the miRNA-mRNA regulatory network of antler growth centers.</ArticleTitle>
            <ELocationID EIdType="pii" ValidYN="Y">11</ELocationID>
            <Abstract>
                <AbstractText>Antler growth is a unique event compared to other growth and development processes in mammals. Antlers grow extremely fast during the rapid growth stage when growth rate peaks at 2 cm per day. Antler growth is driven by a specific endochondral ossification process in the growth center that is in the distal region of the antler tip. In this study, we used state-of-art RNA-seq technology to analyze the expression profiles of mRNAs and miRNAs during antler growth. Our results indicated that the expression levels of multiple genes involved in chondrogenesis and endochondral ossification, including <i>Fn1, Sox9, Col2a1, Acan, Col9a1, Col11a1, Hapln1, Wwp2, Fgfr3, Comp, Sp7</i> and <i>Ihh</i>, were significantly increased at the rapid growth stage. Our results also indicated that there were multiple differentially expressed miRNAs interacting with differentially expressed genes with opposite expression patterns. Furthermore, some of the miRNAs, including miR-3072-5p, miR-1600, miR-34-5p, miR-6889-5p and miR-6729-5p, simultaneously interacted with and controlled multiple genes involved in the process of chondrogenesis and endochondral ossification. Therefore, we established a miRNA-mRNA regulatory network by identifying miRNAs and their target genes that were differentially expressed in the antler growth centers by comparing the rapid growth stage and the initial growth stage.</AbstractText>
            </Abstract>
            <AuthorList CompleteYN="Y">
                <Author ValidYN="Y">
                    <LastName>Yao</LastName>
                    <ForeName>Baojin</ForeName>
                    <Initials>B</Initials>
                    <AffiliationInfo>
                        <Affiliation>Jilin Ginseng Academy, Changchun University of Chinese Medicine, Changchun 130117, China.</Affiliation>
                    </AffiliationInfo>
                </Author>
                <Author ValidYN="Y">
                    <LastName>Zhang</LastName>
                    <ForeName>Mei</ForeName>
                    <Initials>M</Initials>
                </Author>
                <Author ValidYN="Y">
                    <LastName>Liu</LastName>
                    <ForeName>Meixin</ForeName>
                    <Initials>M</Initials>
                </Author>
                <Author ValidYN="Y">
                    <LastName>Lu</LastName>
                    <ForeName>Bocheng</ForeName>
                    <Initials>B</Initials>
                </Author>
                <Author ValidYN="Y">
                    <LastName>Leng</LastName>
                    <ForeName>Xiangyang</ForeName>
                    <Initials>X</Initials>
                </Author>
                <Author ValidYN="Y">
                    <LastName>Hu</LastName>
                    <ForeName>Yaozhong</ForeName>
                    <Initials>Y</Initials>
                </Author>
                <Author ValidYN="Y">
                    <LastName>Zhao</LastName>
                    <ForeName>Daqing</ForeName>
                    <Initials>D</Initials>
                </Author>
                <Author ValidYN="Y">
                    <LastName>Zhao</LastName>
                    <ForeName>Y U</ForeName>
                    <Initials>YU</Initials>
                </Author>
            </AuthorList>
            <Language>eng</Language>
            <PublicationTypeList>
                <PublicationType UI="D016428">Journal Article</PublicationType>
            </PublicationTypeList>
        </Article>
        <MedlineJournalInfo>
            <Country>India</Country>
            <MedlineTA>J Biosci</MedlineTA>
            <NlmUniqueID>8100809</NlmUniqueID>
            <ISSNLinking>0250-5991</ISSNLinking>
        </MedlineJournalInfo>
    </MedlineCitation>
    <PubmedData>
        <History>
            <PubMedPubDate PubStatus="entrez">
                <Year>2019</Year>
                <Month>3</Month>
                <Day>7</Day>
                <Hour>6</Hour>
                <Minute>0</Minute>
            </PubMedPubDate>
            <PubMedPubDate PubStatus="pubmed">
                <Year>2019</Year>
                <Month>3</Month>
                <Day>7</Day>
                <Hour>6</Hour>
                <Minute>0</Minute>
            </PubMedPubDate>
            <PubMedPubDate PubStatus="medline">
                <Year>2019</Year>
                <Month>3</Month>
                <Day>7</Day>
                <Hour>6</Hour>
                <Minute>0</Minute>
            </PubMedPubDate>
        </History>
        <PublicationStatus>ppublish</PublicationStatus>
        <ArticleIdList>
            <ArticleId IdType="pubmed">30837362</ArticleId>
        </ArticleIdList>
    </PubmedData>
</PubmedArticle>


<PubmedArticle>
    <MedlineCitation Status="In-Process" Owner="NLM">
        <PMID Version="1">30836939</PMID>
        <DateRevised>
            <Year>2019</Year>
            <Month>03</Month>
            <Day>06</Day>
        </DateRevised>
        <Article PubModel="Electronic">
            <Journal>
                <ISSN IssnType="Electronic">1471-2164</ISSN>
                <JournalIssue CitedMedium="Internet">
                    <Volume>20</Volume>
                    <Issue>1</Issue>
                    <PubDate>
                        <Year>2019</Year>
                        <Month>Mar</Month>
                        <Day>05</Day>
                    </PubDate>
                </JournalIssue>
                <Title>BMC genomics</Title>
                <ISOAbbreviation>BMC Genomics</ISOAbbreviation>
            </Journal>
            <ArticleTitle>Transcriptomic analysis of different tissue layers in antler growth Center in Sika Deer (Cervus nippon).</ArticleTitle>
            <Pagination>
                <MedlinePgn>173</MedlinePgn>
            </Pagination>
            <ELocationID EIdType="doi" ValidYN="Y">10.1186/s12864-019-5560-1</ELocationID>
            <Abstract>
                <AbstractText Label="BACKGROUND" NlmCategory="BACKGROUND">With the unprecedented rapid growth rate (up to 2.75<U+2009>cm/day), velvet antler is an invaluable model for the identification of potent growth factors and signaling networks for extremely fast growing tissues, mainly cartilage. Antler growth center (AGC) locates in its tip and consists of five tissue layers: reserve mesenchyme (RM), precartilage (PC), transition zone (TZ), cartilage (CA) and mineralized cartilage (MC). The aim of this study was to investigate the transcription dynamics in the AGC using RNA-seq technology.</AbstractText>
                <AbstractText Label="RESULTS" NlmCategory="RESULTS">Five tissue layers in the AGC were collected from three 3-year-old male sika deer using our previously reported sampling method (morphologically distinguishable). After sequencing (15 samples; triplicates/tissue layer), we assembled a reference transcriptome de novo and used RNA-seq to measure gene expression profiles across these five layers. Nine differentially expressed genes (DEGs) were selected from our data and subsequently verified using qRT-PCR. The results showed a high consistency with the RNA-seq results (R<sup>2</sup><U+2009>=<U+2009>0.80). Nine modules were constructed based on co-expression network analysis, and these modules contained 370 hub genes. These genes were found to be mainly involved in mesenchymal progenitor cell proliferation, chondrogenesis, osteogenesis and angiogenesis. Combination of our own results with the previously published reports, we found that Wnt signaling likely plays a key role not only in stimulating the antler stem cells or their immediate progeny, but also in promoting chondrogenesis and osteogenesis during antler development.</AbstractText>
                <AbstractText Label="CONCLUSION" NlmCategory="CONCLUSIONS">We have successfully assembled a reference transcriptome, generated gene expression profiling across the five tissue layers in the AGC, and identified nine co-expressed modules that contain 370 hub genes and genes predorminantly expressed in and highly relevant to each tissue layer. We believe our findings have laid the foundation for the identification of novel genes for rapid proliferation and chondrogenic differentiation of antler cells.</AbstractText>
            </Abstract>
            <AuthorList CompleteYN="Y">
                <Author ValidYN="Y">
                    <LastName>Ba</LastName>
                    <ForeName>Hengxing</ForeName>
                    <Initials>H</Initials>
                    <AffiliationInfo>
                        <Affiliation>State Key Laboratory for Molecular Biology of Special Wild Economic Animals, Institute of Special Wild Economic Animals and Plants, Chinese Academy of Agricultural Sciences, Changchun, 130112, China.</Affiliation>
                    </AffiliationInfo>
                </Author>
                <Author ValidYN="Y">
                    <LastName>Wang</LastName>
                    <ForeName>Datao</ForeName>
                    <Initials>D</Initials>
                    <AffiliationInfo>
                        <Affiliation>State Key Laboratory for Molecular Biology of Special Wild Economic Animals, Institute of Special Wild Economic Animals and Plants, Chinese Academy of Agricultural Sciences, Changchun, 130112, China.</Affiliation>
                    </AffiliationInfo>
                </Author>
                <Author ValidYN="Y">
                    <LastName>Yau</LastName>
                    <ForeName>Tung On</ForeName>
                    <Initials>TO</Initials>
                    <AffiliationInfo>
                        <Affiliation>College of Science and Technology, Nottingham Trent University, Clifton Campus, Nottingham, NG11 8NS, UK.</Affiliation>
                    </AffiliationInfo>
                </Author>
                <Author ValidYN="Y">
                    <LastName>Shang</LastName>
                    <ForeName>Yudong</ForeName>
                    <Initials>Y</Initials>
                    <AffiliationInfo>
                        <Affiliation>State Key Laboratory for Molecular Biology of Special Wild Economic Animals, Institute of Special Wild Economic Animals and Plants, Chinese Academy of Agricultural Sciences, Changchun, 130112, China.</Affiliation>
                    </AffiliationInfo>
                </Author>
                <Author ValidYN="Y">
                    <LastName>Li</LastName>
                    <ForeName>Chunyi</ForeName>
                    <Initials>C</Initials>
                    <AffiliationInfo>
                        <Affiliation>State Key Laboratory for Molecular Biology of Special Wild Economic Animals, Institute of Special Wild Economic Animals and Plants, Chinese Academy of Agricultural Sciences, Changchun, 130112, China. Lichunyi1959@163.com.</Affiliation>
                    </AffiliationInfo>
                    <AffiliationInfo>
                        <Affiliation>Changchun Sci-Tech University, Changchun, 130600, China. Lichunyi1959@163.com.</Affiliation>
                    </AffiliationInfo>
                </Author>
            </AuthorList>
            <Language>eng</Language>
            <GrantList CompleteYN="Y">
                <Grant>
                    <GrantID>20170101003JC</GrantID>
                    <Agency>Natural Science Foundation of Jilin Province of China</Agency>
                    <Country/>
                </Grant>
                <Grant>
                    <GrantID>XDA16010403</GrantID>
                    <Agency>the Strategic Priority Research Program of the Chinese Academy of Sciences</Agency>
                    <Country/>
                </Grant>
                <Grant>
                    <GrantID>1610342016003</GrantID>
                    <Agency>Central Public-interest Scientific Institution Basal Research Fund</Agency>
                    <Country/>
                </Grant>
            </GrantList>
            <PublicationTypeList>
                <PublicationType UI="D016428">Journal Article</PublicationType>
            </PublicationTypeList>
            <ArticleDate DateType="Electronic">
                <Year>2019</Year>
                <Month>03</Month>
                <Day>05</Day>
            </ArticleDate>
        </Article>
        <MedlineJournalInfo>
            <Country>England</Country>
            <MedlineTA>BMC Genomics</MedlineTA>
            <NlmUniqueID>100965258</NlmUniqueID>
            <ISSNLinking>1471-2164</ISSNLinking>
        </MedlineJournalInfo>
        <KeywordList Owner="NOTNLM">
            <Keyword MajorTopicYN="N">Antler</Keyword>
            <Keyword MajorTopicYN="N">Antler growth center</Keyword>
            <Keyword MajorTopicYN="N">Chondrogenesis</Keyword>
            <Keyword MajorTopicYN="N">RNA-seq</Keyword>
            <Keyword MajorTopicYN="N">Tissue layer</Keyword>
            <Keyword MajorTopicYN="N">Transcriptome</Keyword>
        </KeywordList>
    </MedlineCitation>
    <PubmedData>
        <History>
            <PubMedPubDate PubStatus="received">
                <Year>2018</Year>
                <Month>11</Month>
                <Day>05</Day>
            </PubMedPubDate>
            <PubMedPubDate PubStatus="accepted">
                <Year>2019</Year>
                <Month>02</Month>
                <Day>22</Day>
            </PubMedPubDate>
            <PubMedPubDate PubStatus="entrez">
                <Year>2019</Year>
                <Month>3</Month>
                <Day>7</Day>
                <Hour>6</Hour>
                <Minute>0</Minute>
            </PubMedPubDate>
            <PubMedPubDate PubStatus="pubmed">
                <Year>2019</Year>
                <Month>3</Month>
                <Day>7</Day>
                <Hour>6</Hour>
                <Minute>0</Minute>
            </PubMedPubDate>
            <PubMedPubDate PubStatus="medline">
                <Year>2019</Year>
                <Month>3</Month>
                <Day>7</Day>
                <Hour>6</Hour>
                <Minute>0</Minute>
            </PubMedPubDate>
        </History>
        <PublicationStatus>epublish</PublicationStatus>
        <ArticleIdList>
            <ArticleId IdType="pubmed">30836939</ArticleId>
            <ArticleId IdType="doi">10.1186/s12864-019-5560-1</ArticleId>
            <ArticleId IdType="pii">10.1186/s12864-019-5560-1</ArticleId>
        </ArticleIdList>
    </PubmedData>
</PubmedArticle>


<PubmedArticle>
    <MedlineCitation Status="In-Data-Review" Owner="NLM">
        <PMID Version="1">30836881</PMID>
        <DateRevised>
            <Year>2019</Year>
            <Month>03</Month>
            <Day>06</Day>
        </DateRevised>
        <Article PubModel="Print">
            <Journal>
                <ISSN IssnType="Electronic">1744-957X</ISSN>
                <JournalIssue CitedMedium="Internet">
                    <Volume>15</Volume>
                    <Issue>3</Issue>
                    <PubDate>
                        <Year>2019</Year>
                        <Month>Mar</Month>
                        <Day>29</Day>
                    </PubDate>
                </JournalIssue>
                <Title>Biology letters</Title>
                <ISOAbbreviation>Biol. Lett.</ISOAbbreviation>
            </Journal>
            <ArticleTitle>'Meiotic genes' are constitutively expressed in an asexual amoeba and are not necessarily involved in sexual reproduction.</ArticleTitle>
            <Pagination>
                <MedlinePgn>20180871</MedlinePgn>
            </Pagination>
            <ELocationID EIdType="doi" ValidYN="Y">10.1098/rsbl.2018.0871</ELocationID>
            <Abstract>
                <AbstractText>The amoebae (and many other protists) have traditionally been considered as asexual organisms, but suspicion has been growing that these organisms are cryptically sexual or are at least related to sexual lineages. This contention is mainly based on genome studies in which the presence of 'meiotic genes' has been discovered. Using RNA-seq (next-generation shotgun sequencing, identifying and quantifying the RNA species in a sample), we have found that the entire repertoire of meiotic genes is expressed in exponentially growing Acanthamoeba and we argue that these so-called meiotic genes are involved in the related process of homologous recombination in this amoeba. We contend that they are only involved in meiosis in other organisms that indulge in sexual reproduction and that homologous recombination is important in asexual protists as a guard against the accumulation of mutations. We also suggest that asexual reproduction is the ancestral state.</AbstractText>
            </Abstract>
            <AuthorList CompleteYN="Y">
                <Author ValidYN="Y">
                    <LastName>Maciver</LastName>
                    <ForeName>Sutherland K</ForeName>
                    <Initials>SK</Initials>
                    <AffiliationInfo>
                        <Affiliation>Centre for Discovery Brain Sciences, Edinburgh Medical School, Biomedical Sciences, University of Edinburgh , Hugh Robson Building, George Square, Edinburgh EH8 9XD , UK.</Affiliation>
                    </AffiliationInfo>
                </Author>
                <Author ValidYN="Y">
                    <LastName>Koutsogiannis</LastName>
                    <ForeName>Zisis</ForeName>
                    <Initials>Z</Initials>
                    <AffiliationInfo>
                        <Affiliation>Centre for Discovery Brain Sciences, Edinburgh Medical School, Biomedical Sciences, University of Edinburgh , Hugh Robson Building, George Square, Edinburgh EH8 9XD , UK.</Affiliation>
                    </AffiliationInfo>
                </Author>
                <Author ValidYN="Y">
                    <LastName>de Obeso Fern<U+00E1>ndez Del Valle</LastName>
                    <ForeName>Alvaro</ForeName>
                    <Initials>A</Initials>
                    <AffiliationInfo>
                        <Affiliation>Centre for Discovery Brain Sciences, Edinburgh Medical School, Biomedical Sciences, University of Edinburgh , Hugh Robson Building, George Square, Edinburgh EH8 9XD , UK.</Affiliation>
                    </AffiliationInfo>
                </Author>
            </AuthorList>
            <Language>eng</Language>
            <PublicationTypeList>
                <PublicationType UI="D016428">Journal Article</PublicationType>
            </PublicationTypeList>
        </Article>
        <MedlineJournalInfo>
            <Country>England</Country>
            <MedlineTA>Biol Lett</MedlineTA>
            <NlmUniqueID>101247722</NlmUniqueID>
            <ISSNLinking>1744-9561</ISSNLinking>
        </MedlineJournalInfo>
        <KeywordList Owner="NOTNLM">
            <Keyword MajorTopicYN="N">Acanthamoeba</Keyword>
            <Keyword MajorTopicYN="N">Muller's ratchet</Keyword>
            <Keyword MajorTopicYN="N">RNA-seq</Keyword>
            <Keyword MajorTopicYN="N">asexual reproduction</Keyword>
            <Keyword MajorTopicYN="N">meiosis</Keyword>
            <Keyword MajorTopicYN="N">polyploidy</Keyword>
        </KeywordList>
    </MedlineCitation>
    <PubmedData>
        <History>
            <PubMedPubDate PubStatus="entrez">
                <Year>2019</Year>
                <Month>3</Month>
                <Day>7</Day>
                <Hour>6</Hour>
                <Minute>0</Minute>
            </PubMedPubDate>
            <PubMedPubDate PubStatus="pubmed">
                <Year>2019</Year>
                <Month>3</Month>
                <Day>7</Day>
                <Hour>6</Hour>
                <Minute>0</Minute>
            </PubMedPubDate>
            <PubMedPubDate PubStatus="medline">
                <Year>2019</Year>
                <Month>3</Month>
                <Day>7</Day>
                <Hour>6</Hour>
                <Minute>0</Minute>
            </PubMedPubDate>
        </History>
        <PublicationStatus>ppublish</PublicationStatus>
        <ArticleIdList>
            <ArticleId IdType="pubmed">30836881</ArticleId>
            <ArticleId IdType="doi">10.1098/rsbl.2018.0871</ArticleId>
        </ArticleIdList>
    </PubmedData>
</PubmedArticle>


<PubmedArticle>
    <MedlineCitation Status="In-Process" Owner="NLM">
        <PMID Version="1">30836615</PMID>
        <DateRevised>
            <Year>2019</Year>
            <Month>03</Month>
            <Day>06</Day>
        </DateRevised>
        <Article PubModel="Electronic">
            <Journal>
                <ISSN IssnType="Electronic">1422-0067</ISSN>
                <JournalIssue CitedMedium="Internet">
                    <Volume>20</Volume>
                    <Issue>5</Issue>
                    <PubDate>
                        <Year>2019</Year>
                        <Month>Mar</Month>
                        <Day>04</Day>
                    </PubDate>
                </JournalIssue>
                <Title>International journal of molecular sciences</Title>
                <ISOAbbreviation>Int J Mol Sci</ISOAbbreviation>
            </Journal>
            <ArticleTitle>Physiological and Transcriptome Analyses of Early Leaf Senescence for <i>ospls1</i> Mutant Rice (<i>Oryza sativa</i> L.) during the Grain-Filling Stage.</ArticleTitle>
            <ELocationID EIdType="pii" ValidYN="Y">E1098</ELocationID>
            <ELocationID EIdType="doi" ValidYN="Y">10.3390/ijms20051098</ELocationID>
            <Abstract>
                <AbstractText>Early leaf senescence is an important agronomic trait that affects crop yield and quality. To understand the molecular mechanism of early leaf senescence, <i>Oryza sativa premature leaf senescence 1</i> (<i>ospls1</i>) mutant rice with a deletion of <i>OsVHA-A</i> and its wild type were employed in this study. The genotype-dependent differences in photosynthetic indexes, senescence-related physiological parameters, and yield characters were investigated during the grain-filling stage. Moreover, RNA sequencing (RNA-seq) was performed to determine the genotype differences in transcriptome during the grain-filling stage. Results showed that the <i>ospls1</i> mutant underwent significant decreases in the maximal quantum yield of photosystem II (PSII) photochemistry (Fv/Fm), net photosynthesis rate (<i>Pn</i>), and soluble sugar and protein, followed by the decreases in <i>OsVHA-A</i> transcript and vacuolar H<U+207A>-ATPase activity. Finally, yield traits were severely suppressed in the <i>ospls1</i> mutant. RNA-seq results showed that 4827 differentially expressed genes (DEGs) were identified in <i>ospls1</i> mutant between 0 day and 14 days, and the pathways of biosynthesis of secondary metabolites, carbon fixation in photosynthetic organisms, and photosynthesis were downregulated in the senescing leaves of <i>ospls1</i> mutant during the grain-filling stage. In addition, 81 differentially expressed TFs were identified to be involved in leaf senescence. Eleven DEGs related to hormone signaling pathways were significantly enriched in auxin, cytokinins, brassinosteroids, and abscisic acid pathways, indicating that hormone signaling pathways participated in leaf senescence. Some antioxidative and carbohydrate metabolism-related genes were detected to be differentially expressed in the senescing leaves of <i>ospls1</i> mutant, suggesting that these genes probably play response and regulatory roles in leaf senescence.</AbstractText>
            </Abstract>
            <AuthorList CompleteYN="Y">
                <Author ValidYN="Y">
                    <LastName>Li</LastName>
                    <ForeName>Zhaowei</ForeName>
                    <Initials>Z</Initials>
                    <Identifier Source="ORCID">0000-0002-5176-4655</Identifier>
                    <AffiliationInfo>
                        <Affiliation>College of Life Sciences, Fujian Agriculture and Forestry University, Fuzhou 350002, China. zhaoweili@fafu.edu.cn.</Affiliation>
                    </AffiliationInfo>
                    <AffiliationInfo>
                        <Affiliation>Fujian Provincial Key Laboratory of Agroecological Processing and Safety Monitoring, Fujian Agriculture and Forestry University, Fuzhou 350002, China. zhaoweili@fafu.edu.cn.</Affiliation>
                    </AffiliationInfo>
                </Author>
                <Author ValidYN="Y">
                    <LastName>Pan</LastName>
                    <ForeName>Xinfeng</ForeName>
                    <Initials>X</Initials>
                    <AffiliationInfo>
                        <Affiliation>Fujian Provincial Key Laboratory of Agroecological Processing and Safety Monitoring, Fujian Agriculture and Forestry University, Fuzhou 350002, China. 3165006035@m.fafu.edu.cn.</Affiliation>
                    </AffiliationInfo>
                    <AffiliationInfo>
                        <Affiliation>College of Crop Science, Fujian Agriculture and Forestry University, Fuzhou 350002, China. 3165006035@m.fafu.edu.cn.</Affiliation>
                    </AffiliationInfo>
                </Author>
                <Author ValidYN="Y">
                    <LastName>Guo</LastName>
                    <ForeName>Xiaodong</ForeName>
                    <Initials>X</Initials>
                    <AffiliationInfo>
                        <Affiliation>Fujian Provincial Key Laboratory of Agroecological Processing and Safety Monitoring, Fujian Agriculture and Forestry University, Fuzhou 350002, China. 3157614046@m.fafu.edu.cn.</Affiliation>
                    </AffiliationInfo>
                    <AffiliationInfo>
                        <Affiliation>College of Crop Science, Fujian Agriculture and Forestry University, Fuzhou 350002, China. 3157614046@m.fafu.edu.cn.</Affiliation>
                    </AffiliationInfo>
                </Author>
                <Author ValidYN="Y">
                    <LastName>Fan</LastName>
                    <ForeName>Kai</ForeName>
                    <Initials>K</Initials>
                    <AffiliationInfo>
                        <Affiliation>Fujian Provincial Key Laboratory of Agroecological Processing and Safety Monitoring, Fujian Agriculture and Forestry University, Fuzhou 350002, China. fankai@fafu.edu.cn.</Affiliation>
                    </AffiliationInfo>
                    <AffiliationInfo>
                        <Affiliation>College of Crop Science, Fujian Agriculture and Forestry University, Fuzhou 350002, China. fankai@fafu.edu.cn.</Affiliation>
                    </AffiliationInfo>
                </Author>
                <Author ValidYN="Y">
                    <LastName>Lin</LastName>
                    <ForeName>Wenxiong</ForeName>
                    <Initials>W</Initials>
                    <AffiliationInfo>
                        <Affiliation>College of Life Sciences, Fujian Agriculture and Forestry University, Fuzhou 350002, China. lwx@fafu.edu.cn.</Affiliation>
                    </AffiliationInfo>
                    <AffiliationInfo>
                        <Affiliation>Fujian Provincial Key Laboratory of Agroecological Processing and Safety Monitoring, Fujian Agriculture and Forestry University, Fuzhou 350002, China. lwx@fafu.edu.cn.</Affiliation>
                    </AffiliationInfo>
                </Author>
            </AuthorList>
            <Language>eng</Language>
            <GrantList CompleteYN="Y">
                <Grant>
                    <GrantID>31701329</GrantID>
                    <Agency>National Natural Science Foundation of China</Agency>
                    <Country/>
                </Grant>
                <Grant>
                    <GrantID>2016J01100</GrantID>
                    <Agency>Natural Science Foundation of Fujian Province</Agency>
                    <Country/>
                </Grant>
                <Grant>
                    <GrantID>2015M580560</GrantID>
                    <Agency>China Postdoctoral Science Foundation</Agency>
                    <Country/>
                </Grant>
            </GrantList>
            <PublicationTypeList>
                <PublicationType UI="D016428">Journal Article</PublicationType>
            </PublicationTypeList>
            <ArticleDate DateType="Electronic">
                <Year>2019</Year>
                <Month>03</Month>
                <Day>04</Day>
            </ArticleDate>
        </Article>
        <MedlineJournalInfo>
            <Country>Switzerland</Country>
            <MedlineTA>Int J Mol Sci</MedlineTA>
            <NlmUniqueID>101092791</NlmUniqueID>
            <ISSNLinking>1422-0067</ISSNLinking>
        </MedlineJournalInfo>
        <KeywordList Owner="NOTNLM">
            <Keyword MajorTopicYN="N">OsVHA-A</Keyword>
            <Keyword MajorTopicYN="N">RNA-seq</Keyword>
            <Keyword MajorTopicYN="N">hormones</Keyword>
            <Keyword MajorTopicYN="N">leaf senescence</Keyword>
            <Keyword MajorTopicYN="N">rice (Oryza sativa L.)</Keyword>
        </KeywordList>
    </MedlineCitation>
    <PubmedData>
        <History>
            <PubMedPubDate PubStatus="received">
                <Year>2018</Year>
                <Month>12</Month>
                <Day>05</Day>
            </PubMedPubDate>
            <PubMedPubDate PubStatus="revised">
                <Year>2019</Year>
                <Month>02</Month>
                <Day>21</Day>
            </PubMedPubDate>
            <PubMedPubDate PubStatus="accepted">
                <Year>2019</Year>
                <Month>02</Month>
                <Day>28</Day>
            </PubMedPubDate>
            <PubMedPubDate PubStatus="entrez">
                <Year>2019</Year>
                <Month>3</Month>
                <Day>7</Day>
                <Hour>6</Hour>
                <Minute>0</Minute>
            </PubMedPubDate>
            <PubMedPubDate PubStatus="pubmed">
                <Year>2019</Year>
                <Month>3</Month>
                <Day>7</Day>
                <Hour>6</Hour>
                <Minute>0</Minute>
            </PubMedPubDate>
            <PubMedPubDate PubStatus="medline">
                <Year>2019</Year>
                <Month>3</Month>
                <Day>7</Day>
                <Hour>6</Hour>
                <Minute>0</Minute>
            </PubMedPubDate>
        </History>
        <PublicationStatus>epublish</PublicationStatus>
        <ArticleIdList>
            <ArticleId IdType="pubmed">30836615</ArticleId>
            <ArticleId IdType="pii">ijms20051098</ArticleId>
            <ArticleId IdType="doi">10.3390/ijms20051098</ArticleId>
        </ArticleIdList>
    </PubmedData>
</PubmedArticle>


<PubmedArticle>
    <MedlineCitation Status="Publisher" Owner="NLM">
        <PMID Version="1">30836324</PMID>
        <DateRevised>
            <Year>2019</Year>
            <Month>03</Month>
            <Day>19</Day>
        </DateRevised>
        <Article PubModel="Print-Electronic">
            <Journal>
                <ISSN IssnType="Electronic">1879-1514</ISSN>
                <JournalIssue CitedMedium="Internet">
                    <Volume>210</Volume>
                    <PubDate>
                        <Year>2019</Year>
                        <Month>Feb</Month>
                        <Day>21</Day>
                    </PubDate>
                </JournalIssue>
                <Title>Aquatic toxicology (Amsterdam, Netherlands)</Title>
                <ISOAbbreviation>Aquat. Toxicol.</ISOAbbreviation>
            </Journal>
            <ArticleTitle>Variation in transcriptional responses to copper exposure across Daphnia pulex lineages.</ArticleTitle>
            <Pagination>
                <MedlinePgn>85-97</MedlinePgn>
            </Pagination>
            <ELocationID EIdType="pii" ValidYN="Y">S0166-445X(18)30914-7</ELocationID>
            <ELocationID EIdType="doi" ValidYN="Y">10.1016/j.aquatox.2019.02.016</ELocationID>
            <Abstract>
                <AbstractText>Copper pollution is pervasive in aquatic habitats and is particularly harmful to invertebrates sensitive to environmental changes such as Daphnia pulex. Mechanisms of toxicity and tolerance to copper are not well understood. We used RNA-sequencing to investigate these mechanisms in three genetically distinct D. pulex clonal lineages with different histories of copper exposure. Upregulated genes after copper exposure were enriched with Gene Ontology (GO) categories involved in digestion, molting and growth, whereas downregulated genes after copper exposure were enriched in the metal-regulatory system, immune response and epigenetic modifications. The three D. pulex clones in our study show largely similar transcriptional patterns in response to copper, with only a total of twenty genes differentially expressed in a single clonal lineages. We also detected lower relative expression of some genes known to be important for copper tolerance, metallothionein and glutathione-S-transferase, in a sensitive lineage sampled from an uncontaminated habitat. Daphnia-specific genes (without orthologs outside the genus) and Daphnia-specific duplications (genes duplicated in the Daphnia lineage) were overrepresented in differentially expressed genes, highlighting an important role for newly emerged genes in tolerating environmental stressors. The results indicate that the D. pulex lineages tested in this study generally respond to copper stress using the same major pathways, but that the more resistant clone with previous copper exposure might be better able to regulate key genes. This finding highlights the important nuances in gene expression among clones, shaped by historical exposure and influencing copper tolerance.</AbstractText>
                <CopyrightInformation>Copyright © 2019 Elsevier B.V. All rights reserved.</CopyrightInformation>
            </Abstract>
            <AuthorList CompleteYN="Y">
                <Author ValidYN="Y">
                    <LastName>Chain</LastName>
                    <ForeName>Fr<U+00E9>d<U+00E9>ric J J</ForeName>
                    <Initials>FJJ</Initials>
                    <AffiliationInfo>
                        <Affiliation>Department of Biology, McGill University, QC, H3A 1B1, Canada; Department of Biological Sciences, University of Massachusetts Lowell, MA, 01854, USA.</Affiliation>
                    </AffiliationInfo>
                </Author>
                <Author ValidYN="Y">
                    <LastName>Finlayson</LastName>
                    <ForeName>Sarah</ForeName>
                    <Initials>S</Initials>
                    <AffiliationInfo>
                        <Affiliation>Department of Biology, McGill University, QC, H3A 1B1, Canada.</Affiliation>
                    </AffiliationInfo>
                </Author>
                <Author ValidYN="Y">
                    <LastName>Crease</LastName>
                    <ForeName>Teresa</ForeName>
                    <Initials>T</Initials>
                    <AffiliationInfo>
                        <Affiliation>Department of Integrative Biology, University of Guelph, ON, N1G 2W1, Canada.</Affiliation>
                    </AffiliationInfo>
                </Author>
                <Author ValidYN="Y">
                    <LastName>Cristescu</LastName>
                    <ForeName>Melania</ForeName>
                    <Initials>M</Initials>
                    <AffiliationInfo>
                        <Affiliation>Department of Biology, McGill University, QC, H3A 1B1, Canada.</Affiliation>
                    </AffiliationInfo>
                </Author>
            </AuthorList>
            <Language>eng</Language>
            <PublicationTypeList>
                <PublicationType UI="D016428">Journal Article</PublicationType>
            </PublicationTypeList>
            <ArticleDate DateType="Electronic">
                <Year>2019</Year>
                <Month>02</Month>
                <Day>21</Day>
            </ArticleDate>
        </Article>
        <MedlineJournalInfo>
            <Country>Netherlands</Country>
            <MedlineTA>Aquat Toxicol</MedlineTA>
            <NlmUniqueID>8500246</NlmUniqueID>
            <ISSNLinking>0166-445X</ISSNLinking>
        </MedlineJournalInfo>
        <KeywordList Owner="NOTNLM">
            <Keyword MajorTopicYN="N">Copper</Keyword>
            <Keyword MajorTopicYN="N">Daphnia</Keyword>
            <Keyword MajorTopicYN="N">Ecotoxicogenomics</Keyword>
            <Keyword MajorTopicYN="N">Intraspecific variation</Keyword>
            <Keyword MajorTopicYN="N">RNA-seq</Keyword>
            <Keyword MajorTopicYN="N">Toxicity</Keyword>
            <Keyword MajorTopicYN="N">Transcriptomics</Keyword>
        </KeywordList>
    </MedlineCitation>
    <PubmedData>
        <History>
            <PubMedPubDate PubStatus="received">
                <Year>2018</Year>
                <Month>10</Month>
                <Day>18</Day>
            </PubMedPubDate>
            <PubMedPubDate PubStatus="revised">
                <Year>2019</Year>
                <Month>02</Month>
                <Day>19</Day>
            </PubMedPubDate>
            <PubMedPubDate PubStatus="accepted">
                <Year>2019</Year>
                <Month>02</Month>
                <Day>19</Day>
            </PubMedPubDate>
            <PubMedPubDate PubStatus="pubmed">
                <Year>2019</Year>
                <Month>3</Month>
                <Day>6</Day>
                <Hour>6</Hour>
                <Minute>0</Minute>
            </PubMedPubDate>
            <PubMedPubDate PubStatus="medline">
                <Year>2019</Year>
                <Month>3</Month>
                <Day>6</Day>
                <Hour>6</Hour>
                <Minute>0</Minute>
            </PubMedPubDate>
            <PubMedPubDate PubStatus="entrez">
                <Year>2019</Year>
                <Month>3</Month>
                <Day>6</Day>
                <Hour>6</Hour>
                <Minute>0</Minute>
            </PubMedPubDate>
        </History>
        <PublicationStatus>aheadofprint</PublicationStatus>
        <ArticleIdList>
            <ArticleId IdType="pubmed">30836324</ArticleId>
            <ArticleId IdType="pii">S0166-445X(18)30914-7</ArticleId>
            <ArticleId IdType="doi">10.1016/j.aquatox.2019.02.016</ArticleId>
        </ArticleIdList>
    </PubmedData>
</PubmedArticle>


<PubmedArticle>
    <MedlineCitation Status="Publisher" Owner="NLM">
        <PMID Version="1">30836204</PMID>
        <DateRevised>
            <Year>2019</Year>
            <Month>03</Month>
            <Day>18</Day>
        </DateRevised>
        <Article PubModel="Print-Electronic">
            <Journal>
                <ISSN IssnType="Electronic">1872-9142</ISSN>
                <JournalIssue CitedMedium="Internet">
                    <Volume>109</Volume>
                    <PubDate>
                        <Year>2019</Year>
                        <Month>Mar</Month>
                        <Day>02</Day>
                    </PubDate>
                </JournalIssue>
                <Title>Molecular immunology</Title>
                <ISOAbbreviation>Mol. Immunol.</ISOAbbreviation>
            </Journal>
            <ArticleTitle>Dust mite-derived Der f 3 activates a pro-inflammatory program in airway epithelial cells via PAR-1 and PAR-2.</ArticleTitle>
            <Pagination>
                <MedlinePgn>1-11</MedlinePgn>
            </Pagination>
            <ELocationID EIdType="pii" ValidYN="Y">S0161-5890(18)30820-4</ELocationID>
            <ELocationID EIdType="doi" ValidYN="Y">10.1016/j.molimm.2019.02.018</ELocationID>
            <Abstract>
                <AbstractText>Protease activity of allergens has been suggested to be involved in the pathogenesis of allergic diseases. The major allergen Der f 3 from Dermatophagoides farinae harbors serine protease activity, but its immunopathogenesis remains unclear. This study aims to explore the effect of Der f 3 on the airway epithelial barrier and on the molecular pathways by which Der f 3 induces inflammation. RNA-seq was performed to identify differentially expressed genes in bronchial airway epithelial cells (AEC) between native Der f 3 and heat-inactivated (H) Der f 3, coupled with real-time PCR (RT-PCR) and ELISA for validation. Unlike other protease allergens such as that induce Th2-promoting alarmins (IL-25, IL-33, TSLP) in AECs, Der f 3 induced pro-inflammatory cytokines and chemokines including IL-6, IL-8 and GM-CSF, which are known to promote Th17 response. These pro-inflammatory mediators were induced by Der f 3 via the MAPK and NF-<U+03BA>B pathways as well as the store-operated calcium signaling. Gene silencing with small interfering RNA in A549 and BEAS-2B cells indicated that activation of AECs by Der f 3 was mainly dependent on protease-activated receptor 2 (PAR-2), while PAR-1 was also required for the full activation of AECs. Double knock-down of PAR-1 and PAR-2 largely impaired Der f 3-inducecd IL-8 production and subsequent signaling pathways. Our data suggest that Der f 3 induces pro-inflammatory mediators in human epithelial cell lines via the PARs-MAPK-NF-<U+03BA>B axis. Our results provide a molecular mechanism by which Der f 3 may trigger the Th17-skewed allergic response toward house dust mites.</AbstractText>
                <CopyrightInformation>Copyright © 2019 Elsevier Ltd. All rights reserved.</CopyrightInformation>
            </Abstract>
            <AuthorList CompleteYN="Y">
                <Author ValidYN="Y">
                    <LastName>Li</LastName>
                    <ForeName>Bizhou</ForeName>
                    <Initials>B</Initials>
                    <AffiliationInfo>
                        <Affiliation>State Key Laboratory of Biocontrol, School of Life Sciences, Sun Yat-sen University, China; Department of Biochemistry, School of Life Sciences, Sun Yat-sen University, China.</Affiliation>
                    </AffiliationInfo>
                </Author>
                <Author ValidYN="Y">
                    <LastName>Zou</LastName>
                    <ForeName>Zehong</ForeName>
                    <Initials>Z</Initials>
                    <AffiliationInfo>
                        <Affiliation>The Second Affiliated Hospital, The State Key Laboratory of Respiratory Disease, Guangdong Provincial Key Laboratory of Allergy &amp; Clinical Immunology, Center for Inflammation, Immunity, &amp; Immune-mediated Disease, Guangzhou Medical University, China.</Affiliation>
                    </AffiliationInfo>
                </Author>
                <Author ValidYN="Y">
                    <LastName>Meng</LastName>
                    <ForeName>Fanmei</ForeName>
                    <Initials>F</Initials>
                    <AffiliationInfo>
                        <Affiliation>State Key Laboratory of Biocontrol, School of Life Sciences, Sun Yat-sen University, China; Department of Biochemistry, School of Life Sciences, Sun Yat-sen University, China.</Affiliation>
                    </AffiliationInfo>
                </Author>
                <Author ValidYN="Y">
                    <LastName>Raz</LastName>
                    <ForeName>Eyal</ForeName>
                    <Initials>E</Initials>
                    <AffiliationInfo>
                        <Affiliation>The Second Affiliated Hospital, The State Key Laboratory of Respiratory Disease, Guangdong Provincial Key Laboratory of Allergy &amp; Clinical Immunology, Center for Inflammation, Immunity, &amp; Immune-mediated Disease, Guangzhou Medical University, China; Department of Medicine, University of California at San Diego, United States.</Affiliation>
                    </AffiliationInfo>
                </Author>
                <Author ValidYN="Y">
                    <LastName>Huang</LastName>
                    <ForeName>Yuye</ForeName>
                    <Initials>Y</Initials>
                    <AffiliationInfo>
                        <Affiliation>State Key Laboratory of Biocontrol, School of Life Sciences, Sun Yat-sen University, China; Department of Biochemistry, School of Life Sciences, Sun Yat-sen University, China.</Affiliation>
                    </AffiliationInfo>
                </Author>
                <Author ValidYN="Y">
                    <LastName>Tao</LastName>
                    <ForeName>Ailin</ForeName>
                    <Initials>A</Initials>
                    <AffiliationInfo>
                        <Affiliation>The Second Affiliated Hospital, The State Key Laboratory of Respiratory Disease, Guangdong Provincial Key Laboratory of Allergy &amp; Clinical Immunology, Center for Inflammation, Immunity, &amp; Immune-mediated Disease, Guangzhou Medical University, China. Electronic address: taoailin@gzhmu.edu.cn.</Affiliation>
                    </AffiliationInfo>
                </Author>
                <Author ValidYN="Y">
                    <LastName>Ai</LastName>
                    <ForeName>Yuncan</ForeName>
                    <Initials>Y</Initials>
                    <AffiliationInfo>
                        <Affiliation>State Key Laboratory of Biocontrol, School of Life Sciences, Sun Yat-sen University, China; Department of Biochemistry, School of Life Sciences, Sun Yat-sen University, China. Electronic address: Lssayc@mail.sysu.edu.cn.</Affiliation>
                    </AffiliationInfo>
                </Author>
            </AuthorList>
            <Language>eng</Language>
            <PublicationTypeList>
                <PublicationType UI="D016428">Journal Article</PublicationType>
            </PublicationTypeList>
            <ArticleDate DateType="Electronic">
                <Year>2019</Year>
                <Month>03</Month>
                <Day>02</Day>
            </ArticleDate>
        </Article>
        <MedlineJournalInfo>
            <Country>England</Country>
            <MedlineTA>Mol Immunol</MedlineTA>
            <NlmUniqueID>7905289</NlmUniqueID>
            <ISSNLinking>0161-5890</ISSNLinking>
        </MedlineJournalInfo>
        <KeywordList Owner="NOTNLM">
            <Keyword MajorTopicYN="N">Airway epithelial cell</Keyword>
            <Keyword MajorTopicYN="N">Der f 3</Keyword>
            <Keyword MajorTopicYN="N">House dust mite (HDM)</Keyword>
            <Keyword MajorTopicYN="N">Inflammation</Keyword>
            <Keyword MajorTopicYN="N">Protease</Keyword>
            <Keyword MajorTopicYN="N">Protease-activated receptor (PAR)</Keyword>
        </KeywordList>
    </MedlineCitation>
    <PubmedData>
        <History>
            <PubMedPubDate PubStatus="received">
                <Year>2018</Year>
                <Month>09</Month>
                <Day>30</Day>
            </PubMedPubDate>
            <PubMedPubDate PubStatus="revised">
                <Year>2019</Year>
                <Month>01</Month>
                <Day>23</Day>
            </PubMedPubDate>
            <PubMedPubDate PubStatus="accepted">
                <Year>2019</Year>
                <Month>02</Month>
                <Day>20</Day>
            </PubMedPubDate>
            <PubMedPubDate PubStatus="pubmed">
                <Year>2019</Year>
                <Month>3</Month>
                <Day>6</Day>
                <Hour>6</Hour>
                <Minute>0</Minute>
            </PubMedPubDate>
            <PubMedPubDate PubStatus="medline">
                <Year>2019</Year>
                <Month>3</Month>
                <Day>6</Day>
                <Hour>6</Hour>
                <Minute>0</Minute>
            </PubMedPubDate>
            <PubMedPubDate PubStatus="entrez">
                <Year>2019</Year>
                <Month>3</Month>
                <Day>6</Day>
                <Hour>6</Hour>
                <Minute>0</Minute>
            </PubMedPubDate>
        </History>
        <PublicationStatus>aheadofprint</PublicationStatus>
        <ArticleIdList>
            <ArticleId IdType="pubmed">30836204</ArticleId>
            <ArticleId IdType="pii">S0161-5890(18)30820-4</ArticleId>
            <ArticleId IdType="doi">10.1016/j.molimm.2019.02.018</ArticleId>
        </ArticleIdList>
    </PubmedData>
</PubmedArticle>


<PubmedArticle>
    <MedlineCitation Status="Publisher" Owner="NLM">
        <PMID Version="1">30836093</PMID>
        <DateRevised>
            <Year>2019</Year>
            <Month>03</Month>
            <Day>05</Day>
        </DateRevised>
        <Article PubModel="Print-Electronic">
            <Journal>
                <ISSN IssnType="Electronic">1528-0012</ISSN>
                <JournalIssue CitedMedium="Internet">
                    <PubDate>
                        <Year>2019</Year>
                        <Month>Mar</Month>
                        <Day>02</Day>
                    </PubDate>
                </JournalIssue>
                <Title>Gastroenterology</Title>
                <ISOAbbreviation>Gastroenterology</ISOAbbreviation>
            </Journal>
            <ArticleTitle>HCV-induced Epigenetic Changes Associated With Liver Cancer Risk Persist After Sustained Virologic Response.</ArticleTitle>
            <ELocationID EIdType="pii" ValidYN="Y">S0016-5085(19)32506-5</ELocationID>
            <ELocationID EIdType="doi" ValidYN="Y">10.1053/j.gastro.2019.02.038</ELocationID>
            <Abstract>
                <AbstractText Label="BACKGROUND AND AIMS" NlmCategory="OBJECTIVE">Chronic hepatitis C virus (HCV) infection is an important risk factor for hepatocellular carcinoma (HCC). Despite effective antiviral therapies, the risk for HCC is reduced but not eliminated following a sustained virologic response (SVR) to direct-acting antiviral (DAA) agents, and risk is higher in patients with advanced fibrosis. We investigated HCV-induced epigenetic alterations that might affect risk for HCC after DAA treatment in patients and mice with humanized livers.</AbstractText>
                <AbstractText Label="METHODS" NlmCategory="METHODS">We performed genome-wide ChIPmentation-based ChIP-Seq and RNA-seq analyses of liver tissues from 6 patients without HCV infection (controls), 18 patients with chronic HCV infection, 8 patients with chronic HCV infection cured by DAA treatment, 13 patients with chronic HCV infection cured by interferon therapy, 4 patients with chronic HBV infection, and 7 patients with nonalcoholic steatohepatitis, in Europe and Japan. HCV-induced epigenetic modifications were mapped by comparative analyses with modifications associated with other liver disease etiologies. uPA/SCID mice were engrafted with human hepatocytes, to create mice with humanized livers and given injections of HCV-infected serum samples from patients; mice were given DAAs to eradicate the virus. Pathways associated with HCC risk were identified by integrative pathway analyses and validated in analyses of paired HCC tissues from 8 patients with an SVR to DAA treatment of HCV infection.</AbstractText>
                <AbstractText Label="RESULTS" NlmCategory="RESULTS">We found chronic HCV infection to induce specific genome-wide changes in H3K27ac, which correlated with changes in expression of mRNAs and proteins. These changes persisted following a sustained virologic response to DAAs or interferon-based therapies. Integrative pathway analyses of liver tissues from patients and mice with humanized livers demonstrated that HCV-induced epigenetic alterations were associated with liver cancer risk. Computational analyses associated increased expression of SPHK1 with HCC risk. We validated these findings in an independent cohort of patients with HCV-related cirrhosis (n=216), a subset of which (n=21) achieved viral clearance.</AbstractText>
                <AbstractText Label="CONCLUSIONS" NlmCategory="CONCLUSIONS">In an analysis of liver tissues from patients with and without a sustained virologic response to DAA therapy, we identified epigenetic and gene expression alterations associated with risk for HCC. These alterations might be targeted to prevent liver cancer in patients treated for HCV infection.</AbstractText>
                <CopyrightInformation>Copyright © 2019 AGA Institute. Published by Elsevier Inc. All rights reserved.</CopyrightInformation>
            </Abstract>
            <AuthorList CompleteYN="Y">
                <Author ValidYN="Y">
                    <LastName>Hamdane</LastName>
                    <ForeName>Nourdine</ForeName>
                    <Initials>N</Initials>
                    <AffiliationInfo>
                        <Affiliation>Inserm, U1110, Institut de Recherche sur les Maladies Virales et H<U+00E9>patiques, Strasbourg, France; Universit<U+00E9> de Strasbourg, Strasbourg, France.</Affiliation>
                    </AffiliationInfo>
                </Author>
                <Author ValidYN="Y">
                    <LastName>J<U+00FC>hling</LastName>
                    <ForeName>Frank</ForeName>
                    <Initials>F</Initials>
                    <AffiliationInfo>
                        <Affiliation>Inserm, U1110, Institut de Recherche sur les Maladies Virales et H<U+00E9>patiques, Strasbourg, France; Universit<U+00E9> de Strasbourg, Strasbourg, France.</Affiliation>
                    </AffiliationInfo>
                </Author>
                <Author ValidYN="Y">
                    <LastName>Crouchet</LastName>
                    <ForeName>Emilie</ForeName>
                    <Initials>E</Initials>
                    <AffiliationInfo>
                        <Affiliation>Inserm, U1110, Institut de Recherche sur les Maladies Virales et H<U+00E9>patiques, Strasbourg, France; Universit<U+00E9> de Strasbourg, Strasbourg, France.</Affiliation>
                    </AffiliationInfo>
                </Author>
                <Author ValidYN="Y">
                    <LastName>El Saghire</LastName>
                    <ForeName>Houssein</ForeName>
                    <Initials>H</Initials>
                    <AffiliationInfo>
                        <Affiliation>Inserm, U1110, Institut de Recherche sur les Maladies Virales et H<U+00E9>patiques, Strasbourg, France; Universit<U+00E9> de Strasbourg, Strasbourg, France.</Affiliation>
                    </AffiliationInfo>
                </Author>
                <Author ValidYN="Y">
                    <LastName>Thumann</LastName>
                    <ForeName>Christine</ForeName>
                    <Initials>C</Initials>
                    <AffiliationInfo>
                        <Affiliation>Inserm, U1110, Institut de Recherche sur les Maladies Virales et H<U+00E9>patiques, Strasbourg, France; Universit<U+00E9> de Strasbourg, Strasbourg, France.</Affiliation>
                    </AffiliationInfo>
                </Author>
                <Author ValidYN="Y">
                    <LastName>Oudot</LastName>
                    <ForeName>Marine A</ForeName>
                    <Initials>MA</Initials>
                    <AffiliationInfo>
                        <Affiliation>Inserm, U1110, Institut de Recherche sur les Maladies Virales et H<U+00E9>patiques, Strasbourg, France; Universit<U+00E9> de Strasbourg, Strasbourg, France.</Affiliation>
                    </AffiliationInfo>
                </Author>
                <Author ValidYN="Y">
                    <LastName>Bandiera</LastName>
                    <ForeName>Simonetta</ForeName>
                    <Initials>S</Initials>
                    <AffiliationInfo>
                        <Affiliation>Inserm, U1110, Institut de Recherche sur les Maladies Virales et H<U+00E9>patiques, Strasbourg, France; Universit<U+00E9> de Strasbourg, Strasbourg, France.</Affiliation>
                    </AffiliationInfo>
                </Author>
                <Author ValidYN="Y">
                    <LastName>Saviano</LastName>
                    <ForeName>Antonio</ForeName>
                    <Initials>A</Initials>
                    <AffiliationInfo>
                        <Affiliation>Inserm, U1110, Institut de Recherche sur les Maladies Virales et H<U+00E9>patiques, Strasbourg, France; Universit<U+00E9> de Strasbourg, Strasbourg, France; Institut Hospitalo-Universitaire, P<U+00F4>le H<U+00E9>pato-digestif, Nouvel H<U+00F4>pital Civil, Strasbourg, France.</Affiliation>
                    </AffiliationInfo>
                </Author>
                <Author ValidYN="Y">
                    <LastName>Ponsolles</LastName>
                    <ForeName>Clara</ForeName>
                    <Initials>C</Initials>
                    <AffiliationInfo>
                        <Affiliation>Inserm, U1110, Institut de Recherche sur les Maladies Virales et H<U+00E9>patiques, Strasbourg, France; Universit<U+00E9> de Strasbourg, Strasbourg, France.</Affiliation>
                    </AffiliationInfo>
                </Author>
                <Author ValidYN="Y">
                    <LastName>Roca Suarez</LastName>
                    <ForeName>Armando Andres</ForeName>
                    <Initials>AA</Initials>
                    <AffiliationInfo>
                        <Affiliation>Inserm, U1110, Institut de Recherche sur les Maladies Virales et H<U+00E9>patiques, Strasbourg, France; Universit<U+00E9> de Strasbourg, Strasbourg, France.</Affiliation>
                    </AffiliationInfo>
                </Author>
                <Author ValidYN="Y">
                    <LastName>Li</LastName>
                    <ForeName>Shen</ForeName>
                    <Initials>S</Initials>
                    <AffiliationInfo>
                        <Affiliation>Division of Surgical Oncology, Massachusetts General Hospital Cancer Center, Harvard Medical School, Boston, USA.</Affiliation>
                    </AffiliationInfo>
                </Author>
                <Author ValidYN="Y">
                    <LastName>Fujiwara</LastName>
                    <ForeName>Naoto</ForeName>
                    <Initials>N</Initials>
                    <AffiliationInfo>
                        <Affiliation>Liver Tumor Translational Research Program, Harold C. Simmons Comprehensive Cancer Center, Division of Digestive and Liver Diseases, University of Texas Southwestern Medical Center, Dallas, TX, USA.</Affiliation>
                    </AffiliationInfo>
                </Author>
                <Author ValidYN="Y">
                    <LastName>Ono</LastName>
                    <ForeName>Atsushi</ForeName>
                    <Initials>A</Initials>
                    <AffiliationInfo>
                        <Affiliation>Liver Tumor Translational Research Program, Harold C. Simmons Comprehensive Cancer Center, Division of Digestive and Liver Diseases, University of Texas Southwestern Medical Center, Dallas, TX, USA; Department of Gastroenterology and Metabolism, Applied Life Sciences, Institute of Biomedical &amp; Health Sciences, Hiroshima University, Hiroshima, Japan; Department of Gastroenterological and Transplant Surgery, Graduate School of Biomedical and Health Sciences, Hiroshima University.</Affiliation>
                    </AffiliationInfo>
                </Author>
                <Author ValidYN="Y">
                    <LastName>Davidson</LastName>
                    <ForeName>Irwin</ForeName>
                    <Initials>I</Initials>
                    <AffiliationInfo>
                        <Affiliation>Department of Functional Genomics and Cancer, Institut de G<U+00E9>n<U+00E9>tique et de Biologie Mol<U+00E9>culaire et Cellulaire, CNRS/INSERM/UDS, Illkirch, France.</Affiliation>
                    </AffiliationInfo>
                </Author>
                <Author ValidYN="Y">
                    <LastName>Bardeesy</LastName>
                    <ForeName>Nabeel</ForeName>
                    <Initials>N</Initials>
                    <AffiliationInfo>
                        <Affiliation>Center for Cancer Research, Massachusetts General Hospital; Departments of Medicine, Harvard Medical School, Boston, MA, USA.</Affiliation>
                    </AffiliationInfo>
                </Author>
                <Author ValidYN="Y">
                    <LastName>Schmidl</LastName>
                    <ForeName>Christian</ForeName>
                    <Initials>C</Initials>
                    <AffiliationInfo>
                        <Affiliation>CeMM Research Center for Molecular Medicine of the Austrian Academy of Sciences, Vienna, Austria; Current address: Regensburg Centre for Interventional Immunology (RCI) and University Medical Center of Regensburg, Germany.</Affiliation>
                    </AffiliationInfo>
                </Author>
                <Author ValidYN="Y">
                    <LastName>Bock</LastName>
                    <ForeName>Christoph</ForeName>
                    <Initials>C</Initials>
                    <AffiliationInfo>
                        <Affiliation>CeMM Research Center for Molecular Medicine of the Austrian Academy of Sciences, Vienna, Austria; Department of Laboratory Medicine, Medical University of Vienna, Vienna, Austria; Max Planck Institute for Informatics, Saarbr<U+00FC>cken, Germany.</Affiliation>
                    </AffiliationInfo>
                </Author>
                <Author ValidYN="Y">
                    <LastName>Schuster</LastName>
                    <ForeName>Catherine</ForeName>
                    <Initials>C</Initials>
                    <AffiliationInfo>
                        <Affiliation>Inserm, U1110, Institut de Recherche sur les Maladies Virales et H<U+00E9>patiques, Strasbourg, France; Universit<U+00E9> de Strasbourg, Strasbourg, France.</Affiliation>
                    </AffiliationInfo>
                </Author>
                <Author ValidYN="Y">
                    <LastName>Lupberger</LastName>
                    <ForeName>Joachim</ForeName>
                    <Initials>J</Initials>
                    <AffiliationInfo>
                        <Affiliation>Inserm, U1110, Institut de Recherche sur les Maladies Virales et H<U+00E9>patiques, Strasbourg, France; Universit<U+00E9> de Strasbourg, Strasbourg, France.</Affiliation>
                    </AffiliationInfo>
                </Author>
                <Author ValidYN="Y">
                    <LastName>Habersetzer</LastName>
                    <ForeName>Fran<U+00E7>ois</ForeName>
                    <Initials>F</Initials>
                    <AffiliationInfo>
                        <Affiliation>Inserm, U1110, Institut de Recherche sur les Maladies Virales et H<U+00E9>patiques, Strasbourg, France; Institut Hospitalo-Universitaire, P<U+00F4>le H<U+00E9>pato-digestif, Nouvel H<U+00F4>pital Civil, Strasbourg, France.</Affiliation>
                    </AffiliationInfo>
                </Author>
                <Author ValidYN="Y">
                    <LastName>Doffo<U+00EB>l</LastName>
                    <ForeName>Michel</ForeName>
                    <Initials>M</Initials>
                    <AffiliationInfo>
                        <Affiliation>Institut Hospitalo-Universitaire, P<U+00F4>le H<U+00E9>pato-digestif, Nouvel H<U+00F4>pital Civil, Strasbourg, France.</Affiliation>
                    </AffiliationInfo>
                </Author>
                <Author ValidYN="Y">
                    <LastName>Piardi</LastName>
                    <ForeName>Tullio</ForeName>
                    <Initials>T</Initials>
                    <AffiliationInfo>
                        <Affiliation>General, Digestive, and Endocrine Surgery Unit, H<U+00F4>pital Robert Debr<U+00E9>, Centre Hospitalier Universitaire de Reims, Universit<U+00E9> de Reims Champagne-Ardenne, Reims, France.</Affiliation>
                    </AffiliationInfo>
                </Author>
                <Author ValidYN="Y">
                    <LastName>Sommacale</LastName>
                    <ForeName>Daniele</ForeName>
                    <Initials>D</Initials>
                    <AffiliationInfo>
                        <Affiliation>General, Digestive, and Endocrine Surgery Unit, H<U+00F4>pital Robert Debr<U+00E9>, Centre Hospitalier Universitaire de Reims, Universit<U+00E9> de Reims Champagne-Ardenne, Reims, France.</Affiliation>
                    </AffiliationInfo>
                </Author>
                <Author ValidYN="Y">
                    <LastName>Imamura</LastName>
                    <ForeName>Michio</ForeName>
                    <Initials>M</Initials>
                    <AffiliationInfo>
                        <Affiliation>Department of Gastroenterology and Metabolism, Applied Life Sciences, Institute of Biomedical &amp; Health Sciences, Hiroshima University, Hiroshima, Japan.</Affiliation>
                    </AffiliationInfo>
                </Author>
                <Author ValidYN="Y">
                    <LastName>Uchida</LastName>
                    <ForeName>Takuro</ForeName>
                    <Initials>T</Initials>
                    <AffiliationInfo>
                        <Affiliation>Department of Gastroenterology and Metabolism, Applied Life Sciences, Institute of Biomedical &amp; Health Sciences, Hiroshima University, Hiroshima, Japan.</Affiliation>
                    </AffiliationInfo>
                </Author>
                <Author ValidYN="Y">
                    <LastName>Ohdan</LastName>
                    <ForeName>Hideki</ForeName>
                    <Initials>H</Initials>
                    <AffiliationInfo>
                        <Affiliation>Department of Gastroenterological and Transplant Surgery, Graduate School of Biomedical and Health Sciences, Hiroshima University.</Affiliation>
                    </AffiliationInfo>
                </Author>
                <Author ValidYN="Y">
                    <LastName>Aikata</LastName>
                    <ForeName>Hiroshi</ForeName>
                    <Initials>H</Initials>
                    <AffiliationInfo>
                        <Affiliation>Department of Gastroenterology and Metabolism, Applied Life Sciences, Institute of Biomedical &amp; Health Sciences, Hiroshima University, Hiroshima, Japan.</Affiliation>
                    </AffiliationInfo>
                </Author>
                <Author ValidYN="Y">
                    <LastName>Chayama</LastName>
                    <ForeName>Kazuaki</ForeName>
                    <Initials>K</Initials>
                    <AffiliationInfo>
                        <Affiliation>Department of Gastroenterology and Metabolism, Applied Life Sciences, Institute of Biomedical &amp; Health Sciences, Hiroshima University, Hiroshima, Japan.</Affiliation>
                    </AffiliationInfo>
                </Author>
                <Author ValidYN="Y">
                    <LastName>Boldanova</LastName>
                    <ForeName>Tujana</ForeName>
                    <Initials>T</Initials>
                    <AffiliationInfo>
                        <Affiliation>Department of Biomedicine, University Hospital Basel, University of Basel, Basel, Switzerland; Division of Gastroenterology and Hepatology, University Hospital Basel, University of Basel, Basel, Switzerland.</Affiliation>
                    </AffiliationInfo>
                </Author>
                <Author ValidYN="Y">
                    <LastName>Pessaux</LastName>
                    <ForeName>Patrick</ForeName>
                    <Initials>P</Initials>
                    <AffiliationInfo>
                        <Affiliation>Inserm, U1110, Institut de Recherche sur les Maladies Virales et H<U+00E9>patiques, Strasbourg, France; Institut Hospitalo-Universitaire, P<U+00F4>le H<U+00E9>pato-digestif, Nouvel H<U+00F4>pital Civil, Strasbourg, France.</Affiliation>
                    </AffiliationInfo>
                </Author>
                <Author ValidYN="Y">
                    <LastName>Fuchs</LastName>
                    <ForeName>Bryan C</ForeName>
                    <Initials>BC</Initials>
                    <AffiliationInfo>
                        <Affiliation>Division of Surgical Oncology, Massachusetts General Hospital Cancer Center, Harvard Medical School, Boston, USA.</Affiliation>
                    </AffiliationInfo>
                </Author>
                <Author ValidYN="Y">
                    <LastName>Hoshida</LastName>
                    <ForeName>Yujin</ForeName>
                    <Initials>Y</Initials>
                    <AffiliationInfo>
                        <Affiliation>Liver Tumor Translational Research Program, Harold C. Simmons Comprehensive Cancer Center, Division of Digestive and Liver Diseases, University of Texas Southwestern Medical Center, Dallas, TX, USA.</Affiliation>
                    </AffiliationInfo>
                </Author>
                <Author ValidYN="Y">
                    <LastName>Zeisel</LastName>
                    <ForeName>Mirjam B</ForeName>
                    <Initials>MB</Initials>
                    <AffiliationInfo>
                        <Affiliation>Inserm, U1110, Institut de Recherche sur les Maladies Virales et H<U+00E9>patiques, Strasbourg, France; Universit<U+00E9> de Strasbourg, Strasbourg, France; Inserm U1052, CNRS UMR 5286, Cancer Research Center of Lyon (CRCL), Universit<U+00E9> de Lyon (UCBL), Lyon, France.</Affiliation>
                    </AffiliationInfo>
                </Author>
                <Author ValidYN="Y">
                    <LastName>Duong</LastName>
                    <ForeName>Fran<U+00E7>ois H T</ForeName>
                    <Initials>FHT</Initials>
                    <AffiliationInfo>
                        <Affiliation>Inserm, U1110, Institut de Recherche sur les Maladies Virales et H<U+00E9>patiques, Strasbourg, France; Universit<U+00E9> de Strasbourg, Strasbourg, France; Department of Biomedicine, University Hospital Basel, University of Basel, Basel, Switzerland.</Affiliation>
                    </AffiliationInfo>
                </Author>
                <Author ValidYN="Y">
                    <LastName>Baumert</LastName>
                    <ForeName>Thomas F</ForeName>
                    <Initials>TF</Initials>
                    <AffiliationInfo>
                        <Affiliation>Inserm, U1110, Institut de Recherche sur les Maladies Virales et H<U+00E9>patiques, Strasbourg, France; Universit<U+00E9> de Strasbourg, Strasbourg, France; Institut Hospitalo-Universitaire, P<U+00F4>le H<U+00E9>pato-digestif, Nouvel H<U+00F4>pital Civil, Strasbourg, France; Institut Universitaire de France (IUF), Paris, France. Electronic address: thomas.baumert@unistra.fr.</Affiliation>
                    </AffiliationInfo>
                </Author>
            </AuthorList>
            <Language>eng</Language>
            <PublicationTypeList>
                <PublicationType UI="D016428">Journal Article</PublicationType>
            </PublicationTypeList>
            <ArticleDate DateType="Electronic">
                <Year>2019</Year>
                <Month>03</Month>
                <Day>02</Day>
            </ArticleDate>
        </Article>
        <MedlineJournalInfo>
            <Country>United States</Country>
            <MedlineTA>Gastroenterology</MedlineTA>
            <NlmUniqueID>0374630</NlmUniqueID>
            <ISSNLinking>0016-5085</ISSNLinking>
        </MedlineJournalInfo>
        <KeywordList Owner="NOTNLM">
            <Keyword MajorTopicYN="N">Biomarker</Keyword>
            <Keyword MajorTopicYN="N">Sox9</Keyword>
            <Keyword MajorTopicYN="N">biopsy</Keyword>
            <Keyword MajorTopicYN="N">chemoprevention</Keyword>
        </KeywordList>
    </MedlineCitation>
    <PubmedData>
        <History>
            <PubMedPubDate PubStatus="received">
                <Year>2018</Year>
                <Month>12</Month>
                <Day>10</Day>
            </PubMedPubDate>
            <PubMedPubDate PubStatus="revised">
                <Year>2019</Year>
                <Month>02</Month>
                <Day>14</Day>
            </PubMedPubDate>
            <PubMedPubDate PubStatus="accepted">
                <Year>2019</Year>
                <Month>02</Month>
                <Day>27</Day>
            </PubMedPubDate>
            <PubMedPubDate PubStatus="entrez">
                <Year>2019</Year>
                <Month>3</Month>
                <Day>6</Day>
                <Hour>6</Hour>
                <Minute>0</Minute>
            </PubMedPubDate>
            <PubMedPubDate PubStatus="pubmed">
                <Year>2019</Year>
                <Month>3</Month>
                <Day>6</Day>
                <Hour>6</Hour>
                <Minute>0</Minute>
            </PubMedPubDate>
            <PubMedPubDate PubStatus="medline">
                <Year>2019</Year>
                <Month>3</Month>
                <Day>6</Day>
                <Hour>6</Hour>
                <Minute>0</Minute>
            </PubMedPubDate>
        </History>
        <PublicationStatus>aheadofprint</PublicationStatus>
        <ArticleIdList>
            <ArticleId IdType="pubmed">30836093</ArticleId>
            <ArticleId IdType="pii">S0016-5085(19)32506-5</ArticleId>
            <ArticleId IdType="doi">10.1053/j.gastro.2019.02.038</ArticleId>
        </ArticleIdList>
    </PubmedData>
</PubmedArticle>


<PubmedArticle>
    <MedlineCitation Status="Publisher" Owner="NLM">
        <PMID Version="1">30835943</PMID>
        <DateRevised>
            <Year>2019</Year>
            <Month>03</Month>
            <Day>05</Day>
        </DateRevised>
        <Article PubModel="Print-Electronic">
            <Journal>
                <ISSN IssnType="Electronic">2326-5205</ISSN>
                <JournalIssue CitedMedium="Internet">
                    <PubDate>
                        <Year>2019</Year>
                        <Month>Mar</Month>
                        <Day>05</Day>
                    </PubDate>
                </JournalIssue>
                <Title>Arthritis &amp; rheumatology (Hoboken, N.J.)</Title>
            </Journal>
            <ArticleTitle>Histologic and transcriptional evidence of subclinical synovial inflammation in rheumatoid arthritis patients in clinical remission.</ArticleTitle>
            <ELocationID EIdType="doi" ValidYN="Y">10.1002/art.40878</ELocationID>
            <Abstract>
                <AbstractText Label="INTRODUCTION" NlmCategory="BACKGROUND">Patients with rheumatoid arthritis (RA) in clinical remission may have subclinical synovial inflammation. Here, we sought to determine the proportion of patients in remission or low disease activity at the time of arthroplasty that have histologic or transcriptional evidence of synovitis, as well as clinical features that distinguish patients with subclinical synovitis.</AbstractText>
                <AbstractText Label="METHODS" NlmCategory="METHODS">We compared disease activity scores with 28 joint counts (DAS28) to synovial histology features in 135 patients with RA undergoing arthroplasty. We also compared DAS28 to RNA-Seq data on a subset of 35 patients.</AbstractText>
                <AbstractText Label="RESULTS" NlmCategory="RESULTS">14% of patients met DAS28 criteria for clinical remission (DAS28&lt;2.6) and another 15% met criteria for low disease activity (DAS28&lt;3.2). Histologic analysis of synovium revealed synovitis in 27% and 31% of samples from patients in remission and low disease activity respectively. Patients with low disease activity (DAS28&lt;3.2) and synovitis also exhibited increased CRP and anti-citrullinated peptide antibody (CCP) levels compared to those without synovitis. 183 genes were differentially expressed in synovium of patients with subclinical synovitis compared to those with low inflammatory synovium. 86% of these genes were also differentially expressed in synovium of patients who were clinically active (DAS28<U+2265>3.2).</AbstractText>
                <AbstractText Label="CONCLUSION" NlmCategory="CONCLUSIONS">31% of patients with low clinical disease activity exhibit histologic evidence of subclinical synovitis, which was associated with increased CRP and CCP levels. Synovial gene expression signatures of clinical synovitis are present in patients with subclinical synovitis. This article is protected by copyright. All rights reserved.</AbstractText>
                <CopyrightInformation>This article is protected by copyright. All rights reserved.</CopyrightInformation>
            </Abstract>
            <AuthorList CompleteYN="Y">
                <Author ValidYN="Y">
                    <LastName>Orange</LastName>
                    <ForeName>Dana E</ForeName>
                    <Initials>DE</Initials>
                    <AffiliationInfo>
                        <Affiliation>Rheumatology, Hospital for Special Surgery, New York, NY.</Affiliation>
                    </AffiliationInfo>
                    <AffiliationInfo>
                        <Affiliation>Laboratory of Molecular Neuro-Oncology &amp; Howard Hughes Medical Institute, The Rockefeller University, New York, NY.</Affiliation>
                    </AffiliationInfo>
                </Author>
                <Author ValidYN="Y">
                    <LastName>Agius</LastName>
                    <ForeName>Phaedra</ForeName>
                    <Initials>P</Initials>
                    <AffiliationInfo>
                        <Affiliation>Bioinformatics, New York Genome Center, New York, NY.</Affiliation>
                    </AffiliationInfo>
                </Author>
                <Author ValidYN="Y">
                    <LastName>DiCarlo</LastName>
                    <ForeName>Edward F</ForeName>
                    <Initials>EF</Initials>
                    <AffiliationInfo>
                        <Affiliation>Pathology, Hospital for Special Surgery, New York, NY.</Affiliation>
                    </AffiliationInfo>
                </Author>
                <Author ValidYN="Y">
                    <LastName>Mirza</LastName>
                    <ForeName>Serene</ForeName>
                    <Initials>S</Initials>
                    <AffiliationInfo>
                        <Affiliation>Rheumatology, Hospital for Special Surgery, New York, NY.</Affiliation>
                    </AffiliationInfo>
                </Author>
                <Author ValidYN="Y">
                    <LastName>Pannellini</LastName>
                    <ForeName>Tania</ForeName>
                    <Initials>T</Initials>
                    <AffiliationInfo>
                        <Affiliation>Pathology, Hospital for Special Surgery, New York, NY.</Affiliation>
                    </AffiliationInfo>
                </Author>
                <Author ValidYN="Y">
                    <LastName>Szymonifka</LastName>
                    <ForeName>Jackie</ForeName>
                    <Initials>J</Initials>
                    <AffiliationInfo>
                        <Affiliation>Rheumatology, Hospital for Special Surgery, New York, NY.</Affiliation>
                    </AffiliationInfo>
                </Author>
                <Author ValidYN="Y">
                    <LastName>Jiang</LastName>
                    <ForeName>Caroline S</ForeName>
                    <Initials>CS</Initials>
                    <AffiliationInfo>
                        <Affiliation>Biostatistics, Rockefeller University Hospital, New York, NY.</Affiliation>
                    </AffiliationInfo>
                </Author>
                <Author ValidYN="Y">
                    <LastName>Figgie</LastName>
                    <ForeName>Mark P</ForeName>
                    <Initials>MP</Initials>
                    <AffiliationInfo>
                        <Affiliation>Orthopedic Surgery, Hospital for Special Surgery, New York, NY.</Affiliation>
                    </AffiliationInfo>
                </Author>
                <Author ValidYN="Y">
                    <LastName>Frank</LastName>
                    <ForeName>Mayu O</ForeName>
                    <Initials>MO</Initials>
                    <AffiliationInfo>
                        <Affiliation>Laboratory of Molecular Neuro-Oncology &amp; Howard Hughes Medical Institute, The Rockefeller University, New York, NY.</Affiliation>
                    </AffiliationInfo>
                </Author>
                <Author ValidYN="Y">
                    <LastName>Robinson</LastName>
                    <ForeName>William H</ForeName>
                    <Initials>WH</Initials>
                    <AffiliationInfo>
                        <Affiliation>Division of Immunology and Rheumatology, Stanford University, Stanford, CA.</Affiliation>
                    </AffiliationInfo>
                    <AffiliationInfo>
                        <Affiliation>VA Palo Alto Health Care System, Palo Alto, CA.</Affiliation>
                    </AffiliationInfo>
                </Author>
                <Author ValidYN="Y">
                    <LastName>Donlin</LastName>
                    <ForeName>Laura T</ForeName>
                    <Initials>LT</Initials>
                    <AffiliationInfo>
                        <Affiliation>Rheumatology, Hospital for Special Surgery, New York, NY.</Affiliation>
                    </AffiliationInfo>
                </Author>
                <Author ValidYN="Y">
                    <LastName>Rozo</LastName>
                    <ForeName>Cristina</ForeName>
                    <Initials>C</Initials>
                    <AffiliationInfo>
                        <Affiliation>Rheumatology, Hospital for Special Surgery, New York, NY.</Affiliation>
                    </AffiliationInfo>
                </Author>
                <Author ValidYN="Y">
                    <LastName>Gravallese</LastName>
                    <ForeName>Ellen M</ForeName>
                    <Initials>EM</Initials>
                    <AffiliationInfo>
                        <Affiliation>Division of Rheumatology, University of Massachusetts Memorial Medical Center, Worcester, MA.</Affiliation>
                    </AffiliationInfo>
                </Author>
                <Author ValidYN="Y">
                    <LastName>Bykerk</LastName>
                    <ForeName>Vivian P</ForeName>
                    <Initials>VP</Initials>
                    <AffiliationInfo>
                        <Affiliation>Rheumatology, Hospital for Special Surgery, New York, NY.</Affiliation>
                    </AffiliationInfo>
                </Author>
                <Author ValidYN="Y">
                    <LastName>Goodman</LastName>
                    <ForeName>Susan M</ForeName>
                    <Initials>SM</Initials>
                    <AffiliationInfo>
                        <Affiliation>Rheumatology, Hospital for Special Surgery, New York, NY.</Affiliation>
                    </AffiliationInfo>
                </Author>
            </AuthorList>
            <Language>eng</Language>
            <PublicationTypeList>
                <PublicationType UI="D016428">Journal Article</PublicationType>
            </PublicationTypeList>
            <ArticleDate DateType="Electronic">
                <Year>2019</Year>
                <Month>03</Month>
                <Day>05</Day>
            </ArticleDate>
        </Article>
        <MedlineJournalInfo>
            <Country>United States</Country>
            <MedlineTA>Arthritis Rheumatol</MedlineTA>
            <NlmUniqueID>101623795</NlmUniqueID>
            <ISSNLinking>2326-5191</ISSNLinking>
        </MedlineJournalInfo>
    </MedlineCitation>
    <PubmedData>
        <History>
            <PubMedPubDate PubStatus="entrez">
                <Year>2019</Year>
                <Month>3</Month>
                <Day>6</Day>
                <Hour>6</Hour>
                <Minute>0</Minute>
            </PubMedPubDate>
            <PubMedPubDate PubStatus="pubmed">
                <Year>2019</Year>
                <Month>3</Month>
                <Day>6</Day>
                <Hour>6</Hour>
                <Minute>0</Minute>
            </PubMedPubDate>
            <PubMedPubDate PubStatus="medline">
                <Year>2019</Year>
                <Month>3</Month>
                <Day>6</Day>
                <Hour>6</Hour>
                <Minute>0</Minute>
            </PubMedPubDate>
        </History>
        <PublicationStatus>aheadofprint</PublicationStatus>
        <ArticleIdList>
            <ArticleId IdType="pubmed">30835943</ArticleId>
            <ArticleId IdType="doi">10.1002/art.40878</ArticleId>
        </ArticleIdList>
    </PubmedData>
</PubmedArticle>


<PubmedArticle>
    <MedlineCitation Status="Publisher" Owner="NLM">
        <PMID Version="1">30835936</PMID>
        <DateRevised>
            <Year>2019</Year>
            <Month>03</Month>
            <Day>05</Day>
        </DateRevised>
        <Article PubModel="Print-Electronic">
            <Journal>
                <ISSN IssnType="Electronic">1522-7278</ISSN>
                <JournalIssue CitedMedium="Internet">
                    <PubDate>
                        <Year>2019</Year>
                        <Month>Mar</Month>
                        <Day>05</Day>
                    </PubDate>
                </JournalIssue>
                <Title>Environmental toxicology</Title>
                <ISOAbbreviation>Environ. Toxicol.</ISOAbbreviation>
            </Journal>
            <ArticleTitle>Transcriptomic analyses of human bronchial epithelial cells BEAS-2B exposed to brominated flame retardant (tetrabromobisphenol A).</ArticleTitle>
            <ELocationID EIdType="doi" ValidYN="Y">10.1002/tox.22740</ELocationID>
            <Abstract>
                <AbstractText>Brominated flame retardants (BFRs) are supposed to act as disruptors of cell signaling, but the underlying mechanisms remain less clear. Human bronchial epithelial cells (BEAS-2B) were used to investigate the toxic effect and gene expression changes induced by tetrabromobisphenol A (TBBPA). By genome-wide approaches with Illumina RNA-seq, 87 genes were identified to exhibit <U+2265>1.5-fold changes in expression after treatment by TBBPA for 48<U+2009>h, among which, 79 were upregulated and 8 were downregulated. Gene ontology (GO) annotation enriched unigenes were divided into three clusters: biological process (BP), cellular component (CC) and molecular function (MF). Pathway analysis showed that NF-<U+03BA>B, TNF signaling, toll-like receptor, MAPK signaling and B-cell receptor were the most prominent pathways affected by TBBPA, which play key roles in regulating cell proliferation and cell differentiation, inflammatory response. Finally, for verifying the accuracy of microarray analysis, qRT-PCR was used to analyze the transcription level of key genes in the above signaling pathways, and ELISA assay confirmed the effect of TBBPA on the levels of CXCL-2, CCL-3, CCL-4, IL-1<U+03B2>, TNF-<U+03B1>, and IL-6. These findings provided important information for further exploitation of the mechanisms under-lying BFR-induced adverse health effects.</AbstractText>
                <CopyrightInformation>© 2019 Wiley Periodicals, Inc.</CopyrightInformation>
            </Abstract>
            <AuthorList CompleteYN="Y">
                <Author ValidYN="Y">
                    <LastName>Wu</LastName>
                    <ForeName>Shijin</ForeName>
                    <Initials>S</Initials>
                    <Identifier Source="ORCID">https://orcid.org/0000-0002-0478-2973</Identifier>
                    <AffiliationInfo>
                        <Affiliation>College of Biotechnology and Bioengineering, Zhejiang University of Technology, Hangzhou, China.</Affiliation>
                    </AffiliationInfo>
                </Author>
                <Author ValidYN="Y">
                    <LastName>Zhu</LastName>
                    <ForeName>Zhenzhen</ForeName>
                    <Initials>Z</Initials>
                    <AffiliationInfo>
                        <Affiliation>College of Biotechnology and Bioengineering, Zhejiang University of Technology, Hangzhou, China.</Affiliation>
                    </AffiliationInfo>
                </Author>
                <Author ValidYN="Y">
                    <LastName>Chen</LastName>
                    <ForeName>Jialin</ForeName>
                    <Initials>J</Initials>
                    <AffiliationInfo>
                        <Affiliation>College of Biotechnology and Bioengineering, Zhejiang University of Technology, Hangzhou, China.</Affiliation>
                    </AffiliationInfo>
                </Author>
                <Author ValidYN="Y">
                    <LastName>Wu</LastName>
                    <ForeName>Mei</ForeName>
                    <Initials>M</Initials>
                    <AffiliationInfo>
                        <Affiliation>College of Biotechnology and Bioengineering, Zhejiang University of Technology, Hangzhou, China.</Affiliation>
                    </AffiliationInfo>
                </Author>
                <Author ValidYN="Y">
                    <LastName>Qiu</LastName>
                    <ForeName>Lequan</ForeName>
                    <Initials>L</Initials>
                    <AffiliationInfo>
                        <Affiliation>College of Biotechnology and Bioengineering, Zhejiang University of Technology, Hangzhou, China.</Affiliation>
                    </AffiliationInfo>
                </Author>
            </AuthorList>
            <Language>eng</Language>
            <GrantList CompleteYN="Y">
                <Grant>
                    <GrantID>LQ14C170002 and LY18E090010</GrantID>
                    <Agency>Natural Science Foundation of Zhejiang Province</Agency>
                    <Country/>
                </Grant>
            </GrantList>
            <PublicationTypeList>
                <PublicationType UI="D016428">Journal Article</PublicationType>
            </PublicationTypeList>
            <ArticleDate DateType="Electronic">
                <Year>2019</Year>
                <Month>03</Month>
                <Day>05</Day>
            </ArticleDate>
        </Article>
        <MedlineJournalInfo>
            <Country>United States</Country>
            <MedlineTA>Environ Toxicol</MedlineTA>
            <NlmUniqueID>100885357</NlmUniqueID>
            <ISSNLinking>1520-4081</ISSNLinking>
        </MedlineJournalInfo>
        <KeywordList Owner="NOTNLM">
            <Keyword MajorTopicYN="N">BEAS-2B</Keyword>
            <Keyword MajorTopicYN="N">immunotoxicity</Keyword>
            <Keyword MajorTopicYN="N">tetrabromobisphenol A</Keyword>
            <Keyword MajorTopicYN="N">transcriptomic</Keyword>
        </KeywordList>
    </MedlineCitation>
    <PubmedData>
        <History>
            <PubMedPubDate PubStatus="received">
                <Year>2018</Year>
                <Month>10</Month>
                <Day>02</Day>
            </PubMedPubDate>
            <PubMedPubDate PubStatus="revised">
                <Year>2019</Year>
                <Month>01</Month>
                <Day>28</Day>
            </PubMedPubDate>
            <PubMedPubDate PubStatus="accepted">
                <Year>2019</Year>
                <Month>02</Month>
                <Day>07</Day>
            </PubMedPubDate>
            <PubMedPubDate PubStatus="entrez">
                <Year>2019</Year>
                <Month>3</Month>
                <Day>6</Day>
                <Hour>6</Hour>
                <Minute>0</Minute>
            </PubMedPubDate>
            <PubMedPubDate PubStatus="pubmed">
                <Year>2019</Year>
                <Month>3</Month>
                <Day>6</Day>
                <Hour>6</Hour>
                <Minute>0</Minute>
            </PubMedPubDate>
            <PubMedPubDate PubStatus="medline">
                <Year>2019</Year>
                <Month>3</Month>
                <Day>6</Day>
                <Hour>6</Hour>
                <Minute>0</Minute>
            </PubMedPubDate>
        </History>
        <PublicationStatus>aheadofprint</PublicationStatus>
        <ArticleIdList>
            <ArticleId IdType="pubmed">30835936</ArticleId>
            <ArticleId IdType="doi">10.1002/tox.22740</ArticleId>
        </ArticleIdList>
    </PubmedData>
</PubmedArticle>


<PubmedArticle>
    <MedlineCitation Status="Publisher" Owner="NLM">
        <PMID Version="1">30835547</PMID>
        <DateRevised>
            <Year>2019</Year>
            <Month>03</Month>
            <Day>05</Day>
        </DateRevised>
        <Article PubModel="Print-Electronic">
            <Journal>
                <ISSN IssnType="Electronic">1557-7430</ISSN>
                <JournalIssue CitedMedium="Internet">
                    <PubDate>
                        <Year>2019</Year>
                        <Month>Mar</Month>
                        <Day>05</Day>
                    </PubDate>
                </JournalIssue>
                <Title>DNA and cell biology</Title>
                <ISOAbbreviation>DNA Cell Biol.</ISOAbbreviation>
            </Journal>
            <ArticleTitle>Early Stage Biomarkers Screening of Prostate Cancer Based on Weighted Gene Coexpression Network Analysis.</ArticleTitle>
            <ELocationID EIdType="doi" ValidYN="Y">10.1089/dna.2018.4406</ELocationID>
            <Abstract>
                <AbstractText>Although the morbidity and mortality rates of prostate cancer (PCa) are considerably high, many PCas are characterized as indolent and slow growing, which do not require overtreatment. Overdiagnosis and overtreatment of early detected PCa are an emerging problem, owing to a lack of biomarkers that detect advanced disease at an earlier stage. In this study, RNA-Seq data of 57,045 genes for 495 PCa samples and 52 normal samples in the The Cancer Genome Atlas (TCGA) database were downloaded. Subsequently, we performed weighted gene coexpression network analysis to identify the Gleason score-related coexpression gene module, and further screened out oncogenes and tumor suppressors that were upregulated or downregulated in the early stage of PCa as well as those related to the clinical prognosis of PCa patients. Based on this study, some novel biomarkers were identified for the disease-free survival, which are helpful for fast diagnosis and prognosis.</AbstractText>
            </Abstract>
            <AuthorList CompleteYN="Y">
                <Author ValidYN="Y">
                    <LastName>Meng</LastName>
                    <ForeName>Lingyin</ForeName>
                    <Initials>L</Initials>
                    <AffiliationInfo>
                        <Affiliation>1 Department of Urology, Tianjin Institute of Urology, The Second Hospital of Tianjin Medical University, Tianjin, China.</Affiliation>
                    </AffiliationInfo>
                </Author>
                <Author ValidYN="Y">
                    <LastName>Li</LastName>
                    <ForeName>Yang</ForeName>
                    <Initials>Y</Initials>
                    <AffiliationInfo>
                        <Affiliation>2 Precision Medicine Center, Tianjin Medical University General Hospital, Tianjin, China.</Affiliation>
                    </AffiliationInfo>
                </Author>
                <Author ValidYN="Y">
                    <LastName>Ren</LastName>
                    <ForeName>Jing</ForeName>
                    <Initials>J</Initials>
                    <AffiliationInfo>
                        <Affiliation>2 Precision Medicine Center, Tianjin Medical University General Hospital, Tianjin, China.</Affiliation>
                    </AffiliationInfo>
                </Author>
                <Author ValidYN="Y">
                    <LastName>Shi</LastName>
                    <ForeName>Tao</ForeName>
                    <Initials>T</Initials>
                    <AffiliationInfo>
                        <Affiliation>2 Precision Medicine Center, Tianjin Medical University General Hospital, Tianjin, China.</Affiliation>
                    </AffiliationInfo>
                </Author>
                <Author ValidYN="Y">
                    <LastName>Men</LastName>
                    <ForeName>Jianlong</ForeName>
                    <Initials>J</Initials>
                    <AffiliationInfo>
                        <Affiliation>2 Precision Medicine Center, Tianjin Medical University General Hospital, Tianjin, China.</Affiliation>
                    </AffiliationInfo>
                </Author>
                <Author ValidYN="Y">
                    <LastName>Chang</LastName>
                    <ForeName>Chawnshang</ForeName>
                    <Initials>C</Initials>
                    <AffiliationInfo>
                        <Affiliation>1 Department of Urology, Tianjin Institute of Urology, The Second Hospital of Tianjin Medical University, Tianjin, China.</Affiliation>
                    </AffiliationInfo>
                    <AffiliationInfo>
                        <Affiliation>3 George Whipple Lab for Cancer Research, Departments of Urology, Pathology and the Cancer Center, University of Rochester, Rochester, New York.</Affiliation>
                    </AffiliationInfo>
                </Author>
            </AuthorList>
            <Language>eng</Language>
            <PublicationTypeList>
                <PublicationType UI="D016428">Journal Article</PublicationType>
            </PublicationTypeList>
            <ArticleDate DateType="Electronic">
                <Year>2019</Year>
                <Month>03</Month>
                <Day>05</Day>
            </ArticleDate>
        </Article>
        <MedlineJournalInfo>
            <Country>United States</Country>
            <MedlineTA>DNA Cell Biol</MedlineTA>
            <NlmUniqueID>9004522</NlmUniqueID>
            <ISSNLinking>1044-5498</ISSNLinking>
        </MedlineJournalInfo>
        <KeywordList Owner="NOTNLM">
            <Keyword MajorTopicYN="N">Kaplan–Meier survival</Keyword>
            <Keyword MajorTopicYN="N">WGCNA</Keyword>
            <Keyword MajorTopicYN="N">biomarker</Keyword>
            <Keyword MajorTopicYN="N">prostate cancer</Keyword>
        </KeywordList>
    </MedlineCitation>
    <PubmedData>
        <History>
            <PubMedPubDate PubStatus="entrez">
                <Year>2019</Year>
                <Month>3</Month>
                <Day>6</Day>
                <Hour>6</Hour>
                <Minute>0</Minute>
            </PubMedPubDate>
            <PubMedPubDate PubStatus="pubmed">
                <Year>2019</Year>
                <Month>3</Month>
                <Day>6</Day>
                <Hour>6</Hour>
                <Minute>0</Minute>
            </PubMedPubDate>
            <PubMedPubDate PubStatus="medline">
                <Year>2019</Year>
                <Month>3</Month>
                <Day>6</Day>
                <Hour>6</Hour>
                <Minute>0</Minute>
            </PubMedPubDate>
        </History>
        <PublicationStatus>aheadofprint</PublicationStatus>
        <ArticleIdList>
            <ArticleId IdType="pubmed">30835547</ArticleId>
            <ArticleId IdType="doi">10.1089/dna.2018.4406</ArticleId>
        </ArticleIdList>
    </PubmedData>
</PubmedArticle>


<PubmedArticle>
    <MedlineCitation Status="Publisher" Owner="NLM">
        <PMID Version="1">30834601</PMID>
        <DateRevised>
            <Year>2019</Year>
            <Month>03</Month>
            <Day>05</Day>
        </DateRevised>
        <Article PubModel="Print-Electronic">
            <Journal>
                <ISSN IssnType="Electronic">1365-2583</ISSN>
                <JournalIssue CitedMedium="Internet">
                    <PubDate>
                        <Year>2019</Year>
                        <Month>Mar</Month>
                        <Day>05</Day>
                    </PubDate>
                </JournalIssue>
                <Title>Insect molecular biology</Title>
                <ISOAbbreviation>Insect Mol. Biol.</ISOAbbreviation>
            </Journal>
            <ArticleTitle>Adaptive regulation of detoxification enzymes in Helicoverpa armigera to different host plants.</ArticleTitle>
            <ELocationID EIdType="doi" ValidYN="Y">10.1111/imb.12578</ELocationID>
            <Abstract>
                <AbstractText>Cotton plants produce gossypol as a major secondary metabolite to resist insect herbivores and pathogens. Helicoverpa armigera may employ multigene families of detoxification enzymes to deal with this metabolite. So far, the strength of the transcriptional response to gossypol detoxification in the cotton bollworms remains poorly understood. Here, we investigated the genomewide transcriptional changes that occur in cotton bollworm larvae after one generation feeding on various host plants (cotton, corn, soybean, and chili) or an artificial diet. Six genes potentially involved in detoxification of xenobiotics were highly upregulated in bollworms fed on cotton, and the expression of five of these differed significantly in insects that fed on gossypol diet compared with the artificial diet. When these six genes were downregulated using RNAi, downregulation only of CYP4L11, CYP6AB9 and CCE001b led to reduced growth of bollworm larvae feeding on gossypol diets. These data suggest that the three genes are involved in response of H. armigera to gossypol of cotton. Our results proved that H. armigera may have a broad mechanism for gossypol detoxification. This article is protected by copyright. All rights reserved.</AbstractText>
                <CopyrightInformation>This article is protected by copyright. All rights reserved.</CopyrightInformation>
            </Abstract>
            <AuthorList CompleteYN="Y">
                <Author ValidYN="Y">
                    <LastName>Jin</LastName>
                    <ForeName>Minghui</ForeName>
                    <Initials>M</Initials>
                    <AffiliationInfo>
                        <Affiliation>Agricultural Genomics Institute at Shenzhen, Chinese Academy of Agricultural Sciences, Shenzhen, 518120, China.</Affiliation>
                    </AffiliationInfo>
                    <AffiliationInfo>
                        <Affiliation>The State Key Laboratory for Biology of Plant Disease and Insect Pests, Institute of Plant Protection, Chinese Academy of Agricultural Sciences, West Yuanmingyuan Road, Beijing, 100193, China.</Affiliation>
                    </AffiliationInfo>
                </Author>
                <Author ValidYN="Y">
                    <LastName>Liao</LastName>
                    <ForeName>Chongyu</ForeName>
                    <Initials>C</Initials>
                    <AffiliationInfo>
                        <Affiliation>Agricultural Genomics Institute at Shenzhen, Chinese Academy of Agricultural Sciences, Shenzhen, 518120, China.</Affiliation>
                    </AffiliationInfo>
                </Author>
                <Author ValidYN="Y">
                    <LastName>Fu</LastName>
                    <ForeName>Xingxian</ForeName>
                    <Initials>X</Initials>
                    <AffiliationInfo>
                        <Affiliation>Agricultural Genomics Institute at Shenzhen, Chinese Academy of Agricultural Sciences, Shenzhen, 518120, China.</Affiliation>
                    </AffiliationInfo>
                </Author>
                <Author ValidYN="Y">
                    <LastName>Holdbrook</LastName>
                    <ForeName>Robert</ForeName>
                    <Initials>R</Initials>
                    <AffiliationInfo>
                        <Affiliation>Lancaster Environment Centre, Lancaster University, Lancaster, LA1 4YQ, UK.</Affiliation>
                    </AffiliationInfo>
                </Author>
                <Author ValidYN="Y">
                    <LastName>Wu</LastName>
                    <ForeName>Kongming</ForeName>
                    <Initials>K</Initials>
                    <AffiliationInfo>
                        <Affiliation>The State Key Laboratory for Biology of Plant Disease and Insect Pests, Institute of Plant Protection, Chinese Academy of Agricultural Sciences, West Yuanmingyuan Road, Beijing, 100193, China.</Affiliation>
                    </AffiliationInfo>
                </Author>
                <Author ValidYN="Y">
                    <LastName>Xiao</LastName>
                    <ForeName>Yutao</ForeName>
                    <Initials>Y</Initials>
                    <AffiliationInfo>
                        <Affiliation>Agricultural Genomics Institute at Shenzhen, Chinese Academy of Agricultural Sciences, Shenzhen, 518120, China.</Affiliation>
                    </AffiliationInfo>
                    <AffiliationInfo>
                        <Affiliation>The State Key Laboratory for Biology of Plant Disease and Insect Pests, Institute of Plant Protection, Chinese Academy of Agricultural Sciences, West Yuanmingyuan Road, Beijing, 100193, China.</Affiliation>
                    </AffiliationInfo>
                </Author>
            </AuthorList>
            <Language>eng</Language>
            <PublicationTypeList>
                <PublicationType UI="D016428">Journal Article</PublicationType>
            </PublicationTypeList>
            <ArticleDate DateType="Electronic">
                <Year>2019</Year>
                <Month>03</Month>
                <Day>05</Day>
            </ArticleDate>
        </Article>
        <MedlineJournalInfo>
            <Country>England</Country>
            <MedlineTA>Insect Mol Biol</MedlineTA>
            <NlmUniqueID>9303579</NlmUniqueID>
            <ISSNLinking>0962-1075</ISSNLinking>
        </MedlineJournalInfo>
        <KeywordList Owner="NOTNLM">
            <Keyword MajorTopicYN="N">
Helicoverpa armigera
</Keyword>
            <Keyword MajorTopicYN="N">RNA-seq</Keyword>
            <Keyword MajorTopicYN="N">detoxification</Keyword>
            <Keyword MajorTopicYN="N">gossypol</Keyword>
            <Keyword MajorTopicYN="N">xenobiotics</Keyword>
        </KeywordList>
    </MedlineCitation>
    <PubmedData>
        <History>
            <PubMedPubDate PubStatus="entrez">
                <Year>2019</Year>
                <Month>3</Month>
                <Day>6</Day>
                <Hour>6</Hour>
                <Minute>0</Minute>
            </PubMedPubDate>
            <PubMedPubDate PubStatus="pubmed">
                <Year>2019</Year>
                <Month>3</Month>
                <Day>6</Day>
                <Hour>6</Hour>
                <Minute>0</Minute>
            </PubMedPubDate>
            <PubMedPubDate PubStatus="medline">
                <Year>2019</Year>
                <Month>3</Month>
                <Day>6</Day>
                <Hour>6</Hour>
                <Minute>0</Minute>
            </PubMedPubDate>
        </History>
        <PublicationStatus>aheadofprint</PublicationStatus>
        <ArticleIdList>
            <ArticleId IdType="pubmed">30834601</ArticleId>
            <ArticleId IdType="doi">10.1111/imb.12578</ArticleId>
        </ArticleIdList>
    </PubmedData>
</PubmedArticle>


<PubmedArticle>
    <MedlineCitation Status="Publisher" Owner="NLM">
        <PMID Version="1">30833747</PMID>
        <DateRevised>
            <Year>2019</Year>
            <Month>03</Month>
            <Day>05</Day>
        </DateRevised>
        <Article PubModel="Print-Electronic">
            <Journal>
                <ISSN IssnType="Electronic">1546-170X</ISSN>
                <JournalIssue CitedMedium="Internet">
                    <PubDate>
                        <Year>2019</Year>
                        <Month>Mar</Month>
                        <Day>04</Day>
                    </PubDate>
                </JournalIssue>
                <Title>Nature medicine</Title>
                <ISOAbbreviation>Nat. Med.</ISOAbbreviation>
            </Journal>
            <ArticleTitle>Clinical genome sequencing uncovers potentially targetable truncations and fusions of MAP3K8 in spitzoid and other melanomas.</ArticleTitle>
            <ELocationID EIdType="doi" ValidYN="Y">10.1038/s41591-019-0373-y</ELocationID>
            <Abstract>
                <AbstractText>Spitzoid melanoma is a specific morphologic variant of melanoma that most commonly affects children and adolescents, and ranges on the spectrum of malignancy from low grade to overtly malignant. These tumors are generally driven by fusions of ALK, RET, NTRK1/3, MET, ROS1 and BRAF<sup>1,2</sup>. However, in approximately 50% of cases no genetic driver has been established<sup>2</sup>. Clinical whole-genome and transcriptome sequencing (RNA-Seq) of a spitzoid tumor from an adolescent revealed a novel gene fusion of MAP3K8, encoding a serine-threonine kinase that activates MEK<sup>3,4</sup>. The patient, who had exhausted all other therapeutic options, was treated with a MEK inhibitor and underwent a transient clinical response. We subsequently analyzed spitzoid tumors from 49<U+2009>patients by RNA-Seq and found in-frame fusions or C-terminal truncations of MAP3K8 in 33% of cases. The fusion transcripts and truncated genes all contained MAP3K8 exons 1-8 but lacked the autoinhibitory final exon. Data mining of RNA-Seq from the Cancer Genome Atlas (TCGA) uncovered analogous MAP3K8 rearrangements in 1.5% of adult melanomas. Thus, MAP3K8 rearrangements-uncovered by comprehensive clinical sequencing of a single case-are the most common genetic event in spitzoid melanoma, are present in adult melanomas and could be amenable to MEK inhibition.</AbstractText>
            </Abstract>
            <AuthorList CompleteYN="Y">
                <Author ValidYN="Y">
                    <LastName>Newman</LastName>
                    <ForeName>Scott</ForeName>
                    <Initials>S</Initials>
                    <Identifier Source="ORCID">http://orcid.org/0000-0001-9309-4752</Identifier>
                    <AffiliationInfo>
                        <Affiliation>Department of Computational Biology, St. Jude Children's Research Hospital, Memphis, TN, USA. scott.newman@stjude.org.</Affiliation>
                    </AffiliationInfo>
                </Author>
                <Author ValidYN="Y">
                    <LastName>Fan</LastName>
                    <ForeName>Liying</ForeName>
                    <Initials>L</Initials>
                    <AffiliationInfo>
                        <Affiliation>Department of Chemical Biology &amp; Therapeutics, St. Jude Children's Research Hospital, Memphis, TN, USA.</Affiliation>
                    </AffiliationInfo>
                </Author>
                <Author ValidYN="Y">
                    <LastName>Pribnow</LastName>
                    <ForeName>Allison</ForeName>
                    <Initials>A</Initials>
                    <AffiliationInfo>
                        <Affiliation>Department of Oncology, St. Jude Children's Research Hospital, Memphis, TN, USA.</Affiliation>
                    </AffiliationInfo>
                    <AffiliationInfo>
                        <Affiliation>Department of Pediatrics, Division of Hematology/Oncology, Stanford University School of Medicine, Palo Alto, CA, USA.</Affiliation>
                    </AffiliationInfo>
                </Author>
                <Author ValidYN="Y">
                    <LastName>Silkov</LastName>
                    <ForeName>Antonina</ForeName>
                    <Initials>A</Initials>
                    <AffiliationInfo>
                        <Affiliation>Department of Computational Biology, St. Jude Children's Research Hospital, Memphis, TN, USA.</Affiliation>
                    </AffiliationInfo>
                </Author>
                <Author ValidYN="Y">
                    <LastName>Rice</LastName>
                    <ForeName>Stephen V</ForeName>
                    <Initials>SV</Initials>
                    <AffiliationInfo>
                        <Affiliation>Department of Computational Biology, St. Jude Children's Research Hospital, Memphis, TN, USA.</Affiliation>
                    </AffiliationInfo>
                </Author>
                <Author ValidYN="Y">
                    <LastName>Lee</LastName>
                    <ForeName>Seungjae</ForeName>
                    <Initials>S</Initials>
                    <AffiliationInfo>
                        <Affiliation>Department of Pathology, St. Jude Children's Research Hospital, Memphis, TN, USA.</Affiliation>
                    </AffiliationInfo>
                </Author>
                <Author ValidYN="Y">
                    <LastName>Shao</LastName>
                    <ForeName>Ying</ForeName>
                    <Initials>Y</Initials>
                    <AffiliationInfo>
                        <Affiliation>Department of Computational Biology, St. Jude Children's Research Hospital, Memphis, TN, USA.</Affiliation>
                    </AffiliationInfo>
                </Author>
                <Author ValidYN="Y">
                    <LastName>Shaner</LastName>
                    <ForeName>Bridget</ForeName>
                    <Initials>B</Initials>
                    <AffiliationInfo>
                        <Affiliation>Department of Computational Biology, St. Jude Children's Research Hospital, Memphis, TN, USA.</Affiliation>
                    </AffiliationInfo>
                </Author>
                <Author ValidYN="Y">
                    <LastName>Mulder</LastName>
                    <ForeName>Heather</ForeName>
                    <Initials>H</Initials>
                    <AffiliationInfo>
                        <Affiliation>Department of Computational Biology, St. Jude Children's Research Hospital, Memphis, TN, USA.</Affiliation>
                    </AffiliationInfo>
                </Author>
                <Author ValidYN="Y">
                    <LastName>Nakitandwe</LastName>
                    <ForeName>Joy</ForeName>
                    <Initials>J</Initials>
                    <AffiliationInfo>
                        <Affiliation>Department of Pathology, St. Jude Children's Research Hospital, Memphis, TN, USA.</Affiliation>
                    </AffiliationInfo>
                </Author>
                <Author ValidYN="Y">
                    <LastName>Shurtleff</LastName>
                    <ForeName>Sheila</ForeName>
                    <Initials>S</Initials>
                    <AffiliationInfo>
                        <Affiliation>Department of Pathology, St. Jude Children's Research Hospital, Memphis, TN, USA.</Affiliation>
                    </AffiliationInfo>
                </Author>
                <Author ValidYN="Y">
                    <LastName>Azzato</LastName>
                    <ForeName>Elizabeth M</ForeName>
                    <Initials>EM</Initials>
                    <AffiliationInfo>
                        <Affiliation>Department of Pathology, St. Jude Children's Research Hospital, Memphis, TN, USA.</Affiliation>
                    </AffiliationInfo>
                </Author>
                <Author ValidYN="Y">
                    <LastName>Wu</LastName>
                    <ForeName>Gang</ForeName>
                    <Initials>G</Initials>
                    <Identifier Source="ORCID">http://orcid.org/0000-0002-1678-5864</Identifier>
                    <AffiliationInfo>
                        <Affiliation>Department of Computational Biology, St. Jude Children's Research Hospital, Memphis, TN, USA.</Affiliation>
                    </AffiliationInfo>
                </Author>
                <Author ValidYN="Y">
                    <LastName>Zhou</LastName>
                    <ForeName>Xin</ForeName>
                    <Initials>X</Initials>
                    <AffiliationInfo>
                        <Affiliation>Department of Computational Biology, St. Jude Children's Research Hospital, Memphis, TN, USA.</Affiliation>
                    </AffiliationInfo>
                </Author>
                <Author ValidYN="Y">
                    <LastName>Barnhill</LastName>
                    <ForeName>Raymond</ForeName>
                    <Initials>R</Initials>
                    <AffiliationInfo>
                        <Affiliation>Departments of Pathology and Translational Research, Institute Curie, Paris, France.</Affiliation>
                    </AffiliationInfo>
                </Author>
                <Author ValidYN="Y">
                    <LastName>Easton</LastName>
                    <ForeName>John</ForeName>
                    <Initials>J</Initials>
                    <AffiliationInfo>
                        <Affiliation>Department of Computational Biology, St. Jude Children's Research Hospital, Memphis, TN, USA.</Affiliation>
                    </AffiliationInfo>
                </Author>
                <Author ValidYN="Y">
                    <LastName>Nichols</LastName>
                    <ForeName>Kim E</ForeName>
                    <Initials>KE</Initials>
                    <AffiliationInfo>
                        <Affiliation>Department of Oncology, St. Jude Children's Research Hospital, Memphis, TN, USA.</Affiliation>
                    </AffiliationInfo>
                </Author>
                <Author ValidYN="Y">
                    <LastName>Ellison</LastName>
                    <ForeName>David W</ForeName>
                    <Initials>DW</Initials>
                    <AffiliationInfo>
                        <Affiliation>Department of Pathology, St. Jude Children's Research Hospital, Memphis, TN, USA.</Affiliation>
                    </AffiliationInfo>
                </Author>
                <Author ValidYN="Y">
                    <LastName>Downing</LastName>
                    <ForeName>James R</ForeName>
                    <Initials>JR</Initials>
                    <AffiliationInfo>
                        <Affiliation>Department of Pathology, St. Jude Children's Research Hospital, Memphis, TN, USA.</Affiliation>
                    </AffiliationInfo>
                </Author>
                <Author ValidYN="Y">
                    <LastName>Pappo</LastName>
                    <ForeName>Alberto</ForeName>
                    <Initials>A</Initials>
                    <AffiliationInfo>
                        <Affiliation>Department of Oncology, St. Jude Children's Research Hospital, Memphis, TN, USA.</Affiliation>
                    </AffiliationInfo>
                </Author>
                <Author ValidYN="Y">
                    <LastName>Potter</LastName>
                    <ForeName>Philip M</ForeName>
                    <Initials>PM</Initials>
                    <AffiliationInfo>
                        <Affiliation>Department of Chemical Biology &amp; Therapeutics, St. Jude Children's Research Hospital, Memphis, TN, USA.</Affiliation>
                    </AffiliationInfo>
                </Author>
                <Author ValidYN="Y">
                    <LastName>Zhang</LastName>
                    <ForeName>Jinghui</ForeName>
                    <Initials>J</Initials>
                    <Identifier Source="ORCID">http://orcid.org/0000-0003-3350-9682</Identifier>
                    <AffiliationInfo>
                        <Affiliation>Department of Computational Biology, St. Jude Children's Research Hospital, Memphis, TN, USA. jinghui.zhang@stjude.org.</Affiliation>
                    </AffiliationInfo>
                </Author>
                <Author ValidYN="Y">
                    <LastName>Bahrami</LastName>
                    <ForeName>Armita</ForeName>
                    <Initials>A</Initials>
                    <Identifier Source="ORCID">http://orcid.org/0000-0002-8515-2649</Identifier>
                    <AffiliationInfo>
                        <Affiliation>Department of Oncology, St. Jude Children's Research Hospital, Memphis, TN, USA. armita.bahrami@stjude.org.</Affiliation>
                    </AffiliationInfo>
                    <AffiliationInfo>
                        <Affiliation>Department of Pathology, St. Jude Children's Research Hospital, Memphis, TN, USA. armita.bahrami@stjude.org.</Affiliation>
                    </AffiliationInfo>
                </Author>
            </AuthorList>
            <Language>eng</Language>
            <PublicationTypeList>
                <PublicationType UI="D016428">Journal Article</PublicationType>
            </PublicationTypeList>
            <ArticleDate DateType="Electronic">
                <Year>2019</Year>
                <Month>03</Month>
                <Day>04</Day>
            </ArticleDate>
        </Article>
        <MedlineJournalInfo>
            <Country>United States</Country>
            <MedlineTA>Nat Med</MedlineTA>
            <NlmUniqueID>9502015</NlmUniqueID>
            <ISSNLinking>1078-8956</ISSNLinking>
        </MedlineJournalInfo>
    </MedlineCitation>
    <PubmedData>
        <History>
            <PubMedPubDate PubStatus="received">
                <Year>2018</Year>
                <Month>07</Month>
                <Day>20</Day>
            </PubMedPubDate>
            <PubMedPubDate PubStatus="accepted">
                <Year>2019</Year>
                <Month>01</Month>
                <Day>22</Day>
            </PubMedPubDate>
            <PubMedPubDate PubStatus="entrez">
                <Year>2019</Year>
                <Month>3</Month>
                <Day>6</Day>
                <Hour>6</Hour>
                <Minute>0</Minute>
            </PubMedPubDate>
            <PubMedPubDate PubStatus="pubmed">
                <Year>2019</Year>
                <Month>3</Month>
                <Day>6</Day>
                <Hour>6</Hour>
                <Minute>0</Minute>
            </PubMedPubDate>
            <PubMedPubDate PubStatus="medline">
                <Year>2019</Year>
                <Month>3</Month>
                <Day>6</Day>
                <Hour>6</Hour>
                <Minute>0</Minute>
            </PubMedPubDate>
        </History>
        <PublicationStatus>aheadofprint</PublicationStatus>
        <ArticleIdList>
            <ArticleId IdType="pubmed">30833747</ArticleId>
            <ArticleId IdType="doi">10.1038/s41591-019-0373-y</ArticleId>
            <ArticleId IdType="pii">10.1038/s41591-019-0373-y</ArticleId>
        </ArticleIdList>
    </PubmedData>
</PubmedArticle>


<PubmedArticle>
    <MedlineCitation Status="In-Data-Review" Owner="NLM">
        <PMID Version="1">30833710</PMID>
        <DateRevised>
            <Year>2019</Year>
            <Month>03</Month>
            <Day>09</Day>
        </DateRevised>
        <Article PubModel="Print-Electronic">
            <Journal>
                <ISSN IssnType="Electronic">2055-0278</ISSN>
                <JournalIssue CitedMedium="Internet">
                    <Volume>5</Volume>
                    <Issue>3</Issue>
                    <PubDate>
                        <Year>2019</Year>
                        <Month>Mar</Month>
                    </PubDate>
                </JournalIssue>
                <Title>Nature plants</Title>
                <ISOAbbreviation>Nat Plants</ISOAbbreviation>
            </Journal>
            <ArticleTitle>In rose, transcription factor PTM balances growth and drought survival via PIP2;1 aquaporin.</ArticleTitle>
            <Pagination>
                <MedlinePgn>290-299</MedlinePgn>
            </Pagination>
            <ELocationID EIdType="doi" ValidYN="Y">10.1038/s41477-019-0376-1</ELocationID>
            <Abstract>
                <AbstractText>Plants have evolved sophisticated systems in response to environmental changes, and growth arrest is a common strategy used to enhance stress tolerance. Despite the growth-survival trade-off being essential to the shaping of plant productivity, the mechanisms balancing growth and survival remain largely unknown. Aquaporins play a crucial role in growth and stress responses by controlling water transport across membranes. Here, we show that RhPIP2;1, an aquaporin from rose (Rosa sp.), interacts with a membrane-tethered MYB protein, RhPTM. Water deficiency triggers nuclear translocation of the RhPTM C terminus. Silencing of RhPTM causes continuous growth under drought stress and a consequent decrease in survival rate. RNA sequencing (RNA-seq) indicated that RhPTM influences the expression of genes related to carbohydrate metabolism. Water deficiency induces phosphorylation of RhPIP2;1 at Ser<U+2009>273, which is sufficient to promote nuclear translocation of the RhPTM C terminus. These results indicate that the RhPIP2;1-RhPTM module serves as a key player in orchestrating the trade-off between growth and stress survival in Rosa.</AbstractText>
            </Abstract>
            <AuthorList CompleteYN="Y">
                <Author ValidYN="Y">
                    <LastName>Zhang</LastName>
                    <ForeName>Shuai</ForeName>
                    <Initials>S</Initials>
                    <Identifier Source="ORCID">http://orcid.org/0000-0001-5837-2163</Identifier>
                    <AffiliationInfo>
                        <Affiliation>Beijing Key Laboratory of Development and Quality Control of Ornamental Crops, Department of Ornamental Horticulture, China Agricultural University, Beijing, China.</Affiliation>
                    </AffiliationInfo>
                </Author>
                <Author ValidYN="Y">
                    <LastName>Feng</LastName>
                    <ForeName>Ming</ForeName>
                    <Initials>M</Initials>
                    <AffiliationInfo>
                        <Affiliation>Beijing Key Laboratory of Development and Quality Control of Ornamental Crops, Department of Ornamental Horticulture, China Agricultural University, Beijing, China.</Affiliation>
                    </AffiliationInfo>
                </Author>
                <Author ValidYN="Y">
                    <LastName>Chen</LastName>
                    <ForeName>Wen</ForeName>
                    <Initials>W</Initials>
                    <AffiliationInfo>
                        <Affiliation>The Key Laboratory for Quality Improvement of Agricultural Products of Zhejiang Province, School of Agriculture and Food Science, Zhejiang Agriculture &amp; Forestry University, Lin'an, China.</Affiliation>
                    </AffiliationInfo>
                </Author>
                <Author ValidYN="Y">
                    <LastName>Zhou</LastName>
                    <ForeName>Xiaofeng</ForeName>
                    <Initials>X</Initials>
                    <AffiliationInfo>
                        <Affiliation>Beijing Key Laboratory of Development and Quality Control of Ornamental Crops, Department of Ornamental Horticulture, China Agricultural University, Beijing, China.</Affiliation>
                    </AffiliationInfo>
                </Author>
                <Author ValidYN="Y">
                    <LastName>Lu</LastName>
                    <ForeName>Jingyun</ForeName>
                    <Initials>J</Initials>
                    <AffiliationInfo>
                        <Affiliation>Beijing Key Laboratory of Development and Quality Control of Ornamental Crops, Department of Ornamental Horticulture, China Agricultural University, Beijing, China.</Affiliation>
                    </AffiliationInfo>
                </Author>
                <Author ValidYN="Y">
                    <LastName>Wang</LastName>
                    <ForeName>Yaru</ForeName>
                    <Initials>Y</Initials>
                    <AffiliationInfo>
                        <Affiliation>Beijing Key Laboratory of Development and Quality Control of Ornamental Crops, Department of Ornamental Horticulture, China Agricultural University, Beijing, China.</Affiliation>
                    </AffiliationInfo>
                </Author>
                <Author ValidYN="Y">
                    <LastName>Li</LastName>
                    <ForeName>Yonghong</ForeName>
                    <Initials>Y</Initials>
                    <AffiliationInfo>
                        <Affiliation>School of Applied Chemistry and Biotechnology, Shenzhen Polytechnic, Shenzhen, China.</Affiliation>
                    </AffiliationInfo>
                </Author>
                <Author ValidYN="Y">
                    <LastName>Jiang</LastName>
                    <ForeName>Cai-Zhong</ForeName>
                    <Initials>CZ</Initials>
                    <Identifier Source="ORCID">http://orcid.org/0000-0002-5972-7963</Identifier>
                    <AffiliationInfo>
                        <Affiliation>Crop Pathology and Genetic Research Unit, United States Department of Agriculture, Agricultural Research Service, Davis, CA, USA.</Affiliation>
                    </AffiliationInfo>
                    <AffiliationInfo>
                        <Affiliation>Department of Plant Sciences, University of California, Davis, CA, USA.</Affiliation>
                    </AffiliationInfo>
                </Author>
                <Author ValidYN="Y">
                    <LastName>Gan</LastName>
                    <ForeName>Su-Sheng</ForeName>
                    <Initials>SS</Initials>
                    <Identifier Source="ORCID">http://orcid.org/0000-0002-9687-2780</Identifier>
                    <AffiliationInfo>
                        <Affiliation>Plant Biology Section, School of Integrative Plant Science, College of Agriculture and Life Sciences, Cornell University, Ithaca, NY, USA.</Affiliation>
                    </AffiliationInfo>
                </Author>
                <Author ValidYN="Y">
                    <LastName>Ma</LastName>
                    <ForeName>Nan</ForeName>
                    <Initials>N</Initials>
                    <Identifier Source="ORCID">http://orcid.org/0000-0002-2176-3133</Identifier>
                    <AffiliationInfo>
                        <Affiliation>Beijing Key Laboratory of Development and Quality Control of Ornamental Crops, Department of Ornamental Horticulture, China Agricultural University, Beijing, China. ma_nan@cau.edu.cn.</Affiliation>
                    </AffiliationInfo>
                </Author>
                <Author ValidYN="Y">
                    <LastName>Gao</LastName>
                    <ForeName>Junping</ForeName>
                    <Initials>J</Initials>
                    <Identifier Source="ORCID">http://orcid.org/0000-0002-9285-2539</Identifier>
                    <AffiliationInfo>
                        <Affiliation>Beijing Key Laboratory of Development and Quality Control of Ornamental Crops, Department of Ornamental Horticulture, China Agricultural University, Beijing, China. gaojp@cau.edu.cn.</Affiliation>
                    </AffiliationInfo>
                </Author>
            </AuthorList>
            <Language>eng</Language>
            <PublicationTypeList>
                <PublicationType UI="D016428">Journal Article</PublicationType>
            </PublicationTypeList>
            <ArticleDate DateType="Electronic">
                <Year>2019</Year>
                <Month>03</Month>
                <Day>04</Day>
            </ArticleDate>
        </Article>
        <MedlineJournalInfo>
            <Country>England</Country>
            <MedlineTA>Nat Plants</MedlineTA>
            <NlmUniqueID>101651677</NlmUniqueID>
            <ISSNLinking>2055-0278</ISSNLinking>
        </MedlineJournalInfo>
    </MedlineCitation>
    <PubmedData>
        <History>
            <PubMedPubDate PubStatus="received">
                <Year>2018</Year>
                <Month>08</Month>
                <Day>29</Day>
            </PubMedPubDate>
            <PubMedPubDate PubStatus="accepted">
                <Year>2019</Year>
                <Month>01</Month>
                <Day>25</Day>
            </PubMedPubDate>
            <PubMedPubDate PubStatus="pubmed">
                <Year>2019</Year>
                <Month>3</Month>
                <Day>6</Day>
                <Hour>6</Hour>
                <Minute>0</Minute>
            </PubMedPubDate>
            <PubMedPubDate PubStatus="medline">
                <Year>2019</Year>
                <Month>3</Month>
                <Day>6</Day>
                <Hour>6</Hour>
                <Minute>0</Minute>
            </PubMedPubDate>
            <PubMedPubDate PubStatus="entrez">
                <Year>2019</Year>
                <Month>3</Month>
                <Day>6</Day>
                <Hour>6</Hour>
                <Minute>0</Minute>
            </PubMedPubDate>
        </History>
        <PublicationStatus>ppublish</PublicationStatus>
        <ArticleIdList>
            <ArticleId IdType="pubmed">30833710</ArticleId>
            <ArticleId IdType="doi">10.1038/s41477-019-0376-1</ArticleId>
            <ArticleId IdType="pii">10.1038/s41477-019-0376-1</ArticleId>
        </ArticleIdList>
    </PubmedData>
</PubmedArticle>


<PubmedArticle>
    <MedlineCitation Status="In-Data-Review" Owner="NLM">
        <PMID Version="1">30833589</PMID>
        <DateRevised>
            <Year>2019</Year>
            <Month>03</Month>
            <Day>08</Day>
        </DateRevised>
        <Article PubModel="Electronic">
            <Journal>
                <ISSN IssnType="Electronic">2045-2322</ISSN>
                <JournalIssue CitedMedium="Internet">
                    <Volume>9</Volume>
                    <Issue>1</Issue>
                    <PubDate>
                        <Year>2019</Year>
                        <Month>Mar</Month>
                        <Day>04</Day>
                    </PubDate>
                </JournalIssue>
                <Title>Scientific reports</Title>
                <ISOAbbreviation>Sci Rep</ISOAbbreviation>
            </Journal>
            <ArticleTitle>Identification and expression of candidate chemosensory receptors in the white-spotted flower chafer, Protaetia brevitarsis.</ArticleTitle>
            <Pagination>
                <MedlinePgn>3339</MedlinePgn>
            </Pagination>
            <ELocationID EIdType="doi" ValidYN="Y">10.1038/s41598-019-38896-x</ELocationID>
            <Abstract>
                <AbstractText>Accurate detection and recognition of chemical signals play extremely important roles for insects in their survival and reproduction. Chemosensory receptors, including odorant receptors (ORs), ionotropic receptors (IRs) and gustatory receptors (GRs), are involved in detection of volatile signals. In the present study, we aimed to identify candidate chemosensory receptors, and RNA-seq technology was employed to sequence the antennal transcriptome of Protaetia brevitarsis (Coleoptera: Scarabaeidae: Cetoniinae), a native agricultural and horticultural pest in East-Asia. According to the sequence similarity analysis, we identified 72 PbreORs, 11 PbreGRs and eight PbreIRs. Among PbreORs, PbreOR2, PbreOR33 and PbreOR53 were preliminarily classified into pheromone receptors. Further qRT-PCR analysis indicated that 11 PbreORs were specifically expressed in the antennae of male P. brevitarsis, whereas 23 PbreORs were specifically expressed in the female antennae. Our results laid a solid foundation for further functional elucidations of insect chemoreceptors, which could be used as the potential targets of pest management.</AbstractText>
            </Abstract>
            <AuthorList CompleteYN="Y">
                <Author ValidYN="Y">
                    <LastName>Liu</LastName>
                    <ForeName>Hongmin</ForeName>
                    <Initials>H</Initials>
                    <AffiliationInfo>
                        <Affiliation>Agriculture College, Xinyang Agriculture and Forestry University, Xinyang, 464000, P. R. China.</Affiliation>
                    </AffiliationInfo>
                </Author>
                <Author ValidYN="Y">
                    <LastName>Zhang</LastName>
                    <ForeName>Xiaofang</ForeName>
                    <Initials>X</Initials>
                    <AffiliationInfo>
                        <Affiliation>Institute of Plant Protection, Hebei Academy of Agriculture and Forestry Sciences/Integrated Pest Management Center of Hebei Province/Key Laboratory of IPM on Crops in Northern Region of North China, Ministry of Agriculture, Baoding, 071000, P. R. China.</Affiliation>
                    </AffiliationInfo>
                </Author>
                <Author ValidYN="Y">
                    <LastName>Liu</LastName>
                    <ForeName>Chunqin</ForeName>
                    <Initials>C</Initials>
                    <AffiliationInfo>
                        <Affiliation>Cangzhou Technical College, Cangzhou, 061001, P. R. China.</Affiliation>
                    </AffiliationInfo>
                </Author>
                <Author ValidYN="Y">
                    <LastName>Liu</LastName>
                    <ForeName>Yongqiang</ForeName>
                    <Initials>Y</Initials>
                    <AffiliationInfo>
                        <Affiliation>State Key Laboratory for Biology of Plant Diseases and Insect Pests, Institute of Plant Protection, Chinese Academy of Agricultural Sciences, Beijing, 100193, P. R. China.</Affiliation>
                    </AffiliationInfo>
                </Author>
                <Author ValidYN="Y">
                    <LastName>Mei</LastName>
                    <ForeName>Xiangdong</ForeName>
                    <Initials>X</Initials>
                    <AffiliationInfo>
                        <Affiliation>State Key Laboratory for Biology of Plant Diseases and Insect Pests, Institute of Plant Protection, Chinese Academy of Agricultural Sciences, Beijing, 100193, P. R. China.</Affiliation>
                    </AffiliationInfo>
                </Author>
                <Author ValidYN="Y">
                    <LastName>Zhang</LastName>
                    <ForeName>Tao</ForeName>
                    <Initials>T</Initials>
                    <Identifier Source="ORCID">http://orcid.org/0000-0002-9569-9410</Identifier>
                    <AffiliationInfo>
                        <Affiliation>Institute of Plant Protection, Hebei Academy of Agriculture and Forestry Sciences/Integrated Pest Management Center of Hebei Province/Key Laboratory of IPM on Crops in Northern Region of North China, Ministry of Agriculture, Baoding, 071000, P. R. China. cauzht@163.com.</Affiliation>
                    </AffiliationInfo>
                </Author>
            </AuthorList>
            <Language>eng</Language>
            <PublicationTypeList>
                <PublicationType UI="D016428">Journal Article</PublicationType>
            </PublicationTypeList>
            <ArticleDate DateType="Electronic">
                <Year>2019</Year>
                <Month>03</Month>
                <Day>04</Day>
            </ArticleDate>
        </Article>
        <MedlineJournalInfo>
            <Country>England</Country>
            <MedlineTA>Sci Rep</MedlineTA>
            <NlmUniqueID>101563288</NlmUniqueID>
            <ISSNLinking>2045-2322</ISSNLinking>
        </MedlineJournalInfo>
    </MedlineCitation>
    <PubmedData>
        <History>
            <PubMedPubDate PubStatus="received">
                <Year>2018</Year>
                <Month>05</Month>
                <Day>21</Day>
            </PubMedPubDate>
            <PubMedPubDate PubStatus="accepted">
                <Year>2019</Year>
                <Month>01</Month>
                <Day>11</Day>
            </PubMedPubDate>
            <PubMedPubDate PubStatus="entrez">
                <Year>2019</Year>
                <Month>3</Month>
                <Day>6</Day>
                <Hour>6</Hour>
                <Minute>0</Minute>
            </PubMedPubDate>
            <PubMedPubDate PubStatus="pubmed">
                <Year>2019</Year>
                <Month>3</Month>
                <Day>6</Day>
                <Hour>6</Hour>
                <Minute>0</Minute>
            </PubMedPubDate>
            <PubMedPubDate PubStatus="medline">
                <Year>2019</Year>
                <Month>3</Month>
                <Day>6</Day>
                <Hour>6</Hour>
                <Minute>0</Minute>
            </PubMedPubDate>
        </History>
        <PublicationStatus>epublish</PublicationStatus>
        <ArticleIdList>
            <ArticleId IdType="pubmed">30833589</ArticleId>
            <ArticleId IdType="doi">10.1038/s41598-019-38896-x</ArticleId>
            <ArticleId IdType="pii">10.1038/s41598-019-38896-x</ArticleId>
            <ArticleId IdType="pmc">PMC6399352</ArticleId>
        </ArticleIdList>
    </PubmedData>
</PubmedArticle>


<PubmedArticle>
    <MedlineCitation Status="In-Process" Owner="NLM">
        <PMID Version="1">30833538</PMID>
        <DateRevised>
            <Year>2019</Year>
            <Month>03</Month>
            <Day>05</Day>
        </DateRevised>
        <Article PubModel="Electronic">
            <Journal>
                <ISSN IssnType="Electronic">1643-3750</ISSN>
                <JournalIssue CitedMedium="Internet">
                    <Volume>25</Volume>
                    <PubDate>
                        <Year>2019</Year>
                        <Month>Mar</Month>
                        <Day>05</Day>
                    </PubDate>
                </JournalIssue>
                <Title>Medical science monitor : international medical journal of experimental and clinical research</Title>
                <ISOAbbreviation>Med. Sci. Monit.</ISOAbbreviation>
            </Journal>
            <ArticleTitle>Identification of Key circRNAs/lncRNAs/miRNAs/mRNAs and Pathways in Preeclampsia Using Bioinformatics Analysis.</ArticleTitle>
            <Pagination>
                <MedlinePgn>1679-1693</MedlinePgn>
            </Pagination>
            <ELocationID EIdType="doi" ValidYN="Y">10.12659/MSM.912801</ELocationID>
            <Abstract>
                <AbstractText>BACKGROUND This study aimed to identify significantly altered circRNAs/lncRNAs/miRNAs/mRNAs pathways in preeclampsia (PE), investigate their target relationships, and determine their biological functions. MATERIAL AND METHODS Base on RNA-seq technique and the GEO database, expression profiles of circRNAs/lncRNAs/miRNAs/mRNAs related to PE were obtained. Differentially expressed RNAs were determined using the Limma package in R. Gene set enrichment analysis (GSEA) was performed using GSEA software (v. 3.0) and illustrated by ClusterProfiler and ggplot2 package in R. DAVID database (v. 6.8) was implemented to analyze functional categories and the association between genes and the corresponding Gene Ontology (GO) classification. The R visualization package GOPlot was used to get a better visualization of the relationships between genes and the selected functional categories. CeRNA networks which visualized the correlations between circRNA/lncRNA-miRNA-mRNA were constructed using Cytoscape software (v. 3.6.0). Targetscan and miRanda database were used to predict target relationships between circRNA/lncRNA-miRNA-mRNA. QRT-PCR and luciferase reporter assay were used to verify the expression and target relationship of has_circ_0088196/LINC01492/miR-100-5p/LIF (leukemia inhibitory factor). RESULTS The jak-stat signaling pathway was activated and miR-100-5p was downregulated in PE compared with normal tissues both in collected placental tissue samples and GEO database. Upregulated LIF, LINC01492, and hsa_circ_0088196 were negatively correlated with miR-100-5p expression and had a targeted relationship with miR-100-5p. CONCLUSIONS miR-100-5p may suppress PE development, while LIF, LINC01492, and hsa_circ_0088196 may promote it though inhibiting miR-100-5p. The jak-stat signaling pathway was activated and involved in PE progression.</AbstractText>
            </Abstract>
            <AuthorList CompleteYN="Y">
                <Author ValidYN="Y">
                    <LastName>Liu</LastName>
                    <ForeName>Siwei</ForeName>
                    <Initials>S</Initials>
                    <AffiliationInfo>
                        <Affiliation>Department of Obstetrics and Gynecology, Sichuan Academy of Medical Sciences and Sichuan Provincial People's Hospital, Chengdu, Sichuan, China (mainland).</Affiliation>
                    </AffiliationInfo>
                </Author>
                <Author ValidYN="Y">
                    <LastName>Xie</LastName>
                    <ForeName>Xie</ForeName>
                    <Initials>X</Initials>
                    <AffiliationInfo>
                        <Affiliation>Department of Obstetrics and Gynecology, Sichuan Academy of Medical Sciences and Sichuan Provincial People's Hospital, School of Medicine, University of Electronic Science and Technology of China, Chengdu, Sichuan, China (mainland).</Affiliation>
                    </AffiliationInfo>
                </Author>
                <Author ValidYN="Y">
                    <LastName>Lei</LastName>
                    <ForeName>Huajiang</ForeName>
                    <Initials>H</Initials>
                    <AffiliationInfo>
                        <Affiliation>Department of Obstetrics and Gynecology, Sichuan Academy of Medical Sciences and Sichuan Provincial People's Hospital, Chengdu, Sichuan, China (mainland).</Affiliation>
                    </AffiliationInfo>
                </Author>
                <Author ValidYN="Y">
                    <LastName>Zou</LastName>
                    <ForeName>Bingyu</ForeName>
                    <Initials>B</Initials>
                    <AffiliationInfo>
                        <Affiliation>Department of Obstetrics and Gynecology, Sichuan Academy of Medical Sciences and Sichuan Provincial People's Hospital, Chengdu, Sichuan, China (mainland).</Affiliation>
                    </AffiliationInfo>
                </Author>
                <Author ValidYN="Y">
                    <LastName>Xie</LastName>
                    <ForeName>Lan</ForeName>
                    <Initials>L</Initials>
                    <AffiliationInfo>
                        <Affiliation>Department of Obstetrics and Gynecology, Sichuan Academy of Medical Sciences and Sichuan Provincial People's Hospital, Chengdu, Sichuan, China (mainland).</Affiliation>
                    </AffiliationInfo>
                </Author>
            </AuthorList>
            <Language>eng</Language>
            <PublicationTypeList>
                <PublicationType UI="D016428">Journal Article</PublicationType>
            </PublicationTypeList>
            <ArticleDate DateType="Electronic">
                <Year>2019</Year>
                <Month>03</Month>
                <Day>05</Day>
            </ArticleDate>
        </Article>
        <MedlineJournalInfo>
            <Country>United States</Country>
            <MedlineTA>Med Sci Monit</MedlineTA>
            <NlmUniqueID>9609063</NlmUniqueID>
            <ISSNLinking>1234-1010</ISSNLinking>
        </MedlineJournalInfo>
    </MedlineCitation>
    <PubmedData>
        <History>
            <PubMedPubDate PubStatus="entrez">
                <Year>2019</Year>
                <Month>3</Month>
                <Day>6</Day>
                <Hour>6</Hour>
                <Minute>0</Minute>
            </PubMedPubDate>
            <PubMedPubDate PubStatus="pubmed">
                <Year>2019</Year>
                <Month>3</Month>
                <Day>6</Day>
                <Hour>6</Hour>
                <Minute>0</Minute>
            </PubMedPubDate>
            <PubMedPubDate PubStatus="medline">
                <Year>2019</Year>
                <Month>3</Month>
                <Day>6</Day>
                <Hour>6</Hour>
                <Minute>0</Minute>
            </PubMedPubDate>
        </History>
        <PublicationStatus>epublish</PublicationStatus>
        <ArticleIdList>
            <ArticleId IdType="pubmed">30833538</ArticleId>
            <ArticleId IdType="pii">912801</ArticleId>
            <ArticleId IdType="doi">10.12659/MSM.912801</ArticleId>
        </ArticleIdList>
    </PubmedData>
</PubmedArticle>


<PubmedArticle>
    <MedlineCitation Status="Publisher" Owner="NLM">
        <PMID Version="1">30833390</PMID>
        <DateRevised>
            <Year>2019</Year>
            <Month>03</Month>
            <Day>05</Day>
        </DateRevised>
        <Article PubModel="Print-Electronic">
            <Journal>
                <ISSN IssnType="Electronic">1091-6490</ISSN>
                <JournalIssue CitedMedium="Internet">
                    <PubDate>
                        <Year>2019</Year>
                        <Month>Mar</Month>
                        <Day>04</Day>
                    </PubDate>
                </JournalIssue>
                <Title>Proceedings of the National Academy of Sciences of the United States of America</Title>
                <ISOAbbreviation>Proc. Natl. Acad. Sci. U.S.A.</ISOAbbreviation>
            </Journal>
            <ArticleTitle>Genomic and molecular characterization of preterm birth.</ArticleTitle>
            <ELocationID EIdType="pii" ValidYN="Y">201716314</ELocationID>
            <ELocationID EIdType="doi" ValidYN="Y">10.1073/pnas.1716314116</ELocationID>
            <Abstract>
                <AbstractText>Preterm birth (PTB) complications are the leading cause of long-term morbidity and mortality in children. By using whole blood samples, we integrated whole-genome sequencing (WGS), RNA sequencing (RNA-seq), and DNA methylation data for 270 PTB and 521 control families. We analyzed this combined dataset to identify genomic variants associated with PTB and secondary analyses to identify variants associated with very early PTB (VEPTB) as well as other subcategories of disease that may contribute to PTB. We identified differentially expressed genes (DEGs) and methylated genomic loci and performed expression and methylation quantitative trait loci analyses to link genomic variants to these expression and methylation changes. We performed enrichment tests to identify overlaps between new and known PTB candidate gene systems. We identified 160 significant genomic variants associated with PTB-related phenotypes. The most significant variants, DEGs, and differentially methylated loci were associated with VEPTB. Integration of all data types identified a set of 72 candidate biomarker genes for VEPTB, encompassing genes and those previously associated with PTB. Notably, PTB-associated genes RAB31 and RBPJ were identified by all three data types (WGS, RNA-seq, and methylation). Pathways associated with VEPTB include EGFR and prolactin signaling pathways, inflammation- and immunity-related pathways, chemokine signaling, IFN-<U+03B3> signaling, and Notch1 signaling. Progress in identifying molecular components of a complex disease is aided by integrated analyses of multiple molecular data types and clinical data. With these data, and by stratifying PTB by subphenotype, we have identified associations between VEPTB and the underlying biology.</AbstractText>
                <CopyrightInformation>Copyright © 2019 the Author(s). Published by PNAS.</CopyrightInformation>
            </Abstract>
            <AuthorList CompleteYN="Y">
                <Author ValidYN="Y">
                    <LastName>Knijnenburg</LastName>
                    <ForeName>Theo A</ForeName>
                    <Initials>TA</Initials>
                    <AffiliationInfo>
                        <Affiliation>Institute for Systems Biology, Seattle, WA 98109.</Affiliation>
                    </AffiliationInfo>
                </Author>
                <Author ValidYN="Y">
                    <LastName>Vockley</LastName>
                    <ForeName>Joseph G</ForeName>
                    <Initials>JG</Initials>
                    <AffiliationInfo>
                        <Affiliation>Inova Translational Medicine Institute, Inova Health System and Inova Fairfax Medical Center, Falls Church, VA 22042.</Affiliation>
                    </AffiliationInfo>
                </Author>
                <Author ValidYN="Y">
                    <LastName>Chambwe</LastName>
                    <ForeName>Nyasha</ForeName>
                    <Initials>N</Initials>
                    <Identifier Source="ORCID">http://orcid.org/0000-0002-2812-0122</Identifier>
                    <AffiliationInfo>
                        <Affiliation>Institute for Systems Biology, Seattle, WA 98109.</Affiliation>
                    </AffiliationInfo>
                </Author>
                <Author ValidYN="Y">
                    <LastName>Gibbs</LastName>
                    <ForeName>David L</ForeName>
                    <Initials>DL</Initials>
                    <AffiliationInfo>
                        <Affiliation>Institute for Systems Biology, Seattle, WA 98109.</Affiliation>
                    </AffiliationInfo>
                </Author>
                <Author ValidYN="Y">
                    <LastName>Humphries</LastName>
                    <ForeName>Crystal</ForeName>
                    <Initials>C</Initials>
                    <AffiliationInfo>
                        <Affiliation>Institute for Systems Biology, Seattle, WA 98109.</Affiliation>
                    </AffiliationInfo>
                </Author>
                <Author ValidYN="Y">
                    <LastName>Huddleston</LastName>
                    <ForeName>Kathi C</ForeName>
                    <Initials>KC</Initials>
                    <AffiliationInfo>
                        <Affiliation>Inova Translational Medicine Institute, Inova Health System and Inova Fairfax Medical Center, Falls Church, VA 22042.</Affiliation>
                    </AffiliationInfo>
                </Author>
                <Author ValidYN="Y">
                    <LastName>Klein</LastName>
                    <ForeName>Elisabeth</ForeName>
                    <Initials>E</Initials>
                    <AffiliationInfo>
                        <Affiliation>Inova Translational Medicine Institute, Inova Health System and Inova Fairfax Medical Center, Falls Church, VA 22042.</Affiliation>
                    </AffiliationInfo>
                </Author>
                <Author ValidYN="Y">
                    <LastName>Kothiyal</LastName>
                    <ForeName>Prachi</ForeName>
                    <Initials>P</Initials>
                    <AffiliationInfo>
                        <Affiliation>Inova Translational Medicine Institute, Inova Health System and Inova Fairfax Medical Center, Falls Church, VA 22042.</Affiliation>
                    </AffiliationInfo>
                </Author>
                <Author ValidYN="Y">
                    <LastName>Tasseff</LastName>
                    <ForeName>Ryan</ForeName>
                    <Initials>R</Initials>
                    <AffiliationInfo>
                        <Affiliation>Institute for Systems Biology, Seattle, WA 98109.</Affiliation>
                    </AffiliationInfo>
                </Author>
                <Author ValidYN="Y">
                    <LastName>Dhankani</LastName>
                    <ForeName>Varsha</ForeName>
                    <Initials>V</Initials>
                    <AffiliationInfo>
                        <Affiliation>Institute for Systems Biology, Seattle, WA 98109.</Affiliation>
                    </AffiliationInfo>
                </Author>
                <Author ValidYN="Y">
                    <LastName>Bodian</LastName>
                    <ForeName>Dale L</ForeName>
                    <Initials>DL</Initials>
                    <AffiliationInfo>
                        <Affiliation>Inova Translational Medicine Institute, Inova Health System and Inova Fairfax Medical Center, Falls Church, VA 22042.</Affiliation>
                    </AffiliationInfo>
                </Author>
                <Author ValidYN="Y">
                    <LastName>Wong</LastName>
                    <ForeName>Wendy S W</ForeName>
                    <Initials>WSW</Initials>
                    <AffiliationInfo>
                        <Affiliation>Inova Translational Medicine Institute, Inova Health System and Inova Fairfax Medical Center, Falls Church, VA 22042.</Affiliation>
                    </AffiliationInfo>
                </Author>
                <Author ValidYN="Y">
                    <LastName>Glusman</LastName>
                    <ForeName>Gustavo</ForeName>
                    <Initials>G</Initials>
                    <Identifier Source="ORCID">http://orcid.org/0000-0001-8060-5955</Identifier>
                    <AffiliationInfo>
                        <Affiliation>Institute for Systems Biology, Seattle, WA 98109.</Affiliation>
                    </AffiliationInfo>
                </Author>
                <Author ValidYN="Y">
                    <LastName>Mauldin</LastName>
                    <ForeName>Denise E</ForeName>
                    <Initials>DE</Initials>
                    <AffiliationInfo>
                        <Affiliation>Institute for Systems Biology, Seattle, WA 98109.</Affiliation>
                    </AffiliationInfo>
                </Author>
                <Author ValidYN="Y">
                    <LastName>Miller</LastName>
                    <ForeName>Michael</ForeName>
                    <Initials>M</Initials>
                    <AffiliationInfo>
                        <Affiliation>Institute for Systems Biology, Seattle, WA 98109.</Affiliation>
                    </AffiliationInfo>
                </Author>
                <Author ValidYN="Y">
                    <LastName>Slagel</LastName>
                    <ForeName>Joseph</ForeName>
                    <Initials>J</Initials>
                    <AffiliationInfo>
                        <Affiliation>Institute for Systems Biology, Seattle, WA 98109.</Affiliation>
                    </AffiliationInfo>
                </Author>
                <Author ValidYN="Y">
                    <LastName>Elasady</LastName>
                    <ForeName>Summer</ForeName>
                    <Initials>S</Initials>
                    <AffiliationInfo>
                        <Affiliation>Institute for Systems Biology, Seattle, WA 98109.</Affiliation>
                    </AffiliationInfo>
                </Author>
                <Author ValidYN="Y">
                    <LastName>Roach</LastName>
                    <ForeName>Jared C</ForeName>
                    <Initials>JC</Initials>
                    <AffiliationInfo>
                        <Affiliation>Institute for Systems Biology, Seattle, WA 98109.</Affiliation>
                    </AffiliationInfo>
                </Author>
                <Author ValidYN="Y">
                    <LastName>Kramer</LastName>
                    <ForeName>Roger</ForeName>
                    <Initials>R</Initials>
                    <AffiliationInfo>
                        <Affiliation>Institute for Systems Biology, Seattle, WA 98109.</Affiliation>
                    </AffiliationInfo>
                </Author>
                <Author ValidYN="Y">
                    <LastName>Leinonen</LastName>
                    <ForeName>Kalle</ForeName>
                    <Initials>K</Initials>
                    <AffiliationInfo>
                        <Affiliation>Institute for Systems Biology, Seattle, WA 98109.</Affiliation>
                    </AffiliationInfo>
                </Author>
                <Author ValidYN="Y">
                    <LastName>Linthorst</LastName>
                    <ForeName>Jasper</ForeName>
                    <Initials>J</Initials>
                    <AffiliationInfo>
                        <Affiliation>Institute for Systems Biology, Seattle, WA 98109.</Affiliation>
                    </AffiliationInfo>
                </Author>
                <Author ValidYN="Y">
                    <LastName>Baveja</LastName>
                    <ForeName>Rajiv</ForeName>
                    <Initials>R</Initials>
                    <AffiliationInfo>
                        <Affiliation>Fairfax Neonatal Associates, Inova Children's Hospital, Falls Church, VA 22042.</Affiliation>
                    </AffiliationInfo>
                </Author>
                <Author ValidYN="Y">
                    <LastName>Baker</LastName>
                    <ForeName>Robin</ForeName>
                    <Initials>R</Initials>
                    <AffiliationInfo>
                        <Affiliation>Fairfax Neonatal Associates, Inova Children's Hospital, Falls Church, VA 22042.</Affiliation>
                    </AffiliationInfo>
                </Author>
                <Author ValidYN="Y">
                    <LastName>Solomon</LastName>
                    <ForeName>Benjamin D</ForeName>
                    <Initials>BD</Initials>
                    <AffiliationInfo>
                        <Affiliation>Inova Translational Medicine Institute, Inova Health System and Inova Fairfax Medical Center, Falls Church, VA 22042.</Affiliation>
                    </AffiliationInfo>
                </Author>
                <Author ValidYN="Y">
                    <LastName>Eley</LastName>
                    <ForeName>Greg</ForeName>
                    <Initials>G</Initials>
                    <AffiliationInfo>
                        <Affiliation>Inova Translational Medicine Institute, Inova Health System and Inova Fairfax Medical Center, Falls Church, VA 22042.</Affiliation>
                    </AffiliationInfo>
                </Author>
                <Author ValidYN="Y">
                    <LastName>Iyer</LastName>
                    <ForeName>Ramaswamy K</ForeName>
                    <Initials>RK</Initials>
                    <AffiliationInfo>
                        <Affiliation>Inova Translational Medicine Institute, Inova Health System and Inova Fairfax Medical Center, Falls Church, VA 22042.</Affiliation>
                    </AffiliationInfo>
                </Author>
                <Author ValidYN="Y">
                    <LastName>Maxwell</LastName>
                    <ForeName>George L</ForeName>
                    <Initials>GL</Initials>
                    <AffiliationInfo>
                        <Affiliation>Inova Translational Medicine Institute, Inova Health System and Inova Fairfax Medical Center, Falls Church, VA 22042.</Affiliation>
                    </AffiliationInfo>
                </Author>
                <Author ValidYN="Y">
                    <LastName>Bernard</LastName>
                    <ForeName>Brady</ForeName>
                    <Initials>B</Initials>
                    <AffiliationInfo>
                        <Affiliation>Institute for Systems Biology, Seattle, WA 98109.</Affiliation>
                    </AffiliationInfo>
                </Author>
                <Author ValidYN="Y">
                    <LastName>Shmulevich</LastName>
                    <ForeName>Ilya</ForeName>
                    <Initials>I</Initials>
                    <Identifier Source="ORCID">http://orcid.org/0000-0002-4410-8780</Identifier>
                    <AffiliationInfo>
                        <Affiliation>Institute for Systems Biology, Seattle, WA 98109.</Affiliation>
                    </AffiliationInfo>
                </Author>
                <Author ValidYN="Y">
                    <LastName>Hood</LastName>
                    <ForeName>Leroy</ForeName>
                    <Initials>L</Initials>
                    <AffiliationInfo>
                        <Affiliation>Institute for Systems Biology, Seattle, WA 98109; leroy.hood@systemsbiology.org john.niederhuber@inova.org.</Affiliation>
                    </AffiliationInfo>
                </Author>
                <Author ValidYN="Y">
                    <LastName>Niederhuber</LastName>
                    <ForeName>John E</ForeName>
                    <Initials>JE</Initials>
                    <AffiliationInfo>
                        <Affiliation>Inova Translational Medicine Institute, Inova Health System and Inova Fairfax Medical Center, Falls Church, VA 22042; leroy.hood@systemsbiology.org john.niederhuber@inova.org.</Affiliation>
                    </AffiliationInfo>
                    <AffiliationInfo>
                        <Affiliation>Departments of Surgery and Oncology, Johns Hopkins University School of Medicine, Baltimore, MD 21287.</Affiliation>
                    </AffiliationInfo>
                    <AffiliationInfo>
                        <Affiliation>Department of Public Health Sciences, University of Virginia School of Medicine, Charlottesville, VA 22903.</Affiliation>
                    </AffiliationInfo>
                </Author>
            </AuthorList>
            <Language>eng</Language>
            <PublicationTypeList>
                <PublicationType UI="D016428">Journal Article</PublicationType>
            </PublicationTypeList>
            <ArticleDate DateType="Electronic">
                <Year>2019</Year>
                <Month>03</Month>
                <Day>04</Day>
            </ArticleDate>
        </Article>
        <MedlineJournalInfo>
            <Country>United States</Country>
            <MedlineTA>Proc Natl Acad Sci U S A</MedlineTA>
            <NlmUniqueID>7505876</NlmUniqueID>
            <ISSNLinking>0027-8424</ISSNLinking>
        </MedlineJournalInfo>
        <KeywordList Owner="NOTNLM">
            <Keyword MajorTopicYN="N">family trios</Keyword>
            <Keyword MajorTopicYN="N">genomic variants</Keyword>
            <Keyword MajorTopicYN="N">integrative computational analysis</Keyword>
            <Keyword MajorTopicYN="N">preterm birth</Keyword>
            <Keyword MajorTopicYN="N">whole genome sequencing</Keyword>
        </KeywordList>
        <CoiStatement>The authors declare no conflict of interest.</CoiStatement>
    </MedlineCitation>
    <PubmedData>
        <History>
            <PubMedPubDate PubStatus="entrez">
                <Year>2019</Year>
                <Month>3</Month>
                <Day>6</Day>
                <Hour>6</Hour>
                <Minute>0</Minute>
            </PubMedPubDate>
            <PubMedPubDate PubStatus="pubmed">
                <Year>2019</Year>
                <Month>3</Month>
                <Day>6</Day>
                <Hour>6</Hour>
                <Minute>0</Minute>
            </PubMedPubDate>
            <PubMedPubDate PubStatus="medline">
                <Year>2019</Year>
                <Month>3</Month>
                <Day>6</Day>
                <Hour>6</Hour>
                <Minute>0</Minute>
            </PubMedPubDate>
        </History>
        <PublicationStatus>aheadofprint</PublicationStatus>
        <ArticleIdList>
            <ArticleId IdType="pubmed">30833390</ArticleId>
            <ArticleId IdType="pii">1716314116</ArticleId>
            <ArticleId IdType="doi">10.1073/pnas.1716314116</ArticleId>
        </ArticleIdList>
    </PubmedData>
</PubmedArticle>


<PubmedArticle>
    <MedlineCitation Status="Publisher" Owner="NLM">
        <PMID Version="1">30833353</PMID>
        <DateRevised>
            <Year>2019</Year>
            <Month>03</Month>
            <Day>05</Day>
        </DateRevised>
        <Article PubModel="Print-Electronic">
            <Journal>
                <ISSN IssnType="Electronic">1098-5530</ISSN>
                <JournalIssue CitedMedium="Internet">
                    <PubDate>
                        <Year>2019</Year>
                        <Month>Mar</Month>
                        <Day>04</Day>
                    </PubDate>
                </JournalIssue>
                <Title>Journal of bacteriology</Title>
                <ISOAbbreviation>J. Bacteriol.</ISOAbbreviation>
            </Journal>
            <ArticleTitle>Redefining the sRNA Transcriptome in <i>Streptococcus pneumoniae</i> Serotype 2 Strain D39.</ArticleTitle>
            <ELocationID EIdType="pii" ValidYN="Y">JB.00764-18</ELocationID>
            <ELocationID EIdType="doi" ValidYN="Y">10.1128/JB.00764-18</ELocationID>
            <Abstract>
                <AbstractText><i>Streptococcus pneumoniae</i> (pneumococcus) is a major human respiratory pathogen and a leading cause of bacterial pneumonia worldwide. Small regulatory RNAs (sRNAs), which often act by post-transcriptionally regulating gene expression, have been shown to be crucial for the virulence of <i>S. pneumoniae</i> and other bacterial pathogens. Over 170 putative sRNAs have been identified in <i>S. pneumoniae</i> TIGR4 strain (serotype 4) through transcriptomic studies, and a subset of these sRNAs have been further implicated in regulating pneumococcal pathogenesis. However, there is little overlap in the sRNAs identified among these studies, which indicates that the approaches used for sRNA identification were not sufficiently sensitive and robust and that there are likely many more undiscovered sRNAs encoded in the <i>S. pneumoniae</i> genome. Here, we sought to comprehensively identify sRNAs in Avery's virulent <i>S. pneumoniae</i> strain D39 using two independent RNA-seq based approaches. We developed an unbiased method for identifying novel sRNAs from bacterial RNA-seq data and have further tested the specificity of our analysis program towards identifying sRNAs encoded by both strains D39 and TIGR4. Interestingly, the genes for 15% of the putative sRNAs identified in strain TIGR4 including ones previously implicated in virulence are not present in strain D39 genome suggesting that the differences in sRNA repertoires between these two serotypes may contribute to their strain-specific virulence properties. Finally, this study has identified 66 new sRNA candidates in strain D39, 30 out of which have been further validated, raising the total number of sRNAs that have been identified in strain D39 to 112.<b>IMPORTANCE</b> Recent work has shown that sRNAs play crucial roles in <i>S. pneumoniae</i> pathogenesis, as inactivation of nearly one-third of the putative sRNA genes identified in one study led to reduced fitness or virulence in a murine model. Yet, our understanding of sRNA-mediated gene regulation in <i>S. pneumoniae</i> has been hindered by limited knowledge about these regulatory RNAs, including which sRNAs are synthesized by different <i>S. pneumoniae</i> strains. We sought to address this problem by developing a sensitive sRNA detection technique to identify sRNAs in <i>S. pneumoniae</i> D39. A comparison of our dataset reported here to that of other RNA-seq studies for <i>S. pneumoniae</i> strain D39 and TIGR4 has provided new insights into the <i>S. pneumoniae</i> sRNA transcriptome.</AbstractText>
                <CopyrightInformation>Copyright © 2019 American Society for Microbiology.</CopyrightInformation>
            </Abstract>
            <AuthorList CompleteYN="Y">
                <Author ValidYN="Y">
                    <LastName>Sinha</LastName>
                    <ForeName>Dhriti</ForeName>
                    <Initials>D</Initials>
                    <AffiliationInfo>
                        <Affiliation>Department of Biology, Indiana University Bloomington, Bloomington, IN 47405, USA.</Affiliation>
                    </AffiliationInfo>
                    <AffiliationInfo>
                        <Affiliation>Department of Microbiology and Molecular Genetics, McGovern Medical School, University of Texas Health Science Center, Houston, TX 77030, USA.</Affiliation>
                    </AffiliationInfo>
                </Author>
                <Author ValidYN="Y">
                    <LastName>Zimmer</LastName>
                    <ForeName>Kurt</ForeName>
                    <Initials>K</Initials>
                    <AffiliationInfo>
                        <Affiliation>Indiana University School of Informatics, Computing and Engineering, Indiana University Bloomington, Bloomington, IN 47408, USA.</Affiliation>
                    </AffiliationInfo>
                </Author>
                <Author ValidYN="Y">
                    <LastName>Cameron</LastName>
                    <ForeName>Todd A</ForeName>
                    <Initials>TA</Initials>
                    <Identifier Source="ORCID">http://orcid.org/0000-0002-6608-6551</Identifier>
                    <AffiliationInfo>
                        <Affiliation>Department of Microbiology and Molecular Genetics, McGovern Medical School, University of Texas Health Science Center, Houston, TX 77030, USA.</Affiliation>
                    </AffiliationInfo>
                </Author>
                <Author ValidYN="Y">
                    <LastName>Rusch</LastName>
                    <ForeName>Douglas B</ForeName>
                    <Initials>DB</Initials>
                    <AffiliationInfo>
                        <Affiliation>Center for Genomics and Bioinformatics, Indiana University Bloomington, Bloomington, IN 47405, USA.</Affiliation>
                    </AffiliationInfo>
                </Author>
                <Author ValidYN="Y">
                    <LastName>Winkler</LastName>
                    <ForeName>Malcolm E</ForeName>
                    <Initials>ME</Initials>
                    <AffiliationInfo>
                        <Affiliation>Department of Biology, Indiana University Bloomington, Bloomington, IN 47405, USA nicholas.r.delay@uth.tmc.edu winklerm@indiana.edu.</Affiliation>
                    </AffiliationInfo>
                </Author>
                <Author ValidYN="Y">
                    <LastName>De Lay</LastName>
                    <ForeName>Nicholas R</ForeName>
                    <Initials>NR</Initials>
                    <AffiliationInfo>
                        <Affiliation>Department of Microbiology and Molecular Genetics, McGovern Medical School, University of Texas Health Science Center, Houston, TX 77030, USA nicholas.r.delay@uth.tmc.edu winklerm@indiana.edu.</Affiliation>
                    </AffiliationInfo>
                    <AffiliationInfo>
                        <Affiliation>MD Anderson Cancer Center UTHealth Graduate School of Biomedical Sciences, University of Texas Health Science Center, Houston, TX 77030, USA.</Affiliation>
                    </AffiliationInfo>
                </Author>
            </AuthorList>
            <Language>eng</Language>
            <PublicationTypeList>
                <PublicationType UI="D016428">Journal Article</PublicationType>
            </PublicationTypeList>
            <ArticleDate DateType="Electronic">
                <Year>2019</Year>
                <Month>03</Month>
                <Day>04</Day>
            </ArticleDate>
        </Article>
        <MedlineJournalInfo>
            <Country>United States</Country>
            <MedlineTA>J Bacteriol</MedlineTA>
            <NlmUniqueID>2985120R</NlmUniqueID>
            <ISSNLinking>0021-9193</ISSNLinking>
        </MedlineJournalInfo>
    </MedlineCitation>
    <PubmedData>
        <History>
            <PubMedPubDate PubStatus="entrez">
                <Year>2019</Year>
                <Month>3</Month>
                <Day>6</Day>
                <Hour>6</Hour>
                <Minute>0</Minute>
            </PubMedPubDate>
            <PubMedPubDate PubStatus="pubmed">
                <Year>2019</Year>
                <Month>3</Month>
                <Day>6</Day>
                <Hour>6</Hour>
                <Minute>0</Minute>
            </PubMedPubDate>
            <PubMedPubDate PubStatus="medline">
                <Year>2019</Year>
                <Month>3</Month>
                <Day>6</Day>
                <Hour>6</Hour>
                <Minute>0</Minute>
            </PubMedPubDate>
        </History>
        <PublicationStatus>aheadofprint</PublicationStatus>
        <ArticleIdList>
            <ArticleId IdType="pubmed">30833353</ArticleId>
            <ArticleId IdType="pii">JB.00764-18</ArticleId>
            <ArticleId IdType="doi">10.1128/JB.00764-18</ArticleId>
        </ArticleIdList>
    </PubmedData>
</PubmedArticle>


<PubmedArticle>
    <MedlineCitation Status="In-Process" Owner="NLM">
        <PMID Version="1">30832586</PMID>
        <DateRevised>
            <Year>2019</Year>
            <Month>03</Month>
            <Day>05</Day>
        </DateRevised>
        <Article PubModel="Electronic">
            <Journal>
                <ISSN IssnType="Electronic">1471-2164</ISSN>
                <JournalIssue CitedMedium="Internet">
                    <Volume>20</Volume>
                    <Issue>1</Issue>
                    <PubDate>
                        <Year>2019</Year>
                        <Month>Mar</Month>
                        <Day>04</Day>
                    </PubDate>
                </JournalIssue>
                <Title>BMC genomics</Title>
                <ISOAbbreviation>BMC Genomics</ISOAbbreviation>
            </Journal>
            <ArticleTitle>Comparing the mRNA expression profile and the genetic determinism of intramuscular fat traits in the porcine gluteus medius and longissimus dorsi muscles.</ArticleTitle>
            <Pagination>
                <MedlinePgn>170</MedlinePgn>
            </Pagination>
            <ELocationID EIdType="doi" ValidYN="Y">10.1186/s12864-019-5557-9</ELocationID>
            <Abstract>
                <AbstractText Label="BACKGROUND" NlmCategory="BACKGROUND">Intramuscular fat (IMF) content and composition have a strong impact on the nutritional and organoleptic properties of porcine meat. The goal of the current work was to compare the patterns of gene expression and the genetic determinism of IMF traits in the porcine gluteus medius (GM) and longissimus dorsi (LD) muscles.</AbstractText>
                <AbstractText Label="RESULTS" NlmCategory="RESULTS">A comparative analysis of the mRNA expression profiles of the pig GM and LD muscles in 16 Duroc pigs with available microarray mRNA expression measurements revealed the existence of 106 differentially expressed probes (fold-change &gt;<U+2009>1.5 and q-value &lt;<U+2009>0.05). Amongst the genes displaying the most significant differential expression, several loci belonging to the Hox transcription factor family were either upregulated (HOXA9, HOXA10, HOXB6, HOXB7 and TBX1) or downregulated (ARX) in the GM muscle. Differences in the expression of genes with key roles in carbohydrate and lipid metabolism (e.g. FABP3, ORMDL1 and SLC37A1) were also detected. By performing a GWAS for IMF content and composition traits recorded in the LD and GM muscles of 350 Duroc pigs, we identified the existence of one region on SSC14 (110-114<U+2009>Mb) displaying significant associations with C18:0, C18:1(n-7), saturated and unsaturated fatty acid contents in both GM and LD muscles. Moreover, we detected several genome-wide significant associations that were not consistently found in both muscles. Further studies should be performed to confirm whether these associations are muscle-specific. Finally, the performance of an eQTL scan for 74 genes, located within GM QTL regions and with available microarray measurements of gene expression, made possible to identify 14 cis-eQTL regulating the expression of 14 loci, and six of them were confirmed by RNA-Seq.</AbstractText>
                <AbstractText Label="CONCLUSIONS" NlmCategory="CONCLUSIONS">We have detected significant differences in the mRNA expression patterns of the porcine LD and GM muscles, evidencing that the transcriptomic profile of the skeletal muscle tissue is affected by anatomical, metabolic and functional factors. A highly significant association with IMF composition on SSC14 was replicated in both muscles, highlighting the existence of a common genetic determinism, but we also observed the existence of a few associations whose magnitude and significance varied between LD and GM muscles.</AbstractText>
            </Abstract>
            <AuthorList CompleteYN="Y">
                <Author ValidYN="Y">
                    <LastName>Gonz<U+00E1>lez-Prendes</LastName>
                    <ForeName>Rayner</ForeName>
                    <Initials>R</Initials>
                    <AffiliationInfo>
                        <Affiliation>Department of Animal Genetics, Centre for Research in Agricultural Genomics (CRAG), CSIC-IRTA-UAB-UB, Universitat Aut<U+00F2>noma de Barcelona, 08193, Bellaterra, Spain.</Affiliation>
                    </AffiliationInfo>
                </Author>
                <Author ValidYN="Y">
                    <LastName>Quintanilla</LastName>
                    <ForeName>Raquel</ForeName>
                    <Initials>R</Initials>
                    <AffiliationInfo>
                        <Affiliation>Animal Breeding and Genetics Program, Institute for Research and Technology in Food and Agriculture (IRTA), Rovira Roure 191, 25198, Lleida, Spain.</Affiliation>
                    </AffiliationInfo>
                </Author>
                <Author ValidYN="Y">
                    <LastName>M<U+00E1>rmol-S<U+00E1>nchez</LastName>
                    <ForeName>Emilio</ForeName>
                    <Initials>E</Initials>
                    <AffiliationInfo>
                        <Affiliation>Department of Animal Genetics, Centre for Research in Agricultural Genomics (CRAG), CSIC-IRTA-UAB-UB, Universitat Aut<U+00F2>noma de Barcelona, 08193, Bellaterra, Spain.</Affiliation>
                    </AffiliationInfo>
                </Author>
                <Author ValidYN="Y">
                    <LastName>Pena</LastName>
                    <ForeName>Ramona N</ForeName>
                    <Initials>RN</Initials>
                    <AffiliationInfo>
                        <Affiliation>Departament de Ci<U+00E8>ncia Animal, Universitat de Lleida-Agrotecnio Centre, 25198, Lleida, Spain.</Affiliation>
                    </AffiliationInfo>
                </Author>
                <Author ValidYN="Y">
                    <LastName>Ballester</LastName>
                    <ForeName>Maria</ForeName>
                    <Initials>M</Initials>
                    <AffiliationInfo>
                        <Affiliation>Animal Breeding and Genetics Program, Institute for Research and Technology in Food and Agriculture (IRTA), Rovira Roure 191, 25198, Lleida, Spain.</Affiliation>
                    </AffiliationInfo>
                </Author>
                <Author ValidYN="Y">
                    <LastName>Cardoso</LastName>
                    <ForeName>Tain<U+00E3> Figueiredo</ForeName>
                    <Initials>TF</Initials>
                    <AffiliationInfo>
                        <Affiliation>Department of Animal Genetics, Centre for Research in Agricultural Genomics (CRAG), CSIC-IRTA-UAB-UB, Universitat Aut<U+00F2>noma de Barcelona, 08193, Bellaterra, Spain.</Affiliation>
                    </AffiliationInfo>
                    <AffiliationInfo>
                        <Affiliation>CAPES Foundation, Ministry of Education of Brazil, Brasilia, DF, 70.040-020, Brazil.</Affiliation>
                    </AffiliationInfo>
                </Author>
                <Author ValidYN="Y">
                    <LastName>Manunza</LastName>
                    <ForeName>Arianna</ForeName>
                    <Initials>A</Initials>
                    <AffiliationInfo>
                        <Affiliation>Department of Animal Genetics, Centre for Research in Agricultural Genomics (CRAG), CSIC-IRTA-UAB-UB, Universitat Aut<U+00F2>noma de Barcelona, 08193, Bellaterra, Spain.</Affiliation>
                    </AffiliationInfo>
                </Author>
                <Author ValidYN="Y">
                    <LastName>Casellas</LastName>
                    <ForeName>Joaquim</ForeName>
                    <Initials>J</Initials>
                    <AffiliationInfo>
                        <Affiliation>Departament de Ci<U+00E8>ncia Animal i dels Aliments, Facultat de Veterin<U+00E0>ria, Universitat Aut<U+00F2>noma de Barcelona, 08193, Bellaterra, Spain.</Affiliation>
                    </AffiliationInfo>
                </Author>
                <Author ValidYN="Y">
                    <LastName>C<U+00E1>novas</LastName>
                    <ForeName><U+00C1>ngela</ForeName>
                    <Initials><U+00C1></Initials>
                    <AffiliationInfo>
                        <Affiliation>Centre for Genetic Improvement of Livestock, Department of Animal Biosciences, University of Guelph, 50 Stone Road East, Guelph, Ontario, N1G 2W1, Canada.</Affiliation>
                    </AffiliationInfo>
                </Author>
                <Author ValidYN="Y">
                    <LastName>D<U+00ED>az</LastName>
                    <ForeName>Isabel</ForeName>
                    <Initials>I</Initials>
                    <AffiliationInfo>
                        <Affiliation>Institute for Research and Technology in Food and Agriculture (IRTA), Tecnologia dels Aliments, 17121, Monells, Spain.</Affiliation>
                    </AffiliationInfo>
                </Author>
                <Author ValidYN="Y">
                    <LastName>Noguera</LastName>
                    <ForeName>Jos<U+00E9> Luis</ForeName>
                    <Initials>JL</Initials>
                    <AffiliationInfo>
                        <Affiliation>Animal Breeding and Genetics Program, Institute for Research and Technology in Food and Agriculture (IRTA), Rovira Roure 191, 25198, Lleida, Spain.</Affiliation>
                    </AffiliationInfo>
                </Author>
                <Author ValidYN="Y">
                    <LastName>Castell<U+00F3></LastName>
                    <ForeName>Anna</ForeName>
                    <Initials>A</Initials>
                    <AffiliationInfo>
                        <Affiliation>Department of Animal Genetics, Centre for Research in Agricultural Genomics (CRAG), CSIC-IRTA-UAB-UB, Universitat Aut<U+00F2>noma de Barcelona, 08193, Bellaterra, Spain.</Affiliation>
                    </AffiliationInfo>
                    <AffiliationInfo>
                        <Affiliation>Departament de Ci<U+00E8>ncia Animal i dels Aliments, Facultat de Veterin<U+00E0>ria, Universitat Aut<U+00F2>noma de Barcelona, 08193, Bellaterra, Spain.</Affiliation>
                    </AffiliationInfo>
                </Author>
                <Author ValidYN="Y">
                    <LastName>Mercad<U+00E9></LastName>
                    <ForeName>Anna</ForeName>
                    <Initials>A</Initials>
                    <AffiliationInfo>
                        <Affiliation>Departament de Ci<U+00E8>ncia Animal i dels Aliments, Facultat de Veterin<U+00E0>ria, Universitat Aut<U+00F2>noma de Barcelona, 08193, Bellaterra, Spain.</Affiliation>
                    </AffiliationInfo>
                </Author>
                <Author ValidYN="Y">
                    <LastName>Amills</LastName>
                    <ForeName>Marcel</ForeName>
                    <Initials>M</Initials>
                    <Identifier Source="ORCID">http://orcid.org/0000-0002-8999-0770</Identifier>
                    <AffiliationInfo>
                        <Affiliation>Department of Animal Genetics, Centre for Research in Agricultural Genomics (CRAG), CSIC-IRTA-UAB-UB, Universitat Aut<U+00F2>noma de Barcelona, 08193, Bellaterra, Spain. marcel.amills@uab.cat.</Affiliation>
                    </AffiliationInfo>
                    <AffiliationInfo>
                        <Affiliation>Departament de Ci<U+00E8>ncia Animal i dels Aliments, Facultat de Veterin<U+00E0>ria, Universitat Aut<U+00F2>noma de Barcelona, 08193, Bellaterra, Spain. marcel.amills@uab.cat.</Affiliation>
                    </AffiliationInfo>
                </Author>
            </AuthorList>
            <Language>eng</Language>
            <GrantList CompleteYN="Y">
                <Grant>
                    <GrantID>AGL2013-48742-C2-1-R</GrantID>
                    <Agency>Ministerio de Econom<U+00ED>a y Competitividad</Agency>
                    <Country/>
                </Grant>
                <Grant>
                    <GrantID>AGL2013-48742-C2-2-R</GrantID>
                    <Agency>Ministerio de Econom<U+00ED>a y Competitividad</Agency>
                    <Country/>
                </Grant>
            </GrantList>
            <PublicationTypeList>
                <PublicationType UI="D016428">Journal Article</PublicationType>
            </PublicationTypeList>
            <ArticleDate DateType="Electronic">
                <Year>2019</Year>
                <Month>03</Month>
                <Day>04</Day>
            </ArticleDate>
        </Article>
        <MedlineJournalInfo>
            <Country>England</Country>
            <MedlineTA>BMC Genomics</MedlineTA>
            <NlmUniqueID>100965258</NlmUniqueID>
            <ISSNLinking>1471-2164</ISSNLinking>
        </MedlineJournalInfo>
        <KeywordList Owner="NOTNLM">
            <Keyword MajorTopicYN="N">Duroc pig</Keyword>
            <Keyword MajorTopicYN="N">Fatty acid content</Keyword>
            <Keyword MajorTopicYN="N">Gene expression</Keyword>
            <Keyword MajorTopicYN="N">Genome-wide association analysis</Keyword>
            <Keyword MajorTopicYN="N">Intramuscular fat</Keyword>
        </KeywordList>
    </MedlineCitation>
    <PubmedData>
        <History>
            <PubMedPubDate PubStatus="received">
                <Year>2018</Year>
                <Month>03</Month>
                <Day>19</Day>
            </PubMedPubDate>
            <PubMedPubDate PubStatus="accepted">
                <Year>2019</Year>
                <Month>02</Month>
                <Day>22</Day>
            </PubMedPubDate>
            <PubMedPubDate PubStatus="entrez">
                <Year>2019</Year>
                <Month>3</Month>
                <Day>6</Day>
                <Hour>6</Hour>
                <Minute>0</Minute>
            </PubMedPubDate>
            <PubMedPubDate PubStatus="pubmed">
                <Year>2019</Year>
                <Month>3</Month>
                <Day>6</Day>
                <Hour>6</Hour>
                <Minute>0</Minute>
            </PubMedPubDate>
            <PubMedPubDate PubStatus="medline">
                <Year>2019</Year>
                <Month>3</Month>
                <Day>6</Day>
                <Hour>6</Hour>
                <Minute>0</Minute>
            </PubMedPubDate>
        </History>
        <PublicationStatus>epublish</PublicationStatus>
        <ArticleIdList>
            <ArticleId IdType="pubmed">30832586</ArticleId>
            <ArticleId IdType="doi">10.1186/s12864-019-5557-9</ArticleId>
            <ArticleId IdType="pii">10.1186/s12864-019-5557-9</ArticleId>
        </ArticleIdList>
    </PubmedData>
</PubmedArticle>


<PubmedArticle>
    <MedlineCitation Status="In-Process" Owner="NLM">
        <PMID Version="1">30832568</PMID>
        <DateRevised>
            <Year>2019</Year>
            <Month>03</Month>
            <Day>05</Day>
        </DateRevised>
        <Article PubModel="Electronic">
            <Journal>
                <ISSN IssnType="Electronic">1471-2105</ISSN>
                <JournalIssue CitedMedium="Internet">
                    <Volume>20</Volume>
                    <Issue>1</Issue>
                    <PubDate>
                        <Year>2019</Year>
                        <Month>Mar</Month>
                        <Day>04</Day>
                    </PubDate>
                </JournalIssue>
                <Title>BMC bioinformatics</Title>
                <ISOAbbreviation>BMC Bioinformatics</ISOAbbreviation>
            </Journal>
            <ArticleTitle>DEvis: an R package for aggregation and visualization of differential expression data.</ArticleTitle>
            <Pagination>
                <MedlinePgn>110</MedlinePgn>
            </Pagination>
            <ELocationID EIdType="doi" ValidYN="Y">10.1186/s12859-019-2702-z</ELocationID>
            <Abstract>
                <AbstractText Label="BACKGROUND" NlmCategory="BACKGROUND">Existing tools for the aggregation and visualization of differential expression data have discrete functionality and require that end-users rely on multiple software packages with complex dependencies or manually manipulate data for analysis and interpretation. Furthermore, at present, data aggregation and visualization are laborious, time consuming, and subject to human error. This is a serious limitation on the current state of differential transcriptomic analysis, which makes it necessary to expend extensive time and resources to reach the point where biological meaning can be interpreted. Such an approach for analysis also leads to scattered and non-standardized code, unsystematic project management and non-reproducible result sets.</AbstractText>
                <AbstractText Label="RESULTS" NlmCategory="RESULTS">Here, we present a differential expression analysis toolkit, DEvis, that provides a powerful, integrated solution for the analysis of differential expression data with a rapid turnaround time. DEvis has simple installation requirements and provides a convenient, user-friendly R package that addresses the issues inherent to complex multi-factor experiments, such as multiple contrast aggregation and integration, result sorting and selection, visualization, project management, and reproducibility. This tool increases the capabilities of differential expression analysis while reducing workload and the potential for manual error. Furthermore, it provides a much-needed encapsulation of scattered functionality, making large and complex analysis more efficient and reproducible.</AbstractText>
                <AbstractText Label="CONCLUSION" NlmCategory="CONCLUSIONS">DEvis provides a wide range of powerful visualization, data aggregation, and project management tools that provide flexibility and speed in analysis. The functionality provided by DEVis increases efficiency of analysis and supplies researchers with new and relevant means for the analysis of large and complicated transcriptomic experiments. DEvis furthermore incorporates automatic project management capabilities, which standardizes analysis and ensures the reproducibility of results. After the establishment of statistical frameworks that identify differentially expressed genes, this package is the next logical step for differential transcriptomic analysis, establishing the critical framework necessary to manipulate, explore, and extract biologically relevant meaning from differential expression data.</AbstractText>
            </Abstract>
            <AuthorList CompleteYN="Y">
                <Author ValidYN="Y">
                    <LastName>Price</LastName>
                    <ForeName>Adam</ForeName>
                    <Initials>A</Initials>
                    <Identifier Source="ORCID">http://orcid.org/0000-0001-6114-6298</Identifier>
                    <AffiliationInfo>
                        <Affiliation>Center for Infection and Immunity, Mailman School of Public Health of Columbia University, 722 West 168th St., New York, NY, 10032, USA. ap3637@cumc.columbia.edu.</Affiliation>
                    </AffiliationInfo>
                </Author>
                <Author ValidYN="Y">
                    <LastName>Caciula</LastName>
                    <ForeName>Adrian</ForeName>
                    <Initials>A</Initials>
                    <AffiliationInfo>
                        <Affiliation>Center for Infection and Immunity, Mailman School of Public Health of Columbia University, 722 West 168th St., New York, NY, 10032, USA.</Affiliation>
                    </AffiliationInfo>
                </Author>
                <Author ValidYN="Y">
                    <LastName>Guo</LastName>
                    <ForeName>Cheng</ForeName>
                    <Initials>C</Initials>
                    <AffiliationInfo>
                        <Affiliation>Center for Infection and Immunity, Mailman School of Public Health of Columbia University, 722 West 168th St., New York, NY, 10032, USA.</Affiliation>
                    </AffiliationInfo>
                </Author>
                <Author ValidYN="Y">
                    <LastName>Lee</LastName>
                    <ForeName>Bohyun</ForeName>
                    <Initials>B</Initials>
                    <AffiliationInfo>
                        <Affiliation>Center for Infection and Immunity, Mailman School of Public Health of Columbia University, 722 West 168th St., New York, NY, 10032, USA.</Affiliation>
                    </AffiliationInfo>
                </Author>
                <Author ValidYN="Y">
                    <LastName>Morrison</LastName>
                    <ForeName>Juliet</ForeName>
                    <Initials>J</Initials>
                    <AffiliationInfo>
                        <Affiliation>Center for Infection and Immunity, Mailman School of Public Health of Columbia University, 722 West 168th St., New York, NY, 10032, USA.</Affiliation>
                    </AffiliationInfo>
                </Author>
                <Author ValidYN="Y">
                    <LastName>Rasmussen</LastName>
                    <ForeName>Angela</ForeName>
                    <Initials>A</Initials>
                    <AffiliationInfo>
                        <Affiliation>Center for Infection and Immunity, Mailman School of Public Health of Columbia University, 722 West 168th St., New York, NY, 10032, USA.</Affiliation>
                    </AffiliationInfo>
                </Author>
                <Author ValidYN="Y">
                    <LastName>Lipkin</LastName>
                    <ForeName>W Ian</ForeName>
                    <Initials>WI</Initials>
                    <AffiliationInfo>
                        <Affiliation>Center for Infection and Immunity, Mailman School of Public Health of Columbia University, 722 West 168th St., New York, NY, 10032, USA.</Affiliation>
                    </AffiliationInfo>
                </Author>
                <Author ValidYN="Y">
                    <LastName>Jain</LastName>
                    <ForeName>Komal</ForeName>
                    <Initials>K</Initials>
                    <AffiliationInfo>
                        <Affiliation>Center for Infection and Immunity, Mailman School of Public Health of Columbia University, 722 West 168th St., New York, NY, 10032, USA.</Affiliation>
                    </AffiliationInfo>
                </Author>
            </AuthorList>
            <Language>eng</Language>
            <GrantList CompleteYN="Y">
                <Grant>
                    <GrantID>AI109761</GrantID>
                    <Agency>Center for Excellence in Translational Research (Center for Research in Diagnostics and Discovery)</Agency>
                    <Country/>
                </Grant>
                <Grant>
                    <GrantID>HR0011-17-2-0009</GrantID>
                    <Agency>Defense Advanced Research Projects Agency</Agency>
                    <Country/>
                </Grant>
            </GrantList>
            <PublicationTypeList>
                <PublicationType UI="D016428">Journal Article</PublicationType>
            </PublicationTypeList>
            <ArticleDate DateType="Electronic">
                <Year>2019</Year>
                <Month>03</Month>
                <Day>04</Day>
            </ArticleDate>
        </Article>
        <MedlineJournalInfo>
            <Country>England</Country>
            <MedlineTA>BMC Bioinformatics</MedlineTA>
            <NlmUniqueID>100965194</NlmUniqueID>
            <ISSNLinking>1471-2105</ISSNLinking>
        </MedlineJournalInfo>
        <KeywordList Owner="NOTNLM">
            <Keyword MajorTopicYN="N">Data aggregation</Keyword>
            <Keyword MajorTopicYN="N">Differential expression</Keyword>
            <Keyword MajorTopicYN="N">Integration</Keyword>
            <Keyword MajorTopicYN="N">Project Management</Keyword>
            <Keyword MajorTopicYN="N">RNA-Seq</Keyword>
            <Keyword MajorTopicYN="N">Transcriptomics</Keyword>
            <Keyword MajorTopicYN="N">Visualization</Keyword>
        </KeywordList>
    </MedlineCitation>
    <PubmedData>
        <History>
            <PubMedPubDate PubStatus="received">
                <Year>2018</Year>
                <Month>06</Month>
                <Day>08</Day>
            </PubMedPubDate>
            <PubMedPubDate PubStatus="accepted">
                <Year>2019</Year>
                <Month>02</Month>
                <Day>26</Day>
            </PubMedPubDate>
            <PubMedPubDate PubStatus="entrez">
                <Year>2019</Year>
                <Month>3</Month>
                <Day>6</Day>
                <Hour>6</Hour>
                <Minute>0</Minute>
            </PubMedPubDate>
            <PubMedPubDate PubStatus="pubmed">
                <Year>2019</Year>
                <Month>3</Month>
                <Day>6</Day>
                <Hour>6</Hour>
                <Minute>0</Minute>
            </PubMedPubDate>
            <PubMedPubDate PubStatus="medline">
                <Year>2019</Year>
                <Month>3</Month>
                <Day>6</Day>
                <Hour>6</Hour>
                <Minute>0</Minute>
            </PubMedPubDate>
        </History>
        <PublicationStatus>epublish</PublicationStatus>
        <ArticleIdList>
            <ArticleId IdType="pubmed">30832568</ArticleId>
            <ArticleId IdType="doi">10.1186/s12859-019-2702-z</ArticleId>
            <ArticleId IdType="pii">10.1186/s12859-019-2702-z</ArticleId>
        </ArticleIdList>
    </PubmedData>
</PubmedArticle>


<PubmedArticle>
    <MedlineCitation Status="MEDLINE" Owner="NLM">
        <PMID Version="1">30832566</PMID>
        <DateCompleted>
            <Year>2019</Year>
            <Month>03</Month>
            <Day>07</Day>
        </DateCompleted>
        <DateRevised>
            <Year>2019</Year>
            <Month>03</Month>
            <Day>07</Day>
        </DateRevised>
        <Article PubModel="Electronic">
            <Journal>
                <ISSN IssnType="Electronic">1471-2229</ISSN>
                <JournalIssue CitedMedium="Internet">
                    <Volume>19</Volume>
                    <Issue>1</Issue>
                    <PubDate>
                        <Year>2019</Year>
                        <Month>Mar</Month>
                        <Day>04</Day>
                    </PubDate>
                </JournalIssue>
                <Title>BMC plant biology</Title>
                <ISOAbbreviation>BMC Plant Biol.</ISOAbbreviation>
            </Journal>
            <ArticleTitle>Comparative transcriptome analysis reveals significant differences in the regulation of gene expression between hydrogen cyanide- and ethylene-treated Arabidopsis thaliana.</ArticleTitle>
            <Pagination>
                <MedlinePgn>92</MedlinePgn>
            </Pagination>
            <ELocationID EIdType="doi" ValidYN="Y">10.1186/s12870-019-1690-5</ELocationID>
            <Abstract>
                <AbstractText Label="BACKGROUND" NlmCategory="BACKGROUND">Hydrogen cyanide (HCN) is a small gaseous molecule that is predominantly produced as an equimolar co-product of ethylene (ET) biosynthesis in plants. The function of ET is of great concern and is well studied; however, the function of HCN is largely unknown. Similar to ET, HCN is a simple and diffusible molecule that has been shown to play a regulatory role in the control of some metabolic processes in plants. Nevertheless, it is still controversial whether HCN should be regarded as a signalling molecule, and the cross-talk between HCN and ET in gene expression regulation remains unclear. In this study, RNA sequencing (RNA-seq) was performed to compare the differentially expressed genes (DEGs) between HCN and ET in Arabidopsis. Gene Ontology (GO) and Kyoto Encyclopedia of Genes and Genomes (KEGG) analyses were subsequently performed to investigate the function and pathway enrichment of DEGs. Parts of key genes were confirmed by quantitative real-time PCR.</AbstractText>
                <AbstractText Label="RESULTS" NlmCategory="RESULTS">The results showed that at least 1305 genes and 918 genes were significantly induced by HCN and ET, respectively. Interestingly, a total of 474 genes (|log<sub>2</sub> FC| <U+2265>1) were co-regulated by HCN and ET. GO and KEGG analyses indicated that the co-regulated genes by HCN and ET were enriched in plant responses to stress and plant hormone signal transduction pathways, indicating that HCN may cooperate with ET and participate in plant growth and development and stress responses. However, a total of 831 genes were significantly induced by HCN but not by ET, indicating that in addition to ET, HCN is in essence a key signalling molecule in plants. Importantly, our data showed that the possible regulatory role of a relatively low concentration of HCN does not depend on ET feedback induction, although there are some common downstream components were observed.</AbstractText>
                <AbstractText Label="CONCLUSION" NlmCategory="CONCLUSIONS">Our findings provide a valuable resource for further exploration and understanding of the molecular regulatory mechanisms of HCN in plants and provide novel insight into HCN cross-talk with ET and other hormones in the regulation of plant growth and plant responses to environmental stresses.</AbstractText>
            </Abstract>
            <AuthorList CompleteYN="Y">
                <Author ValidYN="Y">
                    <LastName>Yu</LastName>
                    <ForeName>Lulu</ForeName>
                    <Initials>L</Initials>
                    <AffiliationInfo>
                        <Affiliation>Applied Biotechnology Center, Wuhan University of Bioengineering, Wuhan, 430415, China.</Affiliation>
                    </AffiliationInfo>
                </Author>
                <Author ValidYN="Y">
                    <LastName>Liu</LastName>
                    <ForeName>Yang</ForeName>
                    <Initials>Y</Initials>
                    <AffiliationInfo>
                        <Affiliation>College of Plant Science and Technology, Huazhong Agricultural University, Wuhan, 430070, China.</Affiliation>
                    </AffiliationInfo>
                </Author>
                <Author ValidYN="Y">
                    <LastName>Xu</LastName>
                    <ForeName>Fei</ForeName>
                    <Initials>F</Initials>
                    <Identifier Source="ORCID">http://orcid.org/0000-0003-3741-3928</Identifier>
                    <AffiliationInfo>
                        <Affiliation>Applied Biotechnology Center, Wuhan University of Bioengineering, Wuhan, 430415, China. feixu666@hotmail.com.</Affiliation>
                    </AffiliationInfo>
                </Author>
            </AuthorList>
            <Language>eng</Language>
            <GrantList CompleteYN="Y">
                <Grant>
                    <GrantID>31400242</GrantID>
                    <Agency>National Natural Science Foundation of China</Agency>
                    <Country/>
                </Grant>
            </GrantList>
            <PublicationTypeList>
                <PublicationType UI="D003160">Comparative Study</PublicationType>
                <PublicationType UI="D016428">Journal Article</PublicationType>
            </PublicationTypeList>
            <ArticleDate DateType="Electronic">
                <Year>2019</Year>
                <Month>03</Month>
                <Day>04</Day>
            </ArticleDate>
        </Article>
        <MedlineJournalInfo>
            <Country>England</Country>
            <MedlineTA>BMC Plant Biol</MedlineTA>
            <NlmUniqueID>100967807</NlmUniqueID>
            <ISSNLinking>1471-2229</ISSNLinking>
        </MedlineJournalInfo>
        <ChemicalList>
            <Chemical>
                <RegistryNumber>0</RegistryNumber>
                <NameOfSubstance UI="D029681">Arabidopsis Proteins</NameOfSubstance>
            </Chemical>
            <Chemical>
                <RegistryNumber>0</RegistryNumber>
                <NameOfSubstance UI="D005030">Ethylenes</NameOfSubstance>
            </Chemical>
            <Chemical>
                <RegistryNumber>0</RegistryNumber>
                <NameOfSubstance UI="D010937">Plant Growth Regulators</NameOfSubstance>
            </Chemical>
            <Chemical>
                <RegistryNumber>2WTB3V159F</RegistryNumber>
                <NameOfSubstance UI="D006856">Hydrogen Cyanide</NameOfSubstance>
            </Chemical>
            <Chemical>
                <RegistryNumber>91GW059KN7</RegistryNumber>
                <NameOfSubstance UI="C036216">ethylene</NameOfSubstance>
            </Chemical>
        </ChemicalList>
        <CitationSubset>IM</CitationSubset>
        <MeshHeadingList>
            <MeshHeading>
                <DescriptorName UI="D017360" MajorTopicYN="N">Arabidopsis</DescriptorName>
                <QualifierName UI="Q000187" MajorTopicYN="Y">drug effects</QualifierName>
                <QualifierName UI="Q000235" MajorTopicYN="Y">genetics</QualifierName>
            </MeshHeading>
            <MeshHeading>
                <DescriptorName UI="D029681" MajorTopicYN="N">Arabidopsis Proteins</DescriptorName>
                <QualifierName UI="Q000235" MajorTopicYN="N">genetics</QualifierName>
                <QualifierName UI="Q000378" MajorTopicYN="N">metabolism</QualifierName>
            </MeshHeading>
            <MeshHeading>
                <DescriptorName UI="D005030" MajorTopicYN="N">Ethylenes</DescriptorName>
                <QualifierName UI="Q000096" MajorTopicYN="N">biosynthesis</QualifierName>
                <QualifierName UI="Q000494" MajorTopicYN="Y">pharmacology</QualifierName>
            </MeshHeading>
            <MeshHeading>
                <DescriptorName UI="D018506" MajorTopicYN="N">Gene Expression Regulation, Plant</DescriptorName>
                <QualifierName UI="Q000187" MajorTopicYN="Y">drug effects</QualifierName>
            </MeshHeading>
            <MeshHeading>
                <DescriptorName UI="D006856" MajorTopicYN="N">Hydrogen Cyanide</DescriptorName>
                <QualifierName UI="Q000494" MajorTopicYN="Y">pharmacology</QualifierName>
            </MeshHeading>
            <MeshHeading>
                <DescriptorName UI="D008928" MajorTopicYN="N">Mitochondria</DescriptorName>
                <QualifierName UI="Q000187" MajorTopicYN="N">drug effects</QualifierName>
                <QualifierName UI="Q000235" MajorTopicYN="N">genetics</QualifierName>
                <QualifierName UI="Q000378" MajorTopicYN="N">metabolism</QualifierName>
            </MeshHeading>
            <MeshHeading>
                <DescriptorName UI="D010937" MajorTopicYN="N">Plant Growth Regulators</DescriptorName>
                <QualifierName UI="Q000378" MajorTopicYN="N">metabolism</QualifierName>
                <QualifierName UI="Q000494" MajorTopicYN="N">pharmacology</QualifierName>
            </MeshHeading>
            <MeshHeading>
                <DescriptorName UI="D017423" MajorTopicYN="N">Sequence Analysis, RNA</DescriptorName>
                <QualifierName UI="Q000379" MajorTopicYN="N">methods</QualifierName>
            </MeshHeading>
            <MeshHeading>
                <DescriptorName UI="D015398" MajorTopicYN="N">Signal Transduction</DescriptorName>
                <QualifierName UI="Q000187" MajorTopicYN="N">drug effects</QualifierName>
                <QualifierName UI="Q000235" MajorTopicYN="N">genetics</QualifierName>
            </MeshHeading>
            <MeshHeading>
                <DescriptorName UI="D013312" MajorTopicYN="N">Stress, Physiological</DescriptorName>
                <QualifierName UI="Q000187" MajorTopicYN="N">drug effects</QualifierName>
                <QualifierName UI="Q000235" MajorTopicYN="N">genetics</QualifierName>
            </MeshHeading>
        </MeshHeadingList>
        <KeywordList Owner="NOTNLM">
            <Keyword MajorTopicYN="N">Arabidopsis thaliana</Keyword>
            <Keyword MajorTopicYN="N">Ethylene</Keyword>
            <Keyword MajorTopicYN="N">Hydrogen cyanide</Keyword>
            <Keyword MajorTopicYN="N">RNA-seq</Keyword>
        </KeywordList>
    </MedlineCitation>
    <PubmedData>
        <History>
            <PubMedPubDate PubStatus="received">
                <Year>2018</Year>
                <Month>10</Month>
                <Day>26</Day>
            </PubMedPubDate>
            <PubMedPubDate PubStatus="accepted">
                <Year>2019</Year>
                <Month>02</Month>
                <Day>19</Day>
            </PubMedPubDate>
            <PubMedPubDate PubStatus="entrez">
                <Year>2019</Year>
                <Month>3</Month>
                <Day>6</Day>
                <Hour>6</Hour>
                <Minute>0</Minute>
            </PubMedPubDate>
            <PubMedPubDate PubStatus="pubmed">
                <Year>2019</Year>
                <Month>3</Month>
                <Day>6</Day>
                <Hour>6</Hour>
                <Minute>0</Minute>
            </PubMedPubDate>
            <PubMedPubDate PubStatus="medline">
                <Year>2019</Year>
                <Month>3</Month>
                <Day>8</Day>
                <Hour>6</Hour>
                <Minute>0</Minute>
            </PubMedPubDate>
        </History>
        <PublicationStatus>epublish</PublicationStatus>
        <ArticleIdList>
            <ArticleId IdType="pubmed">30832566</ArticleId>
            <ArticleId IdType="doi">10.1186/s12870-019-1690-5</ArticleId>
            <ArticleId IdType="pii">10.1186/s12870-019-1690-5</ArticleId>
        </ArticleIdList>
    </PubmedData>
</PubmedArticle>


<PubmedArticle>
    <MedlineCitation Status="In-Data-Review" Owner="NLM">
        <PMID Version="1">30832203</PMID>
        <DateRevised>
            <Year>2019</Year>
            <Month>03</Month>
            <Day>05</Day>
        </DateRevised>
        <Article PubModel="Electronic">
            <Journal>
                <ISSN IssnType="Electronic">1999-4915</ISSN>
                <JournalIssue CitedMedium="Internet">
                    <Volume>11</Volume>
                    <Issue>3</Issue>
                    <PubDate>
                        <Year>2019</Year>
                        <Month>Mar</Month>
                        <Day>01</Day>
                    </PubDate>
                </JournalIssue>
                <Title>Viruses</Title>
                <ISOAbbreviation>Viruses</ISOAbbreviation>
            </Journal>
            <ArticleTitle>A Needle in A Haystack: Tracing Bivalve-Associated Viruses in High-Throughput Transcriptomic Data.</ArticleTitle>
            <ELocationID EIdType="pii" ValidYN="Y">E205</ELocationID>
            <ELocationID EIdType="doi" ValidYN="Y">10.3390/v11030205</ELocationID>
            <Abstract>
                <AbstractText>Bivalve mollusks thrive in environments rich in microorganisms, such as estuarine and coastal waters, and they tend to accumulate various particles, including viruses. However, the current knowledge on mollusk viruses is mainly centered on few pathogenic viruses, whereas a general view of bivalve-associated viromes is lacking. This study was designed to explore the viral abundance and diversity in bivalve mollusks using transcriptomic datasets. From analyzing RNA-seq data of 58 bivalve species, we have reconstructed 26 nearly complete and over 413 partial RNA virus genomes. Although 96.4% of the predicted viral proteins refer to new viruses, some sequences belong to viruses associated with bivalve species or other marine invertebrates. We considered short non-coding RNAs (sncRNA) and post-transcriptional modifications occurring specifically on viral RNAs as tools for virus host-assignment. We could not identify virus-derived small RNAs in sncRNA reads obtained from the oyster sample richest in viral reads. Single Nucleotide Polymorphism (SNP) analysis revealed 938 A-to-G substitutions occurring on the 26 identified RNA viruses, preferentially impacting the AA di-nucleotide motif. Under-representation analysis revealed that the AA motif is under-represented in these bivalve-associated viruses. These findings improve our understanding of bivalve viromes, and set the stage for targeted investigations on the specificity and dynamics of identified viruses.</AbstractText>
            </Abstract>
            <AuthorList CompleteYN="Y">
                <Author ValidYN="Y">
                    <LastName>Rosani</LastName>
                    <ForeName>Umberto</ForeName>
                    <Initials>U</Initials>
                    <Identifier Source="ORCID">0000-0003-0685-1618</Identifier>
                    <AffiliationInfo>
                        <Affiliation>Department of Biology, University of Padua, 35121 Padua, Italy. umberto.rosani@unipd.it.</Affiliation>
                    </AffiliationInfo>
                </Author>
                <Author ValidYN="Y">
                    <LastName>Shapiro</LastName>
                    <ForeName>Maxwell</ForeName>
                    <Initials>M</Initials>
                    <AffiliationInfo>
                        <Affiliation>Department of Applied Mathematics and Statistics, Stony Brook University, Stony Brook, NY 11794-5000, USA. maxwell.shapiro@stonybrook.edu.</Affiliation>
                    </AffiliationInfo>
                </Author>
                <Author ValidYN="Y">
                    <LastName>Venier</LastName>
                    <ForeName>Paola</ForeName>
                    <Initials>P</Initials>
                    <Identifier Source="ORCID">0000-0001-9634-3662</Identifier>
                    <AffiliationInfo>
                        <Affiliation>Department of Biology, University of Padua, 35121 Padua, Italy. paola.venier@unipd.it.</Affiliation>
                    </AffiliationInfo>
                </Author>
                <Author ValidYN="Y">
                    <LastName>Allam</LastName>
                    <ForeName>Bassem</ForeName>
                    <Initials>B</Initials>
                    <AffiliationInfo>
                        <Affiliation>School of Marine and Atmospheric Sciences, Stony Brook University, Stony Brook, NY 11794-5000, USA. bassem.allam@stonybrook.edu.</Affiliation>
                    </AffiliationInfo>
                </Author>
            </AuthorList>
            <Language>eng</Language>
            <GrantList CompleteYN="Y">
                <Grant>
                    <GrantID>IOS-1656753</GrantID>
                    <Agency>National Science Foundation</Agency>
                    <Country/>
                </Grant>
                <Grant>
                    <GrantID>R/XG-24</GrantID>
                    <Agency>New York Sea Grant</Agency>
                    <Country/>
                </Grant>
                <Grant>
                    <GrantID>grant agreement No. 678589</GrantID>
                    <Agency>European Union's Horizon 2020 research and innovation project VIVALDI</Agency>
                    <Country/>
                </Grant>
            </GrantList>
            <PublicationTypeList>
                <PublicationType UI="D016428">Journal Article</PublicationType>
            </PublicationTypeList>
            <ArticleDate DateType="Electronic">
                <Year>2019</Year>
                <Month>03</Month>
                <Day>01</Day>
            </ArticleDate>
        </Article>
        <MedlineJournalInfo>
            <Country>Switzerland</Country>
            <MedlineTA>Viruses</MedlineTA>
            <NlmUniqueID>101509722</NlmUniqueID>
            <ISSNLinking>1999-4915</ISSNLinking>
        </MedlineJournalInfo>
        <KeywordList Owner="NOTNLM">
            <Keyword MajorTopicYN="N">ADAR</Keyword>
            <Keyword MajorTopicYN="N">RNA viruses</Keyword>
            <Keyword MajorTopicYN="N">RNA-seq</Keyword>
            <Keyword MajorTopicYN="N">RNAi</Keyword>
            <Keyword MajorTopicYN="N">bivalve</Keyword>
            <Keyword MajorTopicYN="N">sncRNA</Keyword>
            <Keyword MajorTopicYN="N">virome</Keyword>
        </KeywordList>
    </MedlineCitation>
    <PubmedData>
        <History>
            <PubMedPubDate PubStatus="received">
                <Year>2019</Year>
                <Month>02</Month>
                <Day>01</Day>
            </PubMedPubDate>
            <PubMedPubDate PubStatus="revised">
                <Year>2019</Year>
                <Month>02</Month>
                <Day>25</Day>
            </PubMedPubDate>
            <PubMedPubDate PubStatus="accepted">
                <Year>2019</Year>
                <Month>02</Month>
                <Day>25</Day>
            </PubMedPubDate>
            <PubMedPubDate PubStatus="entrez">
                <Year>2019</Year>
                <Month>3</Month>
                <Day>6</Day>
                <Hour>6</Hour>
                <Minute>0</Minute>
            </PubMedPubDate>
            <PubMedPubDate PubStatus="pubmed">
                <Year>2019</Year>
                <Month>3</Month>
                <Day>6</Day>
                <Hour>6</Hour>
                <Minute>0</Minute>
            </PubMedPubDate>
            <PubMedPubDate PubStatus="medline">
                <Year>2019</Year>
                <Month>3</Month>
                <Day>6</Day>
                <Hour>6</Hour>
                <Minute>0</Minute>
            </PubMedPubDate>
        </History>
        <PublicationStatus>epublish</PublicationStatus>
        <ArticleIdList>
            <ArticleId IdType="pubmed">30832203</ArticleId>
            <ArticleId IdType="pii">v11030205</ArticleId>
            <ArticleId IdType="doi">10.3390/v11030205</ArticleId>
        </ArticleIdList>
    </PubmedData>
</PubmedArticle>


<PubmedArticle>
    <MedlineCitation Status="Publisher" Owner="NLM">
        <PMID Version="1">30831323</PMID>
        <DateRevised>
            <Year>2019</Year>
            <Month>03</Month>
            <Day>04</Day>
        </DateRevised>
        <Article PubModel="Print-Electronic">
            <Journal>
                <ISSN IssnType="Electronic">2352-345X</ISSN>
                <JournalIssue CitedMedium="Internet">
                    <PubDate>
                        <Year>2019</Year>
                        <Month>Mar</Month>
                        <Day>01</Day>
                    </PubDate>
                </JournalIssue>
                <Title>Cellular and molecular gastroenterology and hepatology</Title>
                <ISOAbbreviation>Cell Mol Gastroenterol Hepatol</ISOAbbreviation>
            </Journal>
            <ArticleTitle>Regulation of the pancreatic exocrine differentiation program and morphogenesis by Onecut 1/Hnf6.</ArticleTitle>
            <ELocationID EIdType="pii" ValidYN="Y">S2352-345X(19)30020-7</ELocationID>
            <ELocationID EIdType="doi" ValidYN="Y">10.1016/j.jcmgh.2019.02.004</ELocationID>
            <Abstract>
                <AbstractText Label="BACKGROUND &amp; AIMS" NlmCategory="OBJECTIVE">The Onecut 1 transcription factor (Oc1, a.k.a. HNF6) promotes differentiation of endocrine and duct cells of the pancreas; however, it has no known role in acinar cell differentiation. We sought to better understand the role of Oc1 in exocrine pancreas development and to identify its direct transcriptional targets.</AbstractText>
                <AbstractText Label="METHODS" NlmCategory="METHODS">Pancreata from Oc1<sup><U+0394>panc</sup> (Oc1<sup>fl/fl</sup>;Pdx1-Cre) mouse embryos and neonates were analyzed morphologically. High-throughput RNA-sequencing (RNA-Seq) was performed on control and Oc1-deficient pancreas; chromatin immunoprecipitation sequencing (ChIP-Seq) was performed on wild type embryonic mouse pancreata to identify direct Oc1 transcriptional targets. Immunofluorescence labeling was used to confirm the RNA-Seq/ChIP-Seq results and to further investigate the effects of Oc1 loss on acinar cells.</AbstractText>
                <AbstractText Label="RESULTS" NlmCategory="RESULTS">Loss of Oc1 from the developing pancreatic epithelium resulted in disrupted duct and acinar-cell development. RNA-sequencing revealed decreased expression of acinar-cell regulatory factors (Nr5a2, Ptf1a, Gata4, Mist1) and functional genes (Amylase, Cpa1, Prss1, Spink1) at embryonic day (e) e18.5 in Oc1<sup><U+0394>panc</sup> samples. Approximately 1,000 of the altered genes were also identified as direct Oc1 targets by ChIP-Seq, including most of the above-noted genes. By immunolabeling, we confirmed that Amylase, Mist1 and GATA4 protein levels are significantly decreased by P2, and Spink1 protein levels were significantly reduced and mis-localized. The pancreatic duct regulatory factors Hnf1<U+03B2> and FoxA2 were also identified as direct Oc1 targets.</AbstractText>
                <AbstractText Label="CONCLUSIONS" NlmCategory="CONCLUSIONS">These findings confirm that Oc1 is an important regulator of both duct and acinar-cell development in the embryonic pancreas. Novel transcriptional targets of Oc1 have now been identified and provide clarity into the mechanisms of Oc1 transcriptional regulation in the developing exocrine pancreas. Oc1 can now be included in the gene-regulatory network of acinar-cell regulatory genes. Oc1 regulates other acinar-cell regulatory factors and acinar cell functional genes directly, and it can also regulate some acinar-cell regulatory factors (such as Mist1) indirectly. Oc1 therefore, plays an important role in acinar-cell development.</AbstractText>
                <CopyrightInformation>Copyright © 2019 The Authors. Published by Elsevier Inc. All rights reserved.</CopyrightInformation>
            </Abstract>
            <AuthorList CompleteYN="Y">
                <Author ValidYN="Y">
                    <LastName>Kropp</LastName>
                    <ForeName>Peter A</ForeName>
                    <Initials>PA</Initials>
                    <AffiliationInfo>
                        <Affiliation>Department of Molecular Physiology &amp; Biophysics, Vanderbilt University, Nashville, TN 37232, USA.</Affiliation>
                    </AffiliationInfo>
                </Author>
                <Author ValidYN="Y">
                    <LastName>Zhu</LastName>
                    <ForeName>Xiaodong</ForeName>
                    <Initials>X</Initials>
                    <AffiliationInfo>
                        <Affiliation>Department of Veterans Affairs, Tennessee Valley Health Authority, Vanderbilt University, Nashville, TN 37232, USA; Department of Medicine, Vanderbilt University, Nashville, TN 37232, USA.</Affiliation>
                    </AffiliationInfo>
                </Author>
                <Author ValidYN="Y">
                    <LastName>Gannon</LastName>
                    <ForeName>Maureen</ForeName>
                    <Initials>M</Initials>
                    <AffiliationInfo>
                        <Affiliation>Department of Veterans Affairs, Tennessee Valley Health Authority, Vanderbilt University, Nashville, TN 37232, USA; Department of Molecular Physiology &amp; Biophysics, Vanderbilt University, Nashville, TN 37232, USA; Department of Medicine, Vanderbilt University, Nashville, TN 37232, USA; Department of Cell &amp; Developmental Biology, Vanderbilt University, Nashville, TN 37232, USA. Electronic address: maureen.gannon@vanderbilt.edu.</Affiliation>
                    </AffiliationInfo>
                </Author>
            </AuthorList>
            <Language>eng</Language>
            <PublicationTypeList>
                <PublicationType UI="D016428">Journal Article</PublicationType>
            </PublicationTypeList>
            <ArticleDate DateType="Electronic">
                <Year>2019</Year>
                <Month>03</Month>
                <Day>01</Day>
            </ArticleDate>
        </Article>
        <MedlineJournalInfo>
            <Country>United States</Country>
            <MedlineTA>Cell Mol Gastroenterol Hepatol</MedlineTA>
            <NlmUniqueID>101648302</NlmUniqueID>
            <ISSNLinking>2352-345X</ISSNLinking>
        </MedlineJournalInfo>
        <KeywordList Owner="NOTNLM">
            <Keyword MajorTopicYN="N">exocrine</Keyword>
            <Keyword MajorTopicYN="N">pancreas development</Keyword>
            <Keyword MajorTopicYN="N">transcriptome</Keyword>
        </KeywordList>
    </MedlineCitation>
    <PubmedData>
        <History>
            <PubMedPubDate PubStatus="received">
                <Year>2018</Year>
                <Month>02</Month>
                <Day>02</Day>
            </PubMedPubDate>
            <PubMedPubDate PubStatus="revised">
                <Year>2019</Year>
                <Month>02</Month>
                <Day>08</Day>
            </PubMedPubDate>
            <PubMedPubDate PubStatus="accepted">
                <Year>2019</Year>
                <Month>02</Month>
                <Day>08</Day>
            </PubMedPubDate>
            <PubMedPubDate PubStatus="entrez">
                <Year>2019</Year>
                <Month>3</Month>
                <Day>5</Day>
                <Hour>6</Hour>
                <Minute>0</Minute>
            </PubMedPubDate>
            <PubMedPubDate PubStatus="pubmed">
                <Year>2019</Year>
                <Month>3</Month>
                <Day>5</Day>
                <Hour>6</Hour>
                <Minute>0</Minute>
            </PubMedPubDate>
            <PubMedPubDate PubStatus="medline">
                <Year>2019</Year>
                <Month>3</Month>
                <Day>5</Day>
                <Hour>6</Hour>
                <Minute>0</Minute>
            </PubMedPubDate>
        </History>
        <PublicationStatus>aheadofprint</PublicationStatus>
        <ArticleIdList>
            <ArticleId IdType="pubmed">30831323</ArticleId>
            <ArticleId IdType="pii">S2352-345X(19)30020-7</ArticleId>
            <ArticleId IdType="doi">10.1016/j.jcmgh.2019.02.004</ArticleId>
        </ArticleIdList>
    </PubmedData>
</PubmedArticle>


<PubmedArticle>
    <MedlineCitation Status="Publisher" Owner="NLM">
        <PMID Version="1">30831220</PMID>
        <DateRevised>
            <Year>2019</Year>
            <Month>03</Month>
            <Day>18</Day>
        </DateRevised>
        <Article PubModel="Print-Electronic">
            <Journal>
                <ISSN IssnType="Electronic">1879-0240</ISSN>
                <JournalIssue CitedMedium="Internet">
                    <Volume>108</Volume>
                    <PubDate>
                        <Year>2019</Year>
                        <Month>Mar</Month>
                        <Day>01</Day>
                    </PubDate>
                </JournalIssue>
                <Title>Insect biochemistry and molecular biology</Title>
                <ISOAbbreviation>Insect Biochem. Mol. Biol.</ISOAbbreviation>
            </Journal>
            <ArticleTitle>Intersex regulates female external genital and imaginal disc development in the silkworm.</ArticleTitle>
            <Pagination>
                <MedlinePgn>1-8</MedlinePgn>
            </Pagination>
            <ELocationID EIdType="pii" ValidYN="Y">S0965-1748(18)30489-2</ELocationID>
            <ELocationID EIdType="doi" ValidYN="Y">10.1016/j.ibmb.2019.02.003</ELocationID>
            
            <AuthorList CompleteYN="Y">
                <Author ValidYN="Y">
                    <LastName>Xu</LastName>
                    <ForeName>Jun</ForeName>
                    <Initials>J</Initials>
                    <AffiliationInfo>
                        <Affiliation>Key Laboratory of Insect Developmental and Evolutionary Biology, Institute of Plant Physiology and Ecology, Shanghai Institutes for Biological Sciences, Chinese Academy of Sciences, Shanghai, 200032, China.</Affiliation>
                    </AffiliationInfo>
                </Author>
                <Author ValidYN="Y">
                    <LastName>Yu</LastName>
                    <ForeName>Ye</ForeName>
                    <Initials>Y</Initials>
                    <AffiliationInfo>
                        <Affiliation>Key Laboratory of Insect Developmental and Evolutionary Biology, Institute of Plant Physiology and Ecology, Shanghai Institutes for Biological Sciences, Chinese Academy of Sciences, Shanghai, 200032, China.</Affiliation>
                    </AffiliationInfo>
                </Author>
                <Author ValidYN="Y">
                    <LastName>Chen</LastName>
                    <ForeName>Kai</ForeName>
                    <Initials>K</Initials>
                    <AffiliationInfo>
                        <Affiliation>Key Laboratory of Insect Developmental and Evolutionary Biology, Institute of Plant Physiology and Ecology, Shanghai Institutes for Biological Sciences, Chinese Academy of Sciences, Shanghai, 200032, China.</Affiliation>
                    </AffiliationInfo>
                </Author>
                <Author ValidYN="Y">
                    <LastName>Huang</LastName>
                    <ForeName>Yongping</ForeName>
                    <Initials>Y</Initials>
                    <AffiliationInfo>
                        <Affiliation>Key Laboratory of Insect Developmental and Evolutionary Biology, Institute of Plant Physiology and Ecology, Shanghai Institutes for Biological Sciences, Chinese Academy of Sciences, Shanghai, 200032, China. Electronic address: yphuang@sibs.ac.cn.</Affiliation>
                    </AffiliationInfo>
                </Author>
            </AuthorList>
            <Language>eng</Language>
            <PublicationTypeList>
                <PublicationType UI="D016428">Journal Article</PublicationType>
            </PublicationTypeList>
            <ArticleDate DateType="Electronic">
                <Year>2019</Year>
                <Month>03</Month>
                <Day>01</Day>
            </ArticleDate>
        </Article>
        <MedlineJournalInfo>
            <Country>England</Country>
            <MedlineTA>Insect Biochem Mol Biol</MedlineTA>
            <NlmUniqueID>9207282</NlmUniqueID>
            <ISSNLinking>0965-1748</ISSNLinking>
        </MedlineJournalInfo>
        <KeywordList Owner="NOTNLM">
            <Keyword MajorTopicYN="N">Bombyx mori</Keyword>
            <Keyword MajorTopicYN="N">Female external genital</Keyword>
            <Keyword MajorTopicYN="N">Genome editing</Keyword>
            <Keyword MajorTopicYN="N">Imaginal disc</Keyword>
            <Keyword MajorTopicYN="N">Intersex</Keyword>
        </KeywordList>
    </MedlineCitation>
    <PubmedData>
        <History>
            <PubMedPubDate PubStatus="received">
                <Year>2018</Year>
                <Month>12</Month>
                <Day>21</Day>
            </PubMedPubDate>
            <PubMedPubDate PubStatus="revised">
                <Year>2019</Year>
                <Month>02</Month>
                <Day>12</Day>
            </PubMedPubDate>
            <PubMedPubDate PubStatus="accepted">
                <Year>2019</Year>
                <Month>02</Month>
                <Day>25</Day>
            </PubMedPubDate>
            <PubMedPubDate PubStatus="pubmed">
                <Year>2019</Year>
                <Month>3</Month>
                <Day>5</Day>
                <Hour>6</Hour>
                <Minute>0</Minute>
            </PubMedPubDate>
            <PubMedPubDate PubStatus="medline">
                <Year>2019</Year>
                <Month>3</Month>
                <Day>5</Day>
                <Hour>6</Hour>
                <Minute>0</Minute>
            </PubMedPubDate>
            <PubMedPubDate PubStatus="entrez">
                <Year>2019</Year>
                <Month>3</Month>
                <Day>5</Day>
                <Hour>6</Hour>
                <Minute>0</Minute>
            </PubMedPubDate>
        </History>
        <PublicationStatus>aheadofprint</PublicationStatus>
        <ArticleIdList>
            <ArticleId IdType="pubmed">30831220</ArticleId>
            <ArticleId IdType="pii">S0965-1748(18)30489-2</ArticleId>
            <ArticleId IdType="doi">10.1016/j.ibmb.2019.02.003</ArticleId>
        </ArticleIdList>
    </PubmedData>
</PubmedArticle>


<PubmedArticle>
    <MedlineCitation Status="In-Data-Review" Owner="NLM">
        <PMID Version="1">30830868</PMID>
        <DateRevised>
            <Year>2019</Year>
            <Month>03</Month>
            <Day>04</Day>
        </DateRevised>
        <Article PubModel="Electronic-eCollection">
            <Journal>
                <ISSN IssnType="Electronic">2379-3708</ISSN>
                <JournalIssue CitedMedium="Internet">
                    <Volume>4</Volume>
                    <Issue>4</Issue>
                    <PubDate>
                        <Year>2019</Year>
                        <Month>Feb</Month>
                        <Day>21</Day>
                    </PubDate>
                </JournalIssue>
                <Title>JCI insight</Title>
                <ISOAbbreviation>JCI Insight</ISOAbbreviation>
            </Journal>
            <ArticleTitle>Cell type-specific immune phenotypes predict loss of insulin secretion in new-onset type 1 diabetes.</ArticleTitle>
            <ELocationID EIdType="doi" ValidYN="Y">10.1172/jci.insight.125556</ELocationID>
            <ELocationID EIdType="pii" ValidYN="Y">125556</ELocationID>
            <Abstract>
                <AbstractText>The rate of decline in insulin secretion after diagnosis with type 1 diabetes (T1D) varies substantially among individuals and with age at diagnosis, but the mechanism(s) behind this heterogeneity are not well understood. We investigated the loss of pancreatic <U+03B2> cell function in new-onset T1D subjects using unbiased whole blood RNA-seq and verified key findings by targeted cell count measurements. We found that patients who lost insulin secretion more rapidly had immune phenotypes (&quot;immunotypes&quot;) characterized by higher levels of B cells and lower levels of neutrophils, especially neutrophils expressing primary granule genes. The B cell and neutrophil immunotypes showed strong age dependence, with B cell levels in particular predicting rate of progression in young subjects only. This age relationship suggested that therapy targeting B cells in T1D would be most effective in young subjects with high pretreatment B cell levels, a prediction which was supported by data from a clinical trial of rituximab in new-onset subjects. These findings demonstrate a link between age-related immunotypes and disease outcome in new-onset T1D. Furthermore, our data suggest that greater success could be achieved by targeted use of immunomodulatory therapy in specific T1D populations defined by age and immune characteristics.</AbstractText>
            </Abstract>
            <AuthorList CompleteYN="Y">
                <Author ValidYN="Y">
                    <LastName>Dufort</LastName>
                    <ForeName>Matthew J</ForeName>
                    <Initials>MJ</Initials>
                    <AffiliationInfo>
                        <Affiliation>Systems Immunology Program and.</Affiliation>
                    </AffiliationInfo>
                </Author>
                <Author ValidYN="Y">
                    <LastName>Greenbaum</LastName>
                    <ForeName>Carla J</ForeName>
                    <Initials>CJ</Initials>
                    <AffiliationInfo>
                        <Affiliation>Diabetes Clinical Research Program, Benaroya Research Institute at Virginia Mason, Seattle, Washington, USA.</Affiliation>
                    </AffiliationInfo>
                </Author>
                <Author ValidYN="Y">
                    <LastName>Speake</LastName>
                    <ForeName>Cate</ForeName>
                    <Initials>C</Initials>
                    <AffiliationInfo>
                        <Affiliation>Diabetes Clinical Research Program, Benaroya Research Institute at Virginia Mason, Seattle, Washington, USA.</Affiliation>
                    </AffiliationInfo>
                </Author>
                <Author ValidYN="Y">
                    <LastName>Linsley</LastName>
                    <ForeName>Peter S</ForeName>
                    <Initials>PS</Initials>
                    <AffiliationInfo>
                        <Affiliation>Systems Immunology Program and.</Affiliation>
                    </AffiliationInfo>
                </Author>
            </AuthorList>
            <Language>eng</Language>
            <PublicationTypeList>
                <PublicationType UI="D016428">Journal Article</PublicationType>
            </PublicationTypeList>
            <ArticleDate DateType="Electronic">
                <Year>2019</Year>
                <Month>02</Month>
                <Day>21</Day>
            </ArticleDate>
        </Article>
        <MedlineJournalInfo>
            <Country>United States</Country>
            <MedlineTA>JCI Insight</MedlineTA>
            <NlmUniqueID>101676073</NlmUniqueID>
            <ISSNLinking>2379-3708</ISSNLinking>
        </MedlineJournalInfo>
        <KeywordList Owner="NOTNLM">
            <Keyword MajorTopicYN="N">Autoimmunity</Keyword>
            <Keyword MajorTopicYN="N">Bioinformatics</Keyword>
            <Keyword MajorTopicYN="N">Diabetes</Keyword>
            <Keyword MajorTopicYN="N">Immunotherapy</Keyword>
        </KeywordList>
    </MedlineCitation>
    <PubmedData>
        <History>
            <PubMedPubDate PubStatus="received">
                <Year>2018</Year>
                <Month>10</Month>
                <Day>16</Day>
            </PubMedPubDate>
            <PubMedPubDate PubStatus="accepted">
                <Year>2019</Year>
                <Month>01</Month>
                <Day>17</Day>
            </PubMedPubDate>
            <PubMedPubDate PubStatus="entrez">
                <Year>2019</Year>
                <Month>3</Month>
                <Day>5</Day>
                <Hour>6</Hour>
                <Minute>0</Minute>
            </PubMedPubDate>
            <PubMedPubDate PubStatus="pubmed">
                <Year>2019</Year>
                <Month>3</Month>
                <Day>5</Day>
                <Hour>6</Hour>
                <Minute>0</Minute>
            </PubMedPubDate>
            <PubMedPubDate PubStatus="medline">
                <Year>2019</Year>
                <Month>3</Month>
                <Day>5</Day>
                <Hour>6</Hour>
                <Minute>0</Minute>
            </PubMedPubDate>
        </History>
        <PublicationStatus>epublish</PublicationStatus>
        <ArticleIdList>
            <ArticleId IdType="pubmed">30830868</ArticleId>
            <ArticleId IdType="pii">125556</ArticleId>
            <ArticleId IdType="doi">10.1172/jci.insight.125556</ArticleId>
        </ArticleIdList>
    </PubmedData>
</PubmedArticle>


<PubmedArticle>
    <MedlineCitation Status="Publisher" Owner="NLM">
        <PMID Version="1">30830777</PMID>
        <DateRevised>
            <Year>2019</Year>
            <Month>03</Month>
            <Day>13</Day>
        </DateRevised>
        <Article PubModel="Print-Electronic">
            <Journal>
                <ISSN IssnType="Electronic">1520-5118</ISSN>
                <JournalIssue CitedMedium="Internet">
                    <PubDate>
                        <Year>2019</Year>
                        <Month>Mar</Month>
                        <Day>13</Day>
                    </PubDate>
                </JournalIssue>
                <Title>Journal of agricultural and food chemistry</Title>
                <ISOAbbreviation>J. Agric. Food Chem.</ISOAbbreviation>
            </Journal>
            <ArticleTitle>Extensive Post-Transcriptional Regulation Revealed by Transcriptomic and Proteomic Integrative Analysis in Cassava under Drought.</ArticleTitle>
            <ELocationID EIdType="doi" ValidYN="Y">10.1021/acs.jafc.9b00014</ELocationID>
            <Abstract>
                <AbstractText>Cassava is a major tropical/subtropical food crop and its yield is greatly restrained by drought; however, the mechanism underlying the drought stress remains largely unknown. In this study, totally 1242 and 715 differentially expressed genes (DEGs), together with 237 and 307 differentially expressed proteins (DEPs), were respectively identified in cassava leaves and roots through RNA-seq and iTRAQ techniques. The majority of DEGs and DEPs were exclusively regulated at the mRNA and protein level, respectively, whereas only a few were commonly regulated, indicating the major involvement of post-transcriptional regulation under drought. Subsequently, the functions of these specifically or commonly regulated DEGs and DEPs were analyzed, and the post-transcriptional regulation of genes involved in heat shock protein, secondary metabolism biosynthesis, and hormone biosynthesis was extensively discussed. This is the first report on an integration of transcriptomic and proteomic analysis in cassava, and it provides new insights into the post-transcriptional regulation of cassava drought stress.</AbstractText>
            </Abstract>
            <AuthorList CompleteYN="Y">
                <Author ValidYN="Y">
                    <LastName>Ding</LastName>
                    <ForeName>Zehong</ForeName>
                    <Initials>Z</Initials>
                    <Identifier Source="ORCID">http://orcid.org/0000-0002-6953-7995</Identifier>
                    <AffiliationInfo>
                        <Affiliation>Key Laboratory of Biology and Genetic Resources of Tropical Crops, Institute of Tropical Bioscience and Biotechnology , Chinese Academy of Tropical Agricultural Sciences , Xueyuan Road 4 , Haikou , Hainan 571101 , China.</Affiliation>
                    </AffiliationInfo>
                </Author>
                <Author ValidYN="Y">
                    <LastName>Fu</LastName>
                    <ForeName>Lili</ForeName>
                    <Initials>L</Initials>
                    <AffiliationInfo>
                        <Affiliation>Key Laboratory of Biology and Genetic Resources of Tropical Crops, Institute of Tropical Bioscience and Biotechnology , Chinese Academy of Tropical Agricultural Sciences , Xueyuan Road 4 , Haikou , Hainan 571101 , China.</Affiliation>
                    </AffiliationInfo>
                </Author>
                <Author ValidYN="Y">
                    <LastName>Tie</LastName>
                    <ForeName>Weiwei</ForeName>
                    <Initials>W</Initials>
                    <AffiliationInfo>
                        <Affiliation>Key Laboratory of Biology and Genetic Resources of Tropical Crops, Institute of Tropical Bioscience and Biotechnology , Chinese Academy of Tropical Agricultural Sciences , Xueyuan Road 4 , Haikou , Hainan 571101 , China.</Affiliation>
                    </AffiliationInfo>
                </Author>
                <Author ValidYN="Y">
                    <LastName>Yan</LastName>
                    <ForeName>Yan</ForeName>
                    <Initials>Y</Initials>
                    <AffiliationInfo>
                        <Affiliation>Key Laboratory of Biology and Genetic Resources of Tropical Crops, Institute of Tropical Bioscience and Biotechnology , Chinese Academy of Tropical Agricultural Sciences , Xueyuan Road 4 , Haikou , Hainan 571101 , China.</Affiliation>
                    </AffiliationInfo>
                </Author>
                <Author ValidYN="Y">
                    <LastName>Wu</LastName>
                    <ForeName>Chunlai</ForeName>
                    <Initials>C</Initials>
                    <AffiliationInfo>
                        <Affiliation>Key Laboratory of Biology and Genetic Resources of Tropical Crops, Institute of Tropical Bioscience and Biotechnology , Chinese Academy of Tropical Agricultural Sciences , Xueyuan Road 4 , Haikou , Hainan 571101 , China.</Affiliation>
                    </AffiliationInfo>
                    <AffiliationInfo>
                        <Affiliation>Genetic Engineering International Cooperation Base of Chinese Ministry of Science and Technology, Chinese National Center of Plant Gene Research (Wuhan) HUST Part, Key Laboratory of Molecular Biophysics of Chinese Ministry of Education, College of Life Science and Technology , Huazhong University of Science and Technology (HUST) , Wuhan 430074 , China.</Affiliation>
                    </AffiliationInfo>
                </Author>
                <Author ValidYN="Y">
                    <LastName>Hu</LastName>
                    <ForeName>Wei</ForeName>
                    <Initials>W</Initials>
                    <AffiliationInfo>
                        <Affiliation>Key Laboratory of Biology and Genetic Resources of Tropical Crops, Institute of Tropical Bioscience and Biotechnology , Chinese Academy of Tropical Agricultural Sciences , Xueyuan Road 4 , Haikou , Hainan 571101 , China.</Affiliation>
                    </AffiliationInfo>
                </Author>
                <Author ValidYN="Y">
                    <LastName>Zhang</LastName>
                    <ForeName>Jiaming</ForeName>
                    <Initials>J</Initials>
                    <AffiliationInfo>
                        <Affiliation>Key Laboratory of Biology and Genetic Resources of Tropical Crops, Institute of Tropical Bioscience and Biotechnology , Chinese Academy of Tropical Agricultural Sciences , Xueyuan Road 4 , Haikou , Hainan 571101 , China.</Affiliation>
                    </AffiliationInfo>
                </Author>
            </AuthorList>
            <Language>eng</Language>
            <PublicationTypeList>
                <PublicationType UI="D016428">Journal Article</PublicationType>
            </PublicationTypeList>
            <ArticleDate DateType="Electronic">
                <Year>2019</Year>
                <Month>03</Month>
                <Day>13</Day>
            </ArticleDate>
        </Article>
        <MedlineJournalInfo>
            <Country>United States</Country>
            <MedlineTA>J Agric Food Chem</MedlineTA>
            <NlmUniqueID>0374755</NlmUniqueID>
            <ISSNLinking>0021-8561</ISSNLinking>
        </MedlineJournalInfo>
        <KeywordList Owner="NOTNLM">
            <Keyword MajorTopicYN="N">RNA-seq</Keyword>
            <Keyword MajorTopicYN="N">cassava</Keyword>
            <Keyword MajorTopicYN="N">drought</Keyword>
            <Keyword MajorTopicYN="N">heat shock protein</Keyword>
            <Keyword MajorTopicYN="N">hormone biosynthesis</Keyword>
            <Keyword MajorTopicYN="N">iTRAQ</Keyword>
            <Keyword MajorTopicYN="N">post-transcriptional regulation</Keyword>
            <Keyword MajorTopicYN="N">secondary metabolism</Keyword>
        </KeywordList>
    </MedlineCitation>
    <PubmedData>
        <History>
            <PubMedPubDate PubStatus="pubmed">
                <Year>2019</Year>
                <Month>3</Month>
                <Day>5</Day>
                <Hour>6</Hour>
                <Minute>0</Minute>
            </PubMedPubDate>
            <PubMedPubDate PubStatus="medline">
                <Year>2019</Year>
                <Month>3</Month>
                <Day>5</Day>
                <Hour>6</Hour>
                <Minute>0</Minute>
            </PubMedPubDate>
            <PubMedPubDate PubStatus="entrez">
                <Year>2019</Year>
                <Month>3</Month>
                <Day>5</Day>
                <Hour>6</Hour>
                <Minute>0</Minute>
            </PubMedPubDate>
        </History>
        <PublicationStatus>aheadofprint</PublicationStatus>
        <ArticleIdList>
            <ArticleId IdType="pubmed">30830777</ArticleId>
            <ArticleId IdType="doi">10.1021/acs.jafc.9b00014</ArticleId>
        </ArticleIdList>
    </PubmedData>
</PubmedArticle>


<PubmedArticle>
    <MedlineCitation Status="Publisher" Owner="NLM">
        <PMID Version="1">30830771</PMID>
        <DateRevised>
            <Year>2019</Year>
            <Month>03</Month>
            <Day>13</Day>
        </DateRevised>
        <Article PubModel="Print-Electronic">
            <Journal>
                <ISSN IssnType="Electronic">1520-5118</ISSN>
                <JournalIssue CitedMedium="Internet">
                    <PubDate>
                        <Year>2019</Year>
                        <Month>Mar</Month>
                        <Day>13</Day>
                    </PubDate>
                </JournalIssue>
                <Title>Journal of agricultural and food chemistry</Title>
                <ISOAbbreviation>J. Agric. Food Chem.</ISOAbbreviation>
            </Journal>
            <ArticleTitle>Caffeine Content and Related Gene Expression: Novel Insight into Caffeine Metabolism in Camellia Plants Containing Low, Normal, and High Caffeine Concentrations.</ArticleTitle>
            <ELocationID EIdType="doi" ValidYN="Y">10.1021/acs.jafc.9b00240</ELocationID>
            <Abstract>
                <AbstractText>Caffeine is a crucial secondary metabolic product in tea plants. Although the presence of caffeine in tea plants has been identified, the molecular mechanisms regulating relevant caffeine metabolism remain unclear. For the elucidation of the caffeine biosynthesis and catabolism in Camellia plants, fresh, germinated leaves from four Camellia plants with low (2), normal (1), and high (1) caffeine concentrations, namely, low-caffeine tea 1 (LCT1, Camellia crassicolumna), low-caffeine tea 2 (LCT2, C. crassicolumna), Shuchazao (SCZ, C. sinensis), and Yunkang 43 (YK43, C. sinensis) were used in this research. Transcriptome and purine alkaloids analyses of these Camellia leaves were performed using RNA-Seq and liquid chromatography-mass spectrometry (LC-MS). Moreover, <sup>15</sup>N-caffeine tracing was performed to determine the metabolic fate of caffeine in leaves of these plants. Caffeine content was correlated with related gene expression levels, and a quantitative real-time (qRT) PCR analysis of specific genes showed a consistent tendency with the obtained transcriptomic analysis. On the basis of the results of stable isotope-labeled tracer experiments, we discovered a degradation pathway of caffeine to theobromine. These findings could assist researchers in understanding the caffeine-related mechanisms in Camellia plants containing low, normal, and high caffeine content and be applied to caffeine regulation and breeding improvement in future research.</AbstractText>
            </Abstract>
            <AuthorList CompleteYN="Y">
                <Author ValidYN="Y">
                    <LastName>Zhu</LastName>
                    <ForeName>Biying</ForeName>
                    <Initials>B</Initials>
                    <AffiliationInfo>
                        <Affiliation>State Key Laboratory of Tea Plant Biology and Utilization, School of Tea and Food Science &amp; Technology , Anhui Agricultural University , Hefei , Anhui 230036 , China.</Affiliation>
                    </AffiliationInfo>
                </Author>
                <Author ValidYN="Y">
                    <LastName>Chen</LastName>
                    <ForeName>Lin-Bo</ForeName>
                    <Initials>LB</Initials>
                    <AffiliationInfo>
                        <Affiliation>Tea Research Institute , Yunnan Academy of Agricultural Sciences , Menghai , Yunnan 666201 , China.</Affiliation>
                    </AffiliationInfo>
                </Author>
                <Author ValidYN="Y">
                    <LastName>Lu</LastName>
                    <ForeName>Mengqian</ForeName>
                    <Initials>M</Initials>
                    <AffiliationInfo>
                        <Affiliation>State Key Laboratory of Tea Plant Biology and Utilization, School of Tea and Food Science &amp; Technology , Anhui Agricultural University , Hefei , Anhui 230036 , China.</Affiliation>
                    </AffiliationInfo>
                </Author>
                <Author ValidYN="Y">
                    <LastName>Zhang</LastName>
                    <ForeName>Jing</ForeName>
                    <Initials>J</Initials>
                    <AffiliationInfo>
                        <Affiliation>State Key Laboratory of Tea Plant Biology and Utilization, School of Tea and Food Science &amp; Technology , Anhui Agricultural University , Hefei , Anhui 230036 , China.</Affiliation>
                    </AffiliationInfo>
                </Author>
                <Author ValidYN="Y">
                    <LastName>Han</LastName>
                    <ForeName>Jieyun</ForeName>
                    <Initials>J</Initials>
                    <AffiliationInfo>
                        <Affiliation>State Key Laboratory of Tea Plant Biology and Utilization, School of Tea and Food Science &amp; Technology , Anhui Agricultural University , Hefei , Anhui 230036 , China.</Affiliation>
                    </AffiliationInfo>
                </Author>
                <Author ValidYN="Y">
                    <LastName>Deng</LastName>
                    <ForeName>Wei-Wei</ForeName>
                    <Initials>WW</Initials>
                    <Identifier Source="ORCID">http://orcid.org/0000-0003-0732-7076</Identifier>
                    <AffiliationInfo>
                        <Affiliation>State Key Laboratory of Tea Plant Biology and Utilization, School of Tea and Food Science &amp; Technology , Anhui Agricultural University , Hefei , Anhui 230036 , China.</Affiliation>
                    </AffiliationInfo>
                </Author>
                <Author ValidYN="Y">
                    <LastName>Zhang</LastName>
                    <ForeName>Zheng-Zhu</ForeName>
                    <Initials>ZZ</Initials>
                    <Identifier Source="ORCID">http://orcid.org/0000-0003-1564-1428</Identifier>
                    <AffiliationInfo>
                        <Affiliation>State Key Laboratory of Tea Plant Biology and Utilization, School of Tea and Food Science &amp; Technology , Anhui Agricultural University , Hefei , Anhui 230036 , China.</Affiliation>
                    </AffiliationInfo>
                </Author>
            </AuthorList>
            <Language>eng</Language>
            <PublicationTypeList>
                <PublicationType UI="D016428">Journal Article</PublicationType>
            </PublicationTypeList>
            <ArticleDate DateType="Electronic">
                <Year>2019</Year>
                <Month>03</Month>
                <Day>13</Day>
            </ArticleDate>
        </Article>
        <MedlineJournalInfo>
            <Country>United States</Country>
            <MedlineTA>J Agric Food Chem</MedlineTA>
            <NlmUniqueID>0374755</NlmUniqueID>
            <ISSNLinking>0021-8561</ISSNLinking>
        </MedlineJournalInfo>
        <KeywordList Owner="NOTNLM">
            <Keyword MajorTopicYN="N">Camellia plants</Keyword>
            <Keyword MajorTopicYN="N">RNA-Seq</Keyword>
            <Keyword MajorTopicYN="N">caffeine metabolism</Keyword>
            <Keyword MajorTopicYN="N">catechins</Keyword>
            <Keyword MajorTopicYN="N">differentially expressed genes</Keyword>
        </KeywordList>
    </MedlineCitation>
    <PubmedData>
        <History>
            <PubMedPubDate PubStatus="pubmed">
                <Year>2019</Year>
                <Month>3</Month>
                <Day>5</Day>
                <Hour>6</Hour>
                <Minute>0</Minute>
            </PubMedPubDate>
            <PubMedPubDate PubStatus="medline">
                <Year>2019</Year>
                <Month>3</Month>
                <Day>5</Day>
                <Hour>6</Hour>
                <Minute>0</Minute>
            </PubMedPubDate>
            <PubMedPubDate PubStatus="entrez">
                <Year>2019</Year>
                <Month>3</Month>
                <Day>5</Day>
                <Hour>6</Hour>
                <Minute>0</Minute>
            </PubMedPubDate>
        </History>
        <PublicationStatus>aheadofprint</PublicationStatus>
        <ArticleIdList>
            <ArticleId IdType="pubmed">30830771</ArticleId>
            <ArticleId IdType="doi">10.1021/acs.jafc.9b00240</ArticleId>
        </ArticleIdList>
    </PubmedData>
</PubmedArticle>

</PubmedArticleSet>
